Archive member included because of file (symbol)

..\..\..\..\..\..\..\..\..\Program Files (x86)\GNU Tools ARM Embedded\4.7 2012q4\arm-none-eabi\lib\armv7-m\libm.a(lib_a-s_fpclassify.o)
                              ..\obj\Print.o (__fpclassifyd)
c:/program files (x86)/gnu tools arm embedded/4.7 2012q4/bin/../lib/gcc/arm-none-eabi/4.7.3/armv7e-m\libgcc.a(_arm_addsubdf3.o)
                              ..\obj\Print.o (__aeabi_dsub)
c:/program files (x86)/gnu tools arm embedded/4.7 2012q4/bin/../lib/gcc/arm-none-eabi/4.7.3/armv7e-m\libgcc.a(_arm_muldivdf3.o)
                              ..\obj\Stream.o (__aeabi_dmul)
c:/program files (x86)/gnu tools arm embedded/4.7 2012q4/bin/../lib/gcc/arm-none-eabi/4.7.3/armv7e-m\libgcc.a(_arm_cmpdf2.o)
                              ..\obj\Print.o (__aeabi_dcmplt)
c:/program files (x86)/gnu tools arm embedded/4.7 2012q4/bin/../lib/gcc/arm-none-eabi/4.7.3/armv7e-m\libgcc.a(_arm_fixdfsi.o)
                              ..\obj\Print.o (__aeabi_d2iz)
c:/program files (x86)/gnu tools arm embedded/4.7 2012q4/bin/../lib/gcc/arm-none-eabi/4.7.3/armv7e-m\libgcc.a(_arm_fixunsdfsi.o)
                              ..\obj\Print.o (__aeabi_d2uiz)
c:/program files (x86)/gnu tools arm embedded/4.7 2012q4/bin/../lib/gcc/arm-none-eabi/4.7.3/armv7e-m\libgcc.a(_arm_truncdfsf2.o)
                              ..\obj\Stream.o (__aeabi_d2f)
c:/program files (x86)/gnu tools arm embedded/4.7 2012q4/bin/../lib/gcc/arm-none-eabi/4.7.3/armv7e-m\libgcc.a(_arm_addsubsf3.o)
                              ..\obj\Stream.o (__aeabi_i2f)
c:/program files (x86)/gnu tools arm embedded/4.7 2012q4/bin/../lib/gcc/arm-none-eabi/4.7.3/armv7e-m\libgcc.a(_arm_muldivsf3.o)
                              ..\obj\Stream.o (__aeabi_fmul)
c:/program files (x86)/gnu tools arm embedded/4.7 2012q4/bin/../lib/gcc/arm-none-eabi/4.7.3/armv7e-m\libgcc.a(unwind-arm.o)
                              ..\obj\ArduinoStyle.o (__aeabi_unwind_cpp_pr0)
c:/program files (x86)/gnu tools arm embedded/4.7 2012q4/bin/../lib/gcc/arm-none-eabi/4.7.3/armv7e-m\libgcc.a(libunwind.o)
                              c:/program files (x86)/gnu tools arm embedded/4.7 2012q4/bin/../lib/gcc/arm-none-eabi/4.7.3/armv7e-m\libgcc.a(unwind-arm.o) (restore_core_regs)
c:/program files (x86)/gnu tools arm embedded/4.7 2012q4/bin/../lib/gcc/arm-none-eabi/4.7.3/armv7e-m\libgcc.a(pr-support.o)
                              c:/program files (x86)/gnu tools arm embedded/4.7 2012q4/bin/../lib/gcc/arm-none-eabi/4.7.3/armv7e-m\libgcc.a(unwind-arm.o) (__gnu_unwind_execute)
..\..\..\..\..\..\..\..\..\Program Files (x86)\GNU Tools ARM Embedded\4.7 2012q4\arm-none-eabi\lib\armv7-m\libc.a(lib_a-__atexit.o)
                              c:/program files (x86)/gnu tools arm embedded/4.7 2012q4/bin/../lib/gcc/arm-none-eabi/4.7.3/../../../../arm-none-eabi/lib/armv7e-m/crt0.o (__register_exitproc)
..\..\..\..\..\..\..\..\..\Program Files (x86)\GNU Tools ARM Embedded\4.7 2012q4\arm-none-eabi\lib\armv7-m\libc.a(lib_a-aeabi_atexit.o)
                              ..\obj\ArduinoStyle.o (__aeabi_atexit)
..\..\..\..\..\..\..\..\..\Program Files (x86)\GNU Tools ARM Embedded\4.7 2012q4\arm-none-eabi\lib\armv7-m\libc.a(lib_a-atol.o)
                              ..\obj\WString.o (atol)
..\..\..\..\..\..\..\..\..\Program Files (x86)\GNU Tools ARM Embedded\4.7 2012q4\arm-none-eabi\lib\armv7-m\libc.a(lib_a-cxa_atexit.o)
                              ..\..\..\..\..\..\..\..\..\Program Files (x86)\GNU Tools ARM Embedded\4.7 2012q4\arm-none-eabi\lib\armv7-m\libc.a(lib_a-aeabi_atexit.o) (__cxa_atexit)
..\..\..\..\..\..\..\..\..\Program Files (x86)\GNU Tools ARM Embedded\4.7 2012q4\arm-none-eabi\lib\armv7-m\libc.a(lib_a-exit.o)
                              c:/program files (x86)/gnu tools arm embedded/4.7 2012q4/bin/../lib/gcc/arm-none-eabi/4.7.3/../../../../arm-none-eabi/lib/armv7e-m/crt0.o (exit)
..\..\..\..\..\..\..\..\..\Program Files (x86)\GNU Tools ARM Embedded\4.7 2012q4\arm-none-eabi\lib\armv7-m\libc.a(lib_a-fini.o)
                              c:/program files (x86)/gnu tools arm embedded/4.7 2012q4/bin/../lib/gcc/arm-none-eabi/4.7.3/../../../../arm-none-eabi/lib/armv7e-m/crt0.o (__libc_fini_array)
..\..\..\..\..\..\..\..\..\Program Files (x86)\GNU Tools ARM Embedded\4.7 2012q4\arm-none-eabi\lib\armv7-m\libc.a(lib_a-impure.o)
                              ..\..\..\..\..\..\..\..\..\Program Files (x86)\GNU Tools ARM Embedded\4.7 2012q4\arm-none-eabi\lib\armv7-m\libc.a(lib_a-__atexit.o) (_global_impure_ptr)
..\..\..\..\..\..\..\..\..\Program Files (x86)\GNU Tools ARM Embedded\4.7 2012q4\arm-none-eabi\lib\armv7-m\libc.a(lib_a-init.o)
                              c:/program files (x86)/gnu tools arm embedded/4.7 2012q4/bin/../lib/gcc/arm-none-eabi/4.7.3/../../../../arm-none-eabi/lib/armv7e-m/crt0.o (__libc_init_array)
..\..\..\..\..\..\..\..\..\Program Files (x86)\GNU Tools ARM Embedded\4.7 2012q4\arm-none-eabi\lib\armv7-m\libc.a(lib_a-isspace.o)
[...]
Memory Configuration

Name             Origin             Length             Attributes
FLASH            0x08000000         0x00100000         xr
RAM              0x20000000         0x00020000         xrw
RAM1             0x10000000         0x00010000         xrw
*default*        0x00000000         0xffffffff

Linker script and memory map

LOAD c:/program files (x86)/gnu tools arm embedded/4.7 2012q4/bin/../lib/gcc/arm-none-eabi/4.7.3/armv7e-m/crti.o
LOAD c:/program files (x86)/gnu tools arm embedded/4.7 2012q4/bin/../lib/gcc/arm-none-eabi/4.7.3/armv7e-m/crtbegin.o
LOAD c:/program files (x86)/gnu tools arm embedded/4.7 2012q4/bin/../lib/gcc/arm-none-eabi/4.7.3/../../../../arm-none-eabi/lib/armv7e-m/crt0.o

.text           0x08000000    0x1c308
 *(.isr_vector)
 .isr_vector    0x08000000      0x188 ..\obj\startup_stm32f4xx.o
                0x08000000                g_pfnVectors
 *(.text*)
 .text          0x08000188       0x54 c:/program files (x86)/gnu tools arm embedded/4.7 2012q4/bin/../lib/gcc/arm-none-eabi/4.7.3/armv7e-m/crtbegin.o
 .text          0x080001dc       0x70 c:/program files (x86)/gnu tools arm embedded/4.7 2012q4/bin/../lib/gcc/arm-none-eabi/4.7.3/../../../../arm-none-eabi/lib/armv7e-m/crt0.o
                0x080001dc                _start
                0x080001dc                start
                0x080001dc                _mainCRTStartup
 .text.USB_OTG_EnableCommonInt
                0x0800024c       0x44 ..\obj\usb_core.o
 .text.USB_OTG_CoreReset
                0x08000290       0xa8 ..\obj\usb_core.o
 .text.USB_OTG_WritePacket
                0x08000338       0x84 ..\obj\usb_core.o
                0x08000338                USB_OTG_WritePacket
 .text.USB_OTG_ReadPacket
                0x080003bc       0x68 ..\obj\usb_core.o
                0x080003bc                USB_OTG_ReadPacket
 .text.USB_OTG_SelectCore
                0x08000424      0x1bc ..\obj\usb_core.o
                0x08000424                USB_OTG_SelectCore
 .text.USB_OTG_CoreInit
                0x080005e0      0x1f8 ..\obj\usb_core.o
                0x080005e0                USB_OTG_CoreInit
 .text.USB_OTG_EnableGlobalInt
                0x080007d8       0x3c ..\obj\usb_core.o
                0x080007d8                USB_OTG_EnableGlobalInt
 .text.USB_OTG_DisableGlobalInt
                0x08000814       0x40 ..\obj\usb_core.o
                0x08000814                USB_OTG_DisableGlobalInt
 .text.USB_OTG_FlushTxFifo
                0x08000854       0x80 ..\obj\usb_core.o
                0x08000854                USB_OTG_FlushTxFifo
 .text.USB_OTG_FlushRxFifo
                0x080008d4       0x6c ..\obj\usb_core.o
                0x080008d4                USB_OTG_FlushRxFifo
 .text.USB_OTG_SetCurrentMode
                0x08000940       0x64 ..\obj\usb_core.o
                0x08000940                USB_OTG_SetCurrentMode
 .text.USB_OTG_GetMode
                0x080009a4       0x20 ..\obj\usb_core.o
                0x080009a4                USB_OTG_GetMode
 .text.USB_OTG_IsDeviceMode
                0x080009c4       0x24 ..\obj\usb_core.o
                0x080009c4                USB_OTG_IsDeviceMode
 .text.USB_OTG_ReadCoreItr
                0x080009e8       0x30 ..\obj\usb_core.o
                0x080009e8                USB_OTG_ReadCoreItr
 .text.USB_OTG_InitDevSpeed
                0x08000a18       0x38 ..\obj\usb_core.o
                0x08000a18                USB_OTG_InitDevSpeed
 .text.USB_OTG_CoreInitDev
                0x08000a50      0x324 ..\obj\usb_core.o
                0x08000a50                USB_OTG_CoreInitDev
 .text.USB_OTG_EnableDevInt
                0x08000d74       0xa4 ..\obj\usb_core.o
                0x08000d74                USB_OTG_EnableDevInt
 .text.USB_OTG_GetDeviceSpeed
                0x08000e18       0x50 ..\obj\usb_core.o
                0x08000e18                USB_OTG_GetDeviceSpeed
 .text.USB_OTG_EP0Activate
                0x08000e68       0x80 ..\obj\usb_core.o
                0x08000e68                USB_OTG_EP0Activate
 .text.USB_OTG_EPActivate
                0x08000ee8      0x11c ..\obj\usb_core.o
                0x08000ee8                USB_OTG_EPActivate
 .text.USB_OTG_EPDeactivate
                0x08001004       0xcc ..\obj\usb_core.o
                0x08001004                USB_OTG_EPDeactivate
 .text.USB_OTG_EPStartXfer
                0x080010d0      0x2d0 ..\obj\usb_core.o
                0x080010d0                USB_OTG_EPStartXfer
 .text.USB_OTG_EP0StartXfer
                0x080013a0      0x200 ..\obj\usb_core.o
                0x080013a0                USB_OTG_EP0StartXfer
 .text.USB_OTG_EPSetStall
                0x080015a0       0x94 ..\obj\usb_core.o
                0x080015a0                USB_OTG_EPSetStall
 .text.USB_OTG_EPClearStall
                0x08001634       0x84 ..\obj\usb_core.o
                0x08001634                USB_OTG_EPClearStall
 .text.USB_OTG_ReadDevAllOutEp_itr
                0x080016b8       0x30 ..\obj\usb_core.o
                0x080016b8                USB_OTG_ReadDevAllOutEp_itr
 .text.USB_OTG_ReadDevOutEP_itr
                0x080016e8       0x3c ..\obj\usb_core.o
                0x080016e8                USB_OTG_ReadDevOutEP_itr
 .text.USB_OTG_ReadDevAllInEPItr
                0x08001724       0x34 ..\obj\usb_core.o
                0x08001724                USB_OTG_ReadDevAllInEPItr
 .text.USB_OTG_EP0_OutStart
                0x08001758       0x78 ..\obj\usb_core.o
                0x08001758                USB_OTG_EP0_OutStart
 .text.USB_OTG_UngateClock
                0x080017d0       0x54 ..\obj\usb_core.o
                0x080017d0                USB_OTG_UngateClock
 .text.NVIC_SetPriority
                0x08001824       0x5c ..\obj\TibuBoard.o
 .text.SysTick_Config
                0x08001880       0x64 ..\obj\TibuBoard.o
 .text._ZN9TibuboardC2Ev
                0x080018e4      0x110 ..\obj\TibuBoard.o
                0x080018e4                Tibuboard::Tibuboard()
                0x080018e4                Tibuboard::Tibuboard()
 .text._ZN9TibuboardD2Ev
                0x080019f4       0x18 ..\obj\TibuBoard.o
                0x080019f4                Tibuboard::~Tibuboard()
                0x080019f4                Tibuboard::~Tibuboard()
 .text._Z13SysTickConfigv
                0x08001a0c       0x44 ..\obj\TibuBoard.o
                0x08001a0c                SysTickConfig()
 .text._Z5setupv
                0x08001a50       0x18 ..\obj\ArduinoStyle.o
                0x08001a50                setup()
 .text._Z4loopv
                0x08001a68      0x260 ..\obj\ArduinoStyle.o
                0x08001a68                loop()
 .text._Z11serialEventv
                0x08001cc8       0x4c ..\obj\ArduinoStyle.o
                0x08001cc8                serialEvent()
 .text._Z41__static_initialization_and_destruction_0ii
                0x08001d14       0x74 ..\obj\ArduinoStyle.o
 .text._GLOBAL__sub_I_Tibu
                0x08001d88       0x14 ..\obj\ArduinoStyle.o
 .text._Z41__static_initialization_and_destruction_0ii
                0x08001d9c       0x40 ..\obj\Dhcp.o
 .text._GLOBAL__sub_I__ZN9DhcpClass13beginWithDHCPEPhmm
                0x08001ddc       0x14 ..\obj\Dhcp.o
 .text.USBD_USR_Init
                0x08001df0        0xc ..\obj\usbd_usr.o
                0x08001df0                USBD_USR_Init
 .text.USBD_USR_DeviceReset
                0x08001dfc       0x14 ..\obj\usbd_usr.o
                0x08001dfc                USBD_USR_DeviceReset
 .text.USBD_USR_DeviceConfigured
                0x08001e10        0xc ..\obj\usbd_usr.o
                0x08001e10                USBD_USR_DeviceConfigured
 .text.USBD_USR_DeviceSuspended
                0x08001e1c        0xc ..\obj\usbd_usr.o
                0x08001e1c                USBD_USR_DeviceSuspended
 .text.USBD_USR_DeviceResumed
                0x08001e28        0xc ..\obj\usbd_usr.o
                0x08001e28                USBD_USR_DeviceResumed
 .text.Init_Container
                0x08001e34       0x38 ..\obj\BufferFunctions.o
                0x08001e34                Init_Container
 .text.Free_Container
                0x08001e6c       0x1c ..\obj\BufferFunctions.o
                0x08001e6c                Free_Container
 .text.ContainerisFull
                0x08001e88       0x28 ..\obj\BufferFunctions.o
                0x08001e88                ContainerisFull
 .text.ContainerisEmpty
                0x08001eb0       0x24 ..\obj\BufferFunctions.o
                0x08001eb0                ContainerisEmpty
 .text.Read_Container
                0x08001ed4       0x4c ..\obj\BufferFunctions.o
                0x08001ed4                Read_Container
 .text.Write_Container
                0x08001f20       0x70 ..\obj\BufferFunctions.o
                0x08001f20                Write_Container
 .text.Write_DataContainer
                0x08001f90       0x50 ..\obj\BufferFunctions.o
                0x08001f90                Write_DataContainer
 .text.numDatainContainer
                0x08001fe0       0x1c ..\obj\BufferFunctions.o
                0x08001fe0                numDatainContainer
 .text._ZN9PrintableC2Ev
                0x08001ffc       0x20 ..\obj\IPAddress.o
                0x08001ffc                Printable::Printable()
                0x08001ffc                Printable::Printable()
 .text._ZN9IPAddressC2Ev
                0x0800201c       0x3c ..\obj\IPAddress.o
                0x0800201c                IPAddress::IPAddress()
                0x0800201c                IPAddress::IPAddress()
 .text._ZN9IPAddressC2Ehhhh
                0x08002058       0x44 ..\obj\IPAddress.o
                0x08002058                IPAddress::IPAddress(unsigned char, unsigned char, unsigned char, unsigned char)
                0x08002058                IPAddress::IPAddress(unsigned char, unsigned char, unsigned char, unsigned char)
 .text._ZNK9IPAddress7printToER5Print
                0x0800209c       0x84 ..\obj\IPAddress.o
                0x0800209c                IPAddress::printTo(Print&) const
 .text._Z41__static_initialization_and_destruction_0ii
                0x08002120       0x40 ..\obj\IPAddress.o
 .text._GLOBAL__sub_I__ZN9IPAddressC2Ev
                0x08002160       0x14 ..\obj\IPAddress.o
 .text.Default_Reset_Handler
                0x08002174       0x6c ..\obj\startup_stm32f4xx.o
                0x08002174                Default_Reset_Handler
                0x08002174                Reset_Handler
 .text.Default_Handler
                0x080021e0        0x8 ..\obj\startup_stm32f4xx.o
                0x080021e0                RTC_Alarm_IRQHandler
                0x080021e0                HASH_RNG_IRQHandler
                0x080021e0                TIM8_CC_IRQHandler
                0x080021e0                TIM1_CC_IRQHandler
                0x080021e0                DMA2_Stream5_IRQHandler
                0x080021e0                DMA1_Stream5_IRQHandler
                0x080021e0                PVD_IRQHandler
                0x080021e0                SDIO_IRQHandler
                0x080021e0                TAMP_STAMP_IRQHandler
                0x080021e0                CAN2_RX1_IRQHandler
                0x080021e0                EXTI3_IRQHandler
                0x080021e0                TIM8_TRG_COM_TIM14_IRQHandler
                0x080021e0                TIM1_UP_TIM10_IRQHandler
                0x080021e0                TIM8_UP_TIM13_IRQHandler
                0x080021e0                I2C3_ER_IRQHandler
                0x080021e0                I2C2_EV_IRQHandler
                0x080021e0                DMA1_Stream2_IRQHandler
                0x080021e0                CAN1_RX0_IRQHandler
                0x080021e0                FPU_IRQHandler
                0x080021e0                CAN2_SCE_IRQHandler
                0x080021e0                DMA2_Stream2_IRQHandler
                0x080021e0                SPI1_IRQHandler
                0x080021e0                TIM6_DAC_IRQHandler
                0x080021e0                TIM1_BRK_TIM9_IRQHandler
                0x080021e0                DCMI_IRQHandler
                0x080021e0                CAN2_RX0_IRQHandler
                0x080021e0                DMA2_Stream3_IRQHandler
                0x080021e0                USART6_IRQHandler
                0x080021e0                USART3_IRQHandler
                0x080021e0                CRYP_IRQHandler
                0x080021e0                CAN1_RX1_IRQHandler
                0x080021e0                UART5_IRQHandler
                0x080021e0                DMA2_Stream0_IRQHandler
                0x080021e0                TIM4_IRQHandler
                0x080021e0                I2C1_EV_IRQHandler
                0x080021e0                DMA1_Stream6_IRQHandler
                0x080021e0                DMA1_Stream1_IRQHandler
                0x080021e0                UART4_IRQHandler
                0x080021e0                TIM3_IRQHandler
                0x080021e0                RCC_IRQHandler
                0x080021e0                TIM8_BRK_TIM12_IRQHandler
                0x080021e0                EXTI15_10_IRQHandler
                0x080021e0                ADC_IRQHandler
                0x080021e0                DMA1_Stream7_IRQHandler
                0x080021e0                TIM7_IRQHandler
                0x080021e0                CAN2_TX_IRQHandler
                0x080021e0                TIM5_IRQHandler
                0x080021e0                DMA2_Stream7_IRQHandler
                0x080021e0                I2C3_EV_IRQHandler
                0x080021e0                EXTI9_5_IRQHandler
                0x080021e0                RTC_WKUP_IRQHandler
                0x080021e0                ETH_WKUP_IRQHandler
                0x080021e0                SPI2_IRQHandler
                0x080021e0                DMA1_Stream0_IRQHandler
                0x080021e0                CAN1_TX_IRQHandler
                0x080021e0                FSMC_IRQHandler
                0x080021e0                ETH_IRQHandler
                0x080021e0                WWDG_IRQHandler
                0x080021e0                TIM2_IRQHandler
                0x080021e0                OTG_FS_WKUP_IRQHandler
                0x080021e0                TIM1_TRG_COM_TIM11_IRQHandler
                0x080021e0                EXTI1_IRQHandler
                0x080021e0                USART2_IRQHandler
                0x080021e0                I2C2_ER_IRQHandler
                0x080021e0                DMA2_Stream1_IRQHandler
                0x080021e0                CAN1_SCE_IRQHandler
                0x080021e0                FLASH_IRQHandler
                0x080021e0                DMA2_Stream4_IRQHandler
                0x080021e0                USART1_IRQHandler
                0x080021e0                OTG_FS_IRQHandler
                0x080021e0                SPI3_IRQHandler
                0x080021e0                DMA1_Stream4_IRQHandler
                0x080021e0                I2C1_ER_IRQHandler
                0x080021e0                DMA2_Stream6_IRQHandler
                0x080021e0                DMA1_Stream3_IRQHandler
 .text._ZN8SPIClassC2Ev
                0x080021e8       0x38 ..\obj\SPIAPI.o
                0x080021e8                SPIClass::SPIClass()
                0x080021e8                SPIClass::SPIClass()
 .text._ZN8SPIClassD2Ev
                0x08002220       0x18 ..\obj\SPIAPI.o
                0x08002220                SPIClass::~SPIClass()
                0x08002220                SPIClass::~SPIClass()
 .text._Z41__static_initialization_and_destruction_0ii
                0x08002238       0x4c ..\obj\SPIAPI.o
 .text._GLOBAL__sub_I_intSPIFunc
                0x08002284       0x14 ..\obj\SPIAPI.o
 .text.USBD_Init
                0x08002298       0x58 ..\obj\usbd_core.o
                0x08002298                USBD_Init
 .text.USBD_DeInit
                0x080022f0       0x18 ..\obj\usbd_core.o
                0x080022f0                USBD_DeInit
 .text.USBD_SetupStage
                0x08002308       0x70 ..\obj\usbd_core.o
 .text.USBD_DataOutStage
                0x08002378       0xd4 ..\obj\usbd_core.o
 .text.USBD_DataInStage
                0x0800244c      0x114 ..\obj\usbd_core.o
 .text.USBD_Reset
                0x08002560       0x54 ..\obj\usbd_core.o
 .text.USBD_Resume
                0x080025b4       0x2c ..\obj\usbd_core.o
 .text.USBD_Suspend
                0x080025e0       0x2c ..\obj\usbd_core.o
 .text.USBD_SOF
                0x0800260c       0x30 ..\obj\usbd_core.o
 .text.USBD_SetCfg
                0x0800263c       0x34 ..\obj\usbd_core.o
                0x0800263c                USBD_SetCfg
 .text.USBD_ClrCfg
                0x08002670       0x2c ..\obj\usbd_core.o
                0x08002670                USBD_ClrCfg
 .text.USBD_IsoINIncomplete
                0x0800269c       0x24 ..\obj\usbd_core.o
 .text.USBD_IsoOUTIncomplete
                0x080026c0       0x24 ..\obj\usbd_core.o
 .text.main     0x080026e4       0x34 ..\obj\main.o
                0x080026e4                main
 .text._ZN6StringpLEc
                0x08002718       0x24 ..\obj\ProcArduLib.o
                0x08002718                String::operator+=(char)
 .text._ZN11ProcArduLibC2Ev
                0x0800273c       0x68 ..\obj\ProcArduLib.o
                0x0800273c                ProcArduLib::ProcArduLib()
                0x0800273c                ProcArduLib::ProcArduLib()
 .text._ZN11ProcArduLibD2Ev
                0x080027a4       0x20 ..\obj\ProcArduLib.o
                0x080027a4                ProcArduLib::~ProcArduLib()
                0x080027a4                ProcArduLib::~ProcArduLib()
 .text._ZN11ProcArduLib13GetSerialDataEc
                0x080027c4       0x48 ..\obj\ProcArduLib.o
                0x080027c4                ProcArduLib::GetSerialData(char)
 .text._ZN11ProcArduLib11ProcessDataEv
                0x0800280c      0x104 ..\obj\ProcArduLib.o
                0x0800280c                ProcArduLib::ProcessData()
 .text._ZN11ProcArduLib10GetCommandEv
                0x08002910       0x18 ..\obj\ProcArduLib.o
                0x08002910                ProcArduLib::GetCommand()
 .text._ZN11ProcArduLib6GetPinEv
                0x08002928       0x18 ..\obj\ProcArduLib.o
                0x08002928                ProcArduLib::GetPin()
 .text._ZN11ProcArduLib8GetValueEv
                0x08002940       0x18 ..\obj\ProcArduLib.o
                0x08002940                ProcArduLib::GetValue()
 .text._ZN11ProcArduLib11SendCommandEcll
                0x08002958       0xa0 ..\obj\ProcArduLib.o
                0x08002958                ProcArduLib::SendCommand(char, long, long)
 .text._ZN11ProcArduLib13SendBroadcastEc
                0x080029f8      0x17c ..\obj\ProcArduLib.o
                0x080029f8                ProcArduLib::SendBroadcast(char)
 .text._ZN11ProcArduLib12SendErrorMsgEPKc
                0x08002b74       0x34 ..\obj\ProcArduLib.o
                0x08002b74                ProcArduLib::SendErrorMsg(char const*)
 .text._Z41__static_initialization_and_destruction_0ii
                0x08002ba8       0x54 ..\obj\ProcArduLib.o
 .text._GLOBAL__sub_I__ZN11ProcArduLibC2Ev
                0x08002bfc       0x14 ..\obj\ProcArduLib.o
 .text.RCC_AHB1PeriphClockCmd
                0x08002c10       0x54 ..\obj\stm32f4xx_rcc.o
                0x08002c10                RCC_AHB1PeriphClockCmd
 .text.RCC_APB1PeriphClockCmd
                0x08002c64       0x54 ..\obj\stm32f4xx_rcc.o
                0x08002c64                RCC_APB1PeriphClockCmd
 .text.RCC_APB2PeriphClockCmd
                0x08002cb8       0x54 ..\obj\stm32f4xx_rcc.o
                0x08002cb8                RCC_APB2PeriphClockCmd
 .text.NMI_Handler
                0x08002d0c        0xc ..\obj\stm32f4xx_it.o
                0x08002d0c                NMI_Handler
 .text.HardFault_Handler
                0x08002d18        0x8 ..\obj\stm32f4xx_it.o
                0x08002d18                HardFault_Handler
 .text.MemManage_Handler
                0x08002d20        0x8 ..\obj\stm32f4xx_it.o
                0x08002d20                MemManage_Handler
 .text.BusFault_Handler
                0x08002d28        0x8 ..\obj\stm32f4xx_it.o
                0x08002d28                BusFault_Handler
 .text.UsageFault_Handler
                0x08002d30        0x8 ..\obj\stm32f4xx_it.o
                0x08002d30                UsageFault_Handler
 .text.SVC_Handler
                0x08002d38        0xc ..\obj\stm32f4xx_it.o
                0x08002d38                SVC_Handler
 .text.DebugMon_Handler
                0x08002d44        0xc ..\obj\stm32f4xx_it.o
                0x08002d44                DebugMon_Handler
 .text.PendSV_Handler
                0x08002d50        0xc ..\obj\stm32f4xx_it.o
                0x08002d50                PendSV_Handler
 .text.SysTick_Handler
                0x08002d5c       0x24 ..\obj\stm32f4xx_it.o
                0x08002d5c                SysTick_Handler
 .text.EXTI0_IRQHandler
                0x08002d80        0xc ..\obj\stm32f4xx_it.o
                0x08002d80                EXTI0_IRQHandler
 .text.EXTI2_IRQHandler
                0x08002d8c       0x70 ..\obj\stm32f4xx_it.o
                0x08002d8c                EXTI2_IRQHandler
 .text.EXTI4_IRQHandler
                0x08002dfc       0x4c ..\obj\stm32f4xx_it.o
                0x08002dfc                EXTI4_IRQHandler
 .text.OTG_HS_WKUP_IRQHandler
                0x08002e48       0x44 ..\obj\stm32f4xx_it.o
                0x08002e48                OTG_HS_WKUP_IRQHandler
 .text.OTG_HS_IRQHandler
                0x08002e8c       0x14 ..\obj\stm32f4xx_it.o
                0x08002e8c                OTG_HS_IRQHandler
 .text.OTG_HS_EP1_IN_IRQHandler
                0x08002ea0       0x14 ..\obj\stm32f4xx_it.o
                0x08002ea0                OTG_HS_EP1_IN_IRQHandler
 .text.OTG_HS_EP1_OUT_IRQHandler
                0x08002eb4       0x14 ..\obj\stm32f4xx_it.o
                0x08002eb4                OTG_HS_EP1_OUT_IRQHandler
 .text._ZN13EthernetClassC2Ev
                0x08002ec8       0x1c ..\obj\Ethernet.o
                0x08002ec8                EthernetClass::EthernetClass()
                0x08002ec8                EthernetClass::EthernetClass()
 .text._Z41__static_initialization_and_destruction_0ii
                0x08002ee4       0x4c ..\obj\Ethernet.o
 .text._GLOBAL__sub_I__ZN13EthernetClass6_stateE
                0x08002f30       0x14 ..\obj\Ethernet.o
 .text._ZN5PrintC2Ev
                0x08002f44       0x28 ..\obj\EthernetServer.o
                0x08002f44                Print::Print()
                0x08002f44                Print::Print()
 .text._Z41__static_initialization_and_destruction_0ii
                0x08002f6c       0x40 ..\obj\EthernetServer.o
 .text._GLOBAL__sub_I__ZN14EthernetServerC2Et
                0x08002fac       0x14 ..\obj\EthernetServer.o
 .text.ADC_Init
                0x08002fc0       0xb8 ..\obj\stm32f4xx_adc.o
                0x08002fc0                ADC_Init
 .text.ADC_CommonInit
                0x08003078       0x5c ..\obj\stm32f4xx_adc.o
                0x08003078                ADC_CommonInit
 .text.ADC_Cmd  0x080030d4       0x38 ..\obj\stm32f4xx_adc.o
                0x080030d4                ADC_Cmd
 .text.ADC_RegularChannelConfig
                0x0800310c      0x1bc ..\obj\stm32f4xx_adc.o
                0x0800310c                ADC_RegularChannelConfig
 .text.ADC_SoftwareStartConv
                0x080032c8       0x20 ..\obj\stm32f4xx_adc.o
                0x080032c8                ADC_SoftwareStartConv
 .text.ADC_GetConversionValue
                0x080032e8       0x1c ..\obj\stm32f4xx_adc.o
                0x080032e8                ADC_GetConversionValue
 .text.pinMode  0x08003304      0x11c ..\obj\BasicFunctions.o
                0x08003304                pinMode
 .text.digitalWrite
                0x08003420      0x14c ..\obj\BasicFunctions.o
                0x08003420                digitalWrite
 .text.digitalRead
                0x0800356c       0x38 ..\obj\BasicFunctions.o
                0x0800356c                digitalRead
 .text.InitADC  0x080035a4       0xe4 ..\obj\BasicFunctions.o
                0x080035a4                InitADC
 .text.analogRead
                0x08003688       0x24 ..\obj\BasicFunctions.o
                0x08003688                analogRead
 .text.Init_PWMPins
                0x080036ac      0x19c ..\obj\BasicFunctions.o
                0x080036ac                Init_PWMPins
 .text._Z41__static_initialization_and_destruction_0ii
                0x08003848       0x40 ..\obj\Dns.o
 .text._GLOBAL__sub_I__ZN9DNSClient5beginERK9IPAddress
                0x08003888       0x14 ..\obj\Dns.o
 .text.USBD_USR_DeviceDescriptor
                0x0800389c       0x28 ..\obj\usbd_desc.o
                0x0800389c                USBD_USR_DeviceDescriptor
 .text.USBD_USR_LangIDStrDescriptor
                0x080038c4       0x28 ..\obj\usbd_desc.o
                0x080038c4                USBD_USR_LangIDStrDescriptor
 .text.USBD_USR_ProductStrDescriptor
                0x080038ec       0x54 ..\obj\usbd_desc.o
                0x080038ec                USBD_USR_ProductStrDescriptor
 .text.USBD_USR_ManufacturerStrDescriptor
                0x08003940       0x34 ..\obj\usbd_desc.o
                0x08003940                USBD_USR_ManufacturerStrDescriptor
 .text.USBD_USR_SerialStrDescriptor
                0x08003974       0x54 ..\obj\usbd_desc.o
                0x08003974                USBD_USR_SerialStrDescriptor
 .text.USBD_USR_ConfigStrDescriptor
                0x080039c8       0x54 ..\obj\usbd_desc.o
                0x080039c8                USBD_USR_ConfigStrDescriptor
 .text.USBD_USR_InterfaceStrDescriptor
                0x08003a1c       0x54 ..\obj\usbd_desc.o
                0x08003a1c                USBD_USR_InterfaceStrDescriptor
 .text._ZN5Print5writeEPKc
                0x08003a70       0x3c ..\obj\Print.o
                0x08003a70                Print::write(char const*)
 .text._ZN5Print5writeEPKhj
                0x08003aac       0x58 ..\obj\Print.o
                0x08003aac                Print::write(unsigned char const*, unsigned int)
 .text._ZN5Print5printEPKc
                0x08003b04       0x20 ..\obj\Print.o
                0x08003b04                Print::print(char const*)
 .text._ZN5Print5printEc
                0x08003b24       0x28 ..\obj\Print.o
                0x08003b24                Print::print(char)
 .text._ZN5Print5printEhi
                0x08003b4c       0x28 ..\obj\Print.o
                0x08003b4c                Print::print(unsigned char, int)
 .text._ZN5Print5printEii
                0x08003b74       0x24 ..\obj\Print.o
                0x08003b74                Print::print(int, int)
 .text._ZN5Print5printEli
                0x08003b98       0x90 ..\obj\Print.o
                0x08003b98                Print::print(long, int)
 .text._ZN5Print5printEmi
                0x08003c28       0x40 ..\obj\Print.o
                0x08003c28                Print::print(unsigned long, int)
 .text._ZN5Print7printlnEv
                0x08003c68       0x34 ..\obj\Print.o
                0x08003c68                Print::println()
 .text._ZN5Print7printlnEPKc
                0x08003c9c       0x30 ..\obj\Print.o
                0x08003c9c                Print::println(char const*)
 .text._ZN5Print11printNumberEmh
                0x08003ccc       0xa4 ..\obj\Print.o
                0x08003ccc                Print::printNumber(unsigned long, unsigned char)
 .text.GPIO_Init
                0x08003d70      0x144 ..\obj\stm32f4xx_gpio.o
                0x08003d70                GPIO_Init
 .text.GPIO_ReadInputDataBit
                0x08003eb4       0x3c ..\obj\stm32f4xx_gpio.o
                0x08003eb4                GPIO_ReadInputDataBit
 .text.GPIO_SetBits
                0x08003ef0       0x1c ..\obj\stm32f4xx_gpio.o
                0x08003ef0                GPIO_SetBits
 .text.GPIO_ResetBits
                0x08003f0c       0x1c ..\obj\stm32f4xx_gpio.o
                0x08003f0c                GPIO_ResetBits
 .text.GPIO_PinAFConfig
                0x08003f28       0xa8 ..\obj\stm32f4xx_gpio.o
                0x08003f28                GPIO_PinAFConfig
 .text.VCP_Init
                0x08003fd0       0x10 ..\obj\usbd_cdc_vcp.o
 .text.VCP_DeInit
                0x08003fe0       0x10 ..\obj\usbd_cdc_vcp.o
 .text.VCP_Ctrl
                0x08003ff0      0x1c4 ..\obj\usbd_cdc_vcp.o
 .text.VCP_DataTx
                0x080041b4       0x84 ..\obj\usbd_cdc_vcp.o
 .text.VCP_DataRx
                0x08004238       0x2c ..\obj\usbd_cdc_vcp.o
 .text.vcp_sendBytes
                0x08004264       0x1c ..\obj\usbd_cdc_vcp.o
                0x08004264                vcp_sendBytes
 .text.SystemInit
                0x08004280       0x94 ..\obj\system_stm32f4xx.o
                0x08004280                SystemInit
 .text.SetSysClock
                0x08004314      0x188 ..\obj\system_stm32f4xx.o
 .text._sbrk    0x0800449c       0x5c ..\obj\syscalls.o
                0x0800449c                _sbrk
 .text._close   0x080044f8       0x18 ..\obj\syscalls.o
                0x080044f8                _close
 .text._fstat   0x08004510       0x24 ..\obj\syscalls.o
                0x08004510                _fstat
 .text._isatty  0x08004534       0x18 ..\obj\syscalls.o
                0x08004534                _isatty
 .text._lseek   0x0800454c       0x1c ..\obj\syscalls.o
                0x0800454c                _lseek
 .text._read    0x08004568       0x1c ..\obj\syscalls.o
                0x08004568                _read
 .text._write   0x08004584       0x1c ..\obj\syscalls.o
                0x08004584                _write
 .text.abort    0x080045a0        0x8 ..\obj\syscalls.o
                0x080045a0                abort
 .text._ZN6StreamC2Ev
                0x080045a8       0x30 ..\obj\EthernetUdp.o
                0x080045a8                Stream::Stream()
                0x080045a8                Stream::Stream()
 .text._Z41__static_initialization_and_destruction_0ii
                0x080045d8       0x40 ..\obj\EthernetUdp.o
 .text._GLOBAL__sub_I__ZN11EthernetUDPC2Ev
                0x08004618       0x14 ..\obj\EthernetUdp.o
 .text.USB_OTG_BSP_Init
                0x0800462c      0x208 ..\obj\usb_bsp.o
                0x0800462c                USB_OTG_BSP_Init
 .text.USB_OTG_BSP_EnableInterrupt
                0x08004834       0x90 ..\obj\usb_bsp.o
                0x08004834                USB_OTG_BSP_EnableInterrupt
 .text.USB_OTG_BSP_uDelay
                0x080048c4       0x58 ..\obj\usb_bsp.o
                0x080048c4                USB_OTG_BSP_uDelay
 .text.USB_OTG_BSP_mDelay
                0x0800491c       0x20 ..\obj\usb_bsp.o
                0x0800491c                USB_OTG_BSP_mDelay
 .text._Z41__static_initialization_and_destruction_0ii
                0x0800493c       0x40 ..\obj\EthernetClient.o
 .text._GLOBAL__sub_I__ZN14EthernetClient8_srcportE
                0x0800497c       0x14 ..\obj\EthernetClient.o
 .text.USBD_StdDevReq
                0x08004990       0xa4 ..\obj\usbd_req.o
                0x08004990                USBD_StdDevReq
 .text.USBD_StdItfReq
                0x08004a34       0x6c ..\obj\usbd_req.o
                0x08004a34                USBD_StdItfReq
 .text.USBD_StdEPReq
                0x08004aa0      0x1e4 ..\obj\usbd_req.o
                0x08004aa0                USBD_StdEPReq
 .text.USBD_GetDescriptor
                0x08004c84      0x278 ..\obj\usbd_req.o
 .text.USBD_SetAddress
                0x08004efc       0x80 ..\obj\usbd_req.o
 .text.USBD_SetConfig
                0x08004f7c      0x134 ..\obj\usbd_req.o
 .text.USBD_GetConfig
                0x080050b0       0x68 ..\obj\usbd_req.o
 .text.USBD_GetStatus
                0x08005118       0x68 ..\obj\usbd_req.o
 .text.USBD_SetFeature
                0x08005180       0xe0 ..\obj\usbd_req.o
 .text.USBD_ClrFeature
                0x08005260       0x58 ..\obj\usbd_req.o
 .text.USBD_ParseSetupRequest
                0x080052b8       0x94 ..\obj\usbd_req.o
                0x080052b8                USBD_ParseSetupRequest
 .text.USBD_CtlError
                0x0800534c       0x50 ..\obj\usbd_req.o
                0x0800534c                USBD_CtlError
 .text.USBD_GetString
                0x0800539c       0x9c ..\obj\usbd_req.o
                0x0800539c                USBD_GetString
 .text.USBD_GetLen
                0x08005438       0x38 ..\obj\usbd_req.o
 .text.USBD_OTG_EP1OUT_ISR_Handler
                0x08005470       0xcc ..\obj\usb_dcd_int.o
                0x08005470                USBD_OTG_EP1OUT_ISR_Handler
 .text.USBD_OTG_EP1IN_ISR_Handler
                0x0800553c      0x18c ..\obj\usb_dcd_int.o
                0x0800553c                USBD_OTG_EP1IN_ISR_Handler
 .text.USBD_OTG_ISR_Handler
                0x080056c8      0x164 ..\obj\usb_dcd_int.o
                0x080056c8                USBD_OTG_ISR_Handler
 .text.DCD_HandleResume_ISR
                0x0800582c       0x8c ..\obj\usb_dcd_int.o
 .text.DCD_HandleUSBSuspend_ISR
                0x080058b8       0xb0 ..\obj\usb_dcd_int.o
 .text.DCD_HandleInEP_ISR
                0x08005968      0x22c ..\obj\usb_dcd_int.o
 .text.DCD_HandleOutEP_ISR
                0x08005b94      0x1b0 ..\obj\usb_dcd_int.o
 .text.DCD_HandleSof_ISR
                0x08005d44       0x3c ..\obj\usb_dcd_int.o
 .text.DCD_HandleRxStatusQueueLevel_ISR
                0x08005d80      0x114 ..\obj\usb_dcd_int.o
 .text.DCD_WriteEmptyTxFifo
                0x08005e94      0x100 ..\obj\usb_dcd_int.o
 .text.DCD_HandleUsbReset_ISR
                0x08005f94      0x180 ..\obj\usb_dcd_int.o
 .text.DCD_HandleEnumDone_ISR
                0x08006114       0x88 ..\obj\usb_dcd_int.o
 .text.DCD_IsoINIncomplete_ISR
                0x0800619c       0x3c ..\obj\usb_dcd_int.o
 .text.DCD_IsoOUTIncomplete_ISR
                0x080061d8       0x3c ..\obj\usb_dcd_int.o
 .text.DCD_ReadDevInEP
                0x08006214       0x58 ..\obj\usb_dcd_int.o
 .text.usbd_cdc_Init
                0x0800626c       0xc8 ..\obj\usbd_cdc_core.o
 .text.usbd_cdc_DeInit
                0x08006334       0x44 ..\obj\usbd_cdc_core.o
 .text.usbd_cdc_Setup
                0x08006378      0x158 ..\obj\usbd_cdc_core.o
 .text.usbd_cdc_EP0_RxReady
                0x080064d0       0x60 ..\obj\usbd_cdc_core.o
 .text.usbd_cdc_DataIn
                0x08006530      0x124 ..\obj\usbd_cdc_core.o
 .text.usbd_cdc_DataOut
                0x08006654       0x6c ..\obj\usbd_cdc_core.o
 .text.usbd_cdc_SOF
                0x080066c0       0x50 ..\obj\usbd_cdc_core.o
 .text.Handle_USBAsynchXfer
                0x08006710      0x1a4 ..\obj\usbd_cdc_core.o
 .text.USBD_cdc_GetCfgDesc
                0x080068b4       0x28 ..\obj\usbd_cdc_core.o
 .text.USBD_cdc_GetOtherCfgDesc
                0x080068dc       0x28 ..\obj\usbd_cdc_core.o
 .text.EXTI_GetITStatus
                0x08006904       0x58 ..\obj\stm32f4xx_exti.o
                0x08006904                EXTI_GetITStatus
 .text.EXTI_ClearITPendingBit
                0x0800695c       0x20 ..\obj\stm32f4xx_exti.o
                0x0800695c                EXTI_ClearITPendingBit
 .text.NVIC_PriorityGroupConfig
                0x0800697c       0x28 ..\obj\misc.o
                0x0800697c                NVIC_PriorityGroupConfig
 .text.NVIC_Init
                0x080069a4       0xe4 ..\obj\misc.o
                0x080069a4                NVIC_Init
 .text.DCD_Init
                0x08006a88      0x12c ..\obj\usb_dcd.o
                0x08006a88                DCD_Init
 .text.DCD_EP_Open
                0x08006bb4       0xac ..\obj\usb_dcd.o
                0x08006bb4                DCD_EP_Open
 .text.DCD_EP_Close
                0x08006c60       0x80 ..\obj\usb_dcd.o
                0x08006c60                DCD_EP_Close
 .text.DCD_EP_PrepareRx
                0x08006ce0       0x8c ..\obj\usb_dcd.o
                0x08006ce0                DCD_EP_PrepareRx
 .text.DCD_EP_Tx
                0x08006d6c       0x84 ..\obj\usb_dcd.o
                0x08006d6c                DCD_EP_Tx
 .text.DCD_EP_Stall
                0x08006df0       0x84 ..\obj\usb_dcd.o
                0x08006df0                DCD_EP_Stall
 .text.DCD_EP_ClrStall
                0x08006e74       0x84 ..\obj\usb_dcd.o
                0x08006e74                DCD_EP_ClrStall
 .text.DCD_EP_SetAddress
                0x08006ef8       0x3c ..\obj\usb_dcd.o
                0x08006ef8                DCD_EP_SetAddress
 .text.serialEventRun
                0x08006f34       0x28 ..\obj\USBSerial.o
                0x08006f34                serialEventRun
 .text._ZN14HardwareSerialC2Ev
                0x08006f5c       0x38 ..\obj\USBSerial.o
                0x08006f5c                HardwareSerial::HardwareSerial()
                0x08006f5c                HardwareSerial::HardwareSerial()
 .text._ZN14HardwareSerialD2Ev
                0x08006f94       0x2c ..\obj\USBSerial.o
                0x08006f94                HardwareSerial::~HardwareSerial()
                0x08006f94                HardwareSerial::~HardwareSerial()
 .text._ZN14HardwareSerial5beginEm
                0x08006fc0       0x3c ..\obj\USBSerial.o
                0x08006fc0                HardwareSerial::begin(unsigned long)
 .text._ZN14HardwareSerial3endEv
                0x08006ffc       0x1c ..\obj\USBSerial.o
                0x08006ffc                HardwareSerial::end()
 .text._ZN14HardwareSerial9availableEv
                0x08007018       0x20 ..\obj\USBSerial.o
                0x08007018                HardwareSerial::available()
 .text._ZN14HardwareSerial4peekEv
                0x08007038       0x18 ..\obj\USBSerial.o
                0x08007038                HardwareSerial::peek()
 .text._ZN14HardwareSerial4readEv
                0x08007050       0x44 ..\obj\USBSerial.o
                0x08007050                HardwareSerial::read()
 .text._ZN14HardwareSerial5flushEv
                0x08007094       0x3c ..\obj\USBSerial.o
                0x08007094                HardwareSerial::flush()
 .text._ZN14HardwareSerial5writeEh
                0x080070d0       0x28 ..\obj\USBSerial.o
                0x080070d0                HardwareSerial::write(unsigned char)
 .text._Z41__static_initialization_and_destruction_0ii
                0x080070f8       0x4c ..\obj\USBSerial.o
 .text._GLOBAL__sub_I_USB_DataReceived
                0x08007144       0x14 ..\obj\USBSerial.o
 .text._ZN6StringC2EPKc
                0x08007158       0x34 ..\obj\WString.o
                0x08007158                String::String(char const*)
                0x08007158                String::String(char const*)
 .text._ZN6StringD2Ev
                0x0800718c       0x20 ..\obj\WString.o
                0x0800718c                String::~String()
                0x0800718c                String::~String()
 .text._ZN6String4initEv
                0x080071ac       0x34 ..\obj\WString.o
                0x080071ac                String::init()
 .text._ZN6String10invalidateEv
                0x080071e0       0x3c ..\obj\WString.o
                0x080071e0                String::invalidate()
 .text._ZN6String7reserveEj
                0x0800721c       0x60 ..\obj\WString.o
                0x0800721c                String::reserve(unsigned int)
 .text._ZN6String12changeBufferEj
                0x0800727c       0x44 ..\obj\WString.o
                0x0800727c                String::changeBuffer(unsigned int)
 .text._ZN6String4copyEPKcj
                0x080072c0       0x4c ..\obj\WString.o
                0x080072c0                String::copy(char const*, unsigned int)
 .text._ZN6StringaSEPKc
                0x0800730c       0x38 ..\obj\WString.o
                0x0800730c                String::operator=(char const*)
 .text._ZN6String6concatEPKcj
                0x08007344       0x74 ..\obj\WString.o
                0x08007344                String::concat(char const*, unsigned int)
 .text._ZN6String6concatEc
                0x080073b8       0x34 ..\obj\WString.o
                0x080073b8                String::concat(char)
 .text._ZNK6String6charAtEj
                0x080073ec       0x20 ..\obj\WString.o
                0x080073ec                String::charAt(unsigned int) const
 .text._ZNK6StringixEj
                0x0800740c       0x38 ..\obj\WString.o
                0x0800740c                String::operator[](unsigned int) const
 .text._ZNK6String7indexOfEc
                0x08007444       0x28 ..\obj\WString.o
                0x08007444                String::indexOf(char) const
 .text._ZNK6String7indexOfEcj
                0x0800746c       0x50 ..\obj\WString.o
                0x0800746c                String::indexOf(char, unsigned int) const
 .text._ZNK6String9substringEj
                0x080074bc       0x28 ..\obj\WString.o
                0x080074bc                String::substring(unsigned int) const
 .text._ZNK6String9substringEjj
                0x080074e4       0x90 ..\obj\WString.o
                0x080074e4                String::substring(unsigned int, unsigned int) const
 .text._ZNK6String5toIntEv
                0x08007574       0x2c ..\obj\WString.o
                0x08007574                String::toInt() const
 .text.USBD_CtlSendData
                0x080075a0       0x48 ..\obj\usbd_ioreq.o
                0x080075a0                USBD_CtlSendData
 .text.USBD_CtlContinueSendData
                0x080075e8       0x30 ..\obj\usbd_ioreq.o
                0x080075e8                USBD_CtlContinueSendData
 .text.USBD_CtlPrepareRx
                0x08007618       0x48 ..\obj\usbd_ioreq.o
                0x08007618                USBD_CtlPrepareRx
 .text.USBD_CtlContinueRx
                0x08007660       0x30 ..\obj\usbd_ioreq.o
                0x08007660                USBD_CtlContinueRx
 .text.USBD_CtlSendStatus
                0x08007690       0x3c ..\obj\usbd_ioreq.o
                0x08007690                USBD_CtlSendStatus
 .text.USBD_CtlReceiveStatus
                0x080076cc       0x3c ..\obj\usbd_ioreq.o
                0x080076cc                USBD_CtlReceiveStatus
 .text.TIM_TimeBaseInit
                0x08007708       0xf4 ..\obj\stm32f4xx_tim.o
                0x08007708                TIM_TimeBaseInit
 .text.TIM_ARRPreloadConfig
                0x080077fc       0x40 ..\obj\stm32f4xx_tim.o
                0x080077fc                TIM_ARRPreloadConfig
 .text.TIM_Cmd  0x0800783c       0x40 ..\obj\stm32f4xx_tim.o
                0x0800783c                TIM_Cmd
 .text.TIM_OC1Init
                0x0800787c       0xfc ..\obj\stm32f4xx_tim.o
                0x0800787c                TIM_OC1Init
 .text.TIM_OC2Init
                0x08007978      0x128 ..\obj\stm32f4xx_tim.o
                0x08007978                TIM_OC2Init
 .text.TIM_OC3Init
                0x08007aa0      0x120 ..\obj\stm32f4xx_tim.o
                0x08007aa0                TIM_OC3Init
 .text.TIM_OC4Init
                0x08007bc0       0xe0 ..\obj\stm32f4xx_tim.o
                0x08007bc0                TIM_OC4Init
 .text.TIM_OC1PreloadConfig
                0x08007ca0       0x38 ..\obj\stm32f4xx_tim.o
                0x08007ca0                TIM_OC1PreloadConfig
 .text.TIM_OC2PreloadConfig
                0x08007cd8       0x40 ..\obj\stm32f4xx_tim.o
                0x08007cd8                TIM_OC2PreloadConfig
 .text.TIM_OC3PreloadConfig
                0x08007d18       0x38 ..\obj\stm32f4xx_tim.o
                0x08007d18                TIM_OC3PreloadConfig
 .text.TIM_OC4PreloadConfig
                0x08007d50       0x40 ..\obj\stm32f4xx_tim.o
                0x08007d50                TIM_OC4PreloadConfig
 .text.__fpclassifyd
                0x08007d90       0x68 ..\..\..\..\..\..\..\..\..\Program Files (x86)\GNU Tools ARM Embedded\4.7 2012q4\arm-none-eabi\lib\armv7-m\libm.a(lib_a-s_fpclassify.o)
                0x08007d90                __fpclassifyd
 .text          0x08007df8      0x370 c:/program files (x86)/gnu tools arm embedded/4.7 2012q4/bin/../lib/gcc/arm-none-eabi/4.7.3/armv7e-m\libgcc.a(_arm_addsubdf3.o)
                0x08007df8                __aeabi_drsub
                0x08007e00                __aeabi_dsub
                0x08007e00                __subdf3
                0x08007e04                __aeabi_dadd
                0x08007e04                __adddf3
                0x0800807c                __floatunsidf
                0x0800807c                __aeabi_ui2d
                0x0800809c                __floatsidf
                0x0800809c                __aeabi_i2d
                0x080080c0                __aeabi_f2d
                0x080080c0                __extendsfdf2
                0x080080fc                __floatundidf
                0x080080fc                __aeabi_ul2d
                0x0800810c                __floatdidf
                0x0800810c                __aeabi_l2d
 .text          0x08008168      0x424 c:/program files (x86)/gnu tools arm embedded/4.7 2012q4/bin/../lib/gcc/arm-none-eabi/4.7.3/armv7e-m\libgcc.a(_arm_muldivdf3.o)
                0x08008168                __aeabi_dmul
                0x08008168                __muldf3
                0x080083bc                __divdf3
                0x080083bc                __aeabi_ddiv
 .text          0x0800858c      0x110 c:/program files (x86)/gnu tools arm embedded/4.7 2012q4/bin/../lib/gcc/arm-none-eabi/4.7.3/armv7e-m\libgcc.a(_arm_cmpdf2.o)
                0x0800858c                __gtdf2
                0x0800858c                __gedf2
                0x08008594                __ltdf2
                0x08008594                __ledf2
                0x0800859c                __nedf2
                0x0800859c                __eqdf2
                0x0800859c                __cmpdf2
                0x08008618                __aeabi_cdrcmple
                0x08008628                __aeabi_cdcmpeq
                0x08008628                __aeabi_cdcmple
                0x08008638                __aeabi_dcmpeq
                0x0800864c                __aeabi_dcmplt
                0x08008660                __aeabi_dcmple
                0x08008674                __aeabi_dcmpge
                0x08008688                __aeabi_dcmpgt
 .text          0x0800869c       0x50 c:/program files (x86)/gnu tools arm embedded/4.7 2012q4/bin/../lib/gcc/arm-none-eabi/4.7.3/armv7e-m\libgcc.a(_arm_fixdfsi.o)
                0x0800869c                __aeabi_d2iz
                0x0800869c                __fixdfsi
 .text          0x080086ec      0xba4 c:/program files (x86)/gnu tools arm embedded/4.7 2012q4/bin/../lib/gcc/arm-none-eabi/4.7.3/armv7e-m\libgcc.a(unwind-arm.o)
                0x080089b0                _Unwind_GetCFA
                0x080089b4                __gnu_Unwind_RaiseException
                0x08008a14                __gnu_Unwind_ForcedUnwind
                0x08008a2c                __gnu_Unwind_Resume
                0x08008a70                __gnu_Unwind_Resume_or_Rethrow
                0x08008a88                _Unwind_Complete
                0x08008a8c                _Unwind_DeleteException
                0x08008a9c                _Unwind_VRS_Get
                0x08008ad8                _Unwind_VRS_Set
                0x08008e74                __aeabi_unwind_cpp_pr2
                0x08008e7c                __aeabi_unwind_cpp_pr1
                0x08008e84                __aeabi_unwind_cpp_pr0
                0x08008e8c                __gnu_Unwind_Backtrace
                0x08008ef8                _Unwind_VRS_Pop
 .text          0x08009290      0x1ac c:/program files (x86)/gnu tools arm embedded/4.7 2012q4/bin/../lib/gcc/arm-none-eabi/4.7.3/armv7e-m\libgcc.a(libunwind.o)
                0x08009290                __restore_core_regs
                0x08009290                restore_core_regs
                0x080092a8                __gnu_Unwind_Restore_VFP
                0x080092b0                __gnu_Unwind_Save_VFP
                0x080092b8                __gnu_Unwind_Restore_VFP_D
                0x080092c0                __gnu_Unwind_Save_VFP_D
                0x080092c8                __gnu_Unwind_Restore_VFP_D_16_to_31
                0x080092d0                __gnu_Unwind_Save_VFP_D_16_to_31
                0x080092d8                __gnu_Unwind_Restore_WMMXD
                0x0800931c                __gnu_Unwind_Save_WMMXD
                0x08009360                __gnu_Unwind_Restore_WMMXC
                0x08009374                __gnu_Unwind_Save_WMMXC
                0x08009388                ___Unwind_RaiseException
                0x08009388                _Unwind_RaiseException
                0x080093ac                _Unwind_Resume
                0x080093ac                ___Unwind_Resume
                0x080093d0                _Unwind_Resume_or_Rethrow
                0x080093d0                ___Unwind_Resume_or_Rethrow
                0x080093f4                _Unwind_ForcedUnwind
                0x080093f4                ___Unwind_ForcedUnwind
                0x08009418                ___Unwind_Backtrace
                0x08009418                _Unwind_Backtrace
 .text          0x0800943c      0x3a0 c:/program files (x86)/gnu tools arm embedded/4.7 2012q4/bin/../lib/gcc/arm-none-eabi/4.7.3/armv7e-m\libgcc.a(pr-support.o)
                0x08009488                __gnu_unwind_execute
                0x08009784                __gnu_unwind_frame
                0x080097ac                _Unwind_GetRegionStart
                0x080097b8                _Unwind_GetLanguageSpecificData
                0x080097cc                _Unwind_GetDataRelBase
                0x080097d4                _Unwind_GetTextRelBase
 .text.__register_exitproc
                0x080097dc       0xac ..\..\..\..\..\..\..\..\..\Program Files (x86)\GNU Tools ARM Embedded\4.7 2012q4\arm-none-eabi\lib\armv7-m\libc.a(lib_a-__atexit.o)
                0x080097dc                __register_exitproc
 .text.__aeabi_atexit
                0x08009888        0xc ..\..\..\..\..\..\..\..\..\Program Files (x86)\GNU Tools ARM Embedded\4.7 2012q4\arm-none-eabi\lib\armv7-m\libc.a(lib_a-aeabi_atexit.o)
                0x08009888                __aeabi_atexit
 .text.atol     0x08009894        0x8 ..\..\..\..\..\..\..\..\..\Program Files (x86)\GNU Tools ARM Embedded\4.7 2012q4\arm-none-eabi\lib\armv7-m\libc.a(lib_a-atol.o)
                0x08009894                atol
 .text.__cxa_atexit
                0x0800989c       0x14 ..\..\..\..\..\..\..\..\..\Program Files (x86)\GNU Tools ARM Embedded\4.7 2012q4\arm-none-eabi\lib\armv7-m\libc.a(lib_a-cxa_atexit.o)
                0x0800989c                __cxa_atexit
 .text.exit     0x080098b0       0x20 ..\..\..\..\..\..\..\..\..\Program Files (x86)\GNU Tools ARM Embedded\4.7 2012q4\arm-none-eabi\lib\armv7-m\libc.a(lib_a-exit.o)
                0x080098b0                exit
 .text.__libc_fini_array
                0x080098d0       0x50 ..\..\..\..\..\..\..\..\..\Program Files (x86)\GNU Tools ARM Embedded\4.7 2012q4\arm-none-eabi\lib\armv7-m\libc.a(lib_a-fini.o)
                0x080098d0                __libc_fini_array
 .text.__libc_init_array
                0x08009920       0x94 ..\..\..\..\..\..\..\..\..\Program Files (x86)\GNU Tools ARM Embedded\4.7 2012q4\arm-none-eabi\lib\armv7-m\libc.a(lib_a-init.o)
                0x08009920                __libc_init_array
 .text.malloc   0x080099b4       0x10 ..\..\..\..\..\..\..\..\..\Program Files (x86)\GNU Tools ARM Embedded\4.7 2012q4\arm-none-eabi\lib\armv7-m\libc.a(lib_a-malloc.o)
                0x080099b4                malloc
 .text.free     0x080099c4       0x10 ..\..\..\..\..\..\..\..\..\Program Files (x86)\GNU Tools ARM Embedded\4.7 2012q4\arm-none-eabi\lib\armv7-m\libc.a(lib_a-malloc.o)
                0x080099c4                free
 .text._malloc_r
                0x080099d4      0x530 ..\..\..\..\..\..\..\..\..\Program Files (x86)\GNU Tools ARM Embedded\4.7 2012q4\arm-none-eabi\lib\armv7-m\libc.a(lib_a-mallocr.o)
                0x080099d4                _malloc_r
 .text.memcmp   0x08009f04       0xb8 ..\..\..\..\..\..\..\..\..\Program Files (x86)\GNU Tools ARM Embedded\4.7 2012q4\arm-none-eabi\lib\armv7-m\libc.a(lib_a-memcmp.o)
                0x08009f04                memcmp
 .text.memcpy   0x08009fbc      0x15c ..\..\..\..\..\..\..\..\..\Program Files (x86)\GNU Tools ARM Embedded\4.7 2012q4\arm-none-eabi\lib\armv7-m\libc.a(lib_a-memcpy.o)
                0x08009fbc                memcpy
 .text.memmove  0x0800a118      0x1b0 ..\..\..\..\..\..\..\..\..\Program Files (x86)\GNU Tools ARM Embedded\4.7 2012q4\arm-none-eabi\lib\armv7-m\libc.a(lib_a-memmove.o)
                0x0800a118                memmove
 .text.memset   0x0800a2c8      0x12c ..\..\..\..\..\..\..\..\..\Program Files (x86)\GNU Tools ARM Embedded\4.7 2012q4\arm-none-eabi\lib\armv7-m\libc.a(lib_a-memset.o)
                0x0800a2c8                memset
 .text.__malloc_lock
                0x0800a3f4        0x4 ..\..\..\..\..\..\..\..\..\Program Files (x86)\GNU Tools ARM Embedded\4.7 2012q4\arm-none-eabi\lib\armv7-m\libc.a(lib_a-mlock.o)
                0x0800a3f4                __malloc_lock
 .text.__malloc_unlock
                0x0800a3f8        0x4 ..\..\..\..\..\..\..\..\..\Program Files (x86)\GNU Tools ARM Embedded\4.7 2012q4\arm-none-eabi\lib\armv7-m\libc.a(lib_a-mlock.o)
                0x0800a3f8                __malloc_unlock
 .text.realloc  0x0800a3fc       0x18 ..\..\..\..\..\..\..\..\..\Program Files (x86)\GNU Tools ARM Embedded\4.7 2012q4\arm-none-eabi\lib\armv7-m\libc.a(lib_a-realloc.o)
                0x0800a3fc                realloc
 .text._realloc_r
                0x0800a414      0x3ec ..\..\..\..\..\..\..\..\..\Program Files (x86)\GNU Tools ARM Embedded\4.7 2012q4\arm-none-eabi\lib\armv7-m\libc.a(lib_a-reallocr.o)
                0x0800a414                _realloc_r
 .text._sbrk_r  0x0800a800       0x24 ..\..\..\..\..\..\..\..\..\Program Files (x86)\GNU Tools ARM Embedded\4.7 2012q4\arm-none-eabi\lib\armv7-m\libc.a(lib_a-sbrkr.o)
                0x0800a800                _sbrk_r
 .text.sprintf  0x0800a824       0x50 ..\..\..\..\..\..\..\..\..\Program Files (x86)\GNU Tools ARM Embedded\4.7 2012q4\arm-none-eabi\lib\armv7-m\libc.a(lib_a-sprintf.o)
                0x0800a824                sprintf
 .text.strchr   0x0800a874       0xfc ..\..\..\..\..\..\..\..\..\Program Files (x86)\GNU Tools ARM Embedded\4.7 2012q4\arm-none-eabi\lib\armv7-m\libc.a(lib_a-strchr.o)
                0x0800a874                strchr
 .text.strcmp   0x0800a970       0x80 ..\..\..\..\..\..\..\..\..\Program Files (x86)\GNU Tools ARM Embedded\4.7 2012q4\arm-none-eabi\lib\armv7-m\libc.a(lib_a-strcmp.o)
                0x0800a970                strcmp
 .text.strcmp_unaligned
                0x0800a9f0      0x15c ..\..\..\..\..\..\..\..\..\Program Files (x86)\GNU Tools ARM Embedded\4.7 2012q4\arm-none-eabi\lib\armv7-m\libc.a(lib_a-strcmp.o)
 .text.strcpy   0x0800ab4c       0xbc ..\..\..\..\..\..\..\..\..\Program Files (x86)\GNU Tools ARM Embedded\4.7 2012q4\arm-none-eabi\lib\armv7-m\libc.a(lib_a-strcpy.o)
                0x0800ab4c                strcpy
 .text.strlen   0x0800ac08       0x60 ..\..\..\..\..\..\..\..\..\Program Files (x86)\GNU Tools ARM Embedded\4.7 2012q4\arm-none-eabi\lib\armv7-m\libc.a(lib_a-strlen.o)
                0x0800ac08                strlen
 .text.strncmp  0x0800ac68      0x120 ..\..\..\..\..\..\..\..\..\Program Files (x86)\GNU Tools ARM Embedded\4.7 2012q4\arm-none-eabi\lib\armv7-m\libc.a(lib_a-strncmp.o)
                0x0800ac68                strncmp
 .text._strtol_r
                0x0800ad88      0x130 ..\..\..\..\..\..\..\..\..\Program Files (x86)\GNU Tools ARM Embedded\4.7 2012q4\arm-none-eabi\lib\armv7-m\libc.a(lib_a-strtol.o)
                0x0800ad88                _strtol_r
 .text.strtol   0x0800aeb8       0x1c ..\..\..\..\..\..\..\..\..\Program Files (x86)\GNU Tools ARM Embedded\4.7 2012q4\arm-none-eabi\lib\armv7-m\libc.a(lib_a-strtol.o)
                0x0800aeb8                strtol
 .text._svfprintf_r
                0x0800aed4     0x1adc ..\..\..\..\..\..\..\..\..\Program Files (x86)\GNU Tools ARM Embedded\4.7 2012q4\arm-none-eabi\lib\armv7-m\libc.a(lib_a-svfprintf.o)
                0x0800aed4                _svfprintf_r
 .text.startup.register_fini
                0x0800c9b0       0x14 ..\..\..\..\..\..\..\..\..\Program Files (x86)\GNU Tools ARM Embedded\4.7 2012q4\arm-none-eabi\lib\armv7-m\libc.a(lib_a-__call_atexit.o)
 .text.__call_exitprocs
                0x0800c9c4      0x278 ..\..\..\..\..\..\..\..\..\Program Files (x86)\GNU Tools ARM Embedded\4.7 2012q4\arm-none-eabi\lib\armv7-m\libc.a(lib_a-__call_atexit.o)
                0x0800c9c4                __call_exitprocs
 .text.atexit   0x0800cc3c        0xc ..\..\..\..\..\..\..\..\..\Program Files (x86)\GNU Tools ARM Embedded\4.7 2012q4\arm-none-eabi\lib\armv7-m\libc.a(lib_a-atexit.o)
                0x0800cc3c                atexit
 .text.quorem   0x0800cc48      0x2ec ..\..\..\..\..\..\..\..\..\Program Files (x86)\GNU Tools ARM Embedded\4.7 2012q4\arm-none-eabi\lib\armv7-m\libc.a(lib_a-dtoa.o)
 *fill*         0x0800cf34        0x4 00
 .text._dtoa_r  0x0800cf38     0x11f8 ..\..\..\..\..\..\..\..\..\Program Files (x86)\GNU Tools ARM Embedded\4.7 2012q4\arm-none-eabi\lib\armv7-m\libc.a(lib_a-dtoa.o)
                0x0800cf38                _dtoa_r
 .text._malloc_trim_r
                0x0800e130       0x98 ..\..\..\..\..\..\..\..\..\Program Files (x86)\GNU Tools ARM Embedded\4.7 2012q4\arm-none-eabi\lib\armv7-m\libc.a(lib_a-freer.o)
                0x0800e130                _malloc_trim_r
 .text._free_r  0x0800e1c8      0x194 ..\..\..\..\..\..\..\..\..\Program Files (x86)\GNU Tools ARM Embedded\4.7 2012q4\arm-none-eabi\lib\armv7-m\libc.a(lib_a-freer.o)
                0x0800e1c8                _free_r
 .text._localeconv_r
                0x0800e35c        0xc ..\..\..\..\..\..\..\..\..\Program Files (x86)\GNU Tools ARM Embedded\4.7 2012q4\arm-none-eabi\lib\armv7-m\libc.a(lib_a-locale.o)
                0x0800e35c                _localeconv_r
 .text.memchr   0x0800e368      0x140 ..\..\..\..\..\..\..\..\..\Program Files (x86)\GNU Tools ARM Embedded\4.7 2012q4\arm-none-eabi\lib\armv7-m\libc.a(lib_a-memchr.o)
                0x0800e368                memchr
 .text._Balloc  0x0800e4a8       0x4c ..\..\..\..\..\..\..\..\..\Program Files (x86)\GNU Tools ARM Embedded\4.7 2012q4\arm-none-eabi\lib\armv7-m\libc.a(lib_a-mprec.o)
                0x0800e4a8                _Balloc
 .text._Bfree   0x0800e4f4       0x14 ..\..\..\..\..\..\..\..\..\Program Files (x86)\GNU Tools ARM Embedded\4.7 2012q4\arm-none-eabi\lib\armv7-m\libc.a(lib_a-mprec.o)
                0x0800e4f4                _Bfree
 .text.__multadd
                0x0800e508       0xfc ..\..\..\..\..\..\..\..\..\Program Files (x86)\GNU Tools ARM Embedded\4.7 2012q4\arm-none-eabi\lib\armv7-m\libc.a(lib_a-mprec.o)
                0x0800e508                __multadd
 .text.__hi0bits
                0x0800e604       0x3c ..\..\..\..\..\..\..\..\..\Program Files (x86)\GNU Tools ARM Embedded\4.7 2012q4\arm-none-eabi\lib\armv7-m\libc.a(lib_a-mprec.o)
                0x0800e604                __hi0bits
 .text.__lo0bits
                0x0800e640       0x5c ..\..\..\..\..\..\..\..\..\Program Files (x86)\GNU Tools ARM Embedded\4.7 2012q4\arm-none-eabi\lib\armv7-m\libc.a(lib_a-mprec.o)
                0x0800e640                __lo0bits
 .text.__i2b    0x0800e69c       0x14 ..\..\..\..\..\..\..\..\..\Program Files (x86)\GNU Tools ARM Embedded\4.7 2012q4\arm-none-eabi\lib\armv7-m\libc.a(lib_a-mprec.o)
                0x0800e69c                __i2b
 .text.__multiply
                0x0800e6b0      0x2d0 ..\..\..\..\..\..\..\..\..\Program Files (x86)\GNU Tools ARM Embedded\4.7 2012q4\arm-none-eabi\lib\armv7-m\libc.a(lib_a-mprec.o)
                0x0800e6b0                __multiply
 .text.__pow5mult
                0x0800e980       0x94 ..\..\..\..\..\..\..\..\..\Program Files (x86)\GNU Tools ARM Embedded\4.7 2012q4\arm-none-eabi\lib\armv7-m\libc.a(lib_a-mprec.o)
                0x0800e980                __pow5mult
 .text.__lshift
                0x0800ea14      0x16c ..\..\..\..\..\..\..\..\..\Program Files (x86)\GNU Tools ARM Embedded\4.7 2012q4\arm-none-eabi\lib\armv7-m\libc.a(lib_a-mprec.o)
                0x0800ea14                __lshift
 .text.__mcmp   0x0800eb80       0x5c ..\..\..\..\..\..\..\..\..\Program Files (x86)\GNU Tools ARM Embedded\4.7 2012q4\arm-none-eabi\lib\armv7-m\libc.a(lib_a-mprec.o)
                0x0800eb80                __mcmp
 .text.__mdiff  0x0800ebdc      0x218 ..\..\..\..\..\..\..\..\..\Program Files (x86)\GNU Tools ARM Embedded\4.7 2012q4\arm-none-eabi\lib\armv7-m\libc.a(lib_a-mprec.o)
                0x0800ebdc                __mdiff
 .text.__d2b    0x0800edf4       0xc0 ..\..\..\..\..\..\..\..\..\Program Files (x86)\GNU Tools ARM Embedded\4.7 2012q4\arm-none-eabi\lib\armv7-m\libc.a(lib_a-mprec.o)
                0x0800edf4                __d2b
 .text.__ssprint_r
                0x0800eeb4      0x100 ..\..\..\..\..\..\..\..\..\Program Files (x86)\GNU Tools ARM Embedded\4.7 2012q4\arm-none-eabi\lib\armv7-m\libc.a(lib_a-svfiprintf.o)
                0x0800eeb4                __ssprint_r
 .text._calloc_r
                0x0800efb4       0x60 ..\..\..\..\..\..\..\..\..\Program Files (x86)\GNU Tools ARM Embedded\4.7 2012q4\arm-none-eabi\lib\armv7-m\libc.a(lib_a-callocr.o)
                0x0800efb4                _calloc_r
 .text._ZNK10__cxxabiv120__si_class_type_info12__do_dyncastEiNS_17__class_type_info10__sub_kindEPKS1_PKvS4_S6_RNS1_16__dyncast_resultE
                0x0800f014       0x90 ..\..\..\..\..\..\..\..\..\Program Files (x86)\GNU Tools ARM Embedded\4.7 2012q4\arm-none-eabi\lib\armv7-m\libstdc++.a(si_class_type_info.o)
                0x0800f014                __cxxabiv1::__si_class_type_info::__do_dyncast(int, __cxxabiv1::__class_type_info::__sub_kind, __cxxabiv1::__class_type_info const*, void const*, __cxxabiv1::__class_type_info const*, void const*, __cxxabiv1::__class_type_info::__dyncast_result&) const
 .text._ZN10__cxxabiv120__si_class_type_infoD2Ev
                0x0800f0a4       0x14 ..\..\..\..\..\..\..\..\..\Program Files (x86)\GNU Tools ARM Embedded\4.7 2012q4\arm-none-eabi\lib\armv7-m\libstdc++.a(si_class_type_info.o)
                0x0800f0a4                __cxxabiv1::__si_class_type_info::~__si_class_type_info()
                0x0800f0a4                __cxxabiv1::__si_class_type_info::~__si_class_type_info()
 .text._ZN10__cxxabiv120__si_class_type_infoD0Ev
                0x0800f0b8       0x14 ..\..\..\..\..\..\..\..\..\Program Files (x86)\GNU Tools ARM Embedded\4.7 2012q4\arm-none-eabi\lib\armv7-m\libstdc++.a(si_class_type_info.o)
                0x0800f0b8                __cxxabiv1::__si_class_type_info::~__si_class_type_info()
 .text._ZNK10__cxxabiv120__si_class_type_info11__do_upcastEPKNS_17__class_type_infoEPKvRNS1_15__upcast_resultE
                0x0800f0cc       0x24 ..\..\..\..\..\..\..\..\..\Program Files (x86)\GNU Tools ARM Embedded\4.7 2012q4\arm-none-eabi\lib\armv7-m\libstdc++.a(si_class_type_info.o)
                0x0800f0cc                __cxxabiv1::__si_class_type_info::__do_upcast(__cxxabiv1::__class_type_info const*, void const*, __cxxabiv1::__class_type_info::__upcast_result&) const
 .text._ZNK10__cxxabiv120__si_class_type_info20__do_find_public_srcEiPKvPKNS_17__class_type_infoES2_
                0x0800f0f0       0x34 ..\..\..\..\..\..\..\..\..\Program Files (x86)\GNU Tools ARM Embedded\4.7 2012q4\arm-none-eabi\lib\armv7-m\libstdc++.a(si_class_type_info.o)
                0x0800f0f0                __cxxabiv1::__si_class_type_info::__do_find_public_src(int, void const*, __cxxabiv1::__class_type_info const*, void const*) const
 .text.__cxa_end_cleanup
                0x0800f124        0xc ..\..\..\..\..\..\..\..\..\Program Files (x86)\GNU Tools ARM Embedded\4.7 2012q4\arm-none-eabi\lib\armv7-m\libstdc++.a(eh_arm.o)
                0x0800f124                __cxa_end_cleanup
 .text.__cxa_type_match
                0x0800f130       0xb0 ..\..\..\..\..\..\..\..\..\Program Files (x86)\GNU Tools ARM Embedded\4.7 2012q4\arm-none-eabi\lib\armv7-m\libstdc++.a(eh_arm.o)
                0x0800f130                __cxa_type_match
 .text.__cxa_begin_cleanup
                0x0800f1e0       0x64 ..\..\..\..\..\..\..\..\..\Program Files (x86)\GNU Tools ARM Embedded\4.7 2012q4\arm-none-eabi\lib\armv7-m\libstdc++.a(eh_arm.o)
                0x0800f1e0                __cxa_begin_cleanup
 .text.__gnu_end_cleanup
                0x0800f244       0x74 ..\..\..\..\..\..\..\..\..\Program Files (x86)\GNU Tools ARM Embedded\4.7 2012q4\arm-none-eabi\lib\armv7-m\libstdc++.a(eh_arm.o)
                0x0800f244                __gnu_end_cleanup
 .text.__cxa_pure_virtual
                0x0800f2b8       0x18 ..\..\..\..\..\..\..\..\..\Program Files (x86)\GNU Tools ARM Embedded\4.7 2012q4\arm-none-eabi\lib\armv7-m\libstdc++.a(pure.o)
                0x0800f2b8                __cxa_pure_virtual
 .text.__cxa_get_globals_fast
                0x0800f2d0        0xc ..\..\..\..\..\..\..\..\..\Program Files (x86)\GNU Tools ARM Embedded\4.7 2012q4\arm-none-eabi\lib\armv7-m\libstdc++.a(eh_globals.o)
                0x0800f2d0                __cxa_get_globals_fast
 .text.__cxa_get_globals
                0x0800f2dc        0xc ..\..\..\..\..\..\..\..\..\Program Files (x86)\GNU Tools ARM Embedded\4.7 2012q4\arm-none-eabi\lib\armv7-m\libstdc++.a(eh_globals.o)
                0x0800f2dc                __cxa_get_globals
 .text._ZNSt9exceptionD2Ev
                0x0800f2e8        0xc ..\..\..\..\..\..\..\..\..\Program Files (x86)\GNU Tools ARM Embedded\4.7 2012q4\arm-none-eabi\lib\armv7-m\libstdc++.a(eh_exception.o)
                0x0800f2e8                std::exception::~exception()
                0x0800f2e8                std::exception::~exception()
 .text._ZNSt13bad_exceptionD2Ev
                0x0800f2f4        0xc ..\..\..\..\..\..\..\..\..\Program Files (x86)\GNU Tools ARM Embedded\4.7 2012q4\arm-none-eabi\lib\armv7-m\libstdc++.a(eh_exception.o)
                0x0800f2f4                std::bad_exception::~bad_exception()
                0x0800f2f4                std::bad_exception::~bad_exception()
 .text._ZNKSt9exception4whatEv
                0x0800f300        0xc ..\..\..\..\..\..\..\..\..\Program Files (x86)\GNU Tools ARM Embedded\4.7 2012q4\arm-none-eabi\lib\armv7-m\libstdc++.a(eh_exception.o)
                0x0800f300                std::exception::what() const
 .text._ZNKSt13bad_exception4whatEv
                0x0800f30c        0xc ..\..\..\..\..\..\..\..\..\Program Files (x86)\GNU Tools ARM Embedded\4.7 2012q4\arm-none-eabi\lib\armv7-m\libstdc++.a(eh_exception.o)
                0x0800f30c                std::bad_exception::what() const
 .text._ZNSt9exceptionD0Ev
                0x0800f318       0x14 ..\..\..\..\..\..\..\..\..\Program Files (x86)\GNU Tools ARM Embedded\4.7 2012q4\arm-none-eabi\lib\armv7-m\libstdc++.a(eh_exception.o)
                0x0800f318                std::exception::~exception()
 .text._ZNSt13bad_exceptionD0Ev
                0x0800f32c       0x14 ..\..\..\..\..\..\..\..\..\Program Files (x86)\GNU Tools ARM Embedded\4.7 2012q4\arm-none-eabi\lib\armv7-m\libstdc++.a(eh_exception.o)
                0x0800f32c                std::bad_exception::~bad_exception()
 .text._ZdlPv   0x0800f340        0x8 ..\..\..\..\..\..\..\..\..\Program Files (x86)\GNU Tools ARM Embedded\4.7 2012q4\arm-none-eabi\lib\armv7-m\libstdc++.a(del_op.o)
                0x0800f340                operator delete(void*)
 .text._ZNK10__cxxabiv117__class_type_info11__do_upcastEPKS0_PPv
                0x0800f348       0x38 ..\..\..\..\..\..\..\..\..\Program Files (x86)\GNU Tools ARM Embedded\4.7 2012q4\arm-none-eabi\lib\armv7-m\libstdc++.a(class_type_info.o)
                0x0800f348                __cxxabiv1::__class_type_info::__do_upcast(__cxxabiv1::__class_type_info const*, void**) const
 .text._ZNK10__cxxabiv117__class_type_info20__do_find_public_srcEiPKvPKS0_S2_
                0x0800f380        0xc ..\..\..\..\..\..\..\..\..\Program Files (x86)\GNU Tools ARM Embedded\4.7 2012q4\arm-none-eabi\lib\armv7-m\libstdc++.a(class_type_info.o)
                0x0800f380                __cxxabiv1::__class_type_info::__do_find_public_src(int, void const*, __cxxabiv1::__class_type_info const*, void const*) const
 .text._ZNK10__cxxabiv117__class_type_info11__do_upcastEPKS0_PKvRNS0_15__upcast_resultE
                0x0800f38c       0x1c ..\..\..\..\..\..\..\..\..\Program Files (x86)\GNU Tools ARM Embedded\4.7 2012q4\arm-none-eabi\lib\armv7-m\libstdc++.a(class_type_info.o)
                0x0800f38c                __cxxabiv1::__class_type_info::__do_upcast(__cxxabiv1::__class_type_info const*, void const*, __cxxabiv1::__class_type_info::__upcast_result&) const
 .text._ZN10__cxxabiv117__class_type_infoD2Ev
                0x0800f3a8       0x14 ..\..\..\..\..\..\..\..\..\Program Files (x86)\GNU Tools ARM Embedded\4.7 2012q4\arm-none-eabi\lib\armv7-m\libstdc++.a(class_type_info.o)
                0x0800f3a8                __cxxabiv1::__class_type_info::~__class_type_info()
                0x0800f3a8                __cxxabiv1::__class_type_info::~__class_type_info()
 .text._ZN10__cxxabiv117__class_type_infoD0Ev
                0x0800f3bc       0x14 ..\..\..\..\..\..\..\..\..\Program Files (x86)\GNU Tools ARM Embedded\4.7 2012q4\arm-none-eabi\lib\armv7-m\libstdc++.a(class_type_info.o)
                0x0800f3bc                __cxxabiv1::__class_type_info::~__class_type_info()
 .text._ZNK10__cxxabiv117__class_type_info12__do_dyncastEiNS0_10__sub_kindEPKS0_PKvS3_S5_RNS0_16__dyncast_resultE
                0x0800f3d0       0x40 ..\..\..\..\..\..\..\..\..\Program Files (x86)\GNU Tools ARM Embedded\4.7 2012q4\arm-none-eabi\lib\armv7-m\libstdc++.a(class_type_info.o)
                0x0800f3d0                __cxxabiv1::__class_type_info::__do_dyncast(int, __cxxabiv1::__class_type_info::__sub_kind, __cxxabiv1::__class_type_info const*, void const*, __cxxabiv1::__class_type_info const*, void const*, __cxxabiv1::__class_type_info::__dyncast_result&) const
 .text._ZNK10__cxxabiv117__class_type_info10__do_catchEPKSt9type_infoPPvj
                0x0800f410       0x28 ..\..\..\..\..\..\..\..\..\Program Files (x86)\GNU Tools ARM Embedded\4.7 2012q4\arm-none-eabi\lib\armv7-m\libstdc++.a(class_type_info.o)
                0x0800f410                __cxxabiv1::__class_type_info::__do_catch(std::type_info const*, void**, unsigned int) const
 .text._ZL23__gxx_exception_cleanup19_Unwind_Reason_CodeP21_Unwind_Control_Block
                0x0800f438       0x44 ..\..\..\..\..\..\..\..\..\Program Files (x86)\GNU Tools ARM Embedded\4.7 2012q4\arm-none-eabi\lib\armv7-m\libstdc++.a(eh_throw.o)
 .text.__cxa_throw
                0x0800f47c       0x7c ..\..\..\..\..\..\..\..\..\Program Files (x86)\GNU Tools ARM Embedded\4.7 2012q4\arm-none-eabi\lib\armv7-m\libstdc++.a(eh_throw.o)
                0x0800f47c                __cxa_throw
 .text.__cxa_rethrow
                0x0800f4f8       0x70 ..\..\..\..\..\..\..\..\..\Program Files (x86)\GNU Tools ARM Embedded\4.7 2012q4\arm-none-eabi\lib\armv7-m\libstdc++.a(eh_throw.o)
                0x0800f4f8                __cxa_rethrow
 .text._ZL12read_sleb128PKhPl
                0x0800f568       0x3c ..\..\..\..\..\..\..\..\..\Program Files (x86)\GNU Tools ARM Embedded\4.7 2012q4\arm-none-eabi\lib\armv7-m\libstdc++.a(eh_personality.o)
 .text._ZL28read_encoded_value_with_basehjPKhPj
                0x0800f5a4       0xb0 ..\..\..\..\..\..\..\..\..\Program Files (x86)\GNU Tools ARM Embedded\4.7 2012q4\arm-none-eabi\lib\armv7-m\libstdc++.a(eh_personality.o)
 .text._ZL21base_of_encoded_valuehP15_Unwind_Context
                0x0800f654       0x4c ..\..\..\..\..\..\..\..\..\Program Files (x86)\GNU Tools ARM Embedded\4.7 2012q4\arm-none-eabi\lib\armv7-m\libstdc++.a(eh_personality.o)
 .text._ZL17parse_lsda_headerP15_Unwind_ContextPKhP16lsda_header_info
                0x0800f6a0       0x94 ..\..\..\..\..\..\..\..\..\Program Files (x86)\GNU Tools ARM Embedded\4.7 2012q4\arm-none-eabi\lib\armv7-m\libstdc++.a(eh_personality.o)
 .text.__gxx_personality_v0
                0x0800f734      0x3f8 ..\..\..\..\..\..\..\..\..\Program Files (x86)\GNU Tools ARM Embedded\4.7 2012q4\arm-none-eabi\lib\armv7-m\libstdc++.a(eh_personality.o)
                0x0800f734                __gxx_personality_v0
 .text.__cxa_allocate_exception
                0x0800fb2c       0x70 ..\..\..\..\..\..\..\..\..\Program Files (x86)\GNU Tools ARM Embedded\4.7 2012q4\arm-none-eabi\lib\armv7-m\libstdc++.a(eh_alloc.o)
                0x0800fb2c                __cxa_allocate_exception
 .text.__cxa_free_exception
                0x0800fb9c       0x34 ..\..\..\..\..\..\..\..\..\Program Files (x86)\GNU Tools ARM Embedded\4.7 2012q4\arm-none-eabi\lib\armv7-m\libstdc++.a(eh_alloc.o)
                0x0800fb9c                __cxa_free_exception
 .text._ZN10__cxxabiv111__terminateEPFvvE
                0x0800fbd0       0x28 ..\..\..\..\..\..\..\..\..\Program Files (x86)\GNU Tools ARM Embedded\4.7 2012q4\arm-none-eabi\lib\armv7-m\libstdc++.a(eh_terminate.o)
                0x0800fbd0                __cxxabiv1::__terminate(void (*)())
 .text._ZSt9terminatev
                0x0800fbf8       0x10 ..\..\..\..\..\..\..\..\..\Program Files (x86)\GNU Tools ARM Embedded\4.7 2012q4\arm-none-eabi\lib\armv7-m\libstdc++.a(eh_terminate.o)
                0x0800fbf8                std::terminate()
 .text._ZN10__cxxabiv112__unexpectedEPFvvE
                0x0800fc08        0x8 ..\..\..\..\..\..\..\..\..\Program Files (x86)\GNU Tools ARM Embedded\4.7 2012q4\arm-none-eabi\lib\armv7-m\libstdc++.a(eh_terminate.o)
                0x0800fc08                __cxxabiv1::__unexpected(void (*)())
 .text._ZSt10unexpectedv
                0x0800fc10       0x10 ..\..\..\..\..\..\..\..\..\Program Files (x86)\GNU Tools ARM Embedded\4.7 2012q4\arm-none-eabi\lib\armv7-m\libstdc++.a(eh_terminate.o)
                0x0800fc10                std::unexpected()
 .text._ZNSt9type_infoD2Ev
                0x0800fc20        0xc ..\..\..\..\..\..\..\..\..\Program Files (x86)\GNU Tools ARM Embedded\4.7 2012q4\arm-none-eabi\lib\armv7-m\libstdc++.a(tinfo.o)
                0x0800fc20                std::type_info::~type_info()
                0x0800fc20                std::type_info::~type_info()
 .text._ZNKSt9type_info14__is_pointer_pEv
                0x0800fc2c        0x4 ..\..\..\..\..\..\..\..\..\Program Files (x86)\GNU Tools ARM Embedded\4.7 2012q4\arm-none-eabi\lib\armv7-m\libstdc++.a(tinfo.o)
                0x0800fc2c                std::type_info::__is_pointer_p() const
 .text._ZNKSt9type_info15__is_function_pEv
                0x0800fc30        0x4 ..\..\..\..\..\..\..\..\..\Program Files (x86)\GNU Tools ARM Embedded\4.7 2012q4\arm-none-eabi\lib\armv7-m\libstdc++.a(tinfo.o)
                0x0800fc30                std::type_info::__is_function_p() const
 .text._ZNKSt9type_info11__do_upcastEPKN10__cxxabiv117__class_type_infoEPPv
                0x0800fc34        0x4 ..\..\..\..\..\..\..\..\..\Program Files (x86)\GNU Tools ARM Embedded\4.7 2012q4\arm-none-eabi\lib\armv7-m\libstdc++.a(tinfo.o)
                0x0800fc34                std::type_info::__do_upcast(__cxxabiv1::__class_type_info const*, void**) const
 .text._ZNSt9type_infoD0Ev
                0x0800fc38       0x14 ..\..\..\..\..\..\..\..\..\Program Files (x86)\GNU Tools ARM Embedded\4.7 2012q4\arm-none-eabi\lib\armv7-m\libstdc++.a(tinfo.o)
                0x0800fc38                std::type_info::~type_info()
 .text._ZNKSt9type_infoeqERKS_
                0x0800fc4c       0x28 ..\..\..\..\..\..\..\..\..\Program Files (x86)\GNU Tools ARM Embedded\4.7 2012q4\arm-none-eabi\lib\armv7-m\libstdc++.a(tinfo.o)
                0x0800fc4c                std::type_info::operator==(std::type_info const&) const
 .text._ZNKSt9type_info10__do_catchEPKS_PPvj
                0x0800fc74        0x4 ..\..\..\..\..\..\..\..\..\Program Files (x86)\GNU Tools ARM Embedded\4.7 2012q4\arm-none-eabi\lib\armv7-m\libstdc++.a(tinfo.o)
                0x0800fc74                std::type_info::__do_catch(std::type_info const*, void**, unsigned int) const
 .text._ZN10__cxxabiv1L24__is_gxx_exception_classEPc
                0x0800fc78       0x3c ..\..\..\..\..\..\..\..\..\Program Files (x86)\GNU Tools ARM Embedded\4.7 2012q4\arm-none-eabi\lib\armv7-m\libstdc++.a(eh_call.o)
 .text.__cxa_call_terminate
                0x0800fcb4       0x20 ..\..\..\..\..\..\..\..\..\Program Files (x86)\GNU Tools ARM Embedded\4.7 2012q4\arm-none-eabi\lib\armv7-m\libstdc++.a(eh_call.o)
                0x0800fcb4                __cxa_call_terminate
 .text.__cxa_call_unexpected
                0x0800fcd4       0xe4 ..\..\..\..\..\..\..\..\..\Program Files (x86)\GNU Tools ARM Embedded\4.7 2012q4\arm-none-eabi\lib\armv7-m\libstdc++.a(eh_call.o)
                0x0800fcd4                __cxa_call_unexpected
 .text.__cxa_begin_catch
                0x0800fdb8       0x8c ..\..\..\..\..\..\..\..\..\Program Files (x86)\GNU Tools ARM Embedded\4.7 2012q4\arm-none-eabi\lib\armv7-m\libstdc++.a(eh_catch.o)
                0x0800fdb8                __cxa_begin_catch
 .text.__cxa_end_catch
                0x0800fe44       0x8c ..\..\..\..\..\..\..\..\..\Program Files (x86)\GNU Tools ARM Embedded\4.7 2012q4\arm-none-eabi\lib\armv7-m\libstdc++.a(eh_catch.o)
                0x0800fe44                __cxa_end_catch
 .text._ZN9__gnu_cxx27__verbose_terminate_handlerEv
                0x0800fed0      0x110 ..\..\..\..\..\..\..\..\..\Program Files (x86)\GNU Tools ARM Embedded\4.7 2012q4\arm-none-eabi\lib\armv7-m\libstdc++.a(vterminate.o)
                0x0800fed0                __gnu_cxx::__verbose_terminate_handler()
 .text.__cxa_current_exception_type
                0x0800ffe0       0x1c ..\..\..\..\..\..\..\..\..\Program Files (x86)\GNU Tools ARM Embedded\4.7 2012q4\arm-none-eabi\lib\armv7-m\libstdc++.a(eh_type.o)
                0x0800ffe0                __cxa_current_exception_type
 .text          0x0800fffc     0x9bac ..\..\..\..\..\..\..\..\..\Program Files (x86)\GNU Tools ARM Embedded\4.7 2012q4\arm-none-eabi\lib\armv7-m\libstdc++.a(cp-demangle.o)
                0x08019ac4                __cxa_demangle
                0x08019b8c                __gcclibcxx_demangle_callback
 .text._exit    0x08019ba8        0x4 ..\..\..\..\..\..\..\..\..\Program Files (x86)\GNU Tools ARM Embedded\4.7 2012q4\arm-none-eabi\lib\armv7-m\libnosys.a(_exit.o)
                0x08019ba8                _exit
 .text          0x08019bac       0x2c c:/program files (x86)/gnu tools arm embedded/4.7 2012q4/bin/../lib/gcc/arm-none-eabi/4.7.3/armv7e-m\libgcc.a(_aeabi_uldivmod.o)
                0x08019bac                __aeabi_uldivmod
 .text          0x08019bd8       0x58 c:/program files (x86)/gnu tools arm embedded/4.7 2012q4/bin/../lib/gcc/arm-none-eabi/4.7.3/armv7e-m\libgcc.a(bpabi.o)
                0x08019bd8                __gnu_ldivmod_helper
                0x08019c04                __gnu_uldivmod_helper
 .text          0x08019c30        0x4 c:/program files (x86)/gnu tools arm embedded/4.7 2012q4/bin/../lib/gcc/arm-none-eabi/4.7.3/armv7e-m\libgcc.a(_dvmd_tls.o)
                0x08019c30                __aeabi_idiv0
                0x08019c30                __aeabi_ldiv0
 .text          0x08019c34      0x2bc c:/program files (x86)/gnu tools arm embedded/4.7 2012q4/bin/../lib/gcc/arm-none-eabi/4.7.3/armv7e-m\libgcc.a(_divdi3.o)
                0x08019c34                __divdi3
 .text          0x08019ef0      0x288 c:/program files (x86)/gnu tools arm embedded/4.7 2012q4/bin/../lib/gcc/arm-none-eabi/4.7.3/armv7e-m\libgcc.a(_udivdi3.o)
                0x08019ef0                __udivdi3
 .text.fputc    0x0801a178       0x28 ..\..\..\..\..\..\..\..\..\Program Files (x86)\GNU Tools ARM Embedded\4.7 2012q4\arm-none-eabi\lib\armv7-m\libg.a(lib_a-fputc.o)
                0x0801a178                fputc
 .text._fputs_r
                0x0801a1a0       0x50 ..\..\..\..\..\..\..\..\..\Program Files (x86)\GNU Tools ARM Embedded\4.7 2012q4\arm-none-eabi\lib\armv7-m\libg.a(lib_a-fputs.o)
                0x0801a1a0                _fputs_r
 .text.fputs    0x0801a1f0       0x18 ..\..\..\..\..\..\..\..\..\Program Files (x86)\GNU Tools ARM Embedded\4.7 2012q4\arm-none-eabi\lib\armv7-m\libg.a(lib_a-fputs.o)
                0x0801a1f0                fputs
 .text.__sfvwrite_r
                0x0801a208      0x314 ..\..\..\..\..\..\..\..\..\Program Files (x86)\GNU Tools ARM Embedded\4.7 2012q4\arm-none-eabi\lib\armv7-m\libg.a(lib_a-fvwrite.o)
                0x0801a208                __sfvwrite_r
 .text._fwrite_r
                0x0801a51c       0x60 ..\..\..\..\..\..\..\..\..\Program Files (x86)\GNU Tools ARM Embedded\4.7 2012q4\arm-none-eabi\lib\armv7-m\libg.a(lib_a-fwrite.o)
                0x0801a51c                _fwrite_r
 .text.fwrite   0x0801a57c       0x28 ..\..\..\..\..\..\..\..\..\Program Files (x86)\GNU Tools ARM Embedded\4.7 2012q4\arm-none-eabi\lib\armv7-m\libg.a(lib_a-fwrite.o)
                0x0801a57c                fwrite
 .text._putc_r  0x0801a5a4       0x60 ..\..\..\..\..\..\..\..\..\Program Files (x86)\GNU Tools ARM Embedded\4.7 2012q4\arm-none-eabi\lib\armv7-m\libg.a(lib_a-putc.o)
                0x0801a5a4                _putc_r
 .text.write    0x0801a604       0x1c ..\..\..\..\..\..\..\..\..\Program Files (x86)\GNU Tools ARM Embedded\4.7 2012q4\arm-none-eabi\lib\armv7-m\libg.a(lib_a-syswrite.o)
                0x0801a604                write
 .text.__swbuf_r
                0x0801a620       0xbc ..\..\..\..\..\..\..\..\..\Program Files (x86)\GNU Tools ARM Embedded\4.7 2012q4\arm-none-eabi\lib\armv7-m\libg.a(lib_a-wbuf.o)
                0x0801a620                __swbuf_r
 .text._write_r
                0x0801a6dc       0x28 ..\..\..\..\..\..\..\..\..\Program Files (x86)\GNU Tools ARM Embedded\4.7 2012q4\arm-none-eabi\lib\armv7-m\libg.a(lib_a-writer.o)
                0x0801a6dc                _write_r
 .text.__swsetup_r
                0x0801a704       0xc4 ..\..\..\..\..\..\..\..\..\Program Files (x86)\GNU Tools ARM Embedded\4.7 2012q4\arm-none-eabi\lib\armv7-m\libg.a(lib_a-wsetup.o)
                0x0801a704                __swsetup_r
 .text._fflush_r
                0x0801a7c8      0x164 ..\..\..\..\..\..\..\..\..\Program Files (x86)\GNU Tools ARM Embedded\4.7 2012q4\arm-none-eabi\lib\armv7-m\libg.a(lib_a-fflush.o)
                0x0801a7c8                _fflush_r
 .text._cleanup_r
                0x0801a92c        0xc ..\..\..\..\..\..\..\..\..\Program Files (x86)\GNU Tools ARM Embedded\4.7 2012q4\arm-none-eabi\lib\armv7-m\libg.a(lib_a-findfp.o)
                0x0801a92c                _cleanup_r
 .text.std.isra.0
                0x0801a938       0x50 ..\..\..\..\..\..\..\..\..\Program Files (x86)\GNU Tools ARM Embedded\4.7 2012q4\arm-none-eabi\lib\armv7-m\libg.a(lib_a-findfp.o)
 .text.__sinit  0x0801a988       0x4c ..\..\..\..\..\..\..\..\..\Program Files (x86)\GNU Tools ARM Embedded\4.7 2012q4\arm-none-eabi\lib\armv7-m\libg.a(lib_a-findfp.o)
                0x0801a988                __sinit
 .text.__sfp_lock_acquire
                0x0801a9d4        0x4 ..\..\..\..\..\..\..\..\..\Program Files (x86)\GNU Tools ARM Embedded\4.7 2012q4\arm-none-eabi\lib\armv7-m\libg.a(lib_a-findfp.o)
                0x0801a9d4                __sfp_lock_acquire
 .text.__sfp_lock_release
                0x0801a9d8        0x4 ..\..\..\..\..\..\..\..\..\Program Files (x86)\GNU Tools ARM Embedded\4.7 2012q4\arm-none-eabi\lib\armv7-m\libg.a(lib_a-findfp.o)
                0x0801a9d8                __sfp_lock_release
 .text._fwalk   0x0801a9dc       0xb8 ..\..\..\..\..\..\..\..\..\Program Files (x86)\GNU Tools ARM Embedded\4.7 2012q4\arm-none-eabi\lib\armv7-m\libg.a(lib_a-fwalk.o)
                0x0801a9dc                _fwalk
 .text.__smakebuf_r
                0x0801aa94       0xe8 ..\..\..\..\..\..\..\..\..\Program Files (x86)\GNU Tools ARM Embedded\4.7 2012q4\arm-none-eabi\lib\armv7-m\libg.a(lib_a-makebuf.o)
                0x0801aa94                __smakebuf_r
 .text.__sread  0x0801ab7c       0x24 ..\..\..\..\..\..\..\..\..\Program Files (x86)\GNU Tools ARM Embedded\4.7 2012q4\arm-none-eabi\lib\armv7-m\libg.a(lib_a-stdio.o)
                0x0801ab7c                __sread
 .text.__swrite
                0x0801aba0       0x44 ..\..\..\..\..\..\..\..\..\Program Files (x86)\GNU Tools ARM Embedded\4.7 2012q4\arm-none-eabi\lib\armv7-m\libg.a(lib_a-stdio.o)
                0x0801aba0                __swrite
 .text.__sseek  0x0801abe4       0x24 ..\..\..\..\..\..\..\..\..\Program Files (x86)\GNU Tools ARM Embedded\4.7 2012q4\arm-none-eabi\lib\armv7-m\libg.a(lib_a-stdio.o)
                0x0801abe4                __sseek
 .text.__sclose
                0x0801ac08        0x8 ..\..\..\..\..\..\..\..\..\Program Files (x86)\GNU Tools ARM Embedded\4.7 2012q4\arm-none-eabi\lib\armv7-m\libg.a(lib_a-stdio.o)
                0x0801ac08                __sclose
 .text._close_r
                0x0801ac10       0x24 ..\..\..\..\..\..\..\..\..\Program Files (x86)\GNU Tools ARM Embedded\4.7 2012q4\arm-none-eabi\lib\armv7-m\libg.a(lib_a-closer.o)
                0x0801ac10                _close_r
 .text._fclose_r
                0x0801ac34       0x94 ..\..\..\..\..\..\..\..\..\Program Files (x86)\GNU Tools ARM Embedded\4.7 2012q4\arm-none-eabi\lib\armv7-m\libg.a(lib_a-fclose.o)
                0x0801ac34                _fclose_r
 .text.fclose   0x0801acc8       0x10 ..\..\..\..\..\..\..\..\..\Program Files (x86)\GNU Tools ARM Embedded\4.7 2012q4\arm-none-eabi\lib\armv7-m\libg.a(lib_a-fclose.o)
                0x0801acc8                fclose
 .text._fstat_r
                0x0801acd8       0x28 ..\..\..\..\..\..\..\..\..\Program Files (x86)\GNU Tools ARM Embedded\4.7 2012q4\arm-none-eabi\lib\armv7-m\libg.a(lib_a-fstatr.o)
                0x0801acd8                _fstat_r
 .text._isatty_r
                0x0801ad00       0x24 ..\..\..\..\..\..\..\..\..\Program Files (x86)\GNU Tools ARM Embedded\4.7 2012q4\arm-none-eabi\lib\armv7-m\libg.a(lib_a-isattyr.o)
                0x0801ad00                _isatty_r
 .text._lseek_r
                0x0801ad24       0x28 ..\..\..\..\..\..\..\..\..\Program Files (x86)\GNU Tools ARM Embedded\4.7 2012q4\arm-none-eabi\lib\armv7-m\libg.a(lib_a-lseekr.o)
                0x0801ad24                _lseek_r
 .text._read_r  0x0801ad4c       0x28 ..\..\..\..\..\..\..\..\..\Program Files (x86)\GNU Tools ARM Embedded\4.7 2012q4\arm-none-eabi\lib\armv7-m\libg.a(lib_a-readr.o)
                0x0801ad4c                _read_r
 *(.init)
 .init          0x0801ad74        0x4 c:/program files (x86)/gnu tools arm embedded/4.7 2012q4/bin/../lib/gcc/arm-none-eabi/4.7.3/armv7e-m/crti.o
                0x0801ad74                _init
 .init          0x0801ad78        0x8 c:/program files (x86)/gnu tools arm embedded/4.7 2012q4/bin/../lib/gcc/arm-none-eabi/4.7.3/armv7e-m/crtn.o
 *(.fini)
 .fini          0x0801ad80        0x4 c:/program files (x86)/gnu tools arm embedded/4.7 2012q4/bin/../lib/gcc/arm-none-eabi/4.7.3/armv7e-m/crti.o
                0x0801ad80                _fini
 .fini          0x0801ad84        0x8 c:/program files (x86)/gnu tools arm embedded/4.7 2012q4/bin/../lib/gcc/arm-none-eabi/4.7.3/armv7e-m/crtn.o
 *crtbegin.o(.ctors)
 *crtbegin?.o(.ctors)
 *(EXCLUDE_FILE(*crtend.o *crtend?.o) .ctors)
 *(SORT(.ctors.*))
 *(.ctors)
 *crtbegin.o(.dtors)
 *crtbegin?.o(.dtors)
 *(EXCLUDE_FILE(*crtend.o *crtend?.o) .dtors)
 *(SORT(.dtors.*))
 *(.dtors)
 *(.rodata*)
 .rodata        0x0801ad8c       0x40 ..\obj\TibuBoard.o
 .rodata        0x0801adcc       0x5c ..\obj\ArduinoStyle.o
 .rodata._ZTV9Printable
                0x0801ae28       0x10 ..\obj\Dhcp.o
                0x0801ae28                vtable for Printable
 .rodata._ZTS9Printable
                0x0801ae38        0xc ..\obj\Dhcp.o
                0x0801ae38                typeinfo name for Printable
 .rodata._ZTI9Printable
                0x0801ae44        0x8 ..\obj\Dhcp.o
                0x0801ae44                typeinfo for Printable
 *fill*         0x0801ae4c        0x4 00
 .rodata        0x0801ae50       0x28 ..\obj\IPAddress.o
                0x0801ae50                vtable for IPAddress
                0x0801ae5c                typeinfo for IPAddress
                0x0801ae68                typeinfo name for IPAddress
 .rodata        0x0801ae78       0x10 ..\obj\ProcArduLib.o
 .rodata._ZTV6Stream
                0x0801ae88       0x20 ..\obj\EthernetServer.o
                0x0801ae88                vtable for Stream
 .rodata._ZTS6Stream
                0x0801aea8        0x8 ..\obj\EthernetServer.o
                0x0801aea8                typeinfo name for Stream
 .rodata._ZTI6Stream
                0x0801aeb0        0xc ..\obj\EthernetServer.o
                0x0801aeb0                typeinfo for Stream
 .rodata        0x0801aebc       0xc8 ..\obj\BasicFunctions.o
                0x0801aebc                GPIOPIN_PIN
                0x0801aee4                GPIOPIN_CLK
                0x0801af34                GPIO_SOURCE
 .rodata        0x0801af84       0x98 ..\obj\usbd_desc.o
 *fill*         0x0801b01c        0x4 00
 .rodata        0x0801b020       0x30 ..\obj\Print.o
                0x0801b030                vtable for Print
                0x0801b040                typeinfo for Print
                0x0801b048                typeinfo name for Print
 .rodata        0x0801b050       0x40 ..\obj\USBSerial.o
                0x0801b050                vtable for HardwareSerial
                0x0801b070                typeinfo for HardwareSerial
                0x0801b07c                typeinfo name for HardwareSerial
 .rodata        0x0801b090       0x24 ..\obj\WString.o
 .rodata.str1.4
                0x0801b0b4        0x2 ..\..\..\..\..\..\..\..\..\Program Files (x86)\GNU Tools ARM Embedded\4.7 2012q4\arm-none-eabi\lib\armv7-m\libc.a(lib_a-impure.o)
                                  0x4 (size before relaxing)
 *fill*         0x0801b0b6        0x2 00
 .rodata._global_impure_ptr
                0x0801b0b8        0x4 ..\..\..\..\..\..\..\..\..\Program Files (x86)\GNU Tools ARM Embedded\4.7 2012q4\arm-none-eabi\lib\armv7-m\libc.a(lib_a-impure.o)
                0x0801b0b8                _global_impure_ptr
 .rodata.str1.4
                0x0801b0bc       0x42 ..\..\..\..\..\..\..\..\..\Program Files (x86)\GNU Tools ARM Embedded\4.7 2012q4\arm-none-eabi\lib\armv7-m\libc.a(lib_a-svfprintf.o)
                                 0x44 (size before relaxing)
 *fill*         0x0801b0fe        0x2 00
 .rodata.zeroes.6721
                0x0801b100       0x10 ..\..\..\..\..\..\..\..\..\Program Files (x86)\GNU Tools ARM Embedded\4.7 2012q4\arm-none-eabi\lib\armv7-m\libc.a(lib_a-svfprintf.o)
 .rodata.blanks.6720
                0x0801b110       0x10 ..\..\..\..\..\..\..\..\..\Program Files (x86)\GNU Tools ARM Embedded\4.7 2012q4\arm-none-eabi\lib\armv7-m\libc.a(lib_a-svfprintf.o)
 .rodata._ctype_
                0x0801b120      0x104 ..\..\..\..\..\..\..\..\..\Program Files (x86)\GNU Tools ARM Embedded\4.7 2012q4\arm-none-eabi\lib\armv7-m\libc.a(lib_a-ctype_.o)
                0x0801b120                _ctype_
 .rodata.str1.4
                0x0801b224       0x10 ..\..\..\..\..\..\..\..\..\Program Files (x86)\GNU Tools ARM Embedded\4.7 2012q4\arm-none-eabi\lib\armv7-m\libc.a(lib_a-dtoa.o)
                                 0x14 (size before relaxing)
 .rodata.str1.4
                0x0801b234        0xa ..\..\..\..\..\..\..\..\..\Program Files (x86)\GNU Tools ARM Embedded\4.7 2012q4\arm-none-eabi\lib\armv7-m\libc.a(lib_a-locale.o)
                                 0x14 (size before relaxing)
 *fill*         0x0801b23e        0x2 00
 .rodata.p05.5242
                0x0801b240        0xc ..\..\..\..\..\..\..\..\..\Program Files (x86)\GNU Tools ARM Embedded\4.7 2012q4\arm-none-eabi\lib\armv7-m\libc.a(lib_a-mprec.o)
 *fill*         0x0801b24c        0x4 00
 .rodata.__mprec_tens
                0x0801b250       0xc8 ..\..\..\..\..\..\..\..\..\Program Files (x86)\GNU Tools ARM Embedded\4.7 2012q4\arm-none-eabi\lib\armv7-m\libc.a(lib_a-mprec.o)
                0x0801b250                __mprec_tens
 .rodata.__mprec_bigtens
                0x0801b318       0x28 ..\..\..\..\..\..\..\..\..\Program Files (x86)\GNU Tools ARM Embedded\4.7 2012q4\arm-none-eabi\lib\armv7-m\libc.a(lib_a-mprec.o)
                0x0801b318                __mprec_bigtens
 .rodata._ZTVN10__cxxabiv120__si_class_type_infoE
                0x0801b340       0x30 ..\..\..\..\..\..\..\..\..\Program Files (x86)\GNU Tools ARM Embedded\4.7 2012q4\arm-none-eabi\lib\armv7-m\libstdc++.a(si_class_type_info.o)
                0x0801b340                vtable for __cxxabiv1::__si_class_type_info
 .rodata._ZTIN10__cxxabiv120__si_class_type_infoE
                0x0801b370        0xc ..\..\..\..\..\..\..\..\..\Program Files (x86)\GNU Tools ARM Embedded\4.7 2012q4\arm-none-eabi\lib\armv7-m\libstdc++.a(si_class_type_info.o)
                0x0801b370                typeinfo for __cxxabiv1::__si_class_type_info
 .rodata._ZTSN10__cxxabiv120__si_class_type_infoE
                0x0801b37c       0x28 ..\..\..\..\..\..\..\..\..\Program Files (x86)\GNU Tools ARM Embedded\4.7 2012q4\arm-none-eabi\lib\armv7-m\libstdc++.a(si_class_type_info.o)
                0x0801b37c                typeinfo name for __cxxabiv1::__si_class_type_info
 .rodata.str1.4
                0x0801b3a4       0x3b ..\..\..\..\..\..\..\..\..\Program Files (x86)\GNU Tools ARM Embedded\4.7 2012q4\arm-none-eabi\lib\armv7-m\libstdc++.a(pure.o)
                                 0x3c (size before relaxing)
 *fill*         0x0801b3df        0x1 00
 .rodata._ZTVSt9exception
                0x0801b3e0       0x18 ..\..\..\..\..\..\..\..\..\Program Files (x86)\GNU Tools ARM Embedded\4.7 2012q4\arm-none-eabi\lib\armv7-m\libstdc++.a(eh_exception.o)
                0x0801b3e0                vtable for std::exception
 .rodata._ZTIN10__cxxabiv115__forced_unwindE
                0x0801b3f8        0x8 ..\..\..\..\..\..\..\..\..\Program Files (x86)\GNU Tools ARM Embedded\4.7 2012q4\arm-none-eabi\lib\armv7-m\libstdc++.a(eh_exception.o)
                0x0801b3f8                typeinfo for __cxxabiv1::__forced_unwind
 .rodata._ZTISt9exception
                0x0801b400        0x8 ..\..\..\..\..\..\..\..\..\Program Files (x86)\GNU Tools ARM Embedded\4.7 2012q4\arm-none-eabi\lib\armv7-m\libstdc++.a(eh_exception.o)
                0x0801b400                typeinfo for std::exception
 .rodata._ZTSSt13bad_exception