Archive member included because of file (symbol)

..\..\..\..\..\..\..\..\..\Program Files (x86)\GNU Tools ARM Embedded\4.7 2012q4\arm-none-eabi\lib\armv7-m\libm.a(lib_a-s_fpclassify.o)
                              ..\obj\Print.o (__fpclassifyd)
c:/program files (x86)/gnu tools arm embedded/4.7 2012q4/bin/../lib/gcc/arm-none-eabi/4.7.3/armv7e-m\libgcc.a(_arm_addsubdf3.o)
                              ..\obj\Print.o (__aeabi_dsub)
c:/program files (x86)/gnu tools arm embedded/4.7 2012q4/bin/../lib/gcc/arm-none-eabi/4.7.3/armv7e-m\libgcc.a(_arm_muldivdf3.o)
                              ..\obj\Stream.o (__aeabi_dmul)
c:/program files (x86)/gnu tools arm embedded/4.7 2012q4/bin/../lib/gcc/arm-none-eabi/4.7.3/armv7e-m\libgcc.a(_arm_cmpdf2.o)
                              ..\obj\Print.o (__aeabi_dcmplt)
c:/program files (x86)/gnu tools arm embedded/4.7 2012q4/bin/../lib/gcc/arm-none-eabi/4.7.3/armv7e-m\libgcc.a(_arm_fixdfsi.o)
                              ..\obj\Print.o (__aeabi_d2iz)
c:/program files (x86)/gnu tools arm embedded/4.7 2012q4/bin/../lib/gcc/arm-none-eabi/4.7.3/armv7e-m\libgcc.a(_arm_fixunsdfsi.o)
                              ..\obj\Print.o (__aeabi_d2uiz)
c:/program files (x86)/gnu tools arm embedded/4.7 2012q4/bin/../lib/gcc/arm-none-eabi/4.7.3/armv7e-m\libgcc.a(_arm_truncdfsf2.o)
                              ..\obj\Stream.o (__aeabi_d2f)
c:/program files (x86)/gnu tools arm embedded/4.7 2012q4/bin/../lib/gcc/arm-none-eabi/4.7.3/armv7e-m\libgcc.a(_arm_addsubsf3.o)
                              ..\obj\Stream.o (__aeabi_i2f)
c:/program files (x86)/gnu tools arm embedded/4.7 2012q4/bin/../lib/gcc/arm-none-eabi/4.7.3/armv7e-m\libgcc.a(_arm_muldivsf3.o)
                              ..\obj\Stream.o (__aeabi_fmul)
c:/program files (x86)/gnu tools arm embedded/4.7 2012q4/bin/../lib/gcc/arm-none-eabi/4.7.3/armv7e-m\libgcc.a(unwind-arm.o)
                              ..\obj\ArduinoStyle.o (__aeabi_unwind_cpp_pr0)
c:/program files (x86)/gnu tools arm embedded/4.7 2012q4/bin/../lib/gcc/arm-none-eabi/4.7.3/armv7e-m\libgcc.a(libunwind.o)
                              c:/program files (x86)/gnu tools arm embedded/4.7 2012q4/bin/../lib/gcc/arm-none-eabi/4.7.3/armv7e-m\libgcc.a(unwind-arm.o) (restore_core_regs)
c:/program files (x86)/gnu tools arm embedded/4.7 2012q4/bin/../lib/gcc/arm-none-eabi/4.7.3/armv7e-m\libgcc.a(pr-support.o)
                              c:/program files (x86)/gnu tools arm embedded/4.7 2012q4/bin/../lib/gcc/arm-none-eabi/4.7.3/armv7e-m\libgcc.a(unwind-arm.o) (__gnu_unwind_execute)
..\..\..\..\..\..\..\..\..\Program Files (x86)\GNU Tools ARM Embedded\4.7 2012q4\arm-none-eabi\lib\armv7-m\libc.a(lib_a-__atexit.o)
                              c:/program files (x86)/gnu tools arm embedded/4.7 2012q4/bin/../lib/gcc/arm-none-eabi/4.7.3/../../../../arm-none-eabi/lib/armv7e-m/crt0.o (__register_exitproc)
..\..\..\..\..\..\..\..\..\Program Files (x86)\GNU Tools ARM Embedded\4.7 2012q4\arm-none-eabi\lib\armv7-m\libc.a(lib_a-aeabi_atexit.o)
                              ..\obj\ArduinoStyle.o (__aeabi_atexit)
..\..\..\..\..\..\..\..\..\Program Files (x86)\GNU Tools ARM Embedded\4.7 2012q4\arm-none-eabi\lib\armv7-m\libc.a(lib_a-atol.o)
                              ..\obj\WString.o (atol)
..\..\..\..\..\..\..\..\..\Program Files (x86)\GNU Tools ARM Embedded\4.7 2012q4\arm-none-eabi\lib\armv7-m\libc.a(lib_a-cxa_atexit.o)
                              ..\..\..\..\..\..\..\..\..\Program Files (x86)\GNU Tools ARM Embedded\4.7 2012q4\arm-none-eabi\lib\armv7-m\libc.a(lib_a-aeabi_atexit.o) (__cxa_atexit)
..\..\..\..\..\..\..\..\..\Program Files (x86)\GNU Tools ARM Embedded\4.7 2012q4\arm-none-eabi\lib\armv7-m\libc.a(lib_a-exit.o)
                              c:/program files (x86)/gnu tools arm embedded/4.7 2012q4/bin/../lib/gcc/arm-none-eabi/4.7.3/../../../../arm-none-eabi/lib/armv7e-m/crt0.o (exit)
..\..\..\..\..\..\..\..\..\Program Files (x86)\GNU Tools ARM Embedded\4.7 2012q4\arm-none-eabi\lib\armv7-m\libc.a(lib_a-fini.o)
                              c:/program files (x86)/gnu tools arm embedded/4.7 2012q4/bin/../lib/gcc/arm-none-eabi/4.7.3/../../../../arm-none-eabi/lib/armv7e-m/crt0.o (__libc_fini_array)
..\..\..\..\..\..\..\..\..\Program Files (x86)\GNU Tools ARM Embedded\4.7 2012q4\arm-none-eabi\lib\armv7-m\libc.a(lib_a-impure.o)
                              ..\..\..\..\..\..\..\..\..\Program Files (x86)\GNU Tools ARM Embedded\4.7 2012q4\arm-none-eabi\lib\armv7-m\libc.a(lib_a-__atexit.o) (_global_impure_ptr)
..\..\..\..\..\..\..\..\..\Program Files (x86)\GNU Tools ARM Embedded\4.7 2012q4\arm-none-eabi\lib\armv7-m\libc.a(lib_a-init.o)
                              c:/program files (x86)/gnu tools arm embedded/4.7 2012q4/bin/../lib/gcc/arm-none-eabi/4.7.3/../../../../arm-none-eabi/lib/armv7e-m/crt0.o (__libc_init_array)
..\..\..\..\..\..\..\..\..\Program Files (x86)\GNU Tools ARM Embedded\4.7 2012q4\arm-none-eabi\lib\armv7-m\libc.a(lib_a-isspace.o)
[...]
Memory Configuration

Name             Origin             Length             Attributes
FLASH            0x08000000         0x00100000         xr
RAM              0x20000000         0x00020000         xrw
RAM1             0x10000000         0x00010000         xrw
*default*        0x00000000         0xffffffff

Linker script and memory map

LOAD c:/program files (x86)/gnu tools arm embedded/4.7 2012q4/bin/../lib/gcc/arm-none-eabi/4.7.3/armv7e-m/crti.o
LOAD c:/program files (x86)/gnu tools arm embedded/4.7 2012q4/bin/../lib/gcc/arm-none-eabi/4.7.3/armv7e-m/crtbegin.o
LOAD c:/program files (x86)/gnu tools arm embedded/4.7 2012q4/bin/../lib/gcc/arm-none-eabi/4.7.3/../../../../arm-none-eabi/lib/armv7e-m/crt0.o

.text           0x08000000    0x1b4f0
 *(.isr_vector)
 .isr_vector    0x08000000      0x188 ..\obj\startup_stm32f4xx.o
                0x08000000                g_pfnVectors
 *(.text*)
 .text          0x08000188       0x54 c:/program files (x86)/gnu tools arm embedded/4.7 2012q4/bin/../lib/gcc/arm-none-eabi/4.7.3/armv7e-m/crtbegin.o
 .text          0x080001dc       0x70 c:/program files (x86)/gnu tools arm embedded/4.7 2012q4/bin/../lib/gcc/arm-none-eabi/4.7.3/../../../../arm-none-eabi/lib/armv7e-m/crt0.o
                0x080001dc                _start
                0x080001dc                start
                0x080001dc                _mainCRTStartup
 .text.SYSCFG_EXTILineConfig
                0x0800024c       0xb0 ..\obj\stm32f4xx_syscfg.o
                0x0800024c                SYSCFG_EXTILineConfig
 .text.USB_OTG_EnableCommonInt
                0x080002fc       0x44 ..\obj\usb_core.o
 .text.USB_OTG_CoreReset
                0x08000340       0xa8 ..\obj\usb_core.o
 .text.USB_OTG_WritePacket
                0x080003e8       0x84 ..\obj\usb_core.o
                0x080003e8                USB_OTG_WritePacket
 .text.USB_OTG_ReadPacket
                0x0800046c       0x68 ..\obj\usb_core.o
                0x0800046c                USB_OTG_ReadPacket
 .text.USB_OTG_SelectCore
                0x080004d4      0x1bc ..\obj\usb_core.o
                0x080004d4                USB_OTG_SelectCore
 .text.USB_OTG_CoreInit
                0x08000690      0x1f8 ..\obj\usb_core.o
                0x08000690                USB_OTG_CoreInit
 .text.USB_OTG_EnableGlobalInt
                0x08000888       0x3c ..\obj\usb_core.o
                0x08000888                USB_OTG_EnableGlobalInt
 .text.USB_OTG_DisableGlobalInt
                0x080008c4       0x40 ..\obj\usb_core.o
                0x080008c4                USB_OTG_DisableGlobalInt
 .text.USB_OTG_FlushTxFifo
                0x08000904       0x80 ..\obj\usb_core.o
                0x08000904                USB_OTG_FlushTxFifo
 .text.USB_OTG_FlushRxFifo
                0x08000984       0x6c ..\obj\usb_core.o
                0x08000984                USB_OTG_FlushRxFifo
 .text.USB_OTG_SetCurrentMode
                0x080009f0       0x64 ..\obj\usb_core.o
                0x080009f0                USB_OTG_SetCurrentMode
 .text.USB_OTG_GetMode
                0x08000a54       0x20 ..\obj\usb_core.o
                0x08000a54                USB_OTG_GetMode
 .text.USB_OTG_IsDeviceMode
                0x08000a74       0x24 ..\obj\usb_core.o
                0x08000a74                USB_OTG_IsDeviceMode
 .text.USB_OTG_ReadCoreItr
                0x08000a98       0x30 ..\obj\usb_core.o
                0x08000a98                USB_OTG_ReadCoreItr
 .text.USB_OTG_InitDevSpeed
                0x08000ac8       0x38 ..\obj\usb_core.o
                0x08000ac8                USB_OTG_InitDevSpeed
 .text.USB_OTG_CoreInitDev
                0x08000b00      0x324 ..\obj\usb_core.o
                0x08000b00                USB_OTG_CoreInitDev
 .text.USB_OTG_EnableDevInt
                0x08000e24       0xa4 ..\obj\usb_core.o
                0x08000e24                USB_OTG_EnableDevInt
 .text.USB_OTG_GetDeviceSpeed
                0x08000ec8       0x50 ..\obj\usb_core.o
                0x08000ec8                USB_OTG_GetDeviceSpeed
 .text.USB_OTG_EP0Activate
                0x08000f18       0x80 ..\obj\usb_core.o
                0x08000f18                USB_OTG_EP0Activate
 .text.USB_OTG_EPActivate
                0x08000f98      0x11c ..\obj\usb_core.o
                0x08000f98                USB_OTG_EPActivate
 .text.USB_OTG_EPDeactivate
                0x080010b4       0xcc ..\obj\usb_core.o
                0x080010b4                USB_OTG_EPDeactivate
 .text.USB_OTG_EPStartXfer
                0x08001180      0x2d0 ..\obj\usb_core.o
                0x08001180                USB_OTG_EPStartXfer
 .text.USB_OTG_EP0StartXfer
                0x08001450      0x200 ..\obj\usb_core.o
                0x08001450                USB_OTG_EP0StartXfer
 .text.USB_OTG_EPSetStall
                0x08001650       0x94 ..\obj\usb_core.o
                0x08001650                USB_OTG_EPSetStall
 .text.USB_OTG_EPClearStall
                0x080016e4       0x84 ..\obj\usb_core.o
                0x080016e4                USB_OTG_EPClearStall
 .text.USB_OTG_ReadDevAllOutEp_itr
                0x08001768       0x30 ..\obj\usb_core.o
                0x08001768                USB_OTG_ReadDevAllOutEp_itr
 .text.USB_OTG_ReadDevOutEP_itr
                0x08001798       0x3c ..\obj\usb_core.o
                0x08001798                USB_OTG_ReadDevOutEP_itr
 .text.USB_OTG_ReadDevAllInEPItr
                0x080017d4       0x34 ..\obj\usb_core.o
                0x080017d4                USB_OTG_ReadDevAllInEPItr
 .text.USB_OTG_EP0_OutStart
                0x08001808       0x78 ..\obj\usb_core.o
                0x08001808                USB_OTG_EP0_OutStart
 .text.USB_OTG_UngateClock
                0x08001880       0x54 ..\obj\usb_core.o
                0x08001880                USB_OTG_UngateClock
 .text.NVIC_SetPriority
                0x080018d4       0x5c ..\obj\TibuBoard.o
 .text.SysTick_Config
                0x08001930       0x64 ..\obj\TibuBoard.o
 .text._ZN9TibuboardC2Ev
                0x08001994      0x110 ..\obj\TibuBoard.o
                0x08001994                Tibuboard::Tibuboard()
                0x08001994                Tibuboard::Tibuboard()
 .text._ZN9TibuboardD2Ev
                0x08001aa4       0x18 ..\obj\TibuBoard.o
                0x08001aa4                Tibuboard::~Tibuboard()
                0x08001aa4                Tibuboard::~Tibuboard()
 .text._ZN9Tibuboard5LEDOnE11Led_TypeDef
                0x08001abc       0x38 ..\obj\TibuBoard.o
                0x08001abc                Tibuboard::LEDOn(Led_TypeDef)
 .text._ZN9Tibuboard6LEDOffE11Led_TypeDef
                0x08001af4       0x38 ..\obj\TibuBoard.o
                0x08001af4                Tibuboard::LEDOff(Led_TypeDef)
 .text._ZN9Tibuboard9LEDToggleE11Led_TypeDef
                0x08001b2c       0x38 ..\obj\TibuBoard.o
                0x08001b2c                Tibuboard::LEDToggle(Led_TypeDef)
 .text._ZN9Tibuboard15ButtonInterruptE14Button_TypeDefPFvvE
                0x08001b64       0xb0 ..\obj\TibuBoard.o
                0x08001b64                Tibuboard::ButtonInterrupt(Button_TypeDef, void (*)())
 .text._ZN9Tibuboard14GetStateButtonE14Button_TypeDef
                0x08001c14       0x3c ..\obj\TibuBoard.o
                0x08001c14                Tibuboard::GetStateButton(Button_TypeDef)
 .text._Z13SysTickConfigv
                0x08001c50       0x44 ..\obj\TibuBoard.o
                0x08001c50                SysTickConfig()
 .text._Z5delaym
                0x08001c94       0x6c ..\obj\TibuBoard.o
                0x08001c94                delay(unsigned long)
 .text._Z5blinkv
                0x08001d00       0x18 ..\obj\ArduinoStyle.o
                0x08001d00                blink()
 .text._Z5setupv
                0x08001d18       0x74 ..\obj\ArduinoStyle.o
                0x08001d18                setup()
 .text._Z4loopv
                0x08001d8c      0x184 ..\obj\ArduinoStyle.o
                0x08001d8c                loop()
 .text._Z41__static_initialization_and_destruction_0ii
                0x08001f10       0x7c ..\obj\ArduinoStyle.o
 .text._GLOBAL__sub_I_On
                0x08001f8c       0x14 ..\obj\ArduinoStyle.o
 .text.USBD_USR_Init
                0x08001fa0        0xc ..\obj\usbd_usr.o
                0x08001fa0                USBD_USR_Init
 .text.USBD_USR_DeviceReset
                0x08001fac       0x14 ..\obj\usbd_usr.o
                0x08001fac                USBD_USR_DeviceReset
 .text.USBD_USR_DeviceConfigured
                0x08001fc0        0xc ..\obj\usbd_usr.o
                0x08001fc0                USBD_USR_DeviceConfigured
 .text.USBD_USR_DeviceSuspended
                0x08001fcc        0xc ..\obj\usbd_usr.o
                0x08001fcc                USBD_USR_DeviceSuspended
 .text.USBD_USR_DeviceResumed
                0x08001fd8        0xc ..\obj\usbd_usr.o
                0x08001fd8                USBD_USR_DeviceResumed
 .text.Init_Container
                0x08001fe4       0x38 ..\obj\BufferFunctions.o
                0x08001fe4                Init_Container
 .text.ContainerisFull
                0x0800201c       0x28 ..\obj\BufferFunctions.o
                0x0800201c                ContainerisFull
 .text.ContainerisEmpty
                0x08002044       0x24 ..\obj\BufferFunctions.o
                0x08002044                ContainerisEmpty
 .text.Read_Container
                0x08002068       0x4c ..\obj\BufferFunctions.o
                0x08002068                Read_Container
 .text.Write_Container
                0x080020b4       0x70 ..\obj\BufferFunctions.o
                0x080020b4                Write_Container
 .text.Write_DataContainer
                0x08002124       0x50 ..\obj\BufferFunctions.o
                0x08002124                Write_DataContainer
 .text.numDatainContainer
                0x08002174       0x1c ..\obj\BufferFunctions.o
                0x08002174                numDatainContainer
 .text.Default_Reset_Handler
                0x08002190       0x6c ..\obj\startup_stm32f4xx.o
                0x08002190                Default_Reset_Handler
                0x08002190                Reset_Handler
 .text.Default_Handler
                0x080021fc        0x8 ..\obj\startup_stm32f4xx.o
                0x080021fc                RTC_Alarm_IRQHandler
                0x080021fc                HASH_RNG_IRQHandler
                0x080021fc                TIM8_CC_IRQHandler
                0x080021fc                TIM1_CC_IRQHandler
                0x080021fc                DMA2_Stream5_IRQHandler
                0x080021fc                DMA1_Stream5_IRQHandler
                0x080021fc                PVD_IRQHandler
                0x080021fc                SDIO_IRQHandler
                0x080021fc                TAMP_STAMP_IRQHandler
                0x080021fc                CAN2_RX1_IRQHandler
                0x080021fc                EXTI3_IRQHandler
                0x080021fc                TIM8_TRG_COM_TIM14_IRQHandler
                0x080021fc                TIM1_UP_TIM10_IRQHandler
                0x080021fc                TIM8_UP_TIM13_IRQHandler
                0x080021fc                I2C3_ER_IRQHandler
                0x080021fc                I2C2_EV_IRQHandler
                0x080021fc                DMA1_Stream2_IRQHandler
                0x080021fc                CAN1_RX0_IRQHandler
                0x080021fc                FPU_IRQHandler
                0x080021fc                CAN2_SCE_IRQHandler
                0x080021fc                DMA2_Stream2_IRQHandler
                0x080021fc                SPI1_IRQHandler
                0x080021fc                TIM6_DAC_IRQHandler
                0x080021fc                TIM1_BRK_TIM9_IRQHandler
                0x080021fc                DCMI_IRQHandler
                0x080021fc                CAN2_RX0_IRQHandler
                0x080021fc                DMA2_Stream3_IRQHandler
                0x080021fc                USART6_IRQHandler
                0x080021fc                USART3_IRQHandler
                0x080021fc                CRYP_IRQHandler
                0x080021fc                CAN1_RX1_IRQHandler
                0x080021fc                UART5_IRQHandler
                0x080021fc                DMA2_Stream0_IRQHandler
                0x080021fc                TIM4_IRQHandler
                0x080021fc                I2C1_EV_IRQHandler
                0x080021fc                DMA1_Stream6_IRQHandler
                0x080021fc                DMA1_Stream1_IRQHandler
                0x080021fc                UART4_IRQHandler
                0x080021fc                TIM3_IRQHandler
                0x080021fc                RCC_IRQHandler
                0x080021fc                TIM8_BRK_TIM12_IRQHandler
                0x080021fc                EXTI15_10_IRQHandler
                0x080021fc                ADC_IRQHandler
                0x080021fc                DMA1_Stream7_IRQHandler
                0x080021fc                TIM7_IRQHandler
                0x080021fc                CAN2_TX_IRQHandler
                0x080021fc                TIM5_IRQHandler
                0x080021fc                DMA2_Stream7_IRQHandler
                0x080021fc                I2C3_EV_IRQHandler
                0x080021fc                EXTI9_5_IRQHandler
                0x080021fc                RTC_WKUP_IRQHandler
                0x080021fc                ETH_WKUP_IRQHandler
                0x080021fc                SPI2_IRQHandler
                0x080021fc                DMA1_Stream0_IRQHandler
                0x080021fc                CAN1_TX_IRQHandler
                0x080021fc                FSMC_IRQHandler
                0x080021fc                ETH_IRQHandler
                0x080021fc                WWDG_IRQHandler
                0x080021fc                TIM2_IRQHandler
                0x080021fc                OTG_FS_WKUP_IRQHandler
                0x080021fc                TIM1_TRG_COM_TIM11_IRQHandler
                0x080021fc                EXTI1_IRQHandler
                0x080021fc                USART2_IRQHandler
                0x080021fc                I2C2_ER_IRQHandler
                0x080021fc                DMA2_Stream1_IRQHandler
                0x080021fc                CAN1_SCE_IRQHandler
                0x080021fc                FLASH_IRQHandler
                0x080021fc                DMA2_Stream4_IRQHandler
                0x080021fc                USART1_IRQHandler
                0x080021fc                OTG_FS_IRQHandler
                0x080021fc                SPI3_IRQHandler
                0x080021fc                DMA1_Stream4_IRQHandler
                0x080021fc                I2C1_ER_IRQHandler
                0x080021fc                DMA2_Stream6_IRQHandler
                0x080021fc                DMA1_Stream3_IRQHandler
 .text.USBD_Init
                0x08002204       0x58 ..\obj\usbd_core.o
                0x08002204                USBD_Init
 .text.USBD_DeInit
                0x0800225c       0x18 ..\obj\usbd_core.o
                0x0800225c                USBD_DeInit
 .text.USBD_SetupStage
                0x08002274       0x70 ..\obj\usbd_core.o
 .text.USBD_DataOutStage
                0x080022e4       0xd4 ..\obj\usbd_core.o
 .text.USBD_DataInStage
                0x080023b8      0x114 ..\obj\usbd_core.o
 .text.USBD_Reset
                0x080024cc       0x54 ..\obj\usbd_core.o
 .text.USBD_Resume
                0x08002520       0x2c ..\obj\usbd_core.o
 .text.USBD_Suspend
                0x0800254c       0x2c ..\obj\usbd_core.o
 .text.USBD_SOF
                0x08002578       0x30 ..\obj\usbd_core.o
 .text.USBD_SetCfg
                0x080025a8       0x34 ..\obj\usbd_core.o
                0x080025a8                USBD_SetCfg
 .text.USBD_ClrCfg
                0x080025dc       0x2c ..\obj\usbd_core.o
                0x080025dc                USBD_ClrCfg
 .text.USBD_IsoINIncomplete
                0x08002608       0x24 ..\obj\usbd_core.o
 .text.USBD_IsoOUTIncomplete
                0x0800262c       0x24 ..\obj\usbd_core.o
 .text.main     0x08002650       0x34 ..\obj\main.o
                0x08002650                main
 .text.RCC_AHB1PeriphClockCmd
                0x08002684       0x54 ..\obj\stm32f4xx_rcc.o
                0x08002684                RCC_AHB1PeriphClockCmd
 .text.RCC_APB1PeriphClockCmd
                0x080026d8       0x54 ..\obj\stm32f4xx_rcc.o
                0x080026d8                RCC_APB1PeriphClockCmd
 .text.RCC_APB2PeriphClockCmd
                0x0800272c       0x54 ..\obj\stm32f4xx_rcc.o
                0x0800272c                RCC_APB2PeriphClockCmd
 .text.NMI_Handler
                0x08002780        0xc ..\obj\stm32f4xx_it.o
                0x08002780                NMI_Handler
 .text.HardFault_Handler
                0x0800278c        0x8 ..\obj\stm32f4xx_it.o
                0x0800278c                HardFault_Handler
 .text.MemManage_Handler
                0x08002794        0x8 ..\obj\stm32f4xx_it.o
                0x08002794                MemManage_Handler
 .text.BusFault_Handler
                0x0800279c        0x8 ..\obj\stm32f4xx_it.o
                0x0800279c                BusFault_Handler
 .text.UsageFault_Handler
                0x080027a4        0x8 ..\obj\stm32f4xx_it.o
                0x080027a4                UsageFault_Handler
 .text.SVC_Handler
                0x080027ac        0xc ..\obj\stm32f4xx_it.o
                0x080027ac                SVC_Handler
 .text.DebugMon_Handler
                0x080027b8        0xc ..\obj\stm32f4xx_it.o
                0x080027b8                DebugMon_Handler
 .text.PendSV_Handler
                0x080027c4        0xc ..\obj\stm32f4xx_it.o
                0x080027c4                PendSV_Handler
 .text.SysTick_Handler
                0x080027d0       0x24 ..\obj\stm32f4xx_it.o
                0x080027d0                SysTick_Handler
 .text.EXTI0_IRQHandler
                0x080027f4        0xc ..\obj\stm32f4xx_it.o
                0x080027f4                EXTI0_IRQHandler
 .text.EXTI2_IRQHandler
                0x08002800       0x70 ..\obj\stm32f4xx_it.o
                0x08002800                EXTI2_IRQHandler
 .text.EXTI4_IRQHandler
                0x08002870       0x4c ..\obj\stm32f4xx_it.o
                0x08002870                EXTI4_IRQHandler
 .text.OTG_HS_WKUP_IRQHandler
                0x080028bc       0x44 ..\obj\stm32f4xx_it.o
                0x080028bc                OTG_HS_WKUP_IRQHandler
 .text.OTG_HS_IRQHandler
                0x08002900       0x14 ..\obj\stm32f4xx_it.o
                0x08002900                OTG_HS_IRQHandler
 .text.OTG_HS_EP1_IN_IRQHandler
                0x08002914       0x14 ..\obj\stm32f4xx_it.o
                0x08002914                OTG_HS_EP1_IN_IRQHandler
 .text.OTG_HS_EP1_OUT_IRQHandler
                0x08002928       0x14 ..\obj\stm32f4xx_it.o
                0x08002928                OTG_HS_EP1_OUT_IRQHandler
 .text.ADC_Init
                0x0800293c       0xb8 ..\obj\stm32f4xx_adc.o
                0x0800293c                ADC_Init
 .text.ADC_CommonInit
                0x080029f4       0x5c ..\obj\stm32f4xx_adc.o
                0x080029f4                ADC_CommonInit
 .text.ADC_Cmd  0x08002a50       0x38 ..\obj\stm32f4xx_adc.o
                0x08002a50                ADC_Cmd
 .text.ADC_RegularChannelConfig
                0x08002a88      0x1bc ..\obj\stm32f4xx_adc.o
                0x08002a88                ADC_RegularChannelConfig
 .text.ADC_SoftwareStartConv
                0x08002c44       0x20 ..\obj\stm32f4xx_adc.o
                0x08002c44                ADC_SoftwareStartConv
 .text.ADC_GetConversionValue
                0x08002c64       0x1c ..\obj\stm32f4xx_adc.o
                0x08002c64                ADC_GetConversionValue
 .text.pinMode  0x08002c80      0x118 ..\obj\BasicFunctions.o
                0x08002c80                pinMode
 .text.digitalWrite
                0x08002d98      0x14c ..\obj\BasicFunctions.o
                0x08002d98                digitalWrite
 .text.digitalRead
                0x08002ee4       0x38 ..\obj\BasicFunctions.o
                0x08002ee4                digitalRead
 .text.analogWrite
                0x08002f1c       0x94 ..\obj\BasicFunctions.o
                0x08002f1c                analogWrite
 .text.InitADC  0x08002fb0       0xe4 ..\obj\BasicFunctions.o
                0x08002fb0                InitADC
 .text.analogRead
                0x08003094       0x24 ..\obj\BasicFunctions.o
                0x08003094                analogRead
 .text.Init_PWMPins
                0x080030b8      0x19c ..\obj\BasicFunctions.o
                0x080030b8                Init_PWMPins
 .text.mapInt16
                0x08003254       0x34 ..\obj\BasicFunctions.o
                0x08003254                mapInt16
 .text.USBD_USR_DeviceDescriptor
                0x08003288       0x28 ..\obj\usbd_desc.o
                0x08003288                USBD_USR_DeviceDescriptor
 .text.USBD_USR_LangIDStrDescriptor
                0x080032b0       0x28 ..\obj\usbd_desc.o
                0x080032b0                USBD_USR_LangIDStrDescriptor
 .text.USBD_USR_ProductStrDescriptor
                0x080032d8       0x54 ..\obj\usbd_desc.o
                0x080032d8                USBD_USR_ProductStrDescriptor
 .text.USBD_USR_ManufacturerStrDescriptor
                0x0800332c       0x34 ..\obj\usbd_desc.o
                0x0800332c                USBD_USR_ManufacturerStrDescriptor
 .text.USBD_USR_SerialStrDescriptor
                0x08003360       0x54 ..\obj\usbd_desc.o
                0x08003360                USBD_USR_SerialStrDescriptor
 .text.USBD_USR_ConfigStrDescriptor
                0x080033b4       0x54 ..\obj\usbd_desc.o
                0x080033b4                USBD_USR_ConfigStrDescriptor
 .text.USBD_USR_InterfaceStrDescriptor
                0x08003408       0x54 ..\obj\usbd_desc.o
                0x08003408                USBD_USR_InterfaceStrDescriptor
 .text._ZN5Print5writeEPKc
                0x0800345c       0x3c ..\obj\Print.o
                0x0800345c                Print::write(char const*)
 .text._ZN5Print5writeEPKhj
                0x08003498       0x58 ..\obj\Print.o
                0x08003498                Print::write(unsigned char const*, unsigned int)
 .text._ZN5Print5printEPKc
                0x080034f0       0x20 ..\obj\Print.o
                0x080034f0                Print::print(char const*)
 .text._ZN5Print5printEc
                0x08003510       0x28 ..\obj\Print.o
                0x08003510                Print::print(char)
 .text._ZN5Print7printlnEv
                0x08003538       0x34 ..\obj\Print.o
                0x08003538                Print::println()
 .text._ZN5Print7printlnEPKc
                0x0800356c       0x30 ..\obj\Print.o
                0x0800356c                Print::println(char const*)
 .text.GPIO_Init
                0x0800359c      0x144 ..\obj\stm32f4xx_gpio.o
                0x0800359c                GPIO_Init
 .text.GPIO_ReadInputDataBit
                0x080036e0       0x3c ..\obj\stm32f4xx_gpio.o
                0x080036e0                GPIO_ReadInputDataBit
 .text.GPIO_SetBits
                0x0800371c       0x1c ..\obj\stm32f4xx_gpio.o
                0x0800371c                GPIO_SetBits
 .text.GPIO_ResetBits
                0x08003738       0x1c ..\obj\stm32f4xx_gpio.o
                0x08003738                GPIO_ResetBits
 .text.GPIO_ToggleBits
                0x08003754       0x24 ..\obj\stm32f4xx_gpio.o
                0x08003754                GPIO_ToggleBits
 .text.GPIO_PinAFConfig
                0x08003778       0xa8 ..\obj\stm32f4xx_gpio.o
                0x08003778                GPIO_PinAFConfig
 .text.VCP_Init
                0x08003820       0x10 ..\obj\usbd_cdc_vcp.o
 .text.VCP_DeInit
                0x08003830       0x10 ..\obj\usbd_cdc_vcp.o
 .text.VCP_Ctrl
                0x08003840      0x1c4 ..\obj\usbd_cdc_vcp.o
 .text.VCP_DataTx
                0x08003a04       0x84 ..\obj\usbd_cdc_vcp.o
 .text.VCP_DataRx
                0x08003a88       0x2c ..\obj\usbd_cdc_vcp.o
 .text.vcp_sendBytes
                0x08003ab4       0x1c ..\obj\usbd_cdc_vcp.o
                0x08003ab4                vcp_sendBytes
 .text.SystemInit
                0x08003ad0       0x94 ..\obj\system_stm32f4xx.o
                0x08003ad0                SystemInit
 .text.SetSysClock
                0x08003b64      0x188 ..\obj\system_stm32f4xx.o
 .text._sbrk    0x08003cec       0x5c ..\obj\syscalls.o
                0x08003cec                _sbrk
 .text._close   0x08003d48       0x18 ..\obj\syscalls.o
                0x08003d48                _close
 .text._fstat   0x08003d60       0x24 ..\obj\syscalls.o
                0x08003d60                _fstat
 .text._isatty  0x08003d84       0x18 ..\obj\syscalls.o
                0x08003d84                _isatty
 .text._lseek   0x08003d9c       0x1c ..\obj\syscalls.o
                0x08003d9c                _lseek
 .text._read    0x08003db8       0x1c ..\obj\syscalls.o
                0x08003db8                _read
 .text._write   0x08003dd4       0x1c ..\obj\syscalls.o
                0x08003dd4                _write
 .text.abort    0x08003df0        0x8 ..\obj\syscalls.o
                0x08003df0                abort
 .text.USB_OTG_BSP_Init
                0x08003df8      0x208 ..\obj\usb_bsp.o
                0x08003df8                USB_OTG_BSP_Init
 .text.USB_OTG_BSP_EnableInterrupt
                0x08004000       0x90 ..\obj\usb_bsp.o
                0x08004000                USB_OTG_BSP_EnableInterrupt
 .text.USB_OTG_BSP_uDelay
                0x08004090       0x58 ..\obj\usb_bsp.o
                0x08004090                USB_OTG_BSP_uDelay
 .text.USB_OTG_BSP_mDelay
                0x080040e8       0x20 ..\obj\usb_bsp.o
                0x080040e8                USB_OTG_BSP_mDelay
 .text.USBD_StdDevReq
                0x08004108       0xa4 ..\obj\usbd_req.o
                0x08004108                USBD_StdDevReq
 .text.USBD_StdItfReq
                0x080041ac       0x6c ..\obj\usbd_req.o
                0x080041ac                USBD_StdItfReq
 .text.USBD_StdEPReq
                0x08004218      0x1e4 ..\obj\usbd_req.o
                0x08004218                USBD_StdEPReq
 .text.USBD_GetDescriptor
                0x080043fc      0x278 ..\obj\usbd_req.o
 .text.USBD_SetAddress
                0x08004674       0x80 ..\obj\usbd_req.o
 .text.USBD_SetConfig
                0x080046f4      0x134 ..\obj\usbd_req.o
 .text.USBD_GetConfig
                0x08004828       0x68 ..\obj\usbd_req.o
 .text.USBD_GetStatus
                0x08004890       0x68 ..\obj\usbd_req.o
 .text.USBD_SetFeature
                0x080048f8       0xe0 ..\obj\usbd_req.o
 .text.USBD_ClrFeature
                0x080049d8       0x58 ..\obj\usbd_req.o
 .text.USBD_ParseSetupRequest
                0x08004a30       0x94 ..\obj\usbd_req.o
                0x08004a30                USBD_ParseSetupRequest
 .text.USBD_CtlError
                0x08004ac4       0x50 ..\obj\usbd_req.o
                0x08004ac4                USBD_CtlError
 .text.USBD_GetString
                0x08004b14       0x9c ..\obj\usbd_req.o
                0x08004b14                USBD_GetString
 .text.USBD_GetLen
                0x08004bb0       0x38 ..\obj\usbd_req.o
 .text.USBD_OTG_EP1OUT_ISR_Handler
                0x08004be8       0xcc ..\obj\usb_dcd_int.o
                0x08004be8                USBD_OTG_EP1OUT_ISR_Handler
 .text.USBD_OTG_EP1IN_ISR_Handler
                0x08004cb4      0x18c ..\obj\usb_dcd_int.o
                0x08004cb4                USBD_OTG_EP1IN_ISR_Handler
 .text.USBD_OTG_ISR_Handler
                0x08004e40      0x164 ..\obj\usb_dcd_int.o
                0x08004e40                USBD_OTG_ISR_Handler
 .text.DCD_HandleResume_ISR
                0x08004fa4       0x8c ..\obj\usb_dcd_int.o
 .text.DCD_HandleUSBSuspend_ISR
                0x08005030       0xb0 ..\obj\usb_dcd_int.o
 .text.DCD_HandleInEP_ISR
                0x080050e0      0x22c ..\obj\usb_dcd_int.o
 .text.DCD_HandleOutEP_ISR
                0x0800530c      0x1b0 ..\obj\usb_dcd_int.o
 .text.DCD_HandleSof_ISR
                0x080054bc       0x3c ..\obj\usb_dcd_int.o
 .text.DCD_HandleRxStatusQueueLevel_ISR
                0x080054f8      0x114 ..\obj\usb_dcd_int.o
 .text.DCD_WriteEmptyTxFifo
                0x0800560c      0x100 ..\obj\usb_dcd_int.o
 .text.DCD_HandleUsbReset_ISR
                0x0800570c      0x180 ..\obj\usb_dcd_int.o
 .text.DCD_HandleEnumDone_ISR
                0x0800588c       0x88 ..\obj\usb_dcd_int.o
 .text.DCD_IsoINIncomplete_ISR
                0x08005914       0x3c ..\obj\usb_dcd_int.o
 .text.DCD_IsoOUTIncomplete_ISR
                0x08005950       0x3c ..\obj\usb_dcd_int.o
 .text.DCD_ReadDevInEP
                0x0800598c       0x58 ..\obj\usb_dcd_int.o
 .text.usbd_cdc_Init
                0x080059e4       0xc8 ..\obj\usbd_cdc_core.o
 .text.usbd_cdc_DeInit
                0x08005aac       0x44 ..\obj\usbd_cdc_core.o
 .text.usbd_cdc_Setup
                0x08005af0      0x158 ..\obj\usbd_cdc_core.o
 .text.usbd_cdc_EP0_RxReady
                0x08005c48       0x60 ..\obj\usbd_cdc_core.o
 .text.usbd_cdc_DataIn
                0x08005ca8      0x124 ..\obj\usbd_cdc_core.o
 .text.usbd_cdc_DataOut
                0x08005dcc       0x6c ..\obj\usbd_cdc_core.o
 .text.usbd_cdc_SOF
                0x08005e38       0x50 ..\obj\usbd_cdc_core.o
 .text.Handle_USBAsynchXfer
                0x08005e88      0x1a4 ..\obj\usbd_cdc_core.o
 .text.USBD_cdc_GetCfgDesc
                0x0800602c       0x28 ..\obj\usbd_cdc_core.o
 .text.USBD_cdc_GetOtherCfgDesc
                0x08006054       0x28 ..\obj\usbd_cdc_core.o
 .text.EXTI_Init
                0x0800607c      0x138 ..\obj\stm32f4xx_exti.o
                0x0800607c                EXTI_Init
 .text.EXTI_GetITStatus
                0x080061b4       0x58 ..\obj\stm32f4xx_exti.o
                0x080061b4                EXTI_GetITStatus
 .text.EXTI_ClearITPendingBit
                0x0800620c       0x20 ..\obj\stm32f4xx_exti.o
                0x0800620c                EXTI_ClearITPendingBit
 .text.NVIC_PriorityGroupConfig
                0x0800622c       0x28 ..\obj\misc.o
                0x0800622c                NVIC_PriorityGroupConfig
 .text.NVIC_Init
                0x08006254       0xe4 ..\obj\misc.o
                0x08006254                NVIC_Init
 .text.DCD_Init
                0x08006338      0x12c ..\obj\usb_dcd.o
                0x08006338                DCD_Init
 .text.DCD_EP_Open
                0x08006464       0xac ..\obj\usb_dcd.o
                0x08006464                DCD_EP_Open
 .text.DCD_EP_Close
                0x08006510       0x80 ..\obj\usb_dcd.o
                0x08006510                DCD_EP_Close
 .text.DCD_EP_PrepareRx
                0x08006590       0x8c ..\obj\usb_dcd.o
                0x08006590                DCD_EP_PrepareRx
 .text.DCD_EP_Tx
                0x0800661c       0x84 ..\obj\usb_dcd.o
                0x0800661c                DCD_EP_Tx
 .text.DCD_EP_Stall
                0x080066a0       0x84 ..\obj\usb_dcd.o
                0x080066a0                DCD_EP_Stall
 .text.DCD_EP_ClrStall
                0x08006724       0x84 ..\obj\usb_dcd.o
                0x08006724                DCD_EP_ClrStall
 .text.DCD_EP_SetAddress
                0x080067a8       0x3c ..\obj\usb_dcd.o
                0x080067a8                DCD_EP_SetAddress
 .text._ZN5PrintC2Ev
                0x080067e4       0x28 ..\obj\USBSerial.o
                0x080067e4                Print::Print()
                0x080067e4                Print::Print()
 .text._ZN6StreamC2Ev
                0x0800680c       0x30 ..\obj\USBSerial.o
                0x0800680c                Stream::Stream()
                0x0800680c                Stream::Stream()
 .text._Z11serialEventv
                0x0800683c        0xc ..\obj\USBSerial.o
                0x0800683c                serialEvent()
 .text.serialEventRun
                0x08006848       0x28 ..\obj\USBSerial.o
                0x08006848                serialEventRun
 .text._ZN14HardwareSerialC2Ev
                0x08006870       0x38 ..\obj\USBSerial.o
                0x08006870                HardwareSerial::HardwareSerial()
                0x08006870                HardwareSerial::HardwareSerial()
 .text._ZN14HardwareSerial5beginEm
                0x080068a8       0x3c ..\obj\USBSerial.o
                0x080068a8                HardwareSerial::begin(unsigned long)
 .text._ZN14HardwareSerial9availableEv
                0x080068e4       0x20 ..\obj\USBSerial.o
                0x080068e4                HardwareSerial::available()
 .text._ZN14HardwareSerial4peekEv
                0x08006904       0x18 ..\obj\USBSerial.o
                0x08006904                HardwareSerial::peek()
 .text._ZN14HardwareSerial4readEv
                0x0800691c       0x44 ..\obj\USBSerial.o
                0x0800691c                HardwareSerial::read()
 .text._ZN14HardwareSerial5flushEv
                0x08006960       0x3c ..\obj\USBSerial.o
                0x08006960                HardwareSerial::flush()
 .text._ZN14HardwareSerial5writeEh
                0x0800699c       0x28 ..\obj\USBSerial.o
                0x0800699c                HardwareSerial::write(unsigned char)
 .text._Z41__static_initialization_and_destruction_0ii
                0x080069c4       0x30 ..\obj\USBSerial.o
 .text._GLOBAL__sub_I_USB_DataReceived
                0x080069f4       0x14 ..\obj\USBSerial.o
 .text._ZN6StringC2EPKc
                0x08006a08       0x34 ..\obj\WString.o
                0x08006a08                String::String(char const*)
                0x08006a08                String::String(char const*)
 .text._ZN6StringD2Ev
                0x08006a3c       0x20 ..\obj\WString.o
                0x08006a3c                String::~String()
                0x08006a3c                String::~String()
 .text._ZN6String4initEv
                0x08006a5c       0x34 ..\obj\WString.o
                0x08006a5c                String::init()
 .text._ZN6String10invalidateEv
                0x08006a90       0x3c ..\obj\WString.o
                0x08006a90                String::invalidate()
 .text._ZN6String7reserveEj
                0x08006acc       0x60 ..\obj\WString.o
                0x08006acc                String::reserve(unsigned int)
 .text._ZN6String12changeBufferEj
                0x08006b2c       0x44 ..\obj\WString.o
                0x08006b2c                String::changeBuffer(unsigned int)
 .text._ZN6String4copyEPKcj
                0x08006b70       0x4c ..\obj\WString.o
                0x08006b70                String::copy(char const*, unsigned int)
 .text.USBD_CtlSendData
                0x08006bbc       0x48 ..\obj\usbd_ioreq.o
                0x08006bbc                USBD_CtlSendData
 .text.USBD_CtlContinueSendData
                0x08006c04       0x30 ..\obj\usbd_ioreq.o
                0x08006c04                USBD_CtlContinueSendData
 .text.USBD_CtlPrepareRx
                0x08006c34       0x48 ..\obj\usbd_ioreq.o
                0x08006c34                USBD_CtlPrepareRx
 .text.USBD_CtlContinueRx
                0x08006c7c       0x30 ..\obj\usbd_ioreq.o
                0x08006c7c                USBD_CtlContinueRx
 .text.USBD_CtlSendStatus
                0x08006cac       0x3c ..\obj\usbd_ioreq.o
                0x08006cac                USBD_CtlSendStatus
 .text.USBD_CtlReceiveStatus
                0x08006ce8       0x3c ..\obj\usbd_ioreq.o
                0x08006ce8                USBD_CtlReceiveStatus
 .text.TIM_TimeBaseInit
                0x08006d24       0xf4 ..\obj\stm32f4xx_tim.o
                0x08006d24                TIM_TimeBaseInit
 .text.TIM_ARRPreloadConfig
                0x08006e18       0x40 ..\obj\stm32f4xx_tim.o
                0x08006e18                TIM_ARRPreloadConfig
 .text.TIM_Cmd  0x08006e58       0x40 ..\obj\stm32f4xx_tim.o
                0x08006e58                TIM_Cmd
 .text.TIM_OC1Init
                0x08006e98       0xfc ..\obj\stm32f4xx_tim.o
                0x08006e98                TIM_OC1Init
 .text.TIM_OC2Init
                0x08006f94      0x128 ..\obj\stm32f4xx_tim.o
                0x08006f94                TIM_OC2Init
 .text.TIM_OC3Init
                0x080070bc      0x120 ..\obj\stm32f4xx_tim.o
                0x080070bc                TIM_OC3Init
 .text.TIM_OC4Init
                0x080071dc       0xe0 ..\obj\stm32f4xx_tim.o
                0x080071dc                TIM_OC4Init
 .text.TIM_OC1PreloadConfig
                0x080072bc       0x38 ..\obj\stm32f4xx_tim.o
                0x080072bc                TIM_OC1PreloadConfig
 .text.TIM_OC2PreloadConfig
                0x080072f4       0x40 ..\obj\stm32f4xx_tim.o
                0x080072f4                TIM_OC2PreloadConfig
 .text.TIM_OC3PreloadConfig
                0x08007334       0x38 ..\obj\stm32f4xx_tim.o
                0x08007334                TIM_OC3PreloadConfig
 .text.TIM_OC4PreloadConfig
                0x0800736c       0x40 ..\obj\stm32f4xx_tim.o
                0x0800736c                TIM_OC4PreloadConfig
 .text.__fpclassifyd
                0x080073ac       0x68 ..\..\..\..\..\..\..\..\..\Program Files (x86)\GNU Tools ARM Embedded\4.7 2012q4\arm-none-eabi\lib\armv7-m\libm.a(lib_a-s_fpclassify.o)
                0x080073ac                __fpclassifyd
 .text          0x08007414      0x370 c:/program files (x86)/gnu tools arm embedded/4.7 2012q4/bin/../lib/gcc/arm-none-eabi/4.7.3/armv7e-m\libgcc.a(_arm_addsubdf3.o)
                0x08007414                __aeabi_drsub
                0x0800741c                __aeabi_dsub
                0x0800741c                __subdf3
                0x08007420                __aeabi_dadd
                0x08007420                __adddf3
                0x08007698                __floatunsidf
                0x08007698                __aeabi_ui2d
                0x080076b8                __floatsidf
                0x080076b8                __aeabi_i2d
                0x080076dc                __aeabi_f2d
                0x080076dc                __extendsfdf2
                0x08007718                __floatundidf
                0x08007718                __aeabi_ul2d
                0x08007728                __floatdidf
                0x08007728                __aeabi_l2d
 .text          0x08007784      0x424 c:/program files (x86)/gnu tools arm embedded/4.7 2012q4/bin/../lib/gcc/arm-none-eabi/4.7.3/armv7e-m\libgcc.a(_arm_muldivdf3.o)
                0x08007784                __aeabi_dmul
                0x08007784                __muldf3
                0x080079d8                __divdf3
                0x080079d8                __aeabi_ddiv
 .text          0x08007ba8      0x110 c:/program files (x86)/gnu tools arm embedded/4.7 2012q4/bin/../lib/gcc/arm-none-eabi/4.7.3/armv7e-m\libgcc.a(_arm_cmpdf2.o)
                0x08007ba8                __gtdf2
                0x08007ba8                __gedf2
                0x08007bb0                __ltdf2
                0x08007bb0                __ledf2
                0x08007bb8                __nedf2
                0x08007bb8                __eqdf2
                0x08007bb8                __cmpdf2
                0x08007c34                __aeabi_cdrcmple
                0x08007c44                __aeabi_cdcmpeq
                0x08007c44                __aeabi_cdcmple
                0x08007c54                __aeabi_dcmpeq
                0x08007c68                __aeabi_dcmplt
                0x08007c7c                __aeabi_dcmple
                0x08007c90                __aeabi_dcmpge
                0x08007ca4                __aeabi_dcmpgt
 .text          0x08007cb8       0x50 c:/program files (x86)/gnu tools arm embedded/4.7 2012q4/bin/../lib/gcc/arm-none-eabi/4.7.3/armv7e-m\libgcc.a(_arm_fixdfsi.o)
                0x08007cb8                __aeabi_d2iz
                0x08007cb8                __fixdfsi
 .text          0x08007d08      0xba4 c:/program files (x86)/gnu tools arm embedded/4.7 2012q4/bin/../lib/gcc/arm-none-eabi/4.7.3/armv7e-m\libgcc.a(unwind-arm.o)
                0x08007fcc                _Unwind_GetCFA
                0x08007fd0                __gnu_Unwind_RaiseException
                0x08008030                __gnu_Unwind_ForcedUnwind
                0x08008048                __gnu_Unwind_Resume
                0x0800808c                __gnu_Unwind_Resume_or_Rethrow
                0x080080a4                _Unwind_Complete
                0x080080a8                _Unwind_DeleteException
                0x080080b8                _Unwind_VRS_Get
                0x080080f4                _Unwind_VRS_Set
                0x08008490                __aeabi_unwind_cpp_pr2
                0x08008498                __aeabi_unwind_cpp_pr1
                0x080084a0                __aeabi_unwind_cpp_pr0
                0x080084a8                __gnu_Unwind_Backtrace
                0x08008514                _Unwind_VRS_Pop
 .text          0x080088ac      0x1ac c:/program files (x86)/gnu tools arm embedded/4.7 2012q4/bin/../lib/gcc/arm-none-eabi/4.7.3/armv7e-m\libgcc.a(libunwind.o)
                0x080088ac                __restore_core_regs
                0x080088ac                restore_core_regs
                0x080088c4                __gnu_Unwind_Restore_VFP
                0x080088cc                __gnu_Unwind_Save_VFP
                0x080088d4                __gnu_Unwind_Restore_VFP_D
                0x080088dc                __gnu_Unwind_Save_VFP_D
                0x080088e4                __gnu_Unwind_Restore_VFP_D_16_to_31
                0x080088ec                __gnu_Unwind_Save_VFP_D_16_to_31
                0x080088f4                __gnu_Unwind_Restore_WMMXD
                0x08008938                __gnu_Unwind_Save_WMMXD
                0x0800897c                __gnu_Unwind_Restore_WMMXC
                0x08008990                __gnu_Unwind_Save_WMMXC
                0x080089a4                ___Unwind_RaiseException
                0x080089a4                _Unwind_RaiseException
                0x080089c8                _Unwind_Resume
                0x080089c8                ___Unwind_Resume
                0x080089ec                _Unwind_Resume_or_Rethrow
                0x080089ec                ___Unwind_Resume_or_Rethrow
                0x08008a10                _Unwind_ForcedUnwind
                0x08008a10                ___Unwind_ForcedUnwind
                0x08008a34                ___Unwind_Backtrace
                0x08008a34                _Unwind_Backtrace
 .text          0x08008a58      0x3a0 c:/program files (x86)/gnu tools arm embedded/4.7 2012q4/bin/../lib/gcc/arm-none-eabi/4.7.3/armv7e-m\libgcc.a(pr-support.o)
                0x08008aa4                __gnu_unwind_execute
                0x08008da0                __gnu_unwind_frame
                0x08008dc8                _Unwind_GetRegionStart
                0x08008dd4                _Unwind_GetLanguageSpecificData
                0x08008de8                _Unwind_GetDataRelBase
                0x08008df0                _Unwind_GetTextRelBase
 .text.__register_exitproc
                0x08008df8       0xac ..\..\..\..\..\..\..\..\..\Program Files (x86)\GNU Tools ARM Embedded\4.7 2012q4\arm-none-eabi\lib\armv7-m\libc.a(lib_a-__atexit.o)
                0x08008df8                __register_exitproc
 .text.__aeabi_atexit
                0x08008ea4        0xc ..\..\..\..\..\..\..\..\..\Program Files (x86)\GNU Tools ARM Embedded\4.7 2012q4\arm-none-eabi\lib\armv7-m\libc.a(lib_a-aeabi_atexit.o)
                0x08008ea4                __aeabi_atexit
 .text.__cxa_atexit
                0x08008eb0       0x14 ..\..\..\..\..\..\..\..\..\Program Files (x86)\GNU Tools ARM Embedded\4.7 2012q4\arm-none-eabi\lib\armv7-m\libc.a(lib_a-cxa_atexit.o)
                0x08008eb0                __cxa_atexit
 .text.exit     0x08008ec4       0x20 ..\..\..\..\..\..\..\..\..\Program Files (x86)\GNU Tools ARM Embedded\4.7 2012q4\arm-none-eabi\lib\armv7-m\libc.a(lib_a-exit.o)
                0x08008ec4                exit
 .text.__libc_fini_array
                0x08008ee4       0x50 ..\..\..\..\..\..\..\..\..\Program Files (x86)\GNU Tools ARM Embedded\4.7 2012q4\arm-none-eabi\lib\armv7-m\libc.a(lib_a-fini.o)
                0x08008ee4                __libc_fini_array
 .text.__libc_init_array
                0x08008f34       0x94 ..\..\..\..\..\..\..\..\..\Program Files (x86)\GNU Tools ARM Embedded\4.7 2012q4\arm-none-eabi\lib\armv7-m\libc.a(lib_a-init.o)
                0x08008f34                __libc_init_array
 .text.malloc   0x08008fc8       0x10 ..\..\..\..\..\..\..\..\..\Program Files (x86)\GNU Tools ARM Embedded\4.7 2012q4\arm-none-eabi\lib\armv7-m\libc.a(lib_a-malloc.o)
                0x08008fc8                malloc
 .text.free     0x08008fd8       0x10 ..\..\..\..\..\..\..\..\..\Program Files (x86)\GNU Tools ARM Embedded\4.7 2012q4\arm-none-eabi\lib\armv7-m\libc.a(lib_a-malloc.o)
                0x08008fd8                free
 .text._malloc_r
                0x08008fe8      0x530 ..\..\..\..\..\..\..\..\..\Program Files (x86)\GNU Tools ARM Embedded\4.7 2012q4\arm-none-eabi\lib\armv7-m\libc.a(lib_a-mallocr.o)
                0x08008fe8                _malloc_r
 .text.memcpy   0x08009518      0x15c ..\..\..\..\..\..\..\..\..\Program Files (x86)\GNU Tools ARM Embedded\4.7 2012q4\arm-none-eabi\lib\armv7-m\libc.a(lib_a-memcpy.o)
                0x08009518                memcpy
 .text.memmove  0x08009674      0x1b0 ..\..\..\..\..\..\..\..\..\Program Files (x86)\GNU Tools ARM Embedded\4.7 2012q4\arm-none-eabi\lib\armv7-m\libc.a(lib_a-memmove.o)
                0x08009674                memmove
 .text.memset   0x08009824      0x12c ..\..\..\..\..\..\..\..\..\Program Files (x86)\GNU Tools ARM Embedded\4.7 2012q4\arm-none-eabi\lib\armv7-m\libc.a(lib_a-memset.o)
                0x08009824                memset
 .text.__malloc_lock
                0x08009950        0x4 ..\..\..\..\..\..\..\..\..\Program Files (x86)\GNU Tools ARM Embedded\4.7 2012q4\arm-none-eabi\lib\armv7-m\libc.a(lib_a-mlock.o)
                0x08009950                __malloc_lock
 .text.__malloc_unlock
                0x08009954        0x4 ..\..\..\..\..\..\..\..\..\Program Files (x86)\GNU Tools ARM Embedded\4.7 2012q4\arm-none-eabi\lib\armv7-m\libc.a(lib_a-mlock.o)
                0x08009954                __malloc_unlock
 .text.realloc  0x08009958       0x18 ..\..\..\..\..\..\..\..\..\Program Files (x86)\GNU Tools ARM Embedded\4.7 2012q4\arm-none-eabi\lib\armv7-m\libc.a(lib_a-realloc.o)
                0x08009958                realloc
 .text._realloc_r
                0x08009970      0x3ec ..\..\..\..\..\..\..\..\..\Program Files (x86)\GNU Tools ARM Embedded\4.7 2012q4\arm-none-eabi\lib\armv7-m\libc.a(lib_a-reallocr.o)
                0x08009970                _realloc_r
 .text._sbrk_r  0x08009d5c       0x24 ..\..\..\..\..\..\..\..\..\Program Files (x86)\GNU Tools ARM Embedded\4.7 2012q4\arm-none-eabi\lib\armv7-m\libc.a(lib_a-sbrkr.o)
                0x08009d5c                _sbrk_r
 .text.sprintf  0x08009d80       0x50 ..\..\..\..\..\..\..\..\..\Program Files (x86)\GNU Tools ARM Embedded\4.7 2012q4\arm-none-eabi\lib\armv7-m\libc.a(lib_a-sprintf.o)
                0x08009d80                sprintf
 .text.strcmp   0x08009dd0       0x80 ..\..\..\..\..\..\..\..\..\Program Files (x86)\GNU Tools ARM Embedded\4.7 2012q4\arm-none-eabi\lib\armv7-m\libc.a(lib_a-strcmp.o)
                0x08009dd0                strcmp
 .text.strcmp_unaligned
                0x08009e50      0x15c ..\..\..\..\..\..\..\..\..\Program Files (x86)\GNU Tools ARM Embedded\4.7 2012q4\arm-none-eabi\lib\armv7-m\libc.a(lib_a-strcmp.o)
 .text.strcpy   0x08009fac       0xbc ..\..\..\..\..\..\..\..\..\Program Files (x86)\GNU Tools ARM Embedded\4.7 2012q4\arm-none-eabi\lib\armv7-m\libc.a(lib_a-strcpy.o)
                0x08009fac                strcpy
 .text.strlen   0x0800a068       0x60 ..\..\..\..\..\..\..\..\..\Program Files (x86)\GNU Tools ARM Embedded\4.7 2012q4\arm-none-eabi\lib\armv7-m\libc.a(lib_a-strlen.o)
                0x0800a068                strlen
 .text.strncmp  0x0800a0c8      0x120 ..\..\..\..\..\..\..\..\..\Program Files (x86)\GNU Tools ARM Embedded\4.7 2012q4\arm-none-eabi\lib\armv7-m\libc.a(lib_a-strncmp.o)
                0x0800a0c8                strncmp
 .text._svfprintf_r
                0x0800a1e8     0x1adc ..\..\..\..\..\..\..\..\..\Program Files (x86)\GNU Tools ARM Embedded\4.7 2012q4\arm-none-eabi\lib\armv7-m\libc.a(lib_a-svfprintf.o)
                0x0800a1e8                _svfprintf_r
 .text.startup.register_fini
                0x0800bcc4       0x14 ..\..\..\..\..\..\..\..\..\Program Files (x86)\GNU Tools ARM Embedded\4.7 2012q4\arm-none-eabi\lib\armv7-m\libc.a(lib_a-__call_atexit.o)
 .text.__call_exitprocs
                0x0800bcd8      0x278 ..\..\..\..\..\..\..\..\..\Program Files (x86)\GNU Tools ARM Embedded\4.7 2012q4\arm-none-eabi\lib\armv7-m\libc.a(lib_a-__call_atexit.o)
                0x0800bcd8                __call_exitprocs
 .text.atexit   0x0800bf50        0xc ..\..\..\..\..\..\..\..\..\Program Files (x86)\GNU Tools ARM Embedded\4.7 2012q4\arm-none-eabi\lib\armv7-m\libc.a(lib_a-atexit.o)
                0x0800bf50                atexit
 .text.quorem   0x0800bf5c      0x2ec ..\..\..\..\..\..\..\..\..\Program Files (x86)\GNU Tools ARM Embedded\4.7 2012q4\arm-none-eabi\lib\armv7-m\libc.a(lib_a-dtoa.o)
 .text._dtoa_r  0x0800c248     0x11f8 ..\..\..\..\..\..\..\..\..\Program Files (x86)\GNU Tools ARM Embedded\4.7 2012q4\arm-none-eabi\lib\armv7-m\libc.a(lib_a-dtoa.o)
                0x0800c248                _dtoa_r
 .text._malloc_trim_r
                0x0800d440       0x98 ..\..\..\..\..\..\..\..\..\Program Files (x86)\GNU Tools ARM Embedded\4.7 2012q4\arm-none-eabi\lib\armv7-m\libc.a(lib_a-freer.o)
                0x0800d440                _malloc_trim_r
 .text._free_r  0x0800d4d8      0x194 ..\..\..\..\..\..\..\..\..\Program Files (x86)\GNU Tools ARM Embedded\4.7 2012q4\arm-none-eabi\lib\armv7-m\libc.a(lib_a-freer.o)
                0x0800d4d8                _free_r
 .text._localeconv_r
                0x0800d66c        0xc ..\..\..\..\..\..\..\..\..\Program Files (x86)\GNU Tools ARM Embedded\4.7 2012q4\arm-none-eabi\lib\armv7-m\libc.a(lib_a-locale.o)
                0x0800d66c                _localeconv_r
 .text.memchr   0x0800d678      0x140 ..\..\..\..\..\..\..\..\..\Program Files (x86)\GNU Tools ARM Embedded\4.7 2012q4\arm-none-eabi\lib\armv7-m\libc.a(lib_a-memchr.o)
                0x0800d678                memchr
 .text.memcmp   0x0800d7b8       0xb8 ..\..\..\..\..\..\..\..\..\Program Files (x86)\GNU Tools ARM Embedded\4.7 2012q4\arm-none-eabi\lib\armv7-m\libc.a(lib_a-memcmp.o)
                0x0800d7b8                memcmp
 .text._Balloc  0x0800d870       0x4c ..\..\..\..\..\..\..\..\..\Program Files (x86)\GNU Tools ARM Embedded\4.7 2012q4\arm-none-eabi\lib\armv7-m\libc.a(lib_a-mprec.o)
                0x0800d870                _Balloc
 .text._Bfree   0x0800d8bc       0x14 ..\..\..\..\..\..\..\..\..\Program Files (x86)\GNU Tools ARM Embedded\4.7 2012q4\arm-none-eabi\lib\armv7-m\libc.a(lib_a-mprec.o)
                0x0800d8bc                _Bfree
 .text.__multadd
                0x0800d8d0       0xfc ..\..\..\..\..\..\..\..\..\Program Files (x86)\GNU Tools ARM Embedded\4.7 2012q4\arm-none-eabi\lib\armv7-m\libc.a(lib_a-mprec.o)
                0x0800d8d0                __multadd
 .text.__hi0bits
                0x0800d9cc       0x3c ..\..\..\..\..\..\..\..\..\Program Files (x86)\GNU Tools ARM Embedded\4.7 2012q4\arm-none-eabi\lib\armv7-m\libc.a(lib_a-mprec.o)
                0x0800d9cc                __hi0bits
 .text.__lo0bits
                0x0800da08       0x5c ..\..\..\..\..\..\..\..\..\Program Files (x86)\GNU Tools ARM Embedded\4.7 2012q4\arm-none-eabi\lib\armv7-m\libc.a(lib_a-mprec.o)
                0x0800da08                __lo0bits
 .text.__i2b    0x0800da64       0x14 ..\..\..\..\..\..\..\..\..\Program Files (x86)\GNU Tools ARM Embedded\4.7 2012q4\arm-none-eabi\lib\armv7-m\libc.a(lib_a-mprec.o)
                0x0800da64                __i2b
 .text.__multiply
                0x0800da78      0x2d0 ..\..\..\..\..\..\..\..\..\Program Files (x86)\GNU Tools ARM Embedded\4.7 2012q4\arm-none-eabi\lib\armv7-m\libc.a(lib_a-mprec.o)
                0x0800da78                __multiply
 .text.__pow5mult
                0x0800dd48       0x94 ..\..\..\..\..\..\..\..\..\Program Files (x86)\GNU Tools ARM Embedded\4.7 2012q4\arm-none-eabi\lib\armv7-m\libc.a(lib_a-mprec.o)
                0x0800dd48                __pow5mult
 .text.__lshift
                0x0800dddc      0x16c ..\..\..\..\..\..\..\..\..\Program Files (x86)\GNU Tools ARM Embedded\4.7 2012q4\arm-none-eabi\lib\armv7-m\libc.a(lib_a-mprec.o)
                0x0800dddc                __lshift
 .text.__mcmp   0x0800df48       0x5c ..\..\..\..\..\..\..\..\..\Program Files (x86)\GNU Tools ARM Embedded\4.7 2012q4\arm-none-eabi\lib\armv7-m\libc.a(lib_a-mprec.o)
                0x0800df48                __mcmp
 .text.__mdiff  0x0800dfa4      0x218 ..\..\..\..\..\..\..\..\..\Program Files (x86)\GNU Tools ARM Embedded\4.7 2012q4\arm-none-eabi\lib\armv7-m\libc.a(lib_a-mprec.o)
                0x0800dfa4                __mdiff
 .text.__d2b    0x0800e1bc       0xc0 ..\..\..\..\..\..\..\..\..\Program Files (x86)\GNU Tools ARM Embedded\4.7 2012q4\arm-none-eabi\lib\armv7-m\libc.a(lib_a-mprec.o)
                0x0800e1bc                __d2b
 .text.__ssprint_r
                0x0800e27c      0x100 ..\..\..\..\..\..\..\..\..\Program Files (x86)\GNU Tools ARM Embedded\4.7 2012q4\arm-none-eabi\lib\armv7-m\libc.a(lib_a-svfiprintf.o)
                0x0800e27c                __ssprint_r
 .text._calloc_r
                0x0800e37c       0x60 ..\..\..\..\..\..\..\..\..\Program Files (x86)\GNU Tools ARM Embedded\4.7 2012q4\arm-none-eabi\lib\armv7-m\libc.a(lib_a-callocr.o)
                0x0800e37c                _calloc_r
 .text._ZNK10__cxxabiv120__si_class_type_info12__do_dyncastEiNS_17__class_type_info10__sub_kindEPKS1_PKvS4_S6_RNS1_16__dyncast_resultE
                0x0800e3dc       0x90 ..\..\..\..\..\..\..\..\..\Program Files (x86)\GNU Tools ARM Embedded\4.7 2012q4\arm-none-eabi\lib\armv7-m\libstdc++.a(si_class_type_info.o)
                0x0800e3dc                __cxxabiv1::__si_class_type_info::__do_dyncast(int, __cxxabiv1::__class_type_info::__sub_kind, __cxxabiv1::__class_type_info const*, void const*, __cxxabiv1::__class_type_info const*, void const*, __cxxabiv1::__class_type_info::__dyncast_result&) const
 .text._ZN10__cxxabiv120__si_class_type_infoD2Ev
                0x0800e46c       0x14 ..\..\..\..\..\..\..\..\..\Program Files (x86)\GNU Tools ARM Embedded\4.7 2012q4\arm-none-eabi\lib\armv7-m\libstdc++.a(si_class_type_info.o)
                0x0800e46c                __cxxabiv1::__si_class_type_info::~__si_class_type_info()
                0x0800e46c                __cxxabiv1::__si_class_type_info::~__si_class_type_info()
 .text._ZN10__cxxabiv120__si_class_type_infoD0Ev
                0x0800e480       0x14 ..\..\..\..\..\..\..\..\..\Program Files (x86)\GNU Tools ARM Embedded\4.7 2012q4\arm-none-eabi\lib\armv7-m\libstdc++.a(si_class_type_info.o)
                0x0800e480                __cxxabiv1::__si_class_type_info::~__si_class_type_info()
 .text._ZNK10__cxxabiv120__si_class_type_info11__do_upcastEPKNS_17__class_type_infoEPKvRNS1_15__upcast_resultE
                0x0800e494       0x24 ..\..\..\..\..\..\..\..\..\Program Files (x86)\GNU Tools ARM Embedded\4.7 2012q4\arm-none-eabi\lib\armv7-m\libstdc++.a(si_class_type_info.o)
                0x0800e494                __cxxabiv1::__si_class_type_info::__do_upcast(__cxxabiv1::__class_type_info const*, void const*, __cxxabiv1::__class_type_info::__upcast_result&) const
 .text._ZNK10__cxxabiv120__si_class_type_info20__do_find_public_srcEiPKvPKNS_17__class_type_infoES2_
                0x0800e4b8       0x34 ..\..\..\..\..\..\..\..\..\Program Files (x86)\GNU Tools ARM Embedded\4.7 2012q4\arm-none-eabi\lib\armv7-m\libstdc++.a(si_class_type_info.o)
                0x0800e4b8                __cxxabiv1::__si_class_type_info::__do_find_public_src(int, void const*, __cxxabiv1::__class_type_info const*, void const*) const
 .text.__cxa_end_cleanup
                0x0800e4ec        0xc ..\..\..\..\..\..\..\..\..\Program Files (x86)\GNU Tools ARM Embedded\4.7 2012q4\arm-none-eabi\lib\armv7-m\libstdc++.a(eh_arm.o)
                0x0800e4ec                __cxa_end_cleanup
 .text.__cxa_type_match
                0x0800e4f8       0xb0 ..\..\..\..\..\..\..\..\..\Program Files (x86)\GNU Tools ARM Embedded\4.7 2012q4\arm-none-eabi\lib\armv7-m\libstdc++.a(eh_arm.o)
                0x0800e4f8                __cxa_type_match
 .text.__cxa_begin_cleanup
                0x0800e5a8       0x64 ..\..\..\..\..\..\..\..\..\Program Files (x86)\GNU Tools ARM Embedded\4.7 2012q4\arm-none-eabi\lib\armv7-m\libstdc++.a(eh_arm.o)
                0x0800e5a8                __cxa_begin_cleanup
 .text.__gnu_end_cleanup
                0x0800e60c       0x74 ..\..\..\..\..\..\..\..\..\Program Files (x86)\GNU Tools ARM Embedded\4.7 2012q4\arm-none-eabi\lib\armv7-m\libstdc++.a(eh_arm.o)
                0x0800e60c                __gnu_end_cleanup
 .text.__cxa_pure_virtual
                0x0800e680       0x18 ..\..\..\..\..\..\..\..\..\Program Files (x86)\GNU Tools ARM Embedded\4.7 2012q4\arm-none-eabi\lib\armv7-m\libstdc++.a(pure.o)
                0x0800e680                __cxa_pure_virtual
 .text.__cxa_get_globals_fast
                0x0800e698        0xc ..\..\..\..\..\..\..\..\..\Program Files (x86)\GNU Tools ARM Embedded\4.7 2012q4\arm-none-eabi\lib\armv7-m\libstdc++.a(eh_globals.o)
                0x0800e698                __cxa_get_globals_fast
 .text.__cxa_get_globals
                0x0800e6a4        0xc ..\..\..\..\..\..\..\..\..\Program Files (x86)\GNU Tools ARM Embedded\4.7 2012q4\arm-none-eabi\lib\armv7-m\libstdc++.a(eh_globals.o)
                0x0800e6a4                __cxa_get_globals
 .text._ZNSt9exceptionD2Ev
                0x0800e6b0        0xc ..\..\..\..\..\..\..\..\..\Program Files (x86)\GNU Tools ARM Embedded\4.7 2012q4\arm-none-eabi\lib\armv7-m\libstdc++.a(eh_exception.o)
                0x0800e6b0                std::exception::~exception()
                0x0800e6b0                std::exception::~exception()
 .text._ZNSt13bad_exceptionD2Ev
                0x0800e6bc        0xc ..\..\..\..\..\..\..\..\..\Program Files (x86)\GNU Tools ARM Embedded\4.7 2012q4\arm-none-eabi\lib\armv7-m\libstdc++.a(eh_exception.o)
                0x0800e6bc                std::bad_exception::~bad_exception()
                0x0800e6bc                std::bad_exception::~bad_exception()
 .text._ZNKSt9exception4whatEv
                0x0800e6c8        0xc ..\..\..\..\..\..\..\..\..\Program Files (x86)\GNU Tools ARM Embedded\4.7 2012q4\arm-none-eabi\lib\armv7-m\libstdc++.a(eh_exception.o)
                0x0800e6c8                std::exception::what() const
 .text._ZNKSt13bad_exception4whatEv
                0x0800e6d4        0xc ..\..\..\..\..\..\..\..\..\Program Files (x86)\GNU Tools ARM Embedded\4.7 2012q4\arm-none-eabi\lib\armv7-m\libstdc++.a(eh_exception.o)
                0x0800e6d4                std::bad_exception::what() const
 .text._ZNSt9exceptionD0Ev
                0x0800e6e0       0x14 ..\..\..\..\..\..\..\..\..\Program Files (x86)\GNU Tools ARM Embedded\4.7 2012q4\arm-none-eabi\lib\armv7-m\libstdc++.a(eh_exception.o)
                0x0800e6e0                std::exception::~exception()
 .text._ZNSt13bad_exceptionD0Ev
                0x0800e6f4       0x14 ..\..\..\..\..\..\..\..\..\Program Files (x86)\GNU Tools ARM Embedded\4.7 2012q4\arm-none-eabi\lib\armv7-m\libstdc++.a(eh_exception.o)
                0x0800e6f4                std::bad_exception::~bad_exception()
 .text._ZdlPv   0x0800e708        0x8 ..\..\..\..\..\..\..\..\..\Program Files (x86)\GNU Tools ARM Embedded\4.7 2012q4\arm-none-eabi\lib\armv7-m\libstdc++.a(del_op.o)
                0x0800e708                operator delete(void*)
 .text._ZNK10__cxxabiv117__class_type_info11__do_upcastEPKS0_PPv
                0x0800e710       0x38 ..\..\..\..\..\..\..\..\..\Program Files (x86)\GNU Tools ARM Embedded\4.7 2012q4\arm-none-eabi\lib\armv7-m\libstdc++.a(class_type_info.o)
                0x0800e710                __cxxabiv1::__class_type_info::__do_upcast(__cxxabiv1::__class_type_info const*, void**) const
 .text._ZNK10__cxxabiv117__class_type_info20__do_find_public_srcEiPKvPKS0_S2_
                0x0800e748        0xc ..\..\..\..\..\..\..\..\..\Program Files (x86)\GNU Tools ARM Embedded\4.7 2012q4\arm-none-eabi\lib\armv7-m\libstdc++.a(class_type_info.o)
                0x0800e748                __cxxabiv1::__class_type_info::__do_find_public_src(int, void const*, __cxxabiv1::__class_type_info const*, void const*) const
 .text._ZNK10__cxxabiv117__class_type_info11__do_upcastEPKS0_PKvRNS0_15__upcast_resultE
                0x0800e754       0x1c ..\..\..\..\..\..\..\..\..\Program Files (x86)\GNU Tools ARM Embedded\4.7 2012q4\arm-none-eabi\lib\armv7-m\libstdc++.a(class_type_info.o)
                0x0800e754                __cxxabiv1::__class_type_info::__do_upcast(__cxxabiv1::__class_type_info const*, void const*, __cxxabiv1::__class_type_info::__upcast_result&) const
 .text._ZN10__cxxabiv117__class_type_infoD2Ev
                0x0800e770       0x14 ..\..\..\..\..\..\..\..\..\Program Files (x86)\GNU Tools ARM Embedded\4.7 2012q4\arm-none-eabi\lib\armv7-m\libstdc++.a(class_type_info.o)
                0x0800e770                __cxxabiv1::__class_type_info::~__class_type_info()
                0x0800e770                __cxxabiv1::__class_type_info::~__class_type_info()
 .text._ZN10__cxxabiv117__class_type_infoD0Ev
                0x0800e784       0x14 ..\..\..\..\..\..\..\..\..\Program Files (x86)\GNU Tools ARM Embedded\4.7 2012q4\arm-none-eabi\lib\armv7-m\libstdc++.a(class_type_info.o)
                0x0800e784                __cxxabiv1::__class_type_info::~__class_type_info()
 .text._ZNK10__cxxabiv117__class_type_info12__do_dyncastEiNS0_10__sub_kindEPKS0_PKvS3_S5_RNS0_16__dyncast_resultE
                0x0800e798       0x40 ..\..\..\..\..\..\..\..\..\Program Files (x86)\GNU Tools ARM Embedded\4.7 2012q4\arm-none-eabi\lib\armv7-m\libstdc++.a(class_type_info.o)
                0x0800e798                __cxxabiv1::__class_type_info::__do_dyncast(int, __cxxabiv1::__class_type_info::__sub_kind, __cxxabiv1::__class_type_info const*, void const*, __cxxabiv1::__class_type_info const*, void const*, __cxxabiv1::__class_type_info::__dyncast_result&) const
 .text._ZNK10__cxxabiv117__class_type_info10__do_catchEPKSt9type_infoPPvj
                0x0800e7d8       0x28 ..\..\..\..\..\..\..\..\..\Program Files (x86)\GNU Tools ARM Embedded\4.7 2012q4\arm-none-eabi\lib\armv7-m\libstdc++.a(class_type_info.o)
                0x0800e7d8                __cxxabiv1::__class_type_info::__do_catch(std::type_info const*, void**, unsigned int) const
 .text._ZL12read_sleb128PKhPl
                0x0800e800       0x3c ..\..\..\..\..\..\..\..\..\Program Files (x86)\GNU Tools ARM Embedded\4.7 2012q4\arm-none-eabi\lib\armv7-m\libstdc++.a(eh_personality.o)
 .text._ZL28read_encoded_value_with_basehjPKhPj
                0x0800e83c       0xb0 ..\..\..\..\..\..\..\..\..\Program Files (x86)\GNU Tools ARM Embedded\4.7 2012q4\arm-none-eabi\lib\armv7-m\libstdc++.a(eh_personality.o)
 .text._ZL21base_of_encoded_valuehP15_Unwind_Context
                0x0800e8ec       0x4c ..\..\..\..\..\..\..\..\..\Program Files (x86)\GNU Tools ARM Embedded\4.7 2012q4\arm-none-eabi\lib\armv7-m\libstdc++.a(eh_personality.o)
 .text._ZL17parse_lsda_headerP15_Unwind_ContextPKhP16lsda_header_info
                0x0800e938       0x94 ..\..\..\..\..\..\..\..\..\Program Files (x86)\GNU Tools ARM Embedded\4.7 2012q4\arm-none-eabi\lib\armv7-m\libstdc++.a(eh_personality.o)
 .text.__gxx_personality_v0
                0x0800e9cc      0x3f8 ..\..\..\..\..\..\..\..\..\Program Files (x86)\GNU Tools ARM Embedded\4.7 2012q4\arm-none-eabi\lib\armv7-m\libstdc++.a(eh_personality.o)
                0x0800e9cc                __gxx_personality_v0
 .text._ZN10__cxxabiv111__terminateEPFvvE
                0x0800edc4       0x28 ..\..\..\..\..\..\..\..\..\Program Files (x86)\GNU Tools ARM Embedded\4.7 2012q4\arm-none-eabi\lib\armv7-m\libstdc++.a(eh_terminate.o)
                0x0800edc4                __cxxabiv1::__terminate(void (*)())
 .text._ZSt9terminatev
                0x0800edec       0x10 ..\..\..\..\..\..\..\..\..\Program Files (x86)\GNU Tools ARM Embedded\4.7 2012q4\arm-none-eabi\lib\armv7-m\libstdc++.a(eh_terminate.o)
                0x0800edec                std::terminate()
 .text._ZN10__cxxabiv112__unexpectedEPFvvE
                0x0800edfc        0x8 ..\..\..\..\..\..\..\..\..\Program Files (x86)\GNU Tools ARM Embedded\4.7 2012q4\arm-none-eabi\lib\armv7-m\libstdc++.a(eh_terminate.o)
                0x0800edfc                __cxxabiv1::__unexpected(void (*)())
 .text._ZSt10unexpectedv
                0x0800ee04       0x10 ..\..\..\..\..\..\..\..\..\Program Files (x86)\GNU Tools ARM Embedded\4.7 2012q4\arm-none-eabi\lib\armv7-m\libstdc++.a(eh_terminate.o)
                0x0800ee04                std::unexpected()
 .text._ZNSt9type_infoD2Ev
                0x0800ee14        0xc ..\..\..\..\..\..\..\..\..\Program Files (x86)\GNU Tools ARM Embedded\4.7 2012q4\arm-none-eabi\lib\armv7-m\libstdc++.a(tinfo.o)
                0x0800ee14                std::type_info::~type_info()
                0x0800ee14                std::type_info::~type_info()
 .text._ZNKSt9type_info14__is_pointer_pEv
                0x0800ee20        0x4 ..\..\..\..\..\..\..\..\..\Program Files (x86)\GNU Tools ARM Embedded\4.7 2012q4\arm-none-eabi\lib\armv7-m\libstdc++.a(tinfo.o)
                0x0800ee20                std::type_info::__is_pointer_p() const
 .text._ZNKSt9type_info15__is_function_pEv
                0x0800ee24        0x4 ..\..\..\..\..\..\..\..\..\Program Files (x86)\GNU Tools ARM Embedded\4.7 2012q4\arm-none-eabi\lib\armv7-m\libstdc++.a(tinfo.o)
                0x0800ee24                std::type_info::__is_function_p() const
 .text._ZNKSt9type_info11__do_upcastEPKN10__cxxabiv117__class_type_infoEPPv
                0x0800ee28        0x4 ..\..\..\..\..\..\..\..\..\Program Files (x86)\GNU Tools ARM Embedded\4.7 2012q4\arm-none-eabi\lib\armv7-m\libstdc++.a(tinfo.o)
                0x0800ee28                std::type_info::__do_upcast(__cxxabiv1::__class_type_info const*, void**) const
 .text._ZNSt9type_infoD0Ev
                0x0800ee2c       0x14 ..\..\..\..\..\..\..\..\..\Program Files (x86)\GNU Tools ARM Embedded\4.7 2012q4\arm-none-eabi\lib\armv7-m\libstdc++.a(tinfo.o)
                0x0800ee2c                std::type_info::~type_info()
 .text._ZNKSt9type_infoeqERKS_
                0x0800ee40       0x28 ..\..\..\..\..\..\..\..\..\Program Files (x86)\GNU Tools ARM Embedded\4.7 2012q4\arm-none-eabi\lib\armv7-m\libstdc++.a(tinfo.o)
                0x0800ee40                std::type_info::operator==(std::type_info const&) const
 .text._ZNKSt9type_info10__do_catchEPKS_PPvj
                0x0800ee68        0x4 ..\..\..\..\..\..\..\..\..\Program Files (x86)\GNU Tools ARM Embedded\4.7 2012q4\arm-none-eabi\lib\armv7-m\libstdc++.a(tinfo.o)
                0x0800ee68                std::type_info::__do_catch(std::type_info const*, void**, unsigned int) const
 .text._ZN10__cxxabiv1L24__is_gxx_exception_classEPc
                0x0800ee6c       0x3c ..\..\..\..\..\..\..\..\..\Program Files (x86)\GNU Tools ARM Embedded\4.7 2012q4\arm-none-eabi\lib\armv7-m\libstdc++.a(eh_call.o)
 .text.__cxa_call_terminate
                0x0800eea8       0x20 ..\..\..\..\..\..\..\..\..\Program Files (x86)\GNU Tools ARM Embedded\4.7 2012q4\arm-none-eabi\lib\armv7-m\libstdc++.a(eh_call.o)
                0x0800eea8                __cxa_call_terminate
 .text.__cxa_call_unexpected
                0x0800eec8       0xe4 ..\..\..\..\..\..\..\..\..\Program Files (x86)\GNU Tools ARM Embedded\4.7 2012q4\arm-none-eabi\lib\armv7-m\libstdc++.a(eh_call.o)
                0x0800eec8                __cxa_call_unexpected
 .text.__cxa_begin_catch
                0x0800efac       0x8c ..\..\..\..\..\..\..\..\..\Program Files (x86)\GNU Tools ARM Embedded\4.7 2012q4\arm-none-eabi\lib\armv7-m\libstdc++.a(eh_catch.o)
                0x0800efac                __cxa_begin_catch
 .text.__cxa_end_catch
                0x0800f038       0x8c ..\..\..\..\..\..\..\..\..\Program Files (x86)\GNU Tools ARM Embedded\4.7 2012q4\arm-none-eabi\lib\armv7-m\libstdc++.a(eh_catch.o)
                0x0800f038                __cxa_end_catch
 .text._ZL23__gxx_exception_cleanup19_Unwind_Reason_CodeP21_Unwind_Control_Block
                0x0800f0c4       0x44 ..\..\..\..\..\..\..\..\..\Program Files (x86)\GNU Tools ARM Embedded\4.7 2012q4\arm-none-eabi\lib\armv7-m\libstdc++.a(eh_throw.o)
 .text.__cxa_throw
                0x0800f108       0x7c ..\..\..\..\..\..\..\..\..\Program Files (x86)\GNU Tools ARM Embedded\4.7 2012q4\arm-none-eabi\lib\armv7-m\libstdc++.a(eh_throw.o)
                0x0800f108                __cxa_throw
 .text.__cxa_rethrow
                0x0800f184       0x70 ..\..\..\..\..\..\..\..\..\Program Files (x86)\GNU Tools ARM Embedded\4.7 2012q4\arm-none-eabi\lib\armv7-m\libstdc++.a(eh_throw.o)
                0x0800f184                __cxa_rethrow
 .text.__cxa_allocate_exception
                0x0800f1f4       0x70 ..\..\..\..\..\..\..\..\..\Program Files (x86)\GNU Tools ARM Embedded\4.7 2012q4\arm-none-eabi\lib\armv7-m\libstdc++.a(eh_alloc.o)
                0x0800f1f4                __cxa_allocate_exception
 .text.__cxa_free_exception
                0x0800f264       0x34 ..\..\..\..\..\..\..\..\..\Program Files (x86)\GNU Tools ARM Embedded\4.7 2012q4\arm-none-eabi\lib\armv7-m\libstdc++.a(eh_alloc.o)
                0x0800f264                __cxa_free_exception
 .text._ZN9__gnu_cxx27__verbose_terminate_handlerEv
                0x0800f298      0x110 ..\..\..\..\..\..\..\..\..\Program Files (x86)\GNU Tools ARM Embedded\4.7 2012q4\arm-none-eabi\lib\armv7-m\libstdc++.a(vterminate.o)
                0x0800f298                __gnu_cxx::__verbose_terminate_handler()
 .text.__cxa_current_exception_type
                0x0800f3a8       0x1c ..\..\..\..\..\..\..\..\..\Program Files (x86)\GNU Tools ARM Embedded\4.7 2012q4\arm-none-eabi\lib\armv7-m\libstdc++.a(eh_type.o)
                0x0800f3a8                __cxa_current_exception_type
 .text          0x0800f3c4     0x9bac ..\..\..\..\..\..\..\..\..\Program Files (x86)\GNU Tools ARM Embedded\4.7 2012q4\arm-none-eabi\lib\armv7-m\libstdc++.a(cp-demangle.o)
                0x08018e8c                __cxa_demangle
                0x08018f54                __gcclibcxx_demangle_callback
 .text._exit    0x08018f70        0x4 ..\..\..\..\..\..\..\..\..\Program Files (x86)\GNU Tools ARM Embedded\4.7 2012q4\arm-none-eabi\lib\armv7-m\libnosys.a(_exit.o)
                0x08018f70                _exit
 .text          0x08018f74       0x2c c:/program files (x86)/gnu tools arm embedded/4.7 2012q4/bin/../lib/gcc/arm-none-eabi/4.7.3/armv7e-m\libgcc.a(_aeabi_uldivmod.o)
                0x08018f74                __aeabi_uldivmod
 .text          0x08018fa0       0x58 c:/program files (x86)/gnu tools arm embedded/4.7 2012q4/bin/../lib/gcc/arm-none-eabi/4.7.3/armv7e-m\libgcc.a(bpabi.o)
                0x08018fa0                __gnu_ldivmod_helper
                0x08018fcc                __gnu_uldivmod_helper
 .text          0x08018ff8        0x4 c:/program files (x86)/gnu tools arm embedded/4.7 2012q4/bin/../lib/gcc/arm-none-eabi/4.7.3/armv7e-m\libgcc.a(_dvmd_tls.o)
                0x08018ff8                __aeabi_idiv0
                0x08018ff8                __aeabi_ldiv0
 .text          0x08018ffc      0x2bc c:/program files (x86)/gnu tools arm embedded/4.7 2012q4/bin/../lib/gcc/arm-none-eabi/4.7.3/armv7e-m\libgcc.a(_divdi3.o)
                0x08018ffc                __divdi3
 .text          0x080192b8      0x288 c:/program files (x86)/gnu tools arm embedded/4.7 2012q4/bin/../lib/gcc/arm-none-eabi/4.7.3/armv7e-m\libgcc.a(_udivdi3.o)
                0x080192b8                __udivdi3
 .text.fputc    0x08019540       0x28 ..\..\..\..\..\..\..\..\..\Program Files (x86)\GNU Tools ARM Embedded\4.7 2012q4\arm-none-eabi\lib\armv7-m\libg.a(lib_a-fputc.o)
                0x08019540                fputc
 .text._fputs_r
                0x08019568       0x50 ..\..\..\..\..\..\..\..\..\Program Files (x86)\GNU Tools ARM Embedded\4.7 2012q4\arm-none-eabi\lib\armv7-m\libg.a(lib_a-fputs.o)
                0x08019568                _fputs_r
 .text.fputs    0x080195b8       0x18 ..\..\..\..\..\..\..\..\..\Program Files (x86)\GNU Tools ARM Embedded\4.7 2012q4\arm-none-eabi\lib\armv7-m\libg.a(lib_a-fputs.o)
                0x080195b8                fputs
 .text.__sfvwrite_r
                0x080195d0      0x314 ..\..\..\..\..\..\..\..\..\Program Files (x86)\GNU Tools ARM Embedded\4.7 2012q4\arm-none-eabi\lib\armv7-m\libg.a(lib_a-fvwrite.o)
                0x080195d0                __sfvwrite_r
 .text._fwrite_r
                0x080198e4       0x60 ..\..\..\..\..\..\..\..\..\Program Files (x86)\GNU Tools ARM Embedded\4.7 2012q4\arm-none-eabi\lib\armv7-m\libg.a(lib_a-fwrite.o)
                0x080198e4                _fwrite_r
 .text.fwrite   0x08019944       0x28 ..\..\..\..\..\..\..\..\..\Program Files (x86)\GNU Tools ARM Embedded\4.7 2012q4\arm-none-eabi\lib\armv7-m\libg.a(lib_a-fwrite.o)
                0x08019944                fwrite
 .text._putc_r  0x0801996c       0x60 ..\..\..\..\..\..\..\..\..\Program Files (x86)\GNU Tools ARM Embedded\4.7 2012q4\arm-none-eabi\lib\armv7-m\libg.a(lib_a-putc.o)
                0x0801996c                _putc_r
 .text.write    0x080199cc       0x1c ..\..\..\..\..\..\..\..\..\Program Files (x86)\GNU Tools ARM Embedded\4.7 2012q4\arm-none-eabi\lib\armv7-m\libg.a(lib_a-syswrite.o)
                0x080199cc                write
 .text.__swbuf_r
                0x080199e8       0xbc ..\..\..\..\..\..\..\..\..\Program Files (x86)\GNU Tools ARM Embedded\4.7 2012q4\arm-none-eabi\lib\armv7-m\libg.a(lib_a-wbuf.o)
                0x080199e8                __swbuf_r
 .text._write_r
                0x08019aa4       0x28 ..\..\..\..\..\..\..\..\..\Program Files (x86)\GNU Tools ARM Embedded\4.7 2012q4\arm-none-eabi\lib\armv7-m\libg.a(lib_a-writer.o)
                0x08019aa4                _write_r
 .text.__swsetup_r
                0x08019acc       0xc4 ..\..\..\..\..\..\..\..\..\Program Files (x86)\GNU Tools ARM Embedded\4.7 2012q4\arm-none-eabi\lib\armv7-m\libg.a(lib_a-wsetup.o)
                0x08019acc                __swsetup_r
 .text._fflush_r
                0x08019b90      0x164 ..\..\..\..\..\..\..\..\..\Program Files (x86)\GNU Tools ARM Embedded\4.7 2012q4\arm-none-eabi\lib\armv7-m\libg.a(lib_a-fflush.o)
                0x08019b90                _fflush_r
 .text._cleanup_r
                0x08019cf4        0xc ..\..\..\..\..\..\..\..\..\Program Files (x86)\GNU Tools ARM Embedded\4.7 2012q4\arm-none-eabi\lib\armv7-m\libg.a(lib_a-findfp.o)
                0x08019cf4                _cleanup_r
 .text.std.isra.0
                0x08019d00       0x50 ..\..\..\..\..\..\..\..\..\Program Files (x86)\GNU Tools ARM Embedded\4.7 2012q4\arm-none-eabi\lib\armv7-m\libg.a(lib_a-findfp.o)
 .text.__sinit  0x08019d50       0x4c ..\..\..\..\..\..\..\..\..\Program Files (x86)\GNU Tools ARM Embedded\4.7 2012q4\arm-none-eabi\lib\armv7-m\libg.a(lib_a-findfp.o)
                0x08019d50                __sinit
 .text.__sfp_lock_acquire
                0x08019d9c        0x4 ..\..\..\..\..\..\..\..\..\Program Files (x86)\GNU Tools ARM Embedded\4.7 2012q4\arm-none-eabi\lib\armv7-m\libg.a(lib_a-findfp.o)
                0x08019d9c                __sfp_lock_acquire
 .text.__sfp_lock_release
                0x08019da0        0x4 ..\..\..\..\..\..\..\..\..\Program Files (x86)\GNU Tools ARM Embedded\4.7 2012q4\arm-none-eabi\lib\armv7-m\libg.a(lib_a-findfp.o)
                0x08019da0                __sfp_lock_release
 .text._fwalk   0x08019da4       0xb8 ..\..\..\..\..\..\..\..\..\Program Files (x86)\GNU Tools ARM Embedded\4.7 2012q4\arm-none-eabi\lib\armv7-m\libg.a(lib_a-fwalk.o)
                0x08019da4                _fwalk
 .text.__smakebuf_r
                0x08019e5c       0xe8 ..\..\..\..\..\..\..\..\..\Program Files (x86)\GNU Tools ARM Embedded\4.7 2012q4\arm-none-eabi\lib\armv7-m\libg.a(lib_a-makebuf.o)
                0x08019e5c                __smakebuf_r
 .text.__sread  0x08019f44       0x24 ..\..\..\..\..\..\..\..\..\Program Files (x86)\GNU Tools ARM Embedded\4.7 2012q4\arm-none-eabi\lib\armv7-m\libg.a(lib_a-stdio.o)
                0x08019f44                __sread
 .text.__swrite
                0x08019f68       0x44 ..\..\..\..\..\..\..\..\..\Program Files (x86)\GNU Tools ARM Embedded\4.7 2012q4\arm-none-eabi\lib\armv7-m\libg.a(lib_a-stdio.o)
                0x08019f68                __swrite
 .text.__sseek  0x08019fac       0x24 ..\..\..\..\..\..\..\..\..\Program Files (x86)\GNU Tools ARM Embedded\4.7 2012q4\arm-none-eabi\lib\armv7-m\libg.a(lib_a-stdio.o)
                0x08019fac                __sseek
 .text.__sclose
                0x08019fd0        0x8 ..\..\..\..\..\..\..\..\..\Program Files (x86)\GNU Tools ARM Embedded\4.7 2012q4\arm-none-eabi\lib\armv7-m\libg.a(lib_a-stdio.o)
                0x08019fd0                __sclose
 .text._close_r
                0x08019fd8       0x24 ..\..\..\..\..\..\..\..\..\Program Files (x86)\GNU Tools ARM Embedded\4.7 2012q4\arm-none-eabi\lib\armv7-m\libg.a(lib_a-closer.o)
                0x08019fd8                _close_r
 .text._fclose_r
                0x08019ffc       0x94 ..\..\..\..\..\..\..\..\..\Program Files (x86)\GNU Tools ARM Embedded\4.7 2012q4\arm-none-eabi\lib\armv7-m\libg.a(lib_a-fclose.o)
                0x08019ffc                _fclose_r
 .text.fclose   0x0801a090       0x10 ..\..\..\..\..\..\..\..\..\Program Files (x86)\GNU Tools ARM Embedded\4.7 2012q4\arm-none-eabi\lib\armv7-m\libg.a(lib_a-fclose.o)
                0x0801a090                fclose
 .text._fstat_r
                0x0801a0a0       0x28 ..\..\..\..\..\..\..\..\..\Program Files (x86)\GNU Tools ARM Embedded\4.7 2012q4\arm-none-eabi\lib\armv7-m\libg.a(lib_a-fstatr.o)
                0x0801a0a0                _fstat_r
 .text._isatty_r
                0x0801a0c8       0x24 ..\..\..\..\..\..\..\..\..\Program Files (x86)\GNU Tools ARM Embedded\4.7 2012q4\arm-none-eabi\lib\armv7-m\libg.a(lib_a-isattyr.o)
                0x0801a0c8                _isatty_r
 .text._lseek_r
                0x0801a0ec       0x28 ..\..\..\..\..\..\..\..\..\Program Files (x86)\GNU Tools ARM Embedded\4.7 2012q4\arm-none-eabi\lib\armv7-m\libg.a(lib_a-lseekr.o)
                0x0801a0ec                _lseek_r
 .text._read_r  0x0801a114       0x28 ..\..\..\..\..\..\..\..\..\Program Files (x86)\GNU Tools ARM Embedded\4.7 2012q4\arm-none-eabi\lib\armv7-m\libg.a(lib_a-readr.o)
                0x0801a114                _read_r
 *(.init)
 .init          0x0801a13c        0x4 c:/program files (x86)/gnu tools arm embedded/4.7 2012q4/bin/../lib/gcc/arm-none-eabi/4.7.3/armv7e-m/crti.o
                0x0801a13c                _init
 .init          0x0801a140        0x8 c:/program files (x86)/gnu tools arm embedded/4.7 2012q4/bin/../lib/gcc/arm-none-eabi/4.7.3/armv7e-m/crtn.o
 *(.fini)
 .fini          0x0801a148        0x4 c:/program files (x86)/gnu tools arm embedded/4.7 2012q4/bin/../lib/gcc/arm-none-eabi/4.7.3/armv7e-m/crti.o
                0x0801a148                _fini
 .fini          0x0801a14c        0x8 c:/program files (x86)/gnu tools arm embedded/4.7 2012q4/bin/../lib/gcc/arm-none-eabi/4.7.3/armv7e-m/crtn.o
 *crtbegin.o(.ctors)
 *crtbegin?.o(.ctors)
 *(EXCLUDE_FILE(*crtend.o *crtend?.o) .ctors)
 *(SORT(.ctors.*))
 *(.ctors)
 *crtbegin.o(.dtors)
 *crtbegin?.o(.dtors)
 *(EXCLUDE_FILE(*crtend.o *crtend?.o) .dtors)
 *(SORT(.dtors.*))
 *(.dtors)
 *(.rodata*)
 .rodata        0x0801a154       0x40 ..\obj\TibuBoard.o
 .rodata        0x0801a194        0x8 ..\obj\ArduinoStyle.o
 .rodata        0x0801a19c       0xc8 ..\obj\BasicFunctions.o
                0x0801a19c                GPIOPIN_PIN
                0x0801a1c4                GPIOPIN_CLK
                0x0801a214                GPIO_SOURCE
 .rodata        0x0801a264       0x98 ..\obj\usbd_desc.o
 *fill*         0x0801a2fc        0x4 00
 .rodata        0x0801a300       0x30 ..\obj\Print.o
                0x0801a310                vtable for Print
                0x0801a320                typeinfo for Print
                0x0801a328                typeinfo name for Print
 .rodata        0x0801a330       0x40 ..\obj\USBSerial.o
                0x0801a330                vtable for HardwareSerial
                0x0801a350                typeinfo for HardwareSerial
                0x0801a35c                typeinfo name for HardwareSerial
 .rodata._ZTV6Stream
                0x0801a370       0x20 ..\obj\USBSerial.o
                0x0801a370                vtable for Stream
 .rodata._ZTS6Stream
                0x0801a390        0x8 ..\obj\USBSerial.o
                0x0801a390                typeinfo name for Stream
 .rodata._ZTI6Stream
                0x0801a398        0xc ..\obj\USBSerial.o
                0x0801a398                typeinfo for Stream
 .rodata.str1.4
                0x0801a3a4        0x2 ..\..\..\..\..\..\..\..\..\Program Files (x86)\GNU Tools ARM Embedded\4.7 2012q4\arm-none-eabi\lib\armv7-m\libc.a(lib_a-impure.o)
                                  0x4 (size before relaxing)
 *fill*         0x0801a3a6        0x2 00
 .rodata._global_impure_ptr
                0x0801a3a8        0x4 ..\..\..\..\..\..\..\..\..\Program Files (x86)\GNU Tools ARM Embedded\4.7 2012q4\arm-none-eabi\lib\armv7-m\libc.a(lib_a-impure.o)
                0x0801a3a8                _global_impure_ptr
 .rodata.str1.4
                0x0801a3ac       0x42 ..\..\..\..\..\..\..\..\..\Program Files (x86)\GNU Tools ARM Embedded\4.7 2012q4\arm-none-eabi\lib\armv7-m\libc.a(lib_a-svfprintf.o)
                                 0x44 (size before relaxing)
 *fill*         0x0801a3ee        0x2 00
 .rodata.zeroes.6721
                0x0801a3f0       0x10 ..\..\..\..\..\..\..\..\..\Program Files (x86)\GNU Tools ARM Embedded\4.7 2012q4\arm-none-eabi\lib\armv7-m\libc.a(lib_a-svfprintf.o)
 .rodata.blanks.6720
                0x0801a400       0x10 ..\..\..\..\..\..\..\..\..\Program Files (x86)\GNU Tools ARM Embedded\4.7 2012q4\arm-none-eabi\lib\armv7-m\libc.a(lib_a-svfprintf.o)
 .rodata.str1.4
                0x0801a410       0x10 ..\..\..\..\..\..\..\..\..\Program Files (x86)\GNU Tools ARM Embedded\4.7 2012q4\arm-none-eabi\lib\armv7-m\libc.a(lib_a-dtoa.o)
                                 0x14 (size before relaxing)
 .rodata.str1.4
                0x0801a420        0xa ..\..\..\..\..\..\..\..\..\Program Files (x86)\GNU Tools ARM Embedded\4.7 2012q4\arm-none-eabi\lib\armv7-m\libc.a(lib_a-locale.o)
                                 0x14 (size before relaxing)
 *fill*         0x0801a42a        0x2 00
 .rodata.p05.5242
                0x0801a42c        0xc ..\..\..\..\..\..\..\..\..\Program Files (x86)\GNU Tools ARM Embedded\4.7 2012q4\arm-none-eabi\lib\armv7-m\libc.a(lib_a-mprec.o)
 .rodata.__mprec_tens
                0x0801a438       0xc8 ..\..\..\..\..\..\..\..\..\Program Files (x86)\GNU Tools ARM Embedded\4.7 2012q4\arm-none-eabi\lib\armv7-m\libc.a(lib_a-mprec.o)
                0x0801a438                __mprec_tens
 .rodata.__mprec_bigtens
                0x0801a500       0x28 ..\..\..\..\..\..\..\..\..\Program Files (x86)\GNU Tools ARM Embedded\4.7 2012q4\arm-none-eabi\lib\armv7-m\libc.a(lib_a-mprec.o)
                0x0801a500                __mprec_bigtens
 .rodata._ZTVN10__cxxabiv120__si_class_type_infoE
                0x0801a528       0x30 ..\..\..\..\..\..\..\..\..\Program Files (x86)\GNU Tools ARM Embedded\4.7 2012q4\arm-none-eabi\lib\armv7-m\libstdc++.a(si_class_type_info.o)
                0x0801a528                vtable for __cxxabiv1::__si_class_type_info
 .rodata._ZTIN10__cxxabiv120__si_class_type_infoE
                0x0801a558        0xc ..\..\..\..\..\..\..\..\..\Program Files (x86)\GNU Tools ARM Embedded\4.7 2012q4\arm-none-eabi\lib\armv7-m\libstdc++.a(si_class_type_info.o)
                0x0801a558                typeinfo for __cxxabiv1::__si_class_type_info
 .rodata._ZTSN10__cxxabiv120__si_class_type_infoE
                0x0801a564       0x28 ..\..\..\..\..\..\..\..\..\Program Files (x86)\GNU Tools ARM Embedded\4.7 2012q4\arm-none-eabi\lib\armv7-m\libstdc++.a(si_class_type_info.o)
                0x0801a564                typeinfo name for __cxxabiv1::__si_class_type_info
 .rodata.str1.4
                0x0801a58c       0x3b ..\..\..\..\..\..\..\..\..\Program Files (x86)\GNU Tools ARM Embedded\4.7 2012q4\arm-none-eabi\lib\armv7-m\libstdc++.a(pure.o)
                                 0x3c (size before relaxing)
 *fill*         0x0801a5c7        0x1 00
 .rodata._ZTVSt9exception
                0x0801a5c8       0x18 ..\..\..\..\..\..\..\..\..\Program Files (x86)\GNU Tools ARM Embedded\4.7 2012q4\arm-none-eabi\lib\armv7-m\libstdc++.a(eh_exception.o)
                0x0801a5c8                vtable for std::exception
 .rodata._ZTIN10__cxxabiv115__forced_unwindE
                0x0801a5e0        0x8 ..\..\..\..\..\..\..\..\..\Program Files (x86)\GNU Tools ARM Embedded\4.7 2012q4\arm-none-eabi\lib\armv7-m\libstdc++.a(eh_exception.o)
                0x0801a5e0                typeinfo for __cxxabiv1::__forced_unwind
 .rodata._ZTISt9exception
                0x0801a5e8        0x8 ..\..\..\..\..\..\..\..\..\Program Files (x86)\GNU Tools ARM Embedded\4.7 2012q4\arm-none-eabi\lib\armv7-m\libstdc++.a(eh_exception.o)
                0x0801a5e8                typeinfo for std::exception
 .rodata._ZTSSt13bad_exception
                0x0801a5f0       0x14 ..\..\..\..\..\..\..\..\..\Program Files (x86)\GNU Tools ARM Embedded\4.7 2012q4\arm-none-eabi\lib\armv7-m\libstdc++.a(eh_exception.o)
                0x0801a5f0                typeinfo name for std::bad_exception
 .rodata.str1.4
                0x0801a604       0x23 ..\..\..\..\..\..\..\..\..\Program Files (x86)\GNU Tools ARM Embedded\4.7 2012q4\arm-none-eabi\lib\armv7-m\libstdc++.a(eh_exception.o)
                                 0x24 (size before relaxing)
 *fill*         0x0801a627        0x1 00
 .rodata._ZTSN10__cxxabiv119__foreign_exceptionE
                0x0801a628       0x24 ..\..\..\..\..\..\..\..\..\Program Files (x86)\GNU Tools ARM Embedded\4.7 2012q4\arm-none-eabi\lib\armv7-m\libstdc++.a(eh_exception.o)
                0x0801a628                typeinfo name for __cxxabiv1::__foreign_exception
 .rodata._ZTIN10__cxxabiv119__foreign_exceptionE
                0x0801a64c        0x8 ..\..\..\..\..\..\..\..\..\Program Files (x86)\GNU Tools ARM Embedded\4.7 2012q4\arm-none-eabi\lib\armv7-m\libstdc++.a(eh_exception.o)
                0x0801a64c                typeinfo for __cxxabiv1::__foreign_exception
 *fill*         0x0801a654        0x4 00
 .rodata._ZTVSt13bad_exception
                0x0801a658       0x18 ..\..\..\..\..\..\..\..\..\Program Files (x86)\GNU Tools ARM Embedded\4.7 2012q4\arm-none-eabi\lib\armv7-m\libstdc++.a(eh_exception.o)
                0x0801a658                vtable for std::bad_exception
 .rodata._ZTSSt9exception
                0x0801a670       0x10 ..\..\..\..\..\..\..\..\..\Program Files (x86)\GNU Tools ARM Embedded\4.7 2012q4\arm-none-eabi\lib\armv7-m\libstdc++.a(eh_exception.o)
                0x0801a670                typeinfo name for std::exception
 .rodata._ZTSN10__cxxabiv115__forced_unwindE
                0x0801a680       0x20 ..\..\..\..\..\..\..\..\..\Program Files (x86)\GNU Tools ARM Embedded\4.7 2012q4\arm-none-eabi\lib\armv7-m\libstdc++.a(eh_exception.o)
                0x0801a680                typeinfo name for __cxxabiv1::__forced_unwind
 .rodata._ZTISt13bad_exception
                0x0801a6a0        0xc ..\..\..\..\..\..\..\..\..\Program Files (x86)\GNU Tools ARM Embedded\4.7 2012q4\arm-none-eabi\lib\armv7-m\libstdc++.a(eh_exception.o)
                0x0801a6a0                typeinfo for std::bad_exception
 *fill*         0x0801a6ac        0x4 00
 .rodata._ZTVN10__cxxabiv117__class_type_infoE
                0x0801a6b0       0x30 ..\..\..\..\..\..\..\..\..\Program Files (x86)\GNU Tools ARM Embedded\4.7 2012q4\arm-none-eabi\lib\armv7-m\libstdc++.a(class_type_info.o)
                0x0801a6b0                vtable for __cxxabiv1::__class_type_info
 .rodata._ZTIN10__cxxabiv117__class_type_infoE
                0x0801a6e0        0xc ..\..\..\..\..\..\..\..\..\Program Files (x86)\GNU Tools ARM Embedded\4.7 2012q4\arm-none-eabi\lib\armv7-m\libstdc++.a(class_type_info.o)
                0x0801a6e0                typeinfo for __cxxabiv1::__class_type_info
 .rodata._ZTSN10__cxxabiv117__class_type_infoE
                0x0801a6ec       0x24 ..\..\..\..\..\..\..\..\..\Program Files (x86)\GNU Tools ARM Embedded\4.7 2012q4\arm-none-eabi\lib\armv7-m\libstdc++.a(class_type_info.o)
                0x0801a6ec                typeinfo name for __cxxabiv1::__class_type_info
 .rodata._ZTISt9type_info
                0x0801a710        0x8 ..\..\..\..\..\..\..\..\..\Program Files (x86)\GNU Tools ARM Embedded\4.7 2012q4\arm-none-eabi\lib\armv7-m\libstdc++.a(tinfo.o)
                0x0801a710                typeinfo for std::type_info
 .rodata._ZTSSt9type_info
                0x0801a718       0x10 ..\..\..\..\..\..\..\..\..\Program Files (x86)\GNU Tools ARM Embedded\4.7 2012q4\arm-none-eabi\lib\armv7-m\libstdc++.a(tinfo.o)
                0x0801a718                typeinfo name for std::type_info
 .rodata._ZTVSt9type_info
                0x0801a728       0x20 ..\..\..\..\..\..\..\..\..\Program Files (x86)\GNU Tools ARM Embedded\4.7 2012q4\arm-none-eabi\lib\armv7-m\libstdc++.a(tinfo.o)
                0x0801a728                vtable for std::type_info
 .rodata.str1.4
                0x0801a748       0x94 ..\..\..\..\..\..\..\..\..\Program Files (x86)\GNU Tools ARM Embedded\4.7 2012q4\arm-none-eabi\lib\armv7-m\libstdc++.a(vterminate.o)
 .rodata        0x0801a7dc      0x6f8 ..\..\..\..\..\..\..\..\..\Program Files (x86)\GNU Tools ARM Embedded\4.7 2012q4\arm-none-eabi\lib\armv7-m\libstdc++.a(cp-demangle.o)
 .rodata.str1.4
                0x0801aed4      0x618 ..\..\..\..\..\..\..\..\..\Program Files (x86)\GNU Tools ARM Embedded\4.7 2012q4\arm-none-eabi\lib\armv7-m\libstdc++.a(cp-demangle.o)
                                0x644 (size before relaxing)
 *(.eh_frame*)
 .eh_frame      0x0801b4ec        0x0 c:/program files (x86)/gnu tools arm embedded/4.7 2012q4/bin/../lib/gcc/arm-none-eabi/4.7.3/armv7e-m/crtbegin.o
 .eh_frame      0x0801b4ec        0x4 c:/program files (x86)/gnu tools arm embedded/4.7 2012q4/bin/../lib/gcc/arm-none-eabi/4.7.3/armv7e-m/crtend.o

.glue_7         0x0801b4f0        0x0
 .glue_7        0x00000000        0x0 linker stubs

.glue_7t        0x0801b4f0        0x0
 .glue_7t       0x00000000        0x0 linker stubs

.vfp11_veneer   0x0801b4f0        0x0
 .vfp11_veneer  0x00000000        0x0 linker stubs

.v4_bx          0x0801b4f0        0x0
 .v4_bx         0x00000000        0x0 linker stubs

.iplt           0x0801b4f0        0x0
 .iplt          0x00000000        0x0 c:/program files (x86)/gnu tools arm embedded/4.7 2012q4/bin/../lib/gcc/arm-none-eabi/4.7.3/armv7e-m/crtbegin.o

.ARM.extab      0x0801b4f0      0x244
 *(.ARM.extab* .gnu.linkonce.armextab.*)
 .ARM.extab.text._ZN9TibuboardC2Ev
                0x0801b4f0       0x1c ..\obj\TibuBoard.o
 .ARM.extab.text._ZN9Tibuboard5LEDOnE11Led_TypeDef
                0x0801b50c        0xc ..\obj\TibuBoard.o
 .ARM.extab.text._ZN9Tibuboard6LEDOffE11Led_TypeDef
                0x0801b518        0xc ..\obj\TibuBoard.o
 .ARM.extab.text._ZN9Tibuboard9LEDToggleE11Led_TypeDef
                0x0801b524        0xc ..\obj\TibuBoard.o
 .ARM.extab.text._ZN9Tibuboard15ButtonInterruptE14Button_TypeDefPFvvE
                0x0801b530       0x1c ..\obj\TibuBoard.o
 .ARM.extab.text._ZN9Tibuboard14GetStateButtonE14Button_TypeDef
                0x0801b54c        0xc ..\obj\TibuBoard.o
 .ARM.extab.text._Z5setupv
                0x0801b558        0xc ..\obj\ArduinoStyle.o
 .ARM.extab.text._Z4loopv
                0x0801b564        0xc ..\obj\ArduinoStyle.o
 .ARM.extab.text._ZN5Print5writeEPKc
                0x0801b570        0xc ..\obj\Print.o
 .ARM.extab.text._ZN5Print5writeEPKhj
                0x0801b57c        0xc ..\obj\Print.o
 .ARM.extab.text._ZN5Print5printEPKc
                0x0801b588        0xc ..\obj\Print.o
 .ARM.extab.text._ZN5Print5printEc
                0x0801b594        0xc ..\obj\Print.o
 .ARM.extab.text._ZN5Print7printlnEv
                0x0801b5a0        0xc ..\obj\Print.o
 .ARM.extab.text._ZN5Print7printlnEPKc
                0x0801b5ac        0xc ..\obj\Print.o
 .ARM.extab.text._ZN5PrintC2Ev
                0x0801b5b8        0x0 ..\obj\USBSerial.o
 .ARM.extab.text._ZN6StreamC2Ev
                0x0801b5b8        0x0 ..\obj\USBSerial.o
 .ARM.extab.text._ZN14HardwareSerialC2Ev
                0x0801b5b8        0xc ..\obj\USBSerial.o
 .ARM.extab.text._ZN14HardwareSerial5beginEm
                0x0801b5c4        0xc ..\obj\USBSerial.o
 .ARM.extab.text._ZN14HardwareSerial9availableEv
                0x0801b5d0        0xc ..\obj\USBSerial.o
 .ARM.extab.text._ZN14HardwareSerial4readEv
                0x0801b5dc        0xc ..\obj\USBSerial.o
 .ARM.extab.text._ZN14HardwareSerial5flushEv
                0x0801b5e8        0xc ..\obj\USBSerial.o
 .ARM.extab.text._ZN14HardwareSerial5writeEh
                0x0801b5f4        0xc ..\obj\USBSerial.o
 .ARM.extab.text._ZN6StringC2EPKc
                0x0801b600        0xc ..\obj\WString.o
 .ARM.extab.text._ZN6String4initEv
                0x0801b60c        0x0 ..\obj\WString.o
 .ARM.extab     0x0801b60c       0x18 c:/program files (x86)/gnu tools arm embedded/4.7 2012q4/bin/../lib/gcc/arm-none-eabi/4.7.3/armv7e-m\libgcc.a(unwind-arm.o)
 .ARM.extab     0x0801b624       0x18 c:/program files (x86)/gnu tools arm embedded/4.7 2012q4/bin/../lib/gcc/arm-none-eabi/4.7.3/armv7e-m\libgcc.a(pr-support.o)
 .ARM.extab.text.__cxa_pure_virtual
                0x0801b63c        0xc ..\..\..\..\..\..\..\..\..\Program Files (x86)\GNU Tools ARM Embedded\4.7 2012q4\arm-none-eabi\lib\armv7-m\libstdc++.a(pure.o)
 .ARM.extab.text._ZL21base_of_encoded_valuehP15_Unwind_Context