
Allocating common symbols
Common symbol       size              file

APP_Tx_Buffer       0x20              ..\obj\usbd_cdc_vcp.o
TIM_TimeBaseStructure
                    0xc               ..\obj\BasicFunctions.o
Serial              0x14              ..\obj\main.o
APP_tx_ptr_tail     0x4               ..\obj\usbd_cdc_vcp.o
USB_Rx_Buffer       0x200             ..\obj\usbd_cdc_core.o
TIM_OCInitStructure
                    0x14              ..\obj\BasicFunctions.o
Tibu                0x30              ..\obj\main.o
ButtonInt           0xc               ..\obj\TibuBoard.o
CmdBuff             0x8               ..\obj\usbd_cdc_core.o
USB_OTG_dev         0x5f0             ..\obj\USBSerial.o
APP_Rx_Buffer       0x800             ..\obj\usbd_cdc_core.o
USBD_StrDesc        0x32              ..\obj\usbd_req.o
Command             0xff              ..\obj\USBSerial.o
APP_tx_ptr_head     0x4               ..\obj\usbd_cdc_vcp.o

Discarded input sections

 .text          0x00000000        0x0 ..\obj\stm32f4xx_syscfg.o
 .data          0x00000000        0x0 ..\obj\stm32f4xx_syscfg.o
 .bss           0x00000000        0x0 ..\obj\stm32f4xx_syscfg.o
 .text.SYSCFG_DeInit
                0x00000000       0x20 ..\obj\stm32f4xx_syscfg.o
 .text.SYSCFG_MemoryRemapConfig
                0x00000000       0x20 ..\obj\stm32f4xx_syscfg.o
 .text.SYSCFG_ETH_MediaInterfaceConfig
                0x00000000       0x20 ..\obj\stm32f4xx_syscfg.o
 .text.SYSCFG_CompensationCellCmd
                0x00000000       0x20 ..\obj\stm32f4xx_syscfg.o
 .text.SYSCFG_GetCompensationCellStatus
                0x00000000       0x3c ..\obj\stm32f4xx_syscfg.o
 .text          0x00000000        0x0 ..\obj\usb_core.o
 .data          0x00000000        0x0 ..\obj\usb_core.o
 .bss           0x00000000        0x0 ..\obj\usb_core.o
 .text.USB_OTG_IsHostMode
                0x00000000       0x24 ..\obj\usb_core.o
 .text.USB_OTG_ReadOtgItr
                0x00000000       0x1c ..\obj\usb_core.o
 .text.USB_OTG_ActiveRemoteWakeup
                0x00000000       0x94 ..\obj\usb_core.o
 .text.USB_OTG_StopDevice
                0x00000000       0x9c ..\obj\usb_core.o
 .text.USB_OTG_GetEPStatus
                0x00000000       0xc0 ..\obj\usb_core.o
 .text.USB_OTG_SetEPStatus
                0x00000000      0x13c ..\obj\usb_core.o
 .text          0x00000000        0x0 ..\obj\TibuBoard.o
 .text          0x00000000        0x0 ..\obj\ArduinoStyle.o
 .data          0x00000000        0x0 ..\obj\ArduinoStyle.o
 .text          0x00000000        0x0 ..\obj\usbd_usr.o
 .bss           0x00000000        0x0 ..\obj\usbd_usr.o
 .text          0x00000000        0x0 ..\obj\startup_stm32f4xx.o
 .data          0x00000000        0x0 ..\obj\startup_stm32f4xx.o
 .bss           0x00000000        0x0 ..\obj\startup_stm32f4xx.o
 .text          0x00000000        0x0 ..\obj\SPIAPI.o
 .data          0x00000000        0x0 ..\obj\SPIAPI.o
 .bss           0x00000000        0x0 ..\obj\SPIAPI.o
 .text.SPI_begin
                0x00000000      0x128 ..\obj\SPIAPI.o
 .text.SPI_end  0x00000000       0x18 ..\obj\SPIAPI.o
 .text.SPI_setBitOrder
                0x00000000       0x48 ..\obj\SPIAPI.o
 .text.SPI_setClockDivider
                0x00000000       0x48 ..\obj\SPIAPI.o
 .text.SPI_setDataMode
                0x00000000       0x50 ..\obj\SPIAPI.o
 .text.SPI_transfer
                0x00000000       0x64 ..\obj\SPIAPI.o
 .debug_info    0x00000000      0x582 ..\obj\SPIAPI.o
 .debug_abbrev  0x00000000      0x14d ..\obj\SPIAPI.o
 .debug_loc     0x00000000      0x144 ..\obj\SPIAPI.o
 .debug_aranges
                0x00000000       0x48 ..\obj\SPIAPI.o
 .debug_ranges  0x00000000       0x38 ..\obj\SPIAPI.o
 .debug_line    0x00000000      0x26f ..\obj\SPIAPI.o
 .debug_str     0x00000000      0x488 ..\obj\SPIAPI.o
 .comment       0x00000000       0x71 ..\obj\SPIAPI.o
 .ARM.attributes
                0x00000000       0x33 ..\obj\SPIAPI.o
 .debug_frame   0x00000000       0xcc ..\obj\SPIAPI.o
 .text          0x00000000        0x0 ..\obj\usbd_core.o
 .bss           0x00000000        0x0 ..\obj\usbd_core.o
 .text          0x00000000        0x0 ..\obj\main.o
 .data          0x00000000        0x0 ..\obj\main.o
 .bss           0x00000000        0x0 ..\obj\main.o
 .text          0x00000000        0x0 ..\obj\stm32f4xx_rcc.o
 .data          0x00000000       0x10 ..\obj\stm32f4xx_rcc.o
 .bss           0x00000000        0x0 ..\obj\stm32f4xx_rcc.o
 .text.RCC_DeInit
                0x00000000       0x84 ..\obj\stm32f4xx_rcc.o
 .text.RCC_HSEConfig
                0x00000000       0x30 ..\obj\stm32f4xx_rcc.o
 .text.RCC_WaitForHSEStartUp
                0x00000000       0x64 ..\obj\stm32f4xx_rcc.o
 .text.RCC_AdjustHSICalibrationValue
                0x00000000       0x48 ..\obj\stm32f4xx_rcc.o
 .text.RCC_HSICmd
                0x00000000       0x20 ..\obj\stm32f4xx_rcc.o
 .text.RCC_LSEConfig
                0x00000000       0x60 ..\obj\stm32f4xx_rcc.o
 .text.RCC_LSICmd
                0x00000000       0x20 ..\obj\stm32f4xx_rcc.o
 .text.RCC_PLLConfig
                0x00000000       0x48 ..\obj\stm32f4xx_rcc.o
 .text.RCC_PLLCmd
                0x00000000       0x20 ..\obj\stm32f4xx_rcc.o
 .text.RCC_PLLI2SConfig
                0x00000000       0x30 ..\obj\stm32f4xx_rcc.o
 .text.RCC_PLLI2SCmd
                0x00000000       0x20 ..\obj\stm32f4xx_rcc.o
 .text.RCC_ClockSecuritySystemCmd
                0x00000000       0x20 ..\obj\stm32f4xx_rcc.o
 .text.RCC_MCO1Config
                0x00000000       0x48 ..\obj\stm32f4xx_rcc.o
 .text.RCC_MCO2Config
                0x00000000       0x48 ..\obj\stm32f4xx_rcc.o
 .text.RCC_SYSCLKConfig
                0x00000000       0x40 ..\obj\stm32f4xx_rcc.o
 .text.RCC_GetSYSCLKSource
                0x00000000       0x20 ..\obj\stm32f4xx_rcc.o
 .text.RCC_HCLKConfig
                0x00000000       0x40 ..\obj\stm32f4xx_rcc.o
 .text.RCC_PCLK1Config
                0x00000000       0x40 ..\obj\stm32f4xx_rcc.o
 .text.RCC_PCLK2Config
                0x00000000       0x44 ..\obj\stm32f4xx_rcc.o
 .text.RCC_GetClocksFreq
                0x00000000      0x1cc ..\obj\stm32f4xx_rcc.o
 .text.RCC_RTCCLKConfig
                0x00000000       0x74 ..\obj\stm32f4xx_rcc.o
 .text.RCC_RTCCLKCmd
                0x00000000       0x20 ..\obj\stm32f4xx_rcc.o
 .text.RCC_BackupResetCmd
                0x00000000       0x20 ..\obj\stm32f4xx_rcc.o
 .text.RCC_I2SCLKConfig
                0x00000000       0x20 ..\obj\stm32f4xx_rcc.o
 .text.RCC_AHB2PeriphClockCmd
                0x00000000       0x54 ..\obj\stm32f4xx_rcc.o
 .text.RCC_AHB3PeriphClockCmd
                0x00000000       0x54 ..\obj\stm32f4xx_rcc.o
 .text.RCC_AHB1PeriphResetCmd
                0x00000000       0x54 ..\obj\stm32f4xx_rcc.o
 .text.RCC_AHB2PeriphResetCmd
                0x00000000       0x54 ..\obj\stm32f4xx_rcc.o
 .text.RCC_AHB3PeriphResetCmd
                0x00000000       0x54 ..\obj\stm32f4xx_rcc.o
 .text.RCC_APB1PeriphResetCmd
                0x00000000       0x54 ..\obj\stm32f4xx_rcc.o
 .text.RCC_APB2PeriphResetCmd
                0x00000000       0x54 ..\obj\stm32f4xx_rcc.o
 .text.RCC_AHB1PeriphClockLPModeCmd
                0x00000000       0x54 ..\obj\stm32f4xx_rcc.o
 .text.RCC_AHB2PeriphClockLPModeCmd
                0x00000000       0x54 ..\obj\stm32f4xx_rcc.o
 .text.RCC_AHB3PeriphClockLPModeCmd
                0x00000000       0x54 ..\obj\stm32f4xx_rcc.o
 .text.RCC_APB1PeriphClockLPModeCmd
                0x00000000       0x54 ..\obj\stm32f4xx_rcc.o
 .text.RCC_APB2PeriphClockLPModeCmd
                0x00000000       0x54 ..\obj\stm32f4xx_rcc.o
 .text.RCC_ITConfig
                0x00000000       0x60 ..\obj\stm32f4xx_rcc.o
 .text.RCC_GetFlagStatus
                0x00000000       0x90 ..\obj\stm32f4xx_rcc.o
 .text.RCC_ClearFlag
                0x00000000       0x24 ..\obj\stm32f4xx_rcc.o
 .text.RCC_GetITStatus
                0x00000000       0x40 ..\obj\stm32f4xx_rcc.o
 .text.RCC_ClearITPendingBit
                0x00000000       0x20 ..\obj\stm32f4xx_rcc.o
 .text          0x00000000        0x0 ..\obj\stm32f4xx_it.o
 .data          0x00000000        0x0 ..\obj\stm32f4xx_it.o
 .bss           0x00000000        0x0 ..\obj\stm32f4xx_it.o
 .text          0x00000000        0x0 ..\obj\stm32f4xx_adc.o
 .data          0x00000000        0x0 ..\obj\stm32f4xx_adc.o
 .bss           0x00000000        0x0 ..\obj\stm32f4xx_adc.o
 .text.ADC_DeInit
                0x00000000       0x20 ..\obj\stm32f4xx_adc.o
 .text.ADC_StructInit
                0x00000000       0x4c ..\obj\stm32f4xx_adc.o
 .text.ADC_CommonStructInit
                0x00000000       0x34 ..\obj\stm32f4xx_adc.o
 .text.ADC_AnalogWatchdogCmd
                0x00000000       0x3c ..\obj\stm32f4xx_adc.o
 .text.ADC_AnalogWatchdogThresholdsConfig
                0x00000000       0x28 ..\obj\stm32f4xx_adc.o
 .text.ADC_AnalogWatchdogSingleChannelConfig
                0x00000000       0x38 ..\obj\stm32f4xx_adc.o
 .text.ADC_TempSensorVrefintCmd
                0x00000000       0x4c ..\obj\stm32f4xx_adc.o
 .text.ADC_VBATCmd
                0x00000000       0x4c ..\obj\stm32f4xx_adc.o
 .text.ADC_GetSoftwareStartConvStatus
                0x00000000       0x38 ..\obj\stm32f4xx_adc.o
 .text.ADC_EOCOnEachRegularChannelCmd
                0x00000000       0x38 ..\obj\stm32f4xx_adc.o
 .text.ADC_ContinuousModeCmd
                0x00000000       0x38 ..\obj\stm32f4xx_adc.o
 .text.ADC_DiscModeChannelCountConfig
                0x00000000       0x4c ..\obj\stm32f4xx_adc.o
 .text.ADC_DiscModeCmd
                0x00000000       0x38 ..\obj\stm32f4xx_adc.o
 .text.ADC_GetMultiModeConversionValue
                0x00000000       0x18 ..\obj\stm32f4xx_adc.o
 .text.ADC_DMACmd
                0x00000000       0x38 ..\obj\stm32f4xx_adc.o
 .text.ADC_DMARequestAfterLastTransferCmd
                0x00000000       0x38 ..\obj\stm32f4xx_adc.o
 .text.ADC_MultiModeDMARequestAfterLastTransferCmd
                0x00000000       0x4c ..\obj\stm32f4xx_adc.o
 .text.ADC_InjectedChannelConfig
                0x00000000      0x144 ..\obj\stm32f4xx_adc.o
 .text.ADC_InjectedSequencerLengthConfig
                0x00000000       0x4c ..\obj\stm32f4xx_adc.o
 .text.ADC_SetInjectedOffset
                0x00000000       0x34 ..\obj\stm32f4xx_adc.o
 .text.ADC_ExternalTrigInjectedConvConfig
                0x00000000       0x38 ..\obj\stm32f4xx_adc.o
 .text.ADC_ExternalTrigInjectedConvEdgeConfig
                0x00000000       0x38 ..\obj\stm32f4xx_adc.o
 .text.ADC_SoftwareStartInjectedConv
                0x00000000       0x20 ..\obj\stm32f4xx_adc.o
 .text.ADC_GetSoftwareStartInjectedConvCmdStatus
                0x00000000       0x38 ..\obj\stm32f4xx_adc.o
 .text.ADC_AutoInjectedConvCmd
                0x00000000       0x38 ..\obj\stm32f4xx_adc.o
 .text.ADC_InjectedDiscModeCmd
                0x00000000       0x38 ..\obj\stm32f4xx_adc.o
 .text.ADC_GetInjectedConversionValue
                0x00000000       0x34 ..\obj\stm32f4xx_adc.o
 .text.ADC_ITConfig
                0x00000000       0x58 ..\obj\stm32f4xx_adc.o
 .text.ADC_GetFlagStatus
                0x00000000       0x3c ..\obj\stm32f4xx_adc.o
 .text.ADC_ClearFlag
                0x00000000       0x20 ..\obj\stm32f4xx_adc.o
 .text.ADC_GetITStatus
                0x00000000       0x6c ..\obj\stm32f4xx_adc.o
 .text.ADC_ClearITPendingBit
                0x00000000       0x30 ..\obj\stm32f4xx_adc.o
 .text          0x00000000        0x0 ..\obj\BasicFunctions.o
 .bss           0x00000000        0x0 ..\obj\BasicFunctions.o
 .text          0x00000000        0x0 ..\obj\usbd_desc.o
 .bss           0x00000000        0x0 ..\obj\usbd_desc.o
 .text          0x00000000        0x0 ..\obj\stm32f4xx_gpio.o
 .data          0x00000000        0x0 ..\obj\stm32f4xx_gpio.o
 .bss           0x00000000        0x0 ..\obj\stm32f4xx_gpio.o
 .text.GPIO_DeInit
                0x00000000      0x178 ..\obj\stm32f4xx_gpio.o
 .text.GPIO_StructInit
                0x00000000       0x3c ..\obj\stm32f4xx_gpio.o
 .text.GPIO_PinLockConfig
                0x00000000       0x44 ..\obj\stm32f4xx_gpio.o
 .text.GPIO_ReadInputData
                0x00000000       0x1c ..\obj\stm32f4xx_gpio.o
 .text.GPIO_ReadOutputDataBit
                0x00000000       0x3c ..\obj\stm32f4xx_gpio.o
 .text.GPIO_ReadOutputData
                0x00000000       0x1c ..\obj\stm32f4xx_gpio.o
 .text.GPIO_WriteBit
                0x00000000       0x30 ..\obj\stm32f4xx_gpio.o
 .text.GPIO_Write
                0x00000000       0x1c ..\obj\stm32f4xx_gpio.o
 .text          0x00000000        0x0 ..\obj\usbd_cdc_vcp.o
 .text.usb_cdc_putc
                0x00000000       0x18 ..\obj\usbd_cdc_vcp.o
 .text          0x00000000        0x0 ..\obj\system_stm32f4xx.o
 .bss           0x00000000        0x0 ..\obj\system_stm32f4xx.o
 .text.SystemCoreClockUpdate
                0x00000000      0x170 ..\obj\system_stm32f4xx.o
 .text          0x00000000        0x0 ..\obj\syscalls.o
 .data          0x00000000        0x0 ..\obj\syscalls.o
 .bss           0x00000000        0x4 ..\obj\syscalls.o
 .text._sbrk    0x00000000       0x5c ..\obj\syscalls.o
 .text.link     0x00000000       0x1c ..\obj\syscalls.o
 .text._close   0x00000000       0x18 ..\obj\syscalls.o
 .text._fstat   0x00000000       0x24 ..\obj\syscalls.o
 .text._isatty  0x00000000       0x18 ..\obj\syscalls.o
 .text._lseek   0x00000000       0x1c ..\obj\syscalls.o
 .text._read    0x00000000       0x1c ..\obj\syscalls.o
 .text._write   0x00000000       0x1c ..\obj\syscalls.o
 .text.abort    0x00000000        0x8 ..\obj\syscalls.o
 .debug_info    0x00000000      0x443 ..\obj\syscalls.o
 .debug_abbrev  0x00000000       0xe4 ..\obj\syscalls.o
 .debug_loc     0x00000000      0x1ec ..\obj\syscalls.o
 .debug_aranges
                0x00000000       0x60 ..\obj\syscalls.o
 .debug_ranges  0x00000000       0x50 ..\obj\syscalls.o
 .debug_line    0x00000000      0x1a3 ..\obj\syscalls.o
 .debug_str     0x00000000      0x2a8 ..\obj\syscalls.o
 .comment       0x00000000       0x71 ..\obj\syscalls.o
 .ARM.attributes
                0x00000000       0x33 ..\obj\syscalls.o
 .debug_frame   0x00000000      0x108 ..\obj\syscalls.o
 .text          0x00000000        0x0 ..\obj\stm32f4xx_dma.o
 .data          0x00000000        0x0 ..\obj\stm32f4xx_dma.o
 .bss           0x00000000        0x0 ..\obj\stm32f4xx_dma.o
 .text.DMA_DeInit
                0x00000000      0x244 ..\obj\stm32f4xx_dma.o
 .text.DMA_Init
                0x00000000       0xb0 ..\obj\stm32f4xx_dma.o
 .text.DMA_StructInit
                0x00000000       0x8c ..\obj\stm32f4xx_dma.o
 .text.DMA_Cmd  0x00000000       0x38 ..\obj\stm32f4xx_dma.o
 .text.DMA_PeriphIncOffsetSizeConfig
                0x00000000       0x34 ..\obj\stm32f4xx_dma.o
 .text.DMA_FlowControllerConfig
                0x00000000       0x34 ..\obj\stm32f4xx_dma.o
 .text.DMA_SetCurrDataCounter
                0x00000000       0x1c ..\obj\stm32f4xx_dma.o
 .text.DMA_GetCurrDataCounter
                0x00000000       0x1c ..\obj\stm32f4xx_dma.o
 .text.DMA_DoubleBufferModeConfig
                0x00000000       0x3c ..\obj\stm32f4xx_dma.o
 .text.DMA_DoubleBufferModeCmd
                0x00000000       0x38 ..\obj\stm32f4xx_dma.o
 .text.DMA_MemoryTargetConfig
                0x00000000       0x2c ..\obj\stm32f4xx_dma.o
 .text.DMA_GetCurrentMemoryTarget
                0x00000000       0x38 ..\obj\stm32f4xx_dma.o
 .text.DMA_GetCmdStatus
                0x00000000       0x38 ..\obj\stm32f4xx_dma.o
 .text.DMA_GetFIFOStatus
                0x00000000       0x28 ..\obj\stm32f4xx_dma.o
 .text.DMA_GetFlagStatus
                0x00000000       0x84 ..\obj\stm32f4xx_dma.o
 .text.DMA_ClearFlag
                0x00000000       0x60 ..\obj\stm32f4xx_dma.o
 .text.DMA_ITConfig
                0x00000000       0x74 ..\obj\stm32f4xx_dma.o
 .text.DMA_GetITStatus
                0x00000000       0xc0 ..\obj\stm32f4xx_dma.o
 .text.DMA_ClearITPendingBit
                0x00000000       0x60 ..\obj\stm32f4xx_dma.o
 .debug_info    0x00000000      0x7af ..\obj\stm32f4xx_dma.o
 .debug_abbrev  0x00000000      0x157 ..\obj\stm32f4xx_dma.o
 .debug_loc     0x00000000      0x428 ..\obj\stm32f4xx_dma.o
 .debug_aranges
                0x00000000       0xb0 ..\obj\stm32f4xx_dma.o
 .debug_ranges  0x00000000       0xa0 ..\obj\stm32f4xx_dma.o
 .debug_line    0x00000000      0x3b3 ..\obj\stm32f4xx_dma.o
 .debug_str     0x00000000      0x4f0 ..\obj\stm32f4xx_dma.o
 .comment       0x00000000       0x71 ..\obj\stm32f4xx_dma.o
 .ARM.attributes
                0x00000000       0x33 ..\obj\stm32f4xx_dma.o
 .debug_frame   0x00000000      0x224 ..\obj\stm32f4xx_dma.o
 .text          0x00000000        0x0 ..\obj\usb_bsp.o
 .data          0x00000000        0x0 ..\obj\usb_bsp.o
 .bss           0x00000000        0x0 ..\obj\usb_bsp.o
 .text          0x00000000        0x0 ..\obj\usbd_req.o
 .data          0x00000000        0x0 ..\obj\usbd_req.o
 .text          0x00000000        0x0 ..\obj\usb_dcd_int.o
 .data          0x00000000        0x0 ..\obj\usb_dcd_int.o
 .bss           0x00000000        0x0 ..\obj\usb_dcd_int.o
 .text          0x00000000        0x0 ..\obj\usbd_cdc_core.o
 .text.GetCDC_DataInPacketSize
                0x00000000       0x18 ..\obj\usbd_cdc_core.o
 .text          0x00000000        0x0 ..\obj\stm32f4xx_spi.o
 .data          0x00000000        0x0 ..\obj\stm32f4xx_spi.o
 .bss           0x00000000        0x0 ..\obj\stm32f4xx_spi.o
 .text.SPI_I2S_DeInit
                0x00000000       0x88 ..\obj\stm32f4xx_spi.o
 .text.SPI_Init
                0x00000000       0x88 ..\obj\stm32f4xx_spi.o
 .text.I2S_Init
                0x00000000      0x214 ..\obj\stm32f4xx_spi.o
 .text.SPI_StructInit
                0x00000000       0x5c ..\obj\stm32f4xx_spi.o
 .text.I2S_StructInit
                0x00000000       0x44 ..\obj\stm32f4xx_spi.o
 .text.SPI_Cmd  0x00000000       0x40 ..\obj\stm32f4xx_spi.o
 .text.I2S_Cmd  0x00000000       0x40 ..\obj\stm32f4xx_spi.o
 .text.SPI_DataSizeConfig
                0x00000000       0x38 ..\obj\stm32f4xx_spi.o
 .text.SPI_BiDirectionalLineConfig
                0x00000000       0x40 ..\obj\stm32f4xx_spi.o
 .text.SPI_NSSInternalSoftwareConfig
                0x00000000       0x44 ..\obj\stm32f4xx_spi.o
 .text.SPI_SSOutputCmd
                0x00000000       0x40 ..\obj\stm32f4xx_spi.o
 .text.SPI_TIModeCmd
                0x00000000       0x40 ..\obj\stm32f4xx_spi.o
 .text.I2S_FullDuplexConfig
                0x00000000       0xa4 ..\obj\stm32f4xx_spi.o
 .text.SPI_I2S_ReceiveData
                0x00000000       0x1c ..\obj\stm32f4xx_spi.o
 .text.SPI_I2S_SendData
                0x00000000       0x1c ..\obj\stm32f4xx_spi.o
 .text.SPI_CalculateCRC
                0x00000000       0x40 ..\obj\stm32f4xx_spi.o
 .text.SPI_TransmitCRC
                0x00000000       0x24 ..\obj\stm32f4xx_spi.o
 .text.SPI_GetCRC
                0x00000000       0x34 ..\obj\stm32f4xx_spi.o
 .text.SPI_GetCRCPolynomial
                0x00000000       0x1c ..\obj\stm32f4xx_spi.o
 .text.SPI_I2S_DMACmd
                0x00000000       0x48 ..\obj\stm32f4xx_spi.o
 .text.SPI_I2S_ITConfig
                0x00000000       0x6c ..\obj\stm32f4xx_spi.o
 .text.SPI_I2S_GetFlagStatus
                0x00000000       0x40 ..\obj\stm32f4xx_spi.o
 .text.SPI_I2S_ClearFlag
                0x00000000       0x24 ..\obj\stm32f4xx_spi.o
 .text.SPI_I2S_GetITStatus
                0x00000000       0x88 ..\obj\stm32f4xx_spi.o
 .text.SPI_I2S_ClearITPendingBit
                0x00000000       0x38 ..\obj\stm32f4xx_spi.o
 .debug_info    0x00000000      0xbde ..\obj\stm32f4xx_spi.o
 .debug_abbrev  0x00000000      0x169 ..\obj\stm32f4xx_spi.o
 .debug_loc     0x00000000      0x578 ..\obj\stm32f4xx_spi.o
 .debug_aranges
                0x00000000       0xe0 ..\obj\stm32f4xx_spi.o
 .debug_ranges  0x00000000       0xd0 ..\obj\stm32f4xx_spi.o
 .debug_line    0x00000000      0x42a ..\obj\stm32f4xx_spi.o
 .debug_str     0x00000000      0x62e ..\obj\stm32f4xx_spi.o
 .comment       0x00000000       0x71 ..\obj\stm32f4xx_spi.o
 .ARM.attributes
                0x00000000       0x33 ..\obj\stm32f4xx_spi.o
 .debug_frame   0x00000000      0x2d0 ..\obj\stm32f4xx_spi.o
 .text          0x00000000        0x0 ..\obj\stm32f4xx_exti.o
 .data          0x00000000        0x0 ..\obj\stm32f4xx_exti.o
 .bss           0x00000000        0x0 ..\obj\stm32f4xx_exti.o
 .text.EXTI_DeInit
                0x00000000       0x54 ..\obj\stm32f4xx_exti.o
 .text.EXTI_StructInit
                0x00000000       0x34 ..\obj\stm32f4xx_exti.o
 .text.EXTI_GenerateSWInterrupt
                0x00000000       0x2c ..\obj\stm32f4xx_exti.o
 .text.EXTI_GetFlagStatus
                0x00000000       0x3c ..\obj\stm32f4xx_exti.o
 .text.EXTI_ClearFlag
                0x00000000       0x20 ..\obj\stm32f4xx_exti.o
 .text          0x00000000        0x0 ..\obj\misc.o
 .data          0x00000000        0x0 ..\obj\misc.o
 .bss           0x00000000        0x0 ..\obj\misc.o
 .text.NVIC_SetVectorTable
                0x00000000       0x2c ..\obj\misc.o
 .text.NVIC_SystemLPConfig
                0x00000000       0x54 ..\obj\misc.o
 .text.SysTick_CLKSourceConfig
                0x00000000       0x4c ..\obj\misc.o
 .text          0x00000000        0x0 ..\obj\usb_dcd.o
 .data          0x00000000        0x0 ..\obj\usb_dcd.o
 .bss           0x00000000        0x0 ..\obj\usb_dcd.o
 .text.DCD_EP_Flush
                0x00000000       0x38 ..\obj\usb_dcd.o
 .text.DCD_DevConnect
                0x00000000       0x30 ..\obj\usb_dcd.o
 .text.DCD_DevDisconnect
                0x00000000       0x30 ..\obj\usb_dcd.o
 .text.DCD_GetEPStatus
                0x00000000       0x68 ..\obj\usb_dcd.o
 .text.DCD_SetEPStatus
                0x00000000       0x60 ..\obj\usb_dcd.o
 .text          0x00000000        0x0 ..\obj\USBSerial.o
 .data          0x00000000        0x0 ..\obj\USBSerial.o
 .bss           0x00000000        0x1 ..\obj\USBSerial.o
 .text.USBSerial_readUntil
                0x00000000       0x94 ..\obj\USBSerial.o
 .text.USBSerial_StringRead
                0x00000000       0x58 ..\obj\USBSerial.o
 .text.receivedDataEquals
                0x00000000       0x64 ..\obj\USBSerial.o
 .text          0x00000000        0x0 ..\obj\usbd_ioreq.o
 .data          0x00000000        0x0 ..\obj\usbd_ioreq.o
 .bss           0x00000000        0x0 ..\obj\usbd_ioreq.o
 .text.USBD_GetRxCount
                0x00000000       0x34 ..\obj\usbd_ioreq.o
 .text          0x00000000        0x0 ..\obj\stm32f4xx_tim.o
 .data          0x00000000        0x0 ..\obj\stm32f4xx_tim.o
 .bss           0x00000000        0x0 ..\obj\stm32f4xx_tim.o
 .text.TIM_DeInit
                0x00000000      0x238 ..\obj\stm32f4xx_tim.o
 .text.TIM_TimeBaseStructInit
                0x00000000       0x3c ..\obj\stm32f4xx_tim.o
 .text.TIM_PrescalerConfig
                0x00000000       0x28 ..\obj\stm32f4xx_tim.o
 .text.TIM_CounterModeConfig
                0x00000000       0x38 ..\obj\stm32f4xx_tim.o
 .text.TIM_SetCounter
                0x00000000       0x1c ..\obj\stm32f4xx_tim.o
 .text.TIM_SetAutoreload
                0x00000000       0x1c ..\obj\stm32f4xx_tim.o
 .text.TIM_GetCounter
                0x00000000       0x18 ..\obj\stm32f4xx_tim.o
 .text.TIM_GetPrescaler
                0x00000000       0x1c ..\obj\stm32f4xx_tim.o
 .text.TIM_UpdateDisableConfig
                0x00000000       0x40 ..\obj\stm32f4xx_tim.o
 .text.TIM_UpdateRequestConfig
                0x00000000       0x40 ..\obj\stm32f4xx_tim.o
 .text.TIM_SelectOnePulseMode
                0x00000000       0x38 ..\obj\stm32f4xx_tim.o
 .text.TIM_SetClockDivision
                0x00000000       0x38 ..\obj\stm32f4xx_tim.o
 .text.TIM_OCStructInit
                0x00000000       0x54 ..\obj\stm32f4xx_tim.o
 .text.TIM_SelectOCxM
                0x00000000       0xc0 ..\obj\stm32f4xx_tim.o
 .text.TIM_SetCompare1
                0x00000000       0x1c ..\obj\stm32f4xx_tim.o
 .text.TIM_SetCompare2
                0x00000000       0x1c ..\obj\stm32f4xx_tim.o
 .text.TIM_SetCompare3
                0x00000000       0x1c ..\obj\stm32f4xx_tim.o
 .text.TIM_SetCompare4
                0x00000000       0x1c ..\obj\stm32f4xx_tim.o
 .text.TIM_ForcedOC1Config
                0x00000000       0x38 ..\obj\stm32f4xx_tim.o
 .text.TIM_ForcedOC2Config
                0x00000000       0x40 ..\obj\stm32f4xx_tim.o
 .text.TIM_ForcedOC3Config
                0x00000000       0x38 ..\obj\stm32f4xx_tim.o
 .text.TIM_ForcedOC4Config
                0x00000000       0x40 ..\obj\stm32f4xx_tim.o
 .text.TIM_OC1FastConfig
                0x00000000       0x38 ..\obj\stm32f4xx_tim.o
 .text.TIM_OC2FastConfig
                0x00000000       0x40 ..\obj\stm32f4xx_tim.o
 .text.TIM_OC3FastConfig
                0x00000000       0x38 ..\obj\stm32f4xx_tim.o
 .text.TIM_OC4FastConfig
                0x00000000       0x40 ..\obj\stm32f4xx_tim.o
 .text.TIM_ClearOC1Ref
                0x00000000       0x38 ..\obj\stm32f4xx_tim.o
 .text.TIM_ClearOC2Ref
                0x00000000       0x44 ..\obj\stm32f4xx_tim.o
 .text.TIM_ClearOC3Ref
                0x00000000       0x38 ..\obj\stm32f4xx_tim.o
 .text.TIM_ClearOC4Ref
                0x00000000       0x44 ..\obj\stm32f4xx_tim.o
 .text.TIM_OC1PolarityConfig
                0x00000000       0x38 ..\obj\stm32f4xx_tim.o
 .text.TIM_OC1NPolarityConfig
                0x00000000       0x38 ..\obj\stm32f4xx_tim.o
 .text.TIM_OC2PolarityConfig
                0x00000000       0x40 ..\obj\stm32f4xx_tim.o
 .text.TIM_OC2NPolarityConfig
                0x00000000       0x40 ..\obj\stm32f4xx_tim.o
 .text.TIM_OC3PolarityConfig
                0x00000000       0x40 ..\obj\stm32f4xx_tim.o
 .text.TIM_OC3NPolarityConfig
                0x00000000       0x40 ..\obj\stm32f4xx_tim.o
 .text.TIM_OC4PolarityConfig
                0x00000000       0x40 ..\obj\stm32f4xx_tim.o
 .text.TIM_CCxCmd
                0x00000000       0x5c ..\obj\stm32f4xx_tim.o
 .text.TIM_CCxNCmd
                0x00000000       0x5c ..\obj\stm32f4xx_tim.o
 .text.TIM_ICInit
                0x00000000       0xa8 ..\obj\stm32f4xx_tim.o
 .text.TIM_ICStructInit
                0x00000000       0x3c ..\obj\stm32f4xx_tim.o
 .text.TIM_PWMIConfig
                0x00000000       0xc4 ..\obj\stm32f4xx_tim.o
 .text.TIM_GetCapture1
                0x00000000       0x18 ..\obj\stm32f4xx_tim.o
 .text.TIM_GetCapture2
                0x00000000       0x18 ..\obj\stm32f4xx_tim.o
 .text.TIM_GetCapture3
                0x00000000       0x18 ..\obj\stm32f4xx_tim.o
 .text.TIM_GetCapture4
                0x00000000       0x18 ..\obj\stm32f4xx_tim.o
 .text.TIM_SetIC1Prescaler
                0x00000000       0x38 ..\obj\stm32f4xx_tim.o
 .text.TIM_SetIC2Prescaler
                0x00000000       0x3c ..\obj\stm32f4xx_tim.o
 .text.TIM_SetIC3Prescaler
                0x00000000       0x38 ..\obj\stm32f4xx_tim.o
 .text.TIM_SetIC4Prescaler
                0x00000000       0x3c ..\obj\stm32f4xx_tim.o
 .text.TIM_BDTRConfig
                0x00000000       0x50 ..\obj\stm32f4xx_tim.o
 .text.TIM_BDTRStructInit
                0x00000000       0x4c ..\obj\stm32f4xx_tim.o
 .text.TIM_CtrlPWMOutputs
                0x00000000       0x50 ..\obj\stm32f4xx_tim.o
 .text.TIM_SelectCOM
                0x00000000       0x40 ..\obj\stm32f4xx_tim.o
 .text.TIM_CCPreloadControl
                0x00000000       0x40 ..\obj\stm32f4xx_tim.o
 .text.TIM_ITConfig
                0x00000000       0x48 ..\obj\stm32f4xx_tim.o
 .text.TIM_GenerateEvent
                0x00000000       0x1c ..\obj\stm32f4xx_tim.o
 .text.TIM_GetFlagStatus
                0x00000000       0x40 ..\obj\stm32f4xx_tim.o
 .text.TIM_ClearFlag
                0x00000000       0x24 ..\obj\stm32f4xx_tim.o
 .text.TIM_GetITStatus
                0x00000000       0x60 ..\obj\stm32f4xx_tim.o
 .text.TIM_ClearITPendingBit
                0x00000000       0x24 ..\obj\stm32f4xx_tim.o
 .text.TIM_DMAConfig
                0x00000000       0x28 ..\obj\stm32f4xx_tim.o
 .text.TIM_DMACmd
                0x00000000       0x48 ..\obj\stm32f4xx_tim.o
 .text.TIM_SelectCCDMA
                0x00000000       0x40 ..\obj\stm32f4xx_tim.o
 .text.TIM_InternalClockConfig
                0x00000000       0x24 ..\obj\stm32f4xx_tim.o
 .text.TIM_ITRxExternalClockConfig
                0x00000000       0x30 ..\obj\stm32f4xx_tim.o
 .text.TIM_TIxExternalClockConfig
                0x00000000       0x58 ..\obj\stm32f4xx_tim.o
 .text.TIM_ETRClockMode1Config
                0x00000000       0x54 ..\obj\stm32f4xx_tim.o
 .text.TIM_ETRClockMode2Config
                0x00000000       0x34 ..\obj\stm32f4xx_tim.o
 .text.TIM_SelectInputTrigger
                0x00000000       0x38 ..\obj\stm32f4xx_tim.o
 .text.TIM_SelectOutputTrigger
                0x00000000       0x38 ..\obj\stm32f4xx_tim.o
 .text.TIM_SelectSlaveMode
                0x00000000       0x38 ..\obj\stm32f4xx_tim.o
 .text.TIM_SelectMasterSlaveMode
                0x00000000       0x38 ..\obj\stm32f4xx_tim.o
 .text.TIM_ETRConfig
                0x00000000       0x4c ..\obj\stm32f4xx_tim.o
 .text.TIM_EncoderInterfaceConfig
                0x00000000       0x94 ..\obj\stm32f4xx_tim.o
 .text.TIM_SelectHallSensor
                0x00000000       0x40 ..\obj\stm32f4xx_tim.o
 .text.TIM_RemapConfig
                0x00000000       0x20 ..\obj\stm32f4xx_tim.o
 .text.TI1_Config
                0x00000000       0x80 ..\obj\stm32f4xx_tim.o
 .text.TI2_Config
                0x00000000       0x9c ..\obj\stm32f4xx_tim.o
 .text.TI3_Config
                0x00000000       0x8c ..\obj\stm32f4xx_tim.o
 .text.TI4_Config
                0x00000000       0xa4 ..\obj\stm32f4xx_tim.o

Memory Configuration

Name             Origin             Length             Attributes
rom              0x08000000         0x00100000         xr
ram              0x20000000         0x00020000         xrw
ram1             0x10000000         0x00010000         xrw
*default*        0x00000000         0xffffffff

Linker script and memory map

                0x20020000                _eram = 0x20020000

.text           0x08000000     0x6fbc
 *(.isr_vector .isr_vector.*)
 .isr_vector    0x08000000      0x188 ..\obj\startup_stm32f4xx.o
                0x08000000                g_pfnVectors
 *(.text .text.* .gnu.linkonce.t.*)
 .text.SYSCFG_EXTILineConfig
                0x08000188       0xb0 ..\obj\stm32f4xx_syscfg.o
                0x08000188                SYSCFG_EXTILineConfig
 .text.USB_OTG_EnableCommonInt
                0x08000238       0x44 ..\obj\usb_core.o
 .text.USB_OTG_CoreReset
                0x0800027c       0xa8 ..\obj\usb_core.o
 .text.USB_OTG_WritePacket
                0x08000324       0x84 ..\obj\usb_core.o
                0x08000324                USB_OTG_WritePacket
 .text.USB_OTG_ReadPacket
                0x080003a8       0x68 ..\obj\usb_core.o
                0x080003a8                USB_OTG_ReadPacket
 .text.USB_OTG_SelectCore
                0x08000410      0x1bc ..\obj\usb_core.o
                0x08000410                USB_OTG_SelectCore
 .text.USB_OTG_CoreInit
                0x080005cc      0x1f8 ..\obj\usb_core.o
                0x080005cc                USB_OTG_CoreInit
 .text.USB_OTG_EnableGlobalInt
                0x080007c4       0x3c ..\obj\usb_core.o
                0x080007c4                USB_OTG_EnableGlobalInt
 .text.USB_OTG_DisableGlobalInt
                0x08000800       0x40 ..\obj\usb_core.o
                0x08000800                USB_OTG_DisableGlobalInt
 .text.USB_OTG_FlushTxFifo
                0x08000840       0x80 ..\obj\usb_core.o
                0x08000840                USB_OTG_FlushTxFifo
 .text.USB_OTG_FlushRxFifo
                0x080008c0       0x6c ..\obj\usb_core.o
                0x080008c0                USB_OTG_FlushRxFifo
 .text.USB_OTG_SetCurrentMode
                0x0800092c       0x64 ..\obj\usb_core.o
                0x0800092c                USB_OTG_SetCurrentMode
 .text.USB_OTG_GetMode
                0x08000990       0x20 ..\obj\usb_core.o
                0x08000990                USB_OTG_GetMode
 .text.USB_OTG_IsDeviceMode
                0x080009b0       0x24 ..\obj\usb_core.o
                0x080009b0                USB_OTG_IsDeviceMode
 .text.USB_OTG_ReadCoreItr
                0x080009d4       0x30 ..\obj\usb_core.o
                0x080009d4                USB_OTG_ReadCoreItr
 .text.USB_OTG_InitDevSpeed
                0x08000a04       0x38 ..\obj\usb_core.o
                0x08000a04                USB_OTG_InitDevSpeed
 .text.USB_OTG_CoreInitDev
                0x08000a3c      0x324 ..\obj\usb_core.o
                0x08000a3c                USB_OTG_CoreInitDev
 .text.USB_OTG_EnableDevInt
                0x08000d60       0xa4 ..\obj\usb_core.o
                0x08000d60                USB_OTG_EnableDevInt
 .text.USB_OTG_GetDeviceSpeed
                0x08000e04       0x50 ..\obj\usb_core.o
                0x08000e04                USB_OTG_GetDeviceSpeed
 .text.USB_OTG_EP0Activate
                0x08000e54       0x80 ..\obj\usb_core.o
                0x08000e54                USB_OTG_EP0Activate
 .text.USB_OTG_EPActivate
                0x08000ed4      0x11c ..\obj\usb_core.o
                0x08000ed4                USB_OTG_EPActivate
 .text.USB_OTG_EPDeactivate
                0x08000ff0       0xcc ..\obj\usb_core.o
                0x08000ff0                USB_OTG_EPDeactivate
 .text.USB_OTG_EPStartXfer
                0x080010bc      0x2d0 ..\obj\usb_core.o
                0x080010bc                USB_OTG_EPStartXfer
 .text.USB_OTG_EP0StartXfer
                0x0800138c      0x200 ..\obj\usb_core.o
                0x0800138c                USB_OTG_EP0StartXfer
 .text.USB_OTG_EPSetStall
                0x0800158c       0x94 ..\obj\usb_core.o
                0x0800158c                USB_OTG_EPSetStall
 .text.USB_OTG_EPClearStall
                0x08001620       0x84 ..\obj\usb_core.o
                0x08001620                USB_OTG_EPClearStall
 .text.USB_OTG_ReadDevAllOutEp_itr
                0x080016a4       0x30 ..\obj\usb_core.o
                0x080016a4                USB_OTG_ReadDevAllOutEp_itr
 .text.USB_OTG_ReadDevOutEP_itr
                0x080016d4       0x3c ..\obj\usb_core.o
                0x080016d4                USB_OTG_ReadDevOutEP_itr
 .text.USB_OTG_ReadDevAllInEPItr
                0x08001710       0x34 ..\obj\usb_core.o
                0x08001710                USB_OTG_ReadDevAllInEPItr
 .text.USB_OTG_EP0_OutStart
                0x08001744       0x78 ..\obj\usb_core.o
                0x08001744                USB_OTG_EP0_OutStart
 .text.USB_OTG_UngateClock
                0x080017bc       0x54 ..\obj\usb_core.o
                0x080017bc                USB_OTG_UngateClock
 .text.NVIC_SetPriority
                0x08001810       0x5c ..\obj\TibuBoard.o
 .text.SysTick_Config
                0x0800186c       0x64 ..\obj\TibuBoard.o
 .text.TibuBoard_InitLED
                0x080018d0       0x6c ..\obj\TibuBoard.o
                0x080018d0                TibuBoard_InitLED
 .text.TibuBoard_LEDOn
                0x0800193c       0x38 ..\obj\TibuBoard.o
                0x0800193c                TibuBoard_LEDOn
 .text.TibuBoard_LEDOff
                0x08001974       0x38 ..\obj\TibuBoard.o
                0x08001974                TibuBoard_LEDOff
 .text.TibuBoard_LEDToggle
                0x080019ac       0x38 ..\obj\TibuBoard.o
                0x080019ac                TibuBoard_LEDToggle
 .text.TibuBoard_InitAllLEDs
                0x080019e4       0x80 ..\obj\TibuBoard.o
                0x080019e4                TibuBoard_InitAllLEDs
 .text.TibuBoard_LEDOnAll
                0x08001a64       0x48 ..\obj\TibuBoard.o
                0x08001a64                TibuBoard_LEDOnAll
 .text.TibuBoard_LEDOffAll
                0x08001aac       0x48 ..\obj\TibuBoard.o
                0x08001aac                TibuBoard_LEDOffAll
 .text.TibuBoard_LEDToggleAll
                0x08001af4       0x48 ..\obj\TibuBoard.o
                0x08001af4                TibuBoard_LEDToggleAll
 .text.TibuBoard_InitPushButton
                0x08001b3c       0x60 ..\obj\TibuBoard.o
                0x08001b3c                TibuBoard_InitPushButton
 .text.TibuBoard_attachButtonInterrupt
                0x08001b9c       0xa8 ..\obj\TibuBoard.o
                0x08001b9c                TibuBoard_attachButtonInterrupt
 .text.TibuBoard_InitAllPushButton
                0x08001c44       0x80 ..\obj\TibuBoard.o
                0x08001c44                TibuBoard_InitAllPushButton
 .text.TibuBoard_GetStatePushButton
                0x08001cc4       0x3c ..\obj\TibuBoard.o
                0x08001cc4                TibuBoard_GetStatePushButton
 .text.InitTibuBoard
                0x08001d00       0xa4 ..\obj\TibuBoard.o
                0x08001d00                InitTibuBoard
 .text.SysTickConfig
                0x08001da4       0x3c ..\obj\TibuBoard.o
                0x08001da4                SysTickConfig
 .text.delay    0x08001de0       0x58 ..\obj\TibuBoard.o
                0x08001de0                delay
 .text.blink    0x08001e38       0x18 ..\obj\ArduinoStyle.o
                0x08001e38                blink
 .text.setup    0x08001e50       0x90 ..\obj\ArduinoStyle.o
                0x08001e50                setup
 .text.loop     0x08001ee0      0x134 ..\obj\ArduinoStyle.o
                0x08001ee0                loop
 .text.USBD_USR_Init
                0x08002014        0xc ..\obj\usbd_usr.o
                0x08002014                USBD_USR_Init
 .text.USBD_USR_DeviceReset
                0x08002020       0x14 ..\obj\usbd_usr.o
                0x08002020                USBD_USR_DeviceReset
 .text.USBD_USR_DeviceConfigured
                0x08002034        0xc ..\obj\usbd_usr.o
                0x08002034                USBD_USR_DeviceConfigured
 .text.USBD_USR_DeviceSuspended
                0x08002040        0xc ..\obj\usbd_usr.o
                0x08002040                USBD_USR_DeviceSuspended
 .text.USBD_USR_DeviceResumed
                0x0800204c        0xc ..\obj\usbd_usr.o
                0x0800204c                USBD_USR_DeviceResumed
 .text.Default_Reset_Handler
                0x08002058       0x6c ..\obj\startup_stm32f4xx.o
                0x08002058                Default_Reset_Handler
                0x08002058                Reset_Handler
 .text.Default_Handler
                0x080020c4        0x8 ..\obj\startup_stm32f4xx.o
                0x080020c4                RTC_Alarm_IRQHandler
                0x080020c4                HASH_RNG_IRQHandler
                0x080020c4                TIM8_CC_IRQHandler
                0x080020c4                TIM1_CC_IRQHandler
                0x080020c4                DMA2_Stream5_IRQHandler
                0x080020c4                DMA1_Stream5_IRQHandler
                0x080020c4                PVD_IRQHandler
                0x080020c4                SDIO_IRQHandler
                0x080020c4                TAMP_STAMP_IRQHandler
                0x080020c4                CAN2_RX1_IRQHandler
                0x080020c4                EXTI3_IRQHandler
                0x080020c4                TIM8_TRG_COM_TIM14_IRQHandler
                0x080020c4                TIM1_UP_TIM10_IRQHandler
                0x080020c4                TIM8_UP_TIM13_IRQHandler
                0x080020c4                I2C3_ER_IRQHandler
                0x080020c4                I2C2_EV_IRQHandler
                0x080020c4                DMA1_Stream2_IRQHandler
                0x080020c4                CAN1_RX0_IRQHandler
                0x080020c4                FPU_IRQHandler
                0x080020c4                CAN2_SCE_IRQHandler
                0x080020c4                DMA2_Stream2_IRQHandler
                0x080020c4                SPI1_IRQHandler
                0x080020c4                TIM6_DAC_IRQHandler
                0x080020c4                TIM1_BRK_TIM9_IRQHandler
                0x080020c4                DCMI_IRQHandler
                0x080020c4                CAN2_RX0_IRQHandler
                0x080020c4                DMA2_Stream3_IRQHandler
                0x080020c4                USART6_IRQHandler
                0x080020c4                USART3_IRQHandler
                0x080020c4                CRYP_IRQHandler
                0x080020c4                CAN1_RX1_IRQHandler
                0x080020c4                UART5_IRQHandler
                0x080020c4                DMA2_Stream0_IRQHandler
                0x080020c4                TIM4_IRQHandler
                0x080020c4                I2C1_EV_IRQHandler
                0x080020c4                DMA1_Stream6_IRQHandler
                0x080020c4                DMA1_Stream1_IRQHandler
                0x080020c4                UART4_IRQHandler
                0x080020c4                TIM3_IRQHandler
                0x080020c4                RCC_IRQHandler
                0x080020c4                TIM8_BRK_TIM12_IRQHandler
                0x080020c4                EXTI15_10_IRQHandler
                0x080020c4                ADC_IRQHandler
                0x080020c4                DMA1_Stream7_IRQHandler
                0x080020c4                TIM7_IRQHandler
                0x080020c4                CAN2_TX_IRQHandler
                0x080020c4                TIM5_IRQHandler
                0x080020c4                DMA2_Stream7_IRQHandler
                0x080020c4                I2C3_EV_IRQHandler
                0x080020c4                EXTI9_5_IRQHandler
                0x080020c4                RTC_WKUP_IRQHandler
                0x080020c4                ETH_WKUP_IRQHandler
                0x080020c4                SPI2_IRQHandler
                0x080020c4                DMA1_Stream0_IRQHandler
                0x080020c4                CAN1_TX_IRQHandler
                0x080020c4                FSMC_IRQHandler
                0x080020c4                ETH_IRQHandler
                0x080020c4                WWDG_IRQHandler
                0x080020c4                TIM2_IRQHandler
                0x080020c4                OTG_FS_WKUP_IRQHandler
                0x080020c4                TIM1_TRG_COM_TIM11_IRQHandler
                0x080020c4                EXTI1_IRQHandler
                0x080020c4                USART2_IRQHandler
                0x080020c4                I2C2_ER_IRQHandler
                0x080020c4                DMA2_Stream1_IRQHandler
                0x080020c4                CAN1_SCE_IRQHandler
                0x080020c4                FLASH_IRQHandler
                0x080020c4                DMA2_Stream4_IRQHandler
                0x080020c4                USART1_IRQHandler
                0x080020c4                OTG_FS_IRQHandler
                0x080020c4                SPI3_IRQHandler
                0x080020c4                DMA1_Stream4_IRQHandler
                0x080020c4                I2C1_ER_IRQHandler
                0x080020c4                DMA2_Stream6_IRQHandler
                0x080020c4                DMA1_Stream3_IRQHandler
 .text.USBD_Init
                0x080020cc       0x58 ..\obj\usbd_core.o
                0x080020cc                USBD_Init
 .text.USBD_DeInit
                0x08002124       0x18 ..\obj\usbd_core.o
                0x08002124                USBD_DeInit
 .text.USBD_SetupStage
                0x0800213c       0x70 ..\obj\usbd_core.o
 .text.USBD_DataOutStage
                0x080021ac       0xd4 ..\obj\usbd_core.o
 .text.USBD_DataInStage
                0x08002280      0x114 ..\obj\usbd_core.o
 .text.USBD_Reset
                0x08002394       0x54 ..\obj\usbd_core.o
 .text.USBD_Resume
                0x080023e8       0x2c ..\obj\usbd_core.o
 .text.USBD_Suspend
                0x08002414       0x2c ..\obj\usbd_core.o
 .text.USBD_SOF
                0x08002440       0x30 ..\obj\usbd_core.o
 .text.USBD_SetCfg
                0x08002470       0x34 ..\obj\usbd_core.o
                0x08002470                USBD_SetCfg
 .text.USBD_ClrCfg
                0x080024a4       0x2c ..\obj\usbd_core.o
                0x080024a4                USBD_ClrCfg
 .text.USBD_IsoINIncomplete
                0x080024d0       0x24 ..\obj\usbd_core.o
 .text.USBD_IsoOUTIncomplete
                0x080024f4       0x24 ..\obj\usbd_core.o
 .text.main     0x08002518       0x38 ..\obj\main.o
                0x08002518                main
 .text.RCC_AHB1PeriphClockCmd
                0x08002550       0x54 ..\obj\stm32f4xx_rcc.o
                0x08002550                RCC_AHB1PeriphClockCmd
 .text.RCC_APB1PeriphClockCmd
                0x080025a4       0x54 ..\obj\stm32f4xx_rcc.o
                0x080025a4                RCC_APB1PeriphClockCmd
 .text.RCC_APB2PeriphClockCmd
                0x080025f8       0x54 ..\obj\stm32f4xx_rcc.o
                0x080025f8                RCC_APB2PeriphClockCmd
 .text.NMI_Handler
                0x0800264c        0xc ..\obj\stm32f4xx_it.o
                0x0800264c                NMI_Handler
 .text.HardFault_Handler
                0x08002658        0x8 ..\obj\stm32f4xx_it.o
                0x08002658                HardFault_Handler
 .text.MemManage_Handler
                0x08002660        0x8 ..\obj\stm32f4xx_it.o
                0x08002660                MemManage_Handler
 .text.BusFault_Handler
                0x08002668        0x8 ..\obj\stm32f4xx_it.o
                0x08002668                BusFault_Handler
 .text.UsageFault_Handler
                0x08002670        0x8 ..\obj\stm32f4xx_it.o
                0x08002670                UsageFault_Handler
 .text.SVC_Handler
                0x08002678        0xc ..\obj\stm32f4xx_it.o
                0x08002678                SVC_Handler
 .text.DebugMon_Handler
                0x08002684        0xc ..\obj\stm32f4xx_it.o
                0x08002684                DebugMon_Handler
 .text.PendSV_Handler
                0x08002690        0xc ..\obj\stm32f4xx_it.o
                0x08002690                PendSV_Handler
 .text.SysTick_Handler
                0x0800269c       0x24 ..\obj\stm32f4xx_it.o
                0x0800269c                SysTick_Handler
 .text.EXTI0_IRQHandler
                0x080026c0        0xc ..\obj\stm32f4xx_it.o
                0x080026c0                EXTI0_IRQHandler
 .text.EXTI2_IRQHandler
                0x080026cc       0x50 ..\obj\stm32f4xx_it.o
                0x080026cc                EXTI2_IRQHandler
 .text.EXTI4_IRQHandler
                0x0800271c       0x38 ..\obj\stm32f4xx_it.o
                0x0800271c                EXTI4_IRQHandler
 .text.OTG_HS_WKUP_IRQHandler
                0x08002754       0x44 ..\obj\stm32f4xx_it.o
                0x08002754                OTG_HS_WKUP_IRQHandler
 .text.OTG_HS_IRQHandler
                0x08002798       0x14 ..\obj\stm32f4xx_it.o
                0x08002798                OTG_HS_IRQHandler
 .text.OTG_HS_EP1_IN_IRQHandler
                0x080027ac       0x14 ..\obj\stm32f4xx_it.o
                0x080027ac                OTG_HS_EP1_IN_IRQHandler
 .text.OTG_HS_EP1_OUT_IRQHandler
                0x080027c0       0x14 ..\obj\stm32f4xx_it.o
                0x080027c0                OTG_HS_EP1_OUT_IRQHandler
 .text.ADC_Init
                0x080027d4       0xb8 ..\obj\stm32f4xx_adc.o
                0x080027d4                ADC_Init
 .text.ADC_CommonInit
                0x0800288c       0x5c ..\obj\stm32f4xx_adc.o
                0x0800288c                ADC_CommonInit
 .text.ADC_Cmd  0x080028e8       0x38 ..\obj\stm32f4xx_adc.o
                0x080028e8                ADC_Cmd
 .text.ADC_RegularChannelConfig
                0x08002920      0x1bc ..\obj\stm32f4xx_adc.o
                0x08002920                ADC_RegularChannelConfig
 .text.ADC_SoftwareStartConv
                0x08002adc       0x20 ..\obj\stm32f4xx_adc.o
                0x08002adc                ADC_SoftwareStartConv
 .text.ADC_GetConversionValue
                0x08002afc       0x1c ..\obj\stm32f4xx_adc.o
                0x08002afc                ADC_GetConversionValue
 .text.pinMode  0x08002b18      0x118 ..\obj\BasicFunctions.o
                0x08002b18                pinMode
 .text.digitalWrite
                0x08002c30      0x14c ..\obj\BasicFunctions.o
                0x08002c30                digitalWrite
 .text.digitalRead
                0x08002d7c       0x38 ..\obj\BasicFunctions.o
                0x08002d7c                digitalRead
 .text.analogWrite
                0x08002db4       0x94 ..\obj\BasicFunctions.o
                0x08002db4                analogWrite
 .text.InitADC  0x08002e48       0xe4 ..\obj\BasicFunctions.o
                0x08002e48                InitADC
 .text.analogRead
                0x08002f2c       0x24 ..\obj\BasicFunctions.o
                0x08002f2c                analogRead
 .text.Init_PWMPins
                0x08002f50      0x19c ..\obj\BasicFunctions.o
                0x08002f50                Init_PWMPins
 .text.mapInt16
                0x080030ec       0x34 ..\obj\BasicFunctions.o
                0x080030ec                mapInt16
 .text.USBD_USR_DeviceDescriptor
                0x08003120       0x28 ..\obj\usbd_desc.o
                0x08003120                USBD_USR_DeviceDescriptor
 .text.USBD_USR_LangIDStrDescriptor
                0x08003148       0x28 ..\obj\usbd_desc.o
                0x08003148                USBD_USR_LangIDStrDescriptor
 .text.USBD_USR_ProductStrDescriptor
                0x08003170       0x54 ..\obj\usbd_desc.o
                0x08003170                USBD_USR_ProductStrDescriptor
 .text.USBD_USR_ManufacturerStrDescriptor
                0x080031c4       0x34 ..\obj\usbd_desc.o
                0x080031c4                USBD_USR_ManufacturerStrDescriptor
 .text.USBD_USR_SerialStrDescriptor
                0x080031f8       0x54 ..\obj\usbd_desc.o
                0x080031f8                USBD_USR_SerialStrDescriptor
 .text.USBD_USR_ConfigStrDescriptor
                0x0800324c       0x54 ..\obj\usbd_desc.o
                0x0800324c                USBD_USR_ConfigStrDescriptor
 .text.USBD_USR_InterfaceStrDescriptor
                0x080032a0       0x54 ..\obj\usbd_desc.o
                0x080032a0                USBD_USR_InterfaceStrDescriptor
 .text.GPIO_Init
                0x080032f4      0x144 ..\obj\stm32f4xx_gpio.o
                0x080032f4                GPIO_Init
 .text.GPIO_ReadInputDataBit
                0x08003438       0x3c ..\obj\stm32f4xx_gpio.o
                0x08003438                GPIO_ReadInputDataBit
 .text.GPIO_SetBits
                0x08003474       0x1c ..\obj\stm32f4xx_gpio.o
                0x08003474                GPIO_SetBits
 .text.GPIO_ResetBits
                0x08003490       0x1c ..\obj\stm32f4xx_gpio.o
                0x08003490                GPIO_ResetBits
 .text.GPIO_ToggleBits
                0x080034ac       0x24 ..\obj\stm32f4xx_gpio.o
                0x080034ac                GPIO_ToggleBits
 .text.GPIO_PinAFConfig
                0x080034d0       0xa8 ..\obj\stm32f4xx_gpio.o
                0x080034d0                GPIO_PinAFConfig
 .text.VCP_Init
                0x08003578       0x10 ..\obj\usbd_cdc_vcp.o
 .text.VCP_DeInit
                0x08003588       0x10 ..\obj\usbd_cdc_vcp.o
 .text.VCP_Ctrl
                0x08003598      0x1c4 ..\obj\usbd_cdc_vcp.o
 .text.VCP_DataTx
                0x0800375c       0x7c ..\obj\usbd_cdc_vcp.o
 .text.usb_cdc_printf
                0x080037d8       0x18 ..\obj\usbd_cdc_vcp.o
                0x080037d8                usb_cdc_printf
 .text.VCP_DataRx
                0x080037f0       0xa0 ..\obj\usbd_cdc_vcp.o
 .text.usb_cdc_kbhit
                0x08003890       0x48 ..\obj\usbd_cdc_vcp.o
                0x08003890                usb_cdc_kbhit
 .text.usb_cdc_getc
                0x080038d8       0x60 ..\obj\usbd_cdc_vcp.o
                0x080038d8                usb_cdc_getc
 .text.SystemInit
                0x08003938       0x94 ..\obj\system_stm32f4xx.o
                0x08003938                SystemInit
 .text.SetSysClock
                0x080039cc      0x188 ..\obj\system_stm32f4xx.o
 .text.USB_OTG_BSP_Init
                0x08003b54      0x208 ..\obj\usb_bsp.o
                0x08003b54                USB_OTG_BSP_Init
 .text.USB_OTG_BSP_EnableInterrupt
                0x08003d5c       0x90 ..\obj\usb_bsp.o
                0x08003d5c                USB_OTG_BSP_EnableInterrupt
 .text.USB_OTG_BSP_uDelay
                0x08003dec       0x58 ..\obj\usb_bsp.o
                0x08003dec                USB_OTG_BSP_uDelay
 .text.USB_OTG_BSP_mDelay
                0x08003e44       0x20 ..\obj\usb_bsp.o
                0x08003e44                USB_OTG_BSP_mDelay
 .text.USBD_StdDevReq
                0x08003e64       0xa4 ..\obj\usbd_req.o
                0x08003e64                USBD_StdDevReq
 .text.USBD_StdItfReq
                0x08003f08       0x6c ..\obj\usbd_req.o
                0x08003f08                USBD_StdItfReq
 .text.USBD_StdEPReq
                0x08003f74      0x1e4 ..\obj\usbd_req.o
                0x08003f74                USBD_StdEPReq
 .text.USBD_GetDescriptor
                0x08004158      0x278 ..\obj\usbd_req.o
 .text.USBD_SetAddress
                0x080043d0       0x80 ..\obj\usbd_req.o
 .text.USBD_SetConfig
                0x08004450      0x134 ..\obj\usbd_req.o
 .text.USBD_GetConfig
                0x08004584       0x68 ..\obj\usbd_req.o
 .text.USBD_GetStatus
                0x080045ec       0x68 ..\obj\usbd_req.o
 .text.USBD_SetFeature
                0x08004654       0xe0 ..\obj\usbd_req.o
 .text.USBD_ClrFeature
                0x08004734       0x58 ..\obj\usbd_req.o
 .text.USBD_ParseSetupRequest
                0x0800478c       0x94 ..\obj\usbd_req.o
                0x0800478c                USBD_ParseSetupRequest
 .text.USBD_CtlError
                0x08004820       0x50 ..\obj\usbd_req.o
                0x08004820                USBD_CtlError
 .text.USBD_GetString
                0x08004870       0x9c ..\obj\usbd_req.o
                0x08004870                USBD_GetString
 .text.USBD_GetLen
                0x0800490c       0x38 ..\obj\usbd_req.o
 .text.USBD_OTG_EP1OUT_ISR_Handler
                0x08004944       0xcc ..\obj\usb_dcd_int.o
                0x08004944                USBD_OTG_EP1OUT_ISR_Handler
 .text.USBD_OTG_EP1IN_ISR_Handler
                0x08004a10      0x18c ..\obj\usb_dcd_int.o
                0x08004a10                USBD_OTG_EP1IN_ISR_Handler
 .text.USBD_OTG_ISR_Handler
                0x08004b9c      0x164 ..\obj\usb_dcd_int.o
                0x08004b9c                USBD_OTG_ISR_Handler
 .text.DCD_HandleResume_ISR
                0x08004d00       0x8c ..\obj\usb_dcd_int.o
 .text.DCD_HandleUSBSuspend_ISR
                0x08004d8c       0xb0 ..\obj\usb_dcd_int.o
 .text.DCD_HandleInEP_ISR
                0x08004e3c      0x22c ..\obj\usb_dcd_int.o
 .text.DCD_HandleOutEP_ISR
                0x08005068      0x1b0 ..\obj\usb_dcd_int.o
 .text.DCD_HandleSof_ISR
                0x08005218       0x3c ..\obj\usb_dcd_int.o
 .text.DCD_HandleRxStatusQueueLevel_ISR
                0x08005254      0x114 ..\obj\usb_dcd_int.o
 .text.DCD_WriteEmptyTxFifo
                0x08005368      0x100 ..\obj\usb_dcd_int.o
 .text.DCD_HandleUsbReset_ISR
                0x08005468      0x180 ..\obj\usb_dcd_int.o
 .text.DCD_HandleEnumDone_ISR
                0x080055e8       0x88 ..\obj\usb_dcd_int.o
 .text.DCD_IsoINIncomplete_ISR
                0x08005670       0x3c ..\obj\usb_dcd_int.o
 .text.DCD_IsoOUTIncomplete_ISR
                0x080056ac       0x3c ..\obj\usb_dcd_int.o
 .text.DCD_ReadDevInEP
                0x080056e8       0x58 ..\obj\usb_dcd_int.o
 .text.usbd_cdc_Init
                0x08005740       0xc8 ..\obj\usbd_cdc_core.o
 .text.usbd_cdc_DeInit
                0x08005808       0x44 ..\obj\usbd_cdc_core.o
 .text.usbd_cdc_Setup
                0x0800584c      0x158 ..\obj\usbd_cdc_core.o
 .text.usbd_cdc_EP0_RxReady
                0x080059a4       0x60 ..\obj\usbd_cdc_core.o
 .text.usbd_cdc_DataIn
                0x08005a04      0x124 ..\obj\usbd_cdc_core.o
 .text.usbd_cdc_DataOut
                0x08005b28       0x6c ..\obj\usbd_cdc_core.o
 .text.usbd_cdc_SOF
                0x08005b94       0x50 ..\obj\usbd_cdc_core.o
 .text.Handle_USBAsynchXfer
                0x08005be4      0x1a4 ..\obj\usbd_cdc_core.o
 .text.USBD_cdc_GetCfgDesc
                0x08005d88       0x28 ..\obj\usbd_cdc_core.o
 .text.USBD_cdc_GetOtherCfgDesc
                0x08005db0       0x28 ..\obj\usbd_cdc_core.o
 .text.EXTI_Init
                0x08005dd8      0x138 ..\obj\stm32f4xx_exti.o
                0x08005dd8                EXTI_Init
 .text.EXTI_GetITStatus
                0x08005f10       0x58 ..\obj\stm32f4xx_exti.o
                0x08005f10                EXTI_GetITStatus
 .text.EXTI_ClearITPendingBit
                0x08005f68       0x20 ..\obj\stm32f4xx_exti.o
                0x08005f68                EXTI_ClearITPendingBit
 .text.NVIC_PriorityGroupConfig
                0x08005f88       0x28 ..\obj\misc.o
                0x08005f88                NVIC_PriorityGroupConfig
 .text.NVIC_Init
                0x08005fb0       0xe4 ..\obj\misc.o
                0x08005fb0                NVIC_Init
 .text.DCD_Init
                0x08006094      0x12c ..\obj\usb_dcd.o
                0x08006094                DCD_Init
 .text.DCD_EP_Open
                0x080061c0       0xac ..\obj\usb_dcd.o
                0x080061c0                DCD_EP_Open
 .text.DCD_EP_Close
                0x0800626c       0x80 ..\obj\usb_dcd.o
                0x0800626c                DCD_EP_Close
 .text.DCD_EP_PrepareRx
                0x080062ec       0x8c ..\obj\usb_dcd.o
                0x080062ec                DCD_EP_PrepareRx
 .text.DCD_EP_Tx
                0x08006378       0x84 ..\obj\usb_dcd.o
                0x08006378                DCD_EP_Tx
 .text.DCD_EP_Stall
                0x080063fc       0x84 ..\obj\usb_dcd.o
                0x080063fc                DCD_EP_Stall
 .text.DCD_EP_ClrStall
                0x08006480       0x84 ..\obj\usb_dcd.o
                0x08006480                DCD_EP_ClrStall
 .text.DCD_EP_SetAddress
                0x08006504       0x3c ..\obj\usb_dcd.o
                0x08006504                DCD_EP_SetAddress
 .text.USBSerial_begin
                0x08006540       0x34 ..\obj\USBSerial.o
                0x08006540                USBSerial_begin
 .text.USBSerial_available
                0x08006574       0x10 ..\obj\USBSerial.o
                0x08006574                USBSerial_available
 .text.USBSerial_print
                0x08006584       0x18 ..\obj\USBSerial.o
                0x08006584                USBSerial_print
 .text.USBSerial_println
                0x0800659c       0x24 ..\obj\USBSerial.o
                0x0800659c                USBSerial_println
 .text.USBSerial_read
                0x080065c0       0x10 ..\obj\USBSerial.o
                0x080065c0                USBSerial_read
 .text.InitUSBSerial
                0x080065d0       0x50 ..\obj\USBSerial.o
                0x080065d0                InitUSBSerial
 .text.USBD_CtlSendData
                0x08006620       0x48 ..\obj\usbd_ioreq.o
                0x08006620                USBD_CtlSendData
 .text.USBD_CtlContinueSendData
                0x08006668       0x30 ..\obj\usbd_ioreq.o
                0x08006668                USBD_CtlContinueSendData
 .text.USBD_CtlPrepareRx
                0x08006698       0x48 ..\obj\usbd_ioreq.o
                0x08006698                USBD_CtlPrepareRx
 .text.USBD_CtlContinueRx
                0x080066e0       0x30 ..\obj\usbd_ioreq.o
                0x080066e0                USBD_CtlContinueRx
 .text.USBD_CtlSendStatus
                0x08006710       0x3c ..\obj\usbd_ioreq.o
                0x08006710                USBD_CtlSendStatus
 .text.USBD_CtlReceiveStatus
                0x0800674c       0x3c ..\obj\usbd_ioreq.o
                0x0800674c                USBD_CtlReceiveStatus
 .text.TIM_TimeBaseInit
                0x08006788       0xf4 ..\obj\stm32f4xx_tim.o
                0x08006788                TIM_TimeBaseInit
 .text.TIM_ARRPreloadConfig
                0x0800687c       0x40 ..\obj\stm32f4xx_tim.o
                0x0800687c                TIM_ARRPreloadConfig
 .text.TIM_Cmd  0x080068bc       0x40 ..\obj\stm32f4xx_tim.o
                0x080068bc                TIM_Cmd
 .text.TIM_OC1Init
                0x080068fc       0xfc ..\obj\stm32f4xx_tim.o
                0x080068fc                TIM_OC1Init
 .text.TIM_OC2Init
                0x080069f8      0x128 ..\obj\stm32f4xx_tim.o
                0x080069f8                TIM_OC2Init
 .text.TIM_OC3Init
                0x08006b20      0x120 ..\obj\stm32f4xx_tim.o
                0x08006b20                TIM_OC3Init
 .text.TIM_OC4Init
                0x08006c40       0xe0 ..\obj\stm32f4xx_tim.o
                0x08006c40                TIM_OC4Init
 .text.TIM_OC1PreloadConfig
                0x08006d20       0x38 ..\obj\stm32f4xx_tim.o
                0x08006d20                TIM_OC1PreloadConfig
 .text.TIM_OC2PreloadConfig
                0x08006d58       0x40 ..\obj\stm32f4xx_tim.o
                0x08006d58                TIM_OC2PreloadConfig
 .text.TIM_OC3PreloadConfig
                0x08006d98       0x38 ..\obj\stm32f4xx_tim.o
                0x08006d98                TIM_OC3PreloadConfig
 .text.TIM_OC4PreloadConfig
                0x08006dd0       0x40 ..\obj\stm32f4xx_tim.o
                0x08006dd0                TIM_OC4PreloadConfig
 *(.glue_7t)
 .glue_7t       0x00000000        0x0 linker stubs
 *(.glue_7)
 .glue_7        0x00000000        0x0 linker stubs
 *(.rodata .rodata* .gnu.linkonce.r.*)
 .rodata        0x08006e10       0x40 ..\obj\TibuBoard.o
                0x08006e10                GPIO_PIN
                0x08006e18                GPIO_CLK
                0x08006e28                BUTTON_PIN
                0x08006e30                BUTTON_CLK
                0x08006e3c                BUTTON_EXTI_LINE
                0x08006e44                BUTTON_PORT_SOURCE
                0x08006e48                BUTTON_PIN_SOURCE
                0x08006e4c                BUTTON_IRQn
 .rodata        0x08006e50        0x8 ..\obj\ArduinoStyle.o
 .rodata        0x08006e58       0xc8 ..\obj\BasicFunctions.o
                0x08006e58                GPIOPIN_PIN
                0x08006e80                GPIOPIN_CLK
                0x08006ed0                GPIO_SOURCE
 .rodata        0x08006f20       0x98 ..\obj\usbd_desc.o
 .rodata        0x08006fb8        0x4 ..\obj\USBSerial.o

.vfp11_veneer   0x08006fbc        0x0
 .vfp11_veneer  0x00000000        0x0 linker stubs

.v4_bx          0x08006fbc        0x0
 .v4_bx         0x00000000        0x0 linker stubs

.iplt           0x08006fbc        0x0
 .iplt          0x00000000        0x0 ..\obj\stm32f4xx_syscfg.o

.rel.dyn        0x08006fbc        0x0
 .rel.iplt      0x00000000        0x0 ..\obj\stm32f4xx_syscfg.o

.ARM.extab
 *(.ARM.extab* .gnu.linkonce.armextab.*)
                0x08006fbc                __exidx_start = .

.ARM.exidx
 *(.ARM.exidx* .gnu.linkonce.armexidx.*)
                0x08006fbc                __exidx_end = .
                0x08006fbc                . = ALIGN (0x4)
                0x08006fbc                _etext = .
                0x08006fbc                _sidata = .

.data           0x20000000      0x1e4 load address 0x08006fbc
                0x20000000                _sdata = .
 *(.data .data.*)
 .data          0x20000000       0x1c ..\obj\TibuBoard.o
                0x20000000                GPIO_PORT
                0x20000010                BUTTON_PORT
 .data          0x2000001c       0x1c ..\obj\usbd_usr.o
                0x2000001c                USR_cb
 .data          0x20000038       0x30 ..\obj\usbd_core.o
                0x20000038                USBD_DCD_INT_cb
                0x20000064                USBD_DCD_INT_fops
 .data          0x20000068       0x50 ..\obj\BasicFunctions.o
                0x20000068                GPIOPIN_PORT
 .data          0x200000b8       0x40 ..\obj\usbd_desc.o
                0x200000b8                USR_desc
                0x200000d4                USBD_DeviceDesc
                0x200000e8                USBD_DeviceQualifierDesc
                0x200000f4                USBD_LangIDDesc
 .data          0x200000f8       0x1c ..\obj\usbd_cdc_vcp.o
                0x200000f8                linecoding
                0x20000100                VCP_fops
 .data          0x20000114       0x14 ..\obj\system_stm32f4xx.o
                0x20000114                SystemCoreClock
                0x20000118                AHBPrescTable
 .data          0x20000128       0xbc ..\obj\usbd_cdc_core.o
                0x20000128                usbd_cdc_CfgDesc
                0x2000016c                usbd_cdc_OtherCfgDesc
                0x200001b4                USBD_CDC_cb
                0x200001e4                . = ALIGN (0x4)
                0x200001e4                _edata = .

.igot.plt       0x200001e4        0x0 load address 0x080071a0
 .igot.plt      0x00000000        0x0 ..\obj\stm32f4xx_syscfg.o

.bss            0x200001e4     0x1204 load address 0x080071a0
                0x200001e4                _sbss = .
 *(.bss .bss.*)
 .bss           0x200001e4        0x4 ..\obj\TibuBoard.o
                0x200001e4                Counter
 .bss           0x200001e8        0x8 ..\obj\ArduinoStyle.o
                0x200001e8                On
                0x200001ec                fade
 .bss           0x200001f0        0x4 ..\obj\usbd_cdc_vcp.o
 .bss           0x200001f4       0x10 ..\obj\usbd_req.o
                0x200001f4                USBD_ep_status
                0x200001f8                USBD_default_cfg
                0x200001fc                USBD_cfg_status
 .bss           0x20000204       0x20 ..\obj\usbd_cdc_core.o
                0x20000208                APP_Rx_ptr_in
                0x2000020c                APP_Rx_ptr_out
                0x20000210                APP_Rx_length
                0x20000214                USB_Tx_State
 *(COMMON)
 COMMON         0x20000224        0xc ..\obj\TibuBoard.o
                0x20000224                ButtonInt
 COMMON         0x20000230       0x44 ..\obj\main.o
                0x20000230                Serial
                0x20000244                Tibu
 COMMON         0x20000274       0x20 ..\obj\BasicFunctions.o
                0x20000274                TIM_TimeBaseStructure
                0x20000280                TIM_OCInitStructure
 COMMON         0x20000294       0x28 ..\obj\usbd_cdc_vcp.o
                0x20000294                APP_Tx_Buffer
                0x200002b4                APP_tx_ptr_tail
                0x200002b8                APP_tx_ptr_head
 COMMON         0x200002bc       0x32 ..\obj\usbd_req.o
                0x200002bc                USBD_StrDesc
 *fill*         0x200002ee        0x2 00
 COMMON         0x200002f0      0xa08 ..\obj\usbd_cdc_core.o
                0x200002f0                USB_Rx_Buffer
                0x200004f0                CmdBuff
                0x200004f8                APP_Rx_Buffer
 COMMON         0x20000cf8      0x6ef ..\obj\USBSerial.o
                0x20000cf8                USB_OTG_dev
                0x200012e8                Command
                0x200013e8                . = ALIGN (0x4)
 *fill*         0x200013e7        0x1 00
                0x200013e8                _ebss = .

.co_stack       0x200013e8      0x800 load address 0x080083a4
                0x200013e8                . = ALIGN (0x8)
 *(.co_stack .co_stack.*)
 .co_stack      0x200013e8      0x800 ..\obj\startup_stm32f4xx.o
                0x200013e8                pulStack
                0x20001be8                . = ALIGN (0x4)
                0x20001be8                _end = .
LOAD ..\obj\stm32f4xx_syscfg.o
LOAD ..\obj\usb_core.o
LOAD ..\obj\TibuBoard.o
LOAD ..\obj\ArduinoStyle.o
LOAD ..\obj\usbd_usr.o
LOAD ..\obj\startup_stm32f4xx.o
LOAD ..\obj\SPIAPI.o
LOAD ..\obj\usbd_core.o
LOAD ..\obj\main.o
LOAD ..\obj\stm32f4xx_rcc.o
LOAD ..\obj\stm32f4xx_it.o
LOAD ..\obj\stm32f4xx_adc.o
LOAD ..\obj\BasicFunctions.o
LOAD ..\obj\usbd_desc.o
LOAD ..\obj\stm32f4xx_gpio.o
LOAD ..\obj\usbd_cdc_vcp.o
LOAD ..\obj\system_stm32f4xx.o
LOAD ..\obj\syscalls.o
LOAD ..\obj\stm32f4xx_dma.o
LOAD ..\obj\usb_bsp.o
LOAD ..\obj\usbd_req.o
LOAD ..\obj\usb_dcd_int.o
LOAD ..\obj\usbd_cdc_core.o
LOAD ..\obj\stm32f4xx_spi.o
LOAD ..\obj\stm32f4xx_exti.o
LOAD ..\obj\misc.o
LOAD ..\obj\usb_dcd.o
LOAD ..\obj\USBSerial.o
LOAD ..\obj\usbd_ioreq.o
LOAD ..\obj\stm32f4xx_tim.o
START GROUP
LOAD c:/program files (x86)/gnu tools arm embedded/4.7 2012q4/bin/../lib/gcc/arm-none-eabi/4.7.3/armv7e-m\libgcc.a
LOAD c:/program files (x86)/gnu tools arm embedded/4.7 2012q4/bin/../lib/gcc/arm-none-eabi/4.7.3/../../../../arm-none-eabi/lib/armv7e-m\libg.a
LOAD c:/program files (x86)/gnu tools arm embedded/4.7 2012q4/bin/../lib/gcc/arm-none-eabi/4.7.3/../../../../arm-none-eabi/lib/armv7e-m\libc.a
END GROUP
OUTPUT(TibuBoard_Demo.elf elf32-littlearm)

.debug_info     0x00000000    0x1424c
 .debug_info    0x00000000      0x279 ..\obj\stm32f4xx_syscfg.o
 .debug_info    0x00000279     0x2827 ..\obj\usb_core.o
 .debug_info    0x00002aa0      0xf41 ..\obj\TibuBoard.o
 .debug_info    0x000039e1      0x383 ..\obj\ArduinoStyle.o
 .debug_info    0x00003d64      0x1c3 ..\obj\usbd_usr.o
 .debug_info    0x00003f27      0x103 ..\obj\startup_stm32f4xx.o
 .debug_info    0x0000402a      0xfff ..\obj\usbd_core.o
 .debug_info    0x00005029      0x2d5 ..\obj\main.o
 .debug_info    0x000052fe      0xd49 ..\obj\stm32f4xx_rcc.o
 .debug_info    0x00006047      0xd98 ..\obj\stm32f4xx_it.o
 .debug_info    0x00006ddf      0xd14 ..\obj\stm32f4xx_adc.o
 .debug_info    0x00007af3      0xa7e ..\obj\BasicFunctions.o
 .debug_info    0x00008571      0x380 ..\obj\usbd_desc.o
 .debug_info    0x000088f1      0x640 ..\obj\stm32f4xx_gpio.o
 .debug_info    0x00008f31      0x40b ..\obj\usbd_cdc_vcp.o
 .debug_info    0x0000933c      0x5f5 ..\obj\system_stm32f4xx.o
 .debug_info    0x00009931     0x10fd ..\obj\usb_bsp.o
 .debug_info    0x0000aa2e     0x1126 ..\obj\usbd_req.o
 .debug_info    0x0000bb54     0x20c3 ..\obj\usb_dcd_int.o
 .debug_info    0x0000dc17     0x10d0 ..\obj\usbd_cdc_core.o
 .debug_info    0x0000ece7      0x373 ..\obj\stm32f4xx_exti.o
 .debug_info    0x0000f05a      0x592 ..\obj\misc.o
 .debug_info    0x0000f5ec     0x1198 ..\obj\usb_dcd.o
 .debug_info    0x00010784      0xe59 ..\obj\USBSerial.o
 .debug_info    0x000115dd      0xdf2 ..\obj\usbd_ioreq.o
 .debug_info    0x000123cf     0x1e7d ..\obj\stm32f4xx_tim.o

.debug_abbrev   0x00000000     0x2b82
 .debug_abbrev  0x00000000      0x133 ..\obj\stm32f4xx_syscfg.o
 .debug_abbrev  0x00000133      0x2bc ..\obj\usb_core.o
 .debug_abbrev  0x000003ef      0x245 ..\obj\TibuBoard.o
 .debug_abbrev  0x00000634      0x134 ..\obj\ArduinoStyle.o
 .debug_abbrev  0x00000768       0xdf ..\obj\usbd_usr.o
 .debug_abbrev  0x00000847       0xb2 ..\obj\startup_stm32f4xx.o
 .debug_abbrev  0x000008f9      0x1f2 ..\obj\usbd_core.o
 .debug_abbrev  0x00000aeb       0xe2 ..\obj\main.o
 .debug_abbrev  0x00000bcd      0x1e5 ..\obj\stm32f4xx_rcc.o
 .debug_abbrev  0x00000db2      0x19f ..\obj\stm32f4xx_it.o
 .debug_abbrev  0x00000f51      0x198 ..\obj\stm32f4xx_adc.o
 .debug_abbrev  0x000010e9      0x1f0 ..\obj\BasicFunctions.o
 .debug_abbrev  0x000012d9      0x12e ..\obj\usbd_desc.o
 .debug_abbrev  0x00001407      0x1a5 ..\obj\stm32f4xx_gpio.o
 .debug_abbrev  0x000015ac      0x19c ..\obj\usbd_cdc_vcp.o
 .debug_abbrev  0x00001748      0x138 ..\obj\system_stm32f4xx.o
 .debug_abbrev  0x00001880      0x1e6 ..\obj\usb_bsp.o
 .debug_abbrev  0x00001a66      0x279 ..\obj\usbd_req.o
 .debug_abbrev  0x00001cdf      0x23f ..\obj\usb_dcd_int.o
 .debug_abbrev  0x00001f1e      0x215 ..\obj\usbd_cdc_core.o
 .debug_abbrev  0x00002133      0x1a7 ..\obj\stm32f4xx_exti.o
 .debug_abbrev  0x000022da      0x129 ..\obj\misc.o
 .debug_abbrev  0x00002403      0x22e ..\obj\usb_dcd.o
 .debug_abbrev  0x00002631      0x244 ..\obj\USBSerial.o
 .debug_abbrev  0x00002875      0x184 ..\obj\usbd_ioreq.o
 .debug_abbrev  0x000029f9      0x189 ..\obj\stm32f4xx_tim.o

.debug_loc      0x00000000     0x55a0
 .debug_loc     0x00000000      0x144 ..\obj\stm32f4xx_syscfg.o
 .debug_loc     0x00000144      0x7e0 ..\obj\usb_core.o
 .debug_loc     0x00000924      0x3ac ..\obj\TibuBoard.o
 .debug_loc     0x00000cd0       0x9c ..\obj\ArduinoStyle.o
 .debug_loc     0x00000d6c       0xe8 ..\obj\usbd_usr.o
 .debug_loc     0x00000e54       0x64 ..\obj\startup_stm32f4xx.o
 .debug_loc     0x00000eb8      0x2d8 ..\obj\usbd_core.o
 .debug_loc     0x00001190       0x2c ..\obj\main.o
 .debug_loc     0x000011bc      0x97c ..\obj\stm32f4xx_rcc.o
 .debug_loc     0x00001b38      0x2c0 ..\obj\stm32f4xx_it.o
 .debug_loc     0x00001df8      0x838 ..\obj\stm32f4xx_adc.o
 .debug_loc     0x00002630      0x1a8 ..\obj\BasicFunctions.o
 .debug_loc     0x000027d8      0x188 ..\obj\usbd_desc.o
 .debug_loc     0x00002960      0x310 ..\obj\stm32f4xx_gpio.o
 .debug_loc     0x00002c70      0x1d4 ..\obj\usbd_cdc_vcp.o
 .debug_loc     0x00002e44       0x9c ..\obj\system_stm32f4xx.o
 .debug_loc     0x00002ee0       0xe0 ..\obj\usb_bsp.o
 .debug_loc     0x00002fc0      0x310 ..\obj\usbd_req.o
 .debug_loc     0x000032d0      0x348 ..\obj\usb_dcd_int.o
 .debug_loc     0x00003618      0x25c ..\obj\usbd_cdc_core.o
 .debug_loc     0x00003874      0x1b4 ..\obj\stm32f4xx_exti.o
 .debug_loc     0x00003a28      0x118 ..\obj\misc.o
 .debug_loc     0x00003b40      0x2d8 ..\obj\usb_dcd.o
 .debug_loc     0x00003e18      0x1e0 ..\obj\USBSerial.o
 .debug_loc     0x00003ff8      0x188 ..\obj\usbd_ioreq.o
 .debug_loc     0x00004180     0x1420 ..\obj\stm32f4xx_tim.o

.debug_aranges  0x00000000      0xef0
 .debug_aranges
                0x00000000       0x48 ..\obj\stm32f4xx_syscfg.o
 .debug_aranges
                0x00000048      0x138 ..\obj\usb_core.o
 .debug_aranges
                0x00000180       0xa0 ..\obj\TibuBoard.o
 .debug_aranges
                0x00000220       0x30 ..\obj\ArduinoStyle.o
 .debug_aranges
                0x00000250       0x40 ..\obj\usbd_usr.o
 .debug_aranges
                0x00000290       0x28 ..\obj\startup_stm32f4xx.o
 .debug_aranges
                0x000002b8       0x80 ..\obj\usbd_core.o
 .debug_aranges
                0x00000338       0x20 ..\obj\main.o
 .debug_aranges
                0x00000358      0x178 ..\obj\stm32f4xx_rcc.o
 .debug_aranges
                0x000004d0       0x98 ..\obj\stm32f4xx_it.o
 .debug_aranges
                0x00000568      0x148 ..\obj\stm32f4xx_adc.o
 .debug_aranges
                0x000006b0       0x58 ..\obj\BasicFunctions.o
 .debug_aranges
                0x00000708       0x50 ..\obj\usbd_desc.o
 .debug_aranges
                0x00000758       0x88 ..\obj\stm32f4xx_gpio.o
 .debug_aranges
                0x000007e0       0x60 ..\obj\usbd_cdc_vcp.o
 .debug_aranges
                0x00000840       0x30 ..\obj\system_stm32f4xx.o
 .debug_aranges
                0x00000870       0x38 ..\obj\usb_bsp.o
 .debug_aranges
                0x000008a8       0x88 ..\obj\usbd_req.o
 .debug_aranges
                0x00000930       0x90 ..\obj\usb_dcd_int.o
 .debug_aranges
                0x000009c0       0x70 ..\obj\usbd_cdc_core.o
 .debug_aranges
                0x00000a30       0x58 ..\obj\stm32f4xx_exti.o
 .debug_aranges
                0x00000a88       0x40 ..\obj\misc.o
 .debug_aranges
                0x00000ac8       0x80 ..\obj\usb_dcd.o
 .debug_aranges
                0x00000b48       0x60 ..\obj\USBSerial.o
 .debug_aranges
                0x00000ba8       0x50 ..\obj\usbd_ioreq.o
 .debug_aranges
                0x00000bf8      0x2f8 ..\obj\stm32f4xx_tim.o

.debug_ranges   0x00000000      0xd50
 .debug_ranges  0x00000000       0x38 ..\obj\stm32f4xx_syscfg.o
 .debug_ranges  0x00000038      0x128 ..\obj\usb_core.o
 .debug_ranges  0x00000160       0x90 ..\obj\TibuBoard.o
 .debug_ranges  0x000001f0       0x20 ..\obj\ArduinoStyle.o
 .debug_ranges  0x00000210       0x30 ..\obj\usbd_usr.o
 .debug_ranges  0x00000240       0x18 ..\obj\startup_stm32f4xx.o
 .debug_ranges  0x00000258       0x70 ..\obj\usbd_core.o
 .debug_ranges  0x000002c8       0x10 ..\obj\main.o
 .debug_ranges  0x000002d8      0x168 ..\obj\stm32f4xx_rcc.o
 .debug_ranges  0x00000440       0x88 ..\obj\stm32f4xx_it.o
 .debug_ranges  0x000004c8      0x138 ..\obj\stm32f4xx_adc.o
 .debug_ranges  0x00000600       0x48 ..\obj\BasicFunctions.o
 .debug_ranges  0x00000648       0x40 ..\obj\usbd_desc.o
 .debug_ranges  0x00000688       0x78 ..\obj\stm32f4xx_gpio.o
 .debug_ranges  0x00000700       0x50 ..\obj\usbd_cdc_vcp.o
 .debug_ranges  0x00000750       0x20 ..\obj\system_stm32f4xx.o
 .debug_ranges  0x00000770       0x28 ..\obj\usb_bsp.o
 .debug_ranges  0x00000798       0x78 ..\obj\usbd_req.o
 .debug_ranges  0x00000810       0x80 ..\obj\usb_dcd_int.o
 .debug_ranges  0x00000890       0x60 ..\obj\usbd_cdc_core.o
 .debug_ranges  0x000008f0       0x48 ..\obj\stm32f4xx_exti.o
 .debug_ranges  0x00000938       0x30 ..\obj\misc.o
 .debug_ranges  0x00000968       0x70 ..\obj\usb_dcd.o
 .debug_ranges  0x000009d8       0x50 ..\obj\USBSerial.o
 .debug_ranges  0x00000a28       0x40 ..\obj\usbd_ioreq.o
 .debug_ranges  0x00000a68      0x2e8 ..\obj\stm32f4xx_tim.o

.debug_line     0x00000000     0x595e
 .debug_line    0x00000000      0x1ee ..\obj\stm32f4xx_syscfg.o
 .debug_line    0x000001ee      0x703 ..\obj\usb_core.o
 .debug_line    0x000008f1      0x41c ..\obj\TibuBoard.o
 .debug_line    0x00000d0d      0x20e ..\obj\ArduinoStyle.o
 .debug_line    0x00000f1b      0x1d6 ..\obj\usbd_usr.o
 .debug_line    0x000010f1       0xa2 ..\obj\startup_stm32f4xx.o
 .debug_line    0x00001193      0x39b ..\obj\usbd_core.o
 .debug_line    0x0000152e      0x18d ..\obj\main.o
 .debug_line    0x000016bb      0x572 ..\obj\stm32f4xx_rcc.o
 .debug_line    0x00001c2d      0x33c ..\obj\stm32f4xx_it.o
 .debug_line    0x00001f69      0x52b ..\obj\stm32f4xx_adc.o
 .debug_line    0x00002494      0x340 ..\obj\BasicFunctions.o
 .debug_line    0x000027d4      0x21c ..\obj\usbd_desc.o
 .debug_line    0x000029f0      0x316 ..\obj\stm32f4xx_gpio.o
 .debug_line    0x00002d06      0x2ea ..\obj\usbd_cdc_vcp.o
 .debug_line    0x00002ff0      0x1be ..\obj\system_stm32f4xx.o
 .debug_line    0x000031ae      0x2b3 ..\obj\usb_bsp.o
 .debug_line    0x00003461      0x4b6 ..\obj\usbd_req.o
 .debug_line    0x00003917      0x432 ..\obj\usb_dcd_int.o
 .debug_line    0x00003d49      0x3a8 ..\obj\usbd_cdc_core.o
 .debug_line    0x000040f1      0x27c ..\obj\stm32f4xx_exti.o
 .debug_line    0x0000436d      0x21c ..\obj\misc.o
 .debug_line    0x00004589      0x35d ..\obj\usb_dcd.o
 .debug_line    0x000048e6      0x385 ..\obj\USBSerial.o
 .debug_line    0x00004c6b      0x2a3 ..\obj\usbd_ioreq.o
 .debug_line    0x00004f0e      0xa50 ..\obj\stm32f4xx_tim.o

.debug_str      0x00000000     0x5122
 .debug_str     0x00000000      0x256 ..\obj\stm32f4xx_syscfg.o
                                0x2a3 (size before relaxing)
 .debug_str     0x00000256     0x1274 ..\obj\usb_core.o
                               0x165d (size before relaxing)
 .debug_str     0x000014ca      0xbdf ..\obj\TibuBoard.o
                                0xd4f (size before relaxing)
 .debug_str     0x000020a9       0xaa ..\obj\ArduinoStyle.o
                                0x2d4 (size before relaxing)
 .debug_str     0x00002153       0xb4 ..\obj\usbd_usr.o
                                0x233 (size before relaxing)
 .debug_str     0x00002207       0xb1 ..\obj\startup_stm32f4xx.o
                                0x115 (size before relaxing)
 .debug_str     0x000022b8      0x1ac ..\obj\usbd_core.o
                                0xaab (size before relaxing)
 .debug_str     0x00002464       0x35 ..\obj\main.o
                                0x293 (size before relaxing)
 .debug_str     0x00002499      0x651 ..\obj\stm32f4xx_rcc.o
                                0x7f4 (size before relaxing)
 .debug_str     0x00002aea      0x16e ..\obj\stm32f4xx_it.o
                                0xa2e (size before relaxing)
 .debug_str     0x00002c58      0x63b ..\obj\stm32f4xx_adc.o
                                0x7a8 (size before relaxing)
 .debug_str     0x00003293      0x33b ..\obj\BasicFunctions.o
                                0x7b7 (size before relaxing)
 .debug_str     0x000035ce      0x162 ..\obj\usbd_desc.o
                                0x336 (size before relaxing)
 .debug_str     0x00003730      0x19e ..\obj\stm32f4xx_gpio.o
                                0x447 (size before relaxing)
 .debug_str     0x000038ce      0x19b ..\obj\usbd_cdc_vcp.o
                                0x2c1 (size before relaxing)
 .debug_str     0x00003a69       0xb5 ..\obj\system_stm32f4xx.o
                                0x34e (size before relaxing)
 .debug_str     0x00003b1e       0xa2 ..\obj\usb_bsp.o
                               0x105f (size before relaxing)
 .debug_str     0x00003bc0      0x192 ..\obj\usbd_req.o
                                0xaef (size before relaxing)
 .debug_str     0x00003d52      0x2d0 ..\obj\usb_dcd_int.o
                               0x1292 (size before relaxing)
 .debug_str     0x00004022      0x1f2 ..\obj\usbd_cdc_core.o
                                0xb3f (size before relaxing)
 .debug_str     0x00004214      0x101 ..\obj\stm32f4xx_exti.o
                                0x312 (size before relaxing)
 .debug_str     0x00004315      0x10d ..\obj\misc.o
                                0x37d (size before relaxing)
 .debug_str     0x00004422      0x125 ..\obj\usb_dcd.o
                                0xafd (size before relaxing)
 .debug_str     0x00004547       0xf4 ..\obj\USBSerial.o
                                0xa38 (size before relaxing)
 .debug_str     0x0000463b       0xe8 ..\obj\usbd_ioreq.o
                                0x995 (size before relaxing)
 .debug_str     0x00004723      0x9ff ..\obj\stm32f4xx_tim.o
                                0xd74 (size before relaxing)

.comment        0x00000000       0x70
 .comment       0x00000000       0x70 ..\obj\stm32f4xx_syscfg.o
                                 0x71 (size before relaxing)
 .comment       0x00000000       0x71 ..\obj\usb_core.o
 .comment       0x00000000       0x71 ..\obj\TibuBoard.o
 .comment       0x00000000       0x71 ..\obj\ArduinoStyle.o
 .comment       0x00000000       0x71 ..\obj\usbd_usr.o
 .comment       0x00000000       0x71 ..\obj\startup_stm32f4xx.o
 .comment       0x00000000       0x71 ..\obj\usbd_core.o
 .comment       0x00000000       0x71 ..\obj\main.o
 .comment       0x00000000       0x71 ..\obj\stm32f4xx_rcc.o
 .comment       0x00000000       0x71 ..\obj\stm32f4xx_it.o
 .comment       0x00000000       0x71 ..\obj\stm32f4xx_adc.o
 .comment       0x00000000       0x71 ..\obj\BasicFunctions.o
 .comment       0x00000000       0x71 ..\obj\usbd_desc.o
 .comment       0x00000000       0x71 ..\obj\stm32f4xx_gpio.o
 .comment       0x00000000       0x71 ..\obj\usbd_cdc_vcp.o
 .comment       0x00000000       0x71 ..\obj\system_stm32f4xx.o
 .comment       0x00000000       0x71 ..\obj\usb_bsp.o
 .comment       0x00000000       0x71 ..\obj\usbd_req.o
 .comment       0x00000000       0x71 ..\obj\usb_dcd_int.o
 .comment       0x00000000       0x71 ..\obj\usbd_cdc_core.o
 .comment       0x00000000       0x71 ..\obj\stm32f4xx_exti.o
 .comment       0x00000000       0x71 ..\obj\misc.o
 .comment       0x00000000       0x71 ..\obj\usb_dcd.o
 .comment       0x00000000       0x71 ..\obj\USBSerial.o
 .comment       0x00000000       0x71 ..\obj\usbd_ioreq.o
 .comment       0x00000000       0x71 ..\obj\stm32f4xx_tim.o

.ARM.attributes
                0x00000000       0x33
 .ARM.attributes
                0x00000000       0x33 ..\obj\stm32f4xx_syscfg.o
 .ARM.attributes
                0x00000033       0x33 ..\obj\usb_core.o
 .ARM.attributes
                0x00000066       0x33 ..\obj\TibuBoard.o
 .ARM.attributes
                0x00000099       0x33 ..\obj\ArduinoStyle.o
 .ARM.attributes
                0x000000cc       0x33 ..\obj\usbd_usr.o
 .ARM.attributes
                0x000000ff       0x33 ..\obj\startup_stm32f4xx.o
 .ARM.attributes
                0x00000132       0x33 ..\obj\usbd_core.o
 .ARM.attributes
                0x00000165       0x33 ..\obj\main.o
 .ARM.attributes
                0x00000198       0x33 ..\obj\stm32f4xx_rcc.o
 .ARM.attributes
                0x000001cb       0x33 ..\obj\stm32f4xx_it.o
 .ARM.attributes
                0x000001fe       0x33 ..\obj\stm32f4xx_adc.o
 .ARM.attributes
                0x00000231       0x33 ..\obj\BasicFunctions.o
 .ARM.attributes
                0x00000264       0x33 ..\obj\usbd_desc.o
 .ARM.attributes
                0x00000297       0x33 ..\obj\stm32f4xx_gpio.o
 .ARM.attributes
                0x000002ca       0x33 ..\obj\usbd_cdc_vcp.o
 .ARM.attributes
                0x000002fd       0x33 ..\obj\system_stm32f4xx.o
 .ARM.attributes
                0x00000330       0x33 ..\obj\usb_bsp.o
 .ARM.attributes
                0x00000363       0x33 ..\obj\usbd_req.o
 .ARM.attributes
                0x00000396       0x33 ..\obj\usb_dcd_int.o
 .ARM.attributes
                0x000003c9       0x33 ..\obj\usbd_cdc_core.o
 .ARM.attributes
                0x000003fc       0x33 ..\obj\stm32f4xx_exti.o
 .ARM.attributes
                0x0000042f       0x33 ..\obj\misc.o
 .ARM.attributes
                0x00000462       0x33 ..\obj\usb_dcd.o
 .ARM.attributes
                0x00000495       0x33 ..\obj\USBSerial.o
 .ARM.attributes
                0x000004c8       0x33 ..\obj\usbd_ioreq.o
 .ARM.attributes
                0x000004fb       0x33 ..\obj\stm32f4xx_tim.o

.debug_frame    0x00000000     0x2ee4
 .debug_frame   0x00000000       0xbc ..\obj\stm32f4xx_syscfg.o
 .debug_frame   0x000000bc      0x434 ..\obj\usb_core.o
 .debug_frame   0x000004f0      0x220 ..\obj\TibuBoard.o
 .debug_frame   0x00000710       0x6c ..\obj\ArduinoStyle.o
 .debug_frame   0x0000077c       0x8c ..\obj\usbd_usr.o
 .debug_frame   0x00000808       0x48 ..\obj\startup_stm32f4xx.o
 .debug_frame   0x00000850      0x1ac ..\obj\usbd_core.o
 .debug_frame   0x000009fc       0x2c ..\obj\main.o
 .debug_frame   0x00000a28      0x4d8 ..\obj\stm32f4xx_rcc.o
 .debug_frame   0x00000f00      0x1a8 ..\obj\stm32f4xx_it.o
 .debug_frame   0x000010a8      0x434 ..\obj\stm32f4xx_adc.o
 .debug_frame   0x000014dc      0x100 ..\obj\BasicFunctions.o
 .debug_frame   0x000015dc       0xe8 ..\obj\usbd_desc.o
 .debug_frame   0x000016c4      0x19c ..\obj\stm32f4xx_gpio.o
 .debug_frame   0x00001860      0x108 ..\obj\usbd_cdc_vcp.o
 .debug_frame   0x00001968       0x64 ..\obj\system_stm32f4xx.o
 .debug_frame   0x000019cc       0x8c ..\obj\usb_bsp.o
 .debug_frame   0x00001a58      0x1c8 ..\obj\usbd_req.o
 .debug_frame   0x00001c20      0x1ec ..\obj\usb_dcd_int.o
 .debug_frame   0x00001e0c      0x160 ..\obj\usbd_cdc_core.o
 .debug_frame   0x00001f6c       0xec ..\obj\stm32f4xx_exti.o
 .debug_frame   0x00002058       0x9c ..\obj\misc.o
 .debug_frame   0x000020f4      0x1ac ..\obj\usb_dcd.o
 .debug_frame   0x000022a0      0x11c ..\obj\USBSerial.o
 .debug_frame   0x000023bc       0xec ..\obj\usbd_ioreq.o
 .debug_frame   0x000024a8      0xa3c ..\obj\stm32f4xx_tim.o
