Archive member included because of file (symbol)

..\..\..\..\..\..\..\..\..\Program Files (x86)\GNU Tools ARM Embedded\4.7 2012q4\arm-none-eabi\lib\armv7-m\libm.a(lib_a-s_fpclassify.o)
                              ..\obj\Print.o (__fpclassifyd)
c:/program files (x86)/gnu tools arm embedded/4.7 2012q4/bin/../lib/gcc/arm-none-eabi/4.7.3/armv7e-m\libgcc.a(_arm_addsubdf3.o)
                              ..\obj\Print.o (__aeabi_dsub)
c:/program files (x86)/gnu tools arm embedded/4.7 2012q4/bin/../lib/gcc/arm-none-eabi/4.7.3/armv7e-m\libgcc.a(_arm_muldivdf3.o)
                              ..\obj\Stream.o (__aeabi_dmul)
c:/program files (x86)/gnu tools arm embedded/4.7 2012q4/bin/../lib/gcc/arm-none-eabi/4.7.3/armv7e-m\libgcc.a(_arm_cmpdf2.o)
                              ..\obj\Print.o (__aeabi_dcmplt)
c:/program files (x86)/gnu tools arm embedded/4.7 2012q4/bin/../lib/gcc/arm-none-eabi/4.7.3/armv7e-m\libgcc.a(_arm_fixdfsi.o)
                              ..\obj\Print.o (__aeabi_d2iz)
c:/program files (x86)/gnu tools arm embedded/4.7 2012q4/bin/../lib/gcc/arm-none-eabi/4.7.3/armv7e-m\libgcc.a(_arm_fixunsdfsi.o)
                              ..\obj\Print.o (__aeabi_d2uiz)
c:/program files (x86)/gnu tools arm embedded/4.7 2012q4/bin/../lib/gcc/arm-none-eabi/4.7.3/armv7e-m\libgcc.a(_arm_truncdfsf2.o)
                              ..\obj\Stream.o (__aeabi_d2f)
c:/program files (x86)/gnu tools arm embedded/4.7 2012q4/bin/../lib/gcc/arm-none-eabi/4.7.3/armv7e-m\libgcc.a(_arm_addsubsf3.o)
                              ..\obj\Stream.o (__aeabi_i2f)
c:/program files (x86)/gnu tools arm embedded/4.7 2012q4/bin/../lib/gcc/arm-none-eabi/4.7.3/armv7e-m\libgcc.a(_arm_muldivsf3.o)
                              ..\obj\Stream.o (__aeabi_fmul)
c:/program files (x86)/gnu tools arm embedded/4.7 2012q4/bin/../lib/gcc/arm-none-eabi/4.7.3/armv7e-m\libgcc.a(unwind-arm.o)
                              ..\obj\main.o (__aeabi_unwind_cpp_pr0)
c:/program files (x86)/gnu tools arm embedded/4.7 2012q4/bin/../lib/gcc/arm-none-eabi/4.7.3/armv7e-m\libgcc.a(libunwind.o)
                              c:/program files (x86)/gnu tools arm embedded/4.7 2012q4/bin/../lib/gcc/arm-none-eabi/4.7.3/armv7e-m\libgcc.a(unwind-arm.o) (restore_core_regs)
c:/program files (x86)/gnu tools arm embedded/4.7 2012q4/bin/../lib/gcc/arm-none-eabi/4.7.3/armv7e-m\libgcc.a(pr-support.o)
                              c:/program files (x86)/gnu tools arm embedded/4.7 2012q4/bin/../lib/gcc/arm-none-eabi/4.7.3/armv7e-m\libgcc.a(unwind-arm.o) (__gnu_unwind_execute)
..\..\..\..\..\..\..\..\..\Program Files (x86)\GNU Tools ARM Embedded\4.7 2012q4\arm-none-eabi\lib\armv7-m\libc.a(lib_a-__atexit.o)
                              c:/program files (x86)/gnu tools arm embedded/4.7 2012q4/bin/../lib/gcc/arm-none-eabi/4.7.3/../../../../arm-none-eabi/lib/armv7e-m/crt0.o (__register_exitproc)
..\..\..\..\..\..\..\..\..\Program Files (x86)\GNU Tools ARM Embedded\4.7 2012q4\arm-none-eabi\lib\armv7-m\libc.a(lib_a-aeabi_atexit.o)
                              ..\obj\SPIAPI.o (__aeabi_atexit)
..\..\..\..\..\..\..\..\..\Program Files (x86)\GNU Tools ARM Embedded\4.7 2012q4\arm-none-eabi\lib\armv7-m\libc.a(lib_a-atol.o)
                              ..\obj\WString.o (atol)
..\..\..\..\..\..\..\..\..\Program Files (x86)\GNU Tools ARM Embedded\4.7 2012q4\arm-none-eabi\lib\armv7-m\libc.a(lib_a-cxa_atexit.o)
                              ..\..\..\..\..\..\..\..\..\Program Files (x86)\GNU Tools ARM Embedded\4.7 2012q4\arm-none-eabi\lib\armv7-m\libc.a(lib_a-aeabi_atexit.o) (__cxa_atexit)
..\..\..\..\..\..\..\..\..\Program Files (x86)\GNU Tools ARM Embedded\4.7 2012q4\arm-none-eabi\lib\armv7-m\libc.a(lib_a-exit.o)
                              c:/program files (x86)/gnu tools arm embedded/4.7 2012q4/bin/../lib/gcc/arm-none-eabi/4.7.3/../../../../arm-none-eabi/lib/armv7e-m/crt0.o (exit)
..\..\..\..\..\..\..\..\..\Program Files (x86)\GNU Tools ARM Embedded\4.7 2012q4\arm-none-eabi\lib\armv7-m\libc.a(lib_a-fini.o)
                              c:/program files (x86)/gnu tools arm embedded/4.7 2012q4/bin/../lib/gcc/arm-none-eabi/4.7.3/../../../../arm-none-eabi/lib/armv7e-m/crt0.o (__libc_fini_array)
..\..\..\..\..\..\..\..\..\Program Files (x86)\GNU Tools ARM Embedded\4.7 2012q4\arm-none-eabi\lib\armv7-m\libc.a(lib_a-impure.o)
                              ..\..\..\..\..\..\..\..\..\Program Files (x86)\GNU Tools ARM Embedded\4.7 2012q4\arm-none-eabi\lib\armv7-m\libc.a(lib_a-__atexit.o) (_global_impure_ptr)
..\..\..\..\..\..\..\..\..\Program Files (x86)\GNU Tools ARM Embedded\4.7 2012q4\arm-none-eabi\lib\armv7-m\libc.a(lib_a-init.o)
                              c:/program files (x86)/gnu tools arm embedded/4.7 2012q4/bin/../lib/gcc/arm-none-eabi/4.7.3/../../../../arm-none-eabi/lib/armv7e-m/crt0.o (__libc_init_array)
..\..\..\..\..\..\..\..\..\Program Files (x86)\GNU Tools ARM Embedded\4.7 2012q4\arm-none-eabi\lib\armv7-m\libc.a(lib_a-isspace.o)
                              ..\obj\WString.o (isspace)
[...]
Memory Configuration

Name             Origin             Length             Attributes
FLASH            0x08000000         0x00100000         xr
RAM              0x20000000         0x00020000         xrw
RAM1             0x10000000         0x00010000         xrw
*default*        0x00000000         0xffffffff

Linker script and memory map

LOAD c:/program files (x86)/gnu tools arm embedded/4.7 2012q4/bin/../lib/gcc/arm-none-eabi/4.7.3/armv7e-m/crti.o
LOAD c:/program files (x86)/gnu tools arm embedded/4.7 2012q4/bin/../lib/gcc/arm-none-eabi/4.7.3/armv7e-m/crtbegin.o
LOAD c:/program files (x86)/gnu tools arm embedded/4.7 2012q4/bin/../lib/gcc/arm-none-eabi/4.7.3/../../../../arm-none-eabi/lib/armv7e-m/crt0.o

.text           0x08000000    0x1e4e0
 *(.isr_vector)
 .isr_vector    0x08000000      0x188 ..\obj\startup_stm32f4xx.o
                0x08000000                g_pfnVectors
 *(.text*)
 .text          0x08000188       0x54 c:/program files (x86)/gnu tools arm embedded/4.7 2012q4/bin/../lib/gcc/arm-none-eabi/4.7.3/armv7e-m/crtbegin.o
 .text          0x080001dc       0x70 c:/program files (x86)/gnu tools arm embedded/4.7 2012q4/bin/../lib/gcc/arm-none-eabi/4.7.3/../../../../arm-none-eabi/lib/armv7e-m/crt0.o
                0x080001dc                _start
                0x080001dc                start
                0x080001dc                _mainCRTStartup
 .text._ZN10W5100Class9writeSnMREhh
                0x0800024c       0x28 ..\obj\socket.o
                0x0800024c                W5100Class::writeSnMR(unsigned char, unsigned char)
 .text._ZN10W5100Class9writeSnIREhh
                0x08000274       0x28 ..\obj\socket.o
                0x08000274                W5100Class::writeSnIR(unsigned char, unsigned char)
 .text._ZN10W5100Class8readSnIREh
                0x0800029c       0x24 ..\obj\socket.o
                0x0800029c                W5100Class::readSnIR(unsigned char)
 .text._ZN10W5100Class8readSnSREh
                0x080002c0       0x24 ..\obj\socket.o
                0x080002c0                W5100Class::readSnSR(unsigned char)
 .text._ZN10W5100Class11writeSnPORTEht
                0x080002e4       0x40 ..\obj\socket.o
                0x080002e4                W5100Class::writeSnPORT(unsigned char, unsigned short)
 .text._ZN10W5100Class11writeSnDIPREhPh
                0x08000324       0x2c ..\obj\socket.o
                0x08000324                W5100Class::writeSnDIPR(unsigned char, unsigned char*)
 .text._ZN10W5100Class12writeSnDPORTEht
                0x08000350       0x40 ..\obj\socket.o
                0x08000350                W5100Class::writeSnDPORT(unsigned char, unsigned short)
 .text._ZN10W5100Class12writeSnRX_RDEht
                0x08000390       0x40 ..\obj\socket.o
                0x08000390                W5100Class::writeSnRX_RD(unsigned char, unsigned short)
 .text._ZN10W5100Class11readSnRX_RDEh
                0x080003d0       0x4c ..\obj\socket.o
                0x080003d0                W5100Class::readSnRX_RD(unsigned char)
 .text._ZN10W5100Class6readSnEht
                0x0800041c       0x34 ..\obj\socket.o
                0x0800041c                W5100Class::readSn(unsigned char, unsigned short)
 .text._ZN10W5100Class7writeSnEhth
                0x08000450       0x3c ..\obj\socket.o
                0x08000450                W5100Class::writeSn(unsigned char, unsigned short, unsigned char)
 .text._ZN10W5100Class7writeSnEhtPht
                0x0800048c       0x40 ..\obj\socket.o
                0x0800048c                W5100Class::writeSn(unsigned char, unsigned short, unsigned char*, unsigned short)
 .text._Z6sockethhth
                0x080004cc       0xb0 ..\obj\socket.o
                0x080004cc                socket(unsigned char, unsigned char, unsigned short, unsigned char)
 .text._Z5closeh
                0x0800057c       0x34 ..\obj\socket.o
                0x0800057c                close(unsigned char)
 .text._Z6listenh
                0x080005b0       0x4c ..\obj\socket.o
                0x080005b0                listen(unsigned char)
 .text._Z7connecthPht
                0x080005fc       0xac ..\obj\socket.o
                0x080005fc                connect(unsigned char, unsigned char*, unsigned short)
 .text._Z10disconnecth
                0x080006a8       0x28 ..\obj\socket.o
                0x080006a8                disconnect(unsigned char)
 .text._Z4sendhPKht
                0x080006d0      0x100 ..\obj\socket.o
                0x080006d0                send(unsigned char, unsigned char const*, unsigned short)
 .text._Z4recvhPhs
                0x080007d0       0xb0 ..\obj\socket.o
                0x080007d0                recv(unsigned char, unsigned char*, short)
 .text._Z4peekhPh
                0x08000880       0x38 ..\obj\socket.o
                0x08000880                peek(unsigned char, unsigned char*)
 .text._Z10bufferDatahtPKht
                0x080008b8       0x7c ..\obj\socket.o
                0x080008b8                bufferData(unsigned char, unsigned short, unsigned char const*, unsigned short)
 .text._Z8startUDPhPht
                0x08000934       0x6c ..\obj\socket.o
                0x08000934                startUDP(unsigned char, unsigned char*, unsigned short)
 .text._Z7sendUDPh
                0x080009a0       0x84 ..\obj\socket.o
                0x080009a0                sendUDP(unsigned char)
 .text.USB_OTG_EnableCommonInt
                0x08000a24       0x44 ..\obj\usb_core.o
 .text.USB_OTG_CoreReset
                0x08000a68       0xa8 ..\obj\usb_core.o
 .text.USB_OTG_WritePacket
                0x08000b10       0x84 ..\obj\usb_core.o
                0x08000b10                USB_OTG_WritePacket
 .text.USB_OTG_ReadPacket
                0x08000b94       0x68 ..\obj\usb_core.o
                0x08000b94                USB_OTG_ReadPacket
 .text.USB_OTG_SelectCore
                0x08000bfc      0x1bc ..\obj\usb_core.o
                0x08000bfc                USB_OTG_SelectCore
 .text.USB_OTG_CoreInit
                0x08000db8      0x1f8 ..\obj\usb_core.o
                0x08000db8                USB_OTG_CoreInit
 .text.USB_OTG_EnableGlobalInt
                0x08000fb0       0x3c ..\obj\usb_core.o
                0x08000fb0                USB_OTG_EnableGlobalInt
 .text.USB_OTG_DisableGlobalInt
                0x08000fec       0x40 ..\obj\usb_core.o
                0x08000fec                USB_OTG_DisableGlobalInt
 .text.USB_OTG_FlushTxFifo
                0x0800102c       0x80 ..\obj\usb_core.o
                0x0800102c                USB_OTG_FlushTxFifo
 .text.USB_OTG_FlushRxFifo
                0x080010ac       0x6c ..\obj\usb_core.o
                0x080010ac                USB_OTG_FlushRxFifo
 .text.USB_OTG_SetCurrentMode
                0x08001118       0x64 ..\obj\usb_core.o
                0x08001118                USB_OTG_SetCurrentMode
 .text.USB_OTG_GetMode
                0x0800117c       0x20 ..\obj\usb_core.o
                0x0800117c                USB_OTG_GetMode
 .text.USB_OTG_IsDeviceMode
                0x0800119c       0x24 ..\obj\usb_core.o
                0x0800119c                USB_OTG_IsDeviceMode
 .text.USB_OTG_ReadCoreItr
                0x080011c0       0x30 ..\obj\usb_core.o
                0x080011c0                USB_OTG_ReadCoreItr
 .text.USB_OTG_InitDevSpeed
                0x080011f0       0x38 ..\obj\usb_core.o
                0x080011f0                USB_OTG_InitDevSpeed
 .text.USB_OTG_CoreInitDev
                0x08001228      0x324 ..\obj\usb_core.o
                0x08001228                USB_OTG_CoreInitDev
 .text.USB_OTG_EnableDevInt
                0x0800154c       0xa4 ..\obj\usb_core.o
                0x0800154c                USB_OTG_EnableDevInt
 .text.USB_OTG_GetDeviceSpeed
                0x080015f0       0x50 ..\obj\usb_core.o
                0x080015f0                USB_OTG_GetDeviceSpeed
 .text.USB_OTG_EP0Activate
                0x08001640       0x80 ..\obj\usb_core.o
                0x08001640                USB_OTG_EP0Activate
 .text.USB_OTG_EPActivate
                0x080016c0      0x11c ..\obj\usb_core.o
                0x080016c0                USB_OTG_EPActivate
 .text.USB_OTG_EPDeactivate
                0x080017dc       0xcc ..\obj\usb_core.o
                0x080017dc                USB_OTG_EPDeactivate
 .text.USB_OTG_EPStartXfer
                0x080018a8      0x2d0 ..\obj\usb_core.o
                0x080018a8                USB_OTG_EPStartXfer
 .text.USB_OTG_EP0StartXfer
                0x08001b78      0x200 ..\obj\usb_core.o
                0x08001b78                USB_OTG_EP0StartXfer
 .text.USB_OTG_EPSetStall
                0x08001d78       0x94 ..\obj\usb_core.o
                0x08001d78                USB_OTG_EPSetStall
 .text.USB_OTG_EPClearStall
                0x08001e0c       0x84 ..\obj\usb_core.o
                0x08001e0c                USB_OTG_EPClearStall
 .text.USB_OTG_ReadDevAllOutEp_itr
                0x08001e90       0x30 ..\obj\usb_core.o
                0x08001e90                USB_OTG_ReadDevAllOutEp_itr
 .text.USB_OTG_ReadDevOutEP_itr
                0x08001ec0       0x3c ..\obj\usb_core.o
                0x08001ec0                USB_OTG_ReadDevOutEP_itr
 .text.USB_OTG_ReadDevAllInEPItr
                0x08001efc       0x34 ..\obj\usb_core.o
                0x08001efc                USB_OTG_ReadDevAllInEPItr
 .text.USB_OTG_EP0_OutStart
                0x08001f30       0x78 ..\obj\usb_core.o
                0x08001f30                USB_OTG_EP0_OutStart
 .text.USB_OTG_UngateClock
                0x08001fa8       0x54 ..\obj\usb_core.o
                0x08001fa8                USB_OTG_UngateClock
 .text.NVIC_SetPriority
                0x08001ffc       0x5c ..\obj\TibuBoard.o
 .text.SysTick_Config
                0x08002058       0x64 ..\obj\TibuBoard.o
 .text._Z13SysTickConfigv
                0x080020bc       0x44 ..\obj\TibuBoard.o
                0x080020bc                SysTickConfig()
 .text._Z5delaym
                0x08002100       0x6c ..\obj\TibuBoard.o
                0x08002100                delay(unsigned long)
 .text._Z6millisv
                0x0800216c       0x18 ..\obj\TibuBoard.o
                0x0800216c                millis()
 .text._ZN14HardwareSerial5writeEi
                0x08002184       0x28 ..\obj\ArduinoStyle.o
                0x08002184                HardwareSerial::write(int)
 .text._ZN9PrintableC2ERKS_
                0x080021ac       0x24 ..\obj\ArduinoStyle.o
                0x080021ac                Printable::Printable(Printable const&)
                0x080021ac                Printable::Printable(Printable const&)
 .text._ZN9IPAddressC2ERKS_
                0x080021d0       0x34 ..\obj\ArduinoStyle.o
                0x080021d0                IPAddress::IPAddress(IPAddress const&)
                0x080021d0                IPAddress::IPAddress(IPAddress const&)
 .text._Z5setupv
                0x08002204       0xb0 ..\obj\ArduinoStyle.o
                0x08002204                setup()
 .text._Z4loopv
                0x080022b4       0xd0 ..\obj\ArduinoStyle.o
                0x080022b4                loop()
 .text._Z41__static_initialization_and_destruction_0ii
                0x08002384       0xac ..\obj\ArduinoStyle.o
 .text._GLOBAL__sub_I_mac
                0x08002430       0x14 ..\obj\ArduinoStyle.o
 .text._ZN9IPAddresseqERKS_
                0x08002444       0x30 ..\obj\Dhcp.o
                0x08002444                IPAddress::operator==(IPAddress const&)
 .text._ZN11EthernetUDP8remoteIPEv
                0x08002474       0x24 ..\obj\Dhcp.o
                0x08002474                EthernetUDP::remoteIP()
 .text._ZN11EthernetUDP10remotePortEv
                0x08002498       0x18 ..\obj\Dhcp.o
                0x08002498                EthernetUDP::remotePort()
 .text._Z41__static_initialization_and_destruction_0ii
                0x080024b0       0x40 ..\obj\Dhcp.o
 .text._GLOBAL__sub_I__ZN9DhcpClass13beginWithDHCPEPhmm
                0x080024f0       0x14 ..\obj\Dhcp.o
 .text.USBD_USR_Init
                0x08002504        0xc ..\obj\usbd_usr.o
                0x08002504                USBD_USR_Init
 .text.USBD_USR_DeviceReset
                0x08002510       0x14 ..\obj\usbd_usr.o
                0x08002510                USBD_USR_DeviceReset
 .text.USBD_USR_DeviceConfigured
                0x08002524        0xc ..\obj\usbd_usr.o
                0x08002524                USBD_USR_DeviceConfigured
 .text.USBD_USR_DeviceSuspended
                0x08002530        0xc ..\obj\usbd_usr.o
                0x08002530                USBD_USR_DeviceSuspended
 .text.USBD_USR_DeviceResumed
                0x0800253c        0xc ..\obj\usbd_usr.o
                0x0800253c                USBD_USR_DeviceResumed
 .text.Init_Container
                0x08002548       0x38 ..\obj\BufferFunctions.o
                0x08002548                Init_Container
 .text.Free_Container
                0x08002580       0x1c ..\obj\BufferFunctions.o
                0x08002580                Free_Container
 .text.ContainerisFull
                0x0800259c       0x28 ..\obj\BufferFunctions.o
                0x0800259c                ContainerisFull
 .text.ContainerisEmpty
                0x080025c4       0x24 ..\obj\BufferFunctions.o
                0x080025c4                ContainerisEmpty
 .text.Read_Container
                0x080025e8       0x4c ..\obj\BufferFunctions.o
                0x080025e8                Read_Container
 .text.Write_Container
                0x08002634       0x70 ..\obj\BufferFunctions.o
                0x08002634                Write_Container
 .text.Write_DataContainer
                0x080026a4       0x50 ..\obj\BufferFunctions.o
                0x080026a4                Write_DataContainer
 .text.numDatainContainer
                0x080026f4       0x1c ..\obj\BufferFunctions.o
                0x080026f4                numDatainContainer
 .text._ZN9PrintableC2Ev
                0x08002710       0x20 ..\obj\IPAddress.o
                0x08002710                Printable::Printable()
                0x08002710                Printable::Printable()
 .text._ZN9IPAddressC2Ev
                0x08002730       0x3c ..\obj\IPAddress.o
                0x08002730                IPAddress::IPAddress()
                0x08002730                IPAddress::IPAddress()
 .text._ZN9IPAddressC2Ehhhh
                0x0800276c       0x44 ..\obj\IPAddress.o
                0x0800276c                IPAddress::IPAddress(unsigned char, unsigned char, unsigned char, unsigned char)
                0x0800276c                IPAddress::IPAddress(unsigned char, unsigned char, unsigned char, unsigned char)
 .text._ZN9IPAddressaSEPKh
                0x080027b0       0x28 ..\obj\IPAddress.o
                0x080027b0                IPAddress::operator=(unsigned char const*)
 .text._ZNK9IPAddress7printToER5Print
                0x080027d8       0x84 ..\obj\IPAddress.o
                0x080027d8                IPAddress::printTo(Print&) const
 .text._Z41__static_initialization_and_destruction_0ii
                0x0800285c       0x40 ..\obj\IPAddress.o
 .text._GLOBAL__sub_I__ZN9IPAddressC2Ev
                0x0800289c       0x14 ..\obj\IPAddress.o
 .text.Default_Reset_Handler
                0x080028b0       0x6c ..\obj\startup_stm32f4xx.o
                0x080028b0                Default_Reset_Handler
                0x080028b0                Reset_Handler
 .text.Default_Handler
                0x0800291c        0x8 ..\obj\startup_stm32f4xx.o
                0x0800291c                RTC_Alarm_IRQHandler
                0x0800291c                HASH_RNG_IRQHandler
                0x0800291c                TIM8_CC_IRQHandler
                0x0800291c                TIM1_CC_IRQHandler
                0x0800291c                DMA2_Stream5_IRQHandler
                0x0800291c                DMA1_Stream5_IRQHandler
                0x0800291c                PVD_IRQHandler
                0x0800291c                SDIO_IRQHandler
                0x0800291c                TAMP_STAMP_IRQHandler
                0x0800291c                CAN2_RX1_IRQHandler
                0x0800291c                EXTI3_IRQHandler
                0x0800291c                TIM8_TRG_COM_TIM14_IRQHandler
                0x0800291c                TIM1_UP_TIM10_IRQHandler
                0x0800291c                TIM8_UP_TIM13_IRQHandler
                0x0800291c                I2C3_ER_IRQHandler
                0x0800291c                I2C2_EV_IRQHandler
                0x0800291c                DMA1_Stream2_IRQHandler
                0x0800291c                CAN1_RX0_IRQHandler
                0x0800291c                FPU_IRQHandler
                0x0800291c                CAN2_SCE_IRQHandler
                0x0800291c                DMA2_Stream2_IRQHandler
                0x0800291c                SPI1_IRQHandler
                0x0800291c                TIM6_DAC_IRQHandler
                0x0800291c                TIM1_BRK_TIM9_IRQHandler
                0x0800291c                DCMI_IRQHandler
                0x0800291c                CAN2_RX0_IRQHandler
                0x0800291c                DMA2_Stream3_IRQHandler
                0x0800291c                USART6_IRQHandler
                0x0800291c                USART3_IRQHandler
                0x0800291c                CRYP_IRQHandler
                0x0800291c                CAN1_RX1_IRQHandler
                0x0800291c                UART5_IRQHandler
                0x0800291c                DMA2_Stream0_IRQHandler
                0x0800291c                TIM4_IRQHandler
                0x0800291c                I2C1_EV_IRQHandler
                0x0800291c                DMA1_Stream6_IRQHandler
                0x0800291c                DMA1_Stream1_IRQHandler
                0x0800291c                UART4_IRQHandler
                0x0800291c                TIM3_IRQHandler
                0x0800291c                RCC_IRQHandler
                0x0800291c                TIM8_BRK_TIM12_IRQHandler
                0x0800291c                EXTI15_10_IRQHandler
                0x0800291c                ADC_IRQHandler
                0x0800291c                DMA1_Stream7_IRQHandler
                0x0800291c                TIM7_IRQHandler
                0x0800291c                CAN2_TX_IRQHandler
                0x0800291c                TIM5_IRQHandler
                0x0800291c                DMA2_Stream7_IRQHandler
                0x0800291c                I2C3_EV_IRQHandler
                0x0800291c                EXTI9_5_IRQHandler
                0x0800291c                RTC_WKUP_IRQHandler
                0x0800291c                ETH_WKUP_IRQHandler
                0x0800291c                SPI2_IRQHandler
                0x0800291c                DMA1_Stream0_IRQHandler
                0x0800291c                CAN1_TX_IRQHandler
                0x0800291c                FSMC_IRQHandler
                0x0800291c                ETH_IRQHandler
                0x0800291c                WWDG_IRQHandler
                0x0800291c                TIM2_IRQHandler
                0x0800291c                OTG_FS_WKUP_IRQHandler
                0x0800291c                TIM1_TRG_COM_TIM11_IRQHandler
                0x0800291c                EXTI1_IRQHandler
                0x0800291c                USART2_IRQHandler
                0x0800291c                I2C2_ER_IRQHandler
                0x0800291c                DMA2_Stream1_IRQHandler
                0x0800291c                CAN1_SCE_IRQHandler
                0x0800291c                FLASH_IRQHandler
                0x0800291c                DMA2_Stream4_IRQHandler
                0x0800291c                USART1_IRQHandler
                0x0800291c                OTG_FS_IRQHandler
                0x0800291c                SPI3_IRQHandler
                0x0800291c                DMA1_Stream4_IRQHandler
                0x0800291c                I2C1_ER_IRQHandler
                0x0800291c                DMA2_Stream6_IRQHandler
                0x0800291c                DMA1_Stream3_IRQHandler
 .text._ZN8SPIClassC2Ev
                0x08002924       0x38 ..\obj\SPIAPI.o
                0x08002924                SPIClass::SPIClass()
                0x08002924                SPIClass::SPIClass()
 .text._ZN8SPIClassD2Ev
                0x0800295c       0x18 ..\obj\SPIAPI.o
                0x0800295c                SPIClass::~SPIClass()
                0x0800295c                SPIClass::~SPIClass()
 .text._ZN8SPIClass5beginEh
                0x08002974      0x16c ..\obj\SPIAPI.o
                0x08002974                SPIClass::begin(unsigned char)
 .text._ZN8SPIClass8transferEt
                0x08002ae0       0xe8 ..\obj\SPIAPI.o
                0x08002ae0                SPIClass::transfer(unsigned short)
 .text._Z41__static_initialization_and_destruction_0ii
                0x08002bc8       0x4c ..\obj\SPIAPI.o
 .text._GLOBAL__sub_I_intSPIFunc
                0x08002c14       0x14 ..\obj\SPIAPI.o
 .text.USBD_Init
                0x08002c28       0x58 ..\obj\usbd_core.o
                0x08002c28                USBD_Init
 .text.USBD_DeInit
                0x08002c80       0x18 ..\obj\usbd_core.o
                0x08002c80                USBD_DeInit
 .text.USBD_SetupStage
                0x08002c98       0x70 ..\obj\usbd_core.o
 .text.USBD_DataOutStage
                0x08002d08       0xd4 ..\obj\usbd_core.o
 .text.USBD_DataInStage
                0x08002ddc      0x114 ..\obj\usbd_core.o
 .text.USBD_Reset
                0x08002ef0       0x54 ..\obj\usbd_core.o
 .text.USBD_Resume
                0x08002f44       0x2c ..\obj\usbd_core.o
 .text.USBD_Suspend
                0x08002f70       0x2c ..\obj\usbd_core.o
 .text.USBD_SOF
                0x08002f9c       0x30 ..\obj\usbd_core.o
 .text.USBD_SetCfg
                0x08002fcc       0x34 ..\obj\usbd_core.o
                0x08002fcc                USBD_SetCfg
 .text.USBD_ClrCfg
                0x08003000       0x2c ..\obj\usbd_core.o
                0x08003000                USBD_ClrCfg
 .text.USBD_IsoINIncomplete
                0x0800302c       0x24 ..\obj\usbd_core.o
 .text.USBD_IsoOUTIncomplete
                0x08003050       0x24 ..\obj\usbd_core.o
 .text.main     0x08003074       0x34 ..\obj\main.o
                0x08003074                main
 .text.RCC_AHB1PeriphClockCmd
                0x080030a8       0x54 ..\obj\stm32f4xx_rcc.o
                0x080030a8                RCC_AHB1PeriphClockCmd
 .text.RCC_APB1PeriphClockCmd
                0x080030fc       0x54 ..\obj\stm32f4xx_rcc.o
                0x080030fc                RCC_APB1PeriphClockCmd
 .text.RCC_APB2PeriphClockCmd
                0x08003150       0x54 ..\obj\stm32f4xx_rcc.o
                0x08003150                RCC_APB2PeriphClockCmd
 .text.RCC_APB1PeriphResetCmd
                0x080031a4       0x54 ..\obj\stm32f4xx_rcc.o
                0x080031a4                RCC_APB1PeriphResetCmd
 .text.RCC_APB2PeriphResetCmd
                0x080031f8       0x54 ..\obj\stm32f4xx_rcc.o
                0x080031f8                RCC_APB2PeriphResetCmd
 .text.NMI_Handler
                0x0800324c        0xc ..\obj\stm32f4xx_it.o
                0x0800324c                NMI_Handler
 .text.HardFault_Handler
                0x08003258        0x8 ..\obj\stm32f4xx_it.o
                0x08003258                HardFault_Handler
 .text.MemManage_Handler
                0x08003260        0x8 ..\obj\stm32f4xx_it.o
                0x08003260                MemManage_Handler
 .text.BusFault_Handler
                0x08003268        0x8 ..\obj\stm32f4xx_it.o
                0x08003268                BusFault_Handler
 .text.UsageFault_Handler
                0x08003270        0x8 ..\obj\stm32f4xx_it.o
                0x08003270                UsageFault_Handler
 .text.SVC_Handler
                0x08003278        0xc ..\obj\stm32f4xx_it.o
                0x08003278                SVC_Handler
 .text.DebugMon_Handler
                0x08003284        0xc ..\obj\stm32f4xx_it.o
                0x08003284                DebugMon_Handler
 .text.PendSV_Handler
                0x08003290        0xc ..\obj\stm32f4xx_it.o
                0x08003290                PendSV_Handler
 .text.SysTick_Handler
                0x0800329c       0x24 ..\obj\stm32f4xx_it.o
                0x0800329c                SysTick_Handler
 .text.EXTI0_IRQHandler
                0x080032c0        0xc ..\obj\stm32f4xx_it.o
                0x080032c0                EXTI0_IRQHandler
 .text.EXTI2_IRQHandler
                0x080032cc       0x70 ..\obj\stm32f4xx_it.o
                0x080032cc                EXTI2_IRQHandler
 .text.EXTI4_IRQHandler
                0x0800333c       0x4c ..\obj\stm32f4xx_it.o
                0x0800333c                EXTI4_IRQHandler
 .text.OTG_HS_WKUP_IRQHandler
                0x08003388       0x44 ..\obj\stm32f4xx_it.o
                0x08003388                OTG_HS_WKUP_IRQHandler
 .text.OTG_HS_IRQHandler
                0x080033cc       0x14 ..\obj\stm32f4xx_it.o
                0x080033cc                OTG_HS_IRQHandler
 .text.OTG_HS_EP1_IN_IRQHandler
                0x080033e0       0x14 ..\obj\stm32f4xx_it.o
                0x080033e0                OTG_HS_EP1_IN_IRQHandler
 .text.OTG_HS_EP1_OUT_IRQHandler
                0x080033f4       0x14 ..\obj\stm32f4xx_it.o
                0x080033f4                OTG_HS_EP1_OUT_IRQHandler
 .text._ZN10W5100Class8writeGAREPh
                0x08003408       0x24 ..\obj\Ethernet.o
                0x08003408                W5100Class::writeGAR(unsigned char*)
 .text._ZN10W5100Class9writeSUBREPh
                0x0800342c       0x24 ..\obj\Ethernet.o
                0x0800342c                W5100Class::writeSUBR(unsigned char*)
 .text._ZN10W5100Class9writeSHAREPh
                0x08003450       0x24 ..\obj\Ethernet.o
                0x08003450                W5100Class::writeSHAR(unsigned char*)
 .text._ZN10W5100Class9writeSIPREPh
                0x08003474       0x24 ..\obj\Ethernet.o
                0x08003474                W5100Class::writeSIPR(unsigned char*)
 .text._ZN10W5100Class8readSIPREPh
                0x08003498       0x24 ..\obj\Ethernet.o
                0x08003498                W5100Class::readSIPR(unsigned char*)
 .text._ZN10W5100Class12setGatewayIpEPh
                0x080034bc       0x18 ..\obj\Ethernet.o
                0x080034bc                W5100Class::setGatewayIp(unsigned char*)
 .text._ZN10W5100Class13setSubnetMaskEPh
                0x080034d4       0x18 ..\obj\Ethernet.o
                0x080034d4                W5100Class::setSubnetMask(unsigned char*)
 .text._ZN10W5100Class13setMACAddressEPh
                0x080034ec       0x18 ..\obj\Ethernet.o
                0x080034ec                W5100Class::setMACAddress(unsigned char*)
 .text._ZN10W5100Class12getIPAddressEPh
                0x08003504       0x18 ..\obj\Ethernet.o
                0x08003504                W5100Class::getIPAddress(unsigned char*)
 .text._ZN10W5100Class12setIPAddressEPh
                0x0800351c       0x18 ..\obj\Ethernet.o
                0x0800351c                W5100Class::setIPAddress(unsigned char*)
 .text._ZN9IPAddress11raw_addressEv
                0x08003534       0x1c ..\obj\Ethernet.o
                0x08003534                IPAddress::raw_address()
 .text._ZN9IPAddressixEi
                0x08003550       0x20 ..\obj\Ethernet.o
                0x08003550                IPAddress::operator[](int)
 .text._ZN9PrintableaSERKS_
                0x08003570       0x18 ..\obj\Ethernet.o
                0x08003570                Printable::operator=(Printable const&)
 .text._ZN9IPAddressaSERKS_
                0x08003588       0x2c ..\obj\Ethernet.o
                0x08003588                IPAddress::operator=(IPAddress const&)
 .text._ZN13EthernetClass5beginEPh9IPAddress
                0x080035b4       0x68 ..\obj\Ethernet.o
                0x080035b4                EthernetClass::begin(unsigned char*, IPAddress)
 .text._ZN13EthernetClass5beginEPh9IPAddressS1_
                0x0800361c       0x7c ..\obj\Ethernet.o
                0x0800361c                EthernetClass::begin(unsigned char*, IPAddress, IPAddress)
 .text._ZN13EthernetClass5beginEPh9IPAddressS1_S1_
                0x08003698       0x8c ..\obj\Ethernet.o
                0x08003698                EthernetClass::begin(unsigned char*, IPAddress, IPAddress, IPAddress)
 .text._ZN13EthernetClass5beginEPh9IPAddressS1_S1_S1_
                0x08003724       0x78 ..\obj\Ethernet.o
                0x08003724                EthernetClass::begin(unsigned char*, IPAddress, IPAddress, IPAddress, IPAddress)
 .text._ZN13EthernetClass7localIPEv
                0x0800379c       0x34 ..\obj\Ethernet.o
                0x0800379c                EthernetClass::localIP()
 .text._ZN13EthernetClass11dnsServerIPEv
                0x080037d0       0x20 ..\obj\Ethernet.o
                0x080037d0                EthernetClass::dnsServerIP()
 .text._ZN13EthernetClassC2Ev
                0x080037f0       0x1c ..\obj\Ethernet.o
                0x080037f0                EthernetClass::EthernetClass()
                0x080037f0                EthernetClass::EthernetClass()
 .text._Z41__static_initialization_and_destruction_0ii
                0x0800380c       0x4c ..\obj\Ethernet.o
 .text._GLOBAL__sub_I__ZN13EthernetClass6_stateE
                0x08003858       0x14 ..\obj\Ethernet.o
 .text._ZN5PrintC2Ev
                0x0800386c       0x28 ..\obj\EthernetServer.o
                0x0800386c                Print::Print()
                0x0800386c                Print::Print()
 .text._ZN6ServerC2Ev
                0x08003894       0x28 ..\obj\EthernetServer.o
                0x08003894                Server::Server()
                0x08003894                Server::Server()
 .text._ZN14EthernetServerC2Et
                0x080038bc       0x30 ..\obj\EthernetServer.o
                0x080038bc                EthernetServer::EthernetServer(unsigned short)
                0x080038bc                EthernetServer::EthernetServer(unsigned short)
 .text._ZN14EthernetServer5beginEv
                0x080038ec       0x98 ..\obj\EthernetServer.o
                0x080038ec                EthernetServer::begin()
 .text._ZN14EthernetServer6acceptEv
                0x08003984       0xd4 ..\obj\EthernetServer.o
                0x08003984                EthernetServer::accept()
 .text._ZN5PrintC2ERKS_
                0x08003a58       0x2c ..\obj\EthernetServer.o
                0x08003a58                Print::Print(Print const&)
                0x08003a58                Print::Print(Print const&)
 .text._ZN6StreamC2ERKS_
                0x08003a84       0x3c ..\obj\EthernetServer.o
                0x08003a84                Stream::Stream(Stream const&)
                0x08003a84                Stream::Stream(Stream const&)
 .text._ZN6ClientC2ERKS_
                0x08003ac0       0x2c ..\obj\EthernetServer.o
                0x08003ac0                Client::Client(Client const&)
                0x08003ac0                Client::Client(Client const&)
 .text._ZN14EthernetClientC2ERKS_
                0x08003aec       0x34 ..\obj\EthernetServer.o
                0x08003aec                EthernetClient::EthernetClient(EthernetClient const&)
                0x08003aec                EthernetClient::EthernetClient(EthernetClient const&)
 .text._ZN14EthernetServer9availableEv
                0x08003b20       0xc8 ..\obj\EthernetServer.o
                0x08003b20                EthernetServer::available()
 .text._ZN14EthernetServer5writeEh
                0x08003be8       0x30 ..\obj\EthernetServer.o
                0x08003be8                EthernetServer::write(unsigned char)
 .text._ZN14EthernetServer5writeEPKhj
                0x08003c18       0xa4 ..\obj\EthernetServer.o
                0x08003c18                EthernetServer::write(unsigned char const*, unsigned int)
 .text._Z41__static_initialization_and_destruction_0ii
                0x08003cbc       0x40 ..\obj\EthernetServer.o
 .text._GLOBAL__sub_I__ZN14EthernetServerC2Et
                0x08003cfc       0x14 ..\obj\EthernetServer.o
 .text.ADC_Init
                0x08003d10       0xb8 ..\obj\stm32f4xx_adc.o
                0x08003d10                ADC_Init
 .text.ADC_CommonInit
                0x08003dc8       0x5c ..\obj\stm32f4xx_adc.o
                0x08003dc8                ADC_CommonInit
 .text.ADC_Cmd  0x08003e24       0x38 ..\obj\stm32f4xx_adc.o
                0x08003e24                ADC_Cmd
 .text.ADC_RegularChannelConfig
                0x08003e5c      0x1bc ..\obj\stm32f4xx_adc.o
                0x08003e5c                ADC_RegularChannelConfig
 .text.pinMode  0x08004018      0x118 ..\obj\BasicFunctions.o
                0x08004018                pinMode
 .text.digitalWrite
                0x08004130      0x14c ..\obj\BasicFunctions.o
                0x08004130                digitalWrite
 .text.InitADC  0x0800427c       0xe4 ..\obj\BasicFunctions.o
                0x0800427c                InitADC
 .text.Init_PWMPins
                0x08004360      0x19c ..\obj\BasicFunctions.o
                0x08004360                Init_PWMPins
 .text._ZN9IPAddresscvmEv
                0x080044fc       0x1c ..\obj\Dns.o
                0x080044fc                IPAddress::operator unsigned long()
 .text._ZN9DNSClient5beginERK9IPAddress
                0x08004518       0x24 ..\obj\Dns.o
                0x08004518                DNSClient::begin(IPAddress const&)
 .text._ZN9DNSClient9inet_atonEPKcR9IPAddress
                0x0800453c      0x10c ..\obj\Dns.o
                0x0800453c                DNSClient::inet_aton(char const*, IPAddress&)
 .text._ZN9DNSClient13getHostByNameEPKcR9IPAddress
                0x08004648      0x144 ..\obj\Dns.o
                0x08004648                DNSClient::getHostByName(char const*, IPAddress&)
 .text._ZN9DNSClient12BuildRequestEPKc
                0x0800478c      0x1a8 ..\obj\Dns.o
                0x0800478c                DNSClient::BuildRequest(char const*)
 .text._ZN9DNSClient15ProcessResponseEtR9IPAddress
                0x08004934      0x440 ..\obj\Dns.o
                0x08004934                DNSClient::ProcessResponse(unsigned short, IPAddress&)
 .text._Z41__static_initialization_and_destruction_0ii
                0x08004d74       0x40 ..\obj\Dns.o
 .text._GLOBAL__sub_I__ZN9DNSClient5beginERK9IPAddress
                0x08004db4       0x14 ..\obj\Dns.o
 .text.USBD_USR_DeviceDescriptor
                0x08004dc8       0x28 ..\obj\usbd_desc.o
                0x08004dc8                USBD_USR_DeviceDescriptor
 .text.USBD_USR_LangIDStrDescriptor
                0x08004df0       0x28 ..\obj\usbd_desc.o
                0x08004df0                USBD_USR_LangIDStrDescriptor
 .text.USBD_USR_ProductStrDescriptor
                0x08004e18       0x54 ..\obj\usbd_desc.o
                0x08004e18                USBD_USR_ProductStrDescriptor
 .text.USBD_USR_ManufacturerStrDescriptor
                0x08004e6c       0x34 ..\obj\usbd_desc.o
                0x08004e6c                USBD_USR_ManufacturerStrDescriptor
 .text.USBD_USR_SerialStrDescriptor
                0x08004ea0       0x54 ..\obj\usbd_desc.o
                0x08004ea0                USBD_USR_SerialStrDescriptor
 .text.USBD_USR_ConfigStrDescriptor
                0x08004ef4       0x54 ..\obj\usbd_desc.o
                0x08004ef4                USBD_USR_ConfigStrDescriptor
 .text.USBD_USR_InterfaceStrDescriptor
                0x08004f48       0x54 ..\obj\usbd_desc.o
                0x08004f48                USBD_USR_InterfaceStrDescriptor
 .text._ZN10W5100Class7writeMREh
                0x08004f9c       0x20 ..\obj\w5100.o
                0x08004f9c                W5100Class::writeMR(unsigned char)
 .text._ZN10W5100Class9writeRMSREh
                0x08004fbc       0x20 ..\obj\w5100.o
                0x08004fbc                W5100Class::writeRMSR(unsigned char)
 .text._ZN10W5100Class9writeTMSREh
                0x08004fdc       0x20 ..\obj\w5100.o
                0x08004fdc                W5100Class::writeTMSR(unsigned char)
 .text._ZN10W5100Class9writeSnCREhh
                0x08004ffc       0x28 ..\obj\w5100.o
                0x08004ffc                W5100Class::writeSnCR(unsigned char, unsigned char)
 .text._ZN10W5100Class8readSnCREh
                0x08005024       0x24 ..\obj\w5100.o
                0x08005024                W5100Class::readSnCR(unsigned char)
 .text._ZN10W5100Class12readSnTX_FSREh
                0x08005048       0x4c ..\obj\w5100.o
                0x08005048                W5100Class::readSnTX_FSR(unsigned char)
 .text._ZN10W5100Class12writeSnTX_WREht
                0x08005094       0x40 ..\obj\w5100.o
                0x08005094                W5100Class::writeSnTX_WR(unsigned char, unsigned short)
 .text._ZN10W5100Class11readSnTX_WREh
                0x080050d4       0x4c ..\obj\w5100.o
                0x080050d4                W5100Class::readSnTX_WR(unsigned char)
 .text._ZN10W5100Class12readSnRX_RSREh
                0x08005120       0x4c ..\obj\w5100.o
                0x08005120                W5100Class::readSnRX_RSR(unsigned char)
 .text._Z6initSSv
                0x0800516c       0x20 ..\obj\w5100.o
                0x0800516c                initSS()
 .text._Z5setSSv
                0x0800518c       0x14 ..\obj\w5100.o
                0x0800518c                setSS()
 .text._Z7resetSSv
                0x080051a0       0x14 ..\obj\w5100.o
                0x080051a0                resetSS()
 .text._ZN10W5100Class4initEv
                0x080051b4       0x94 ..\obj\w5100.o
                0x080051b4                W5100Class::init()
 .text._ZN10W5100Class13getTXFreeSizeEh
                0x08005248       0x54 ..\obj\w5100.o
                0x08005248                W5100Class::getTXFreeSize(unsigned char)
 .text._ZN10W5100Class17getRXReceivedSizeEh
                0x0800529c       0x54 ..\obj\w5100.o
                0x0800529c                W5100Class::getRXReceivedSize(unsigned char)
 .text._ZN10W5100Class20send_data_processingEhPKht
                0x080052f0       0x2c ..\obj\w5100.o
                0x080052f0                W5100Class::send_data_processing(unsigned char, unsigned char const*, unsigned short)
 .text._ZN10W5100Class27send_data_processing_offsetEhtPKht
                0x0800531c       0xb0 ..\obj\w5100.o
                0x0800531c                W5100Class::send_data_processing_offset(unsigned char, unsigned short, unsigned char const*, unsigned short)
 .text._ZN10W5100Class20recv_data_processingEhPhth
                0x080053cc       0x54 ..\obj\w5100.o
                0x080053cc                W5100Class::recv_data_processing(unsigned char, unsigned char*, unsigned short, unsigned char)
 .text._ZN10W5100Class9read_dataEhPVhS1_t
                0x08005420       0x90 ..\obj\w5100.o
                0x08005420                W5100Class::read_data(unsigned char, unsigned char volatile*, unsigned char volatile*, unsigned short)
 .text._ZN10W5100Class5writeEth
                0x080054b0       0x70 ..\obj\w5100.o
                0x080054b0                W5100Class::write(unsigned short, unsigned char)
 .text._ZN10W5100Class5writeEtPKht
                0x08005520       0xa0 ..\obj\w5100.o
                0x08005520                W5100Class::write(unsigned short, unsigned char const*, unsigned short)
 .text._ZN10W5100Class4readEt
                0x080055c0       0x6c ..\obj\w5100.o
                0x080055c0                W5100Class::read(unsigned short)
 .text._ZN10W5100Class4readEtPht
                0x0800562c       0xa4 ..\obj\w5100.o
                0x0800562c                W5100Class::read(unsigned short, unsigned char*, unsigned short)
 .text._ZN10W5100Class9execCmdSnEh7SockCMD
                0x080056d0       0x40 ..\obj\w5100.o
                0x080056d0                W5100Class::execCmdSn(unsigned char, SockCMD)
 .text._ZN5Print5writeEPKc
                0x08005710       0x3c ..\obj\Print.o
                0x08005710                Print::write(char const*)
 .text._ZN5Print5writeEPKhj
                0x0800574c       0x58 ..\obj\Print.o
                0x0800574c                Print::write(unsigned char const*, unsigned int)
 .text._ZN5Print5printEPKc
                0x080057a4       0x20 ..\obj\Print.o
                0x080057a4                Print::print(char const*)
 .text._ZN5Print5printEc
                0x080057c4       0x28 ..\obj\Print.o
                0x080057c4                Print::print(char)
 .text._ZN5Print5printEhi
                0x080057ec       0x28 ..\obj\Print.o
                0x080057ec                Print::print(unsigned char, int)
 .text._ZN5Print5printEmi
                0x08005814       0x40 ..\obj\Print.o
                0x08005814                Print::print(unsigned long, int)
 .text._ZN5Print5printERK9Printable
                0x08005854       0x24 ..\obj\Print.o
                0x08005854                Print::print(Printable const&)
 .text._ZN5Print7printlnEv
                0x08005878       0x34 ..\obj\Print.o
                0x08005878                Print::println()
 .text._ZN5Print7printlnEPKc
                0x080058ac       0x30 ..\obj\Print.o
                0x080058ac                Print::println(char const*)
 .text._ZN5Print7printlnERK9Printable
                0x080058dc       0x30 ..\obj\Print.o
                0x080058dc                Print::println(Printable const&)
 .text._ZN5Print11printNumberEmh
                0x0800590c       0xa4 ..\obj\Print.o
                0x0800590c                Print::printNumber(unsigned long, unsigned char)
 .text.GPIO_Init
                0x080059b0      0x144 ..\obj\stm32f4xx_gpio.o
                0x080059b0                GPIO_Init
 .text.GPIO_SetBits
                0x08005af4       0x1c ..\obj\stm32f4xx_gpio.o
                0x08005af4                GPIO_SetBits
 .text.GPIO_ResetBits
                0x08005b10       0x1c ..\obj\stm32f4xx_gpio.o
                0x08005b10                GPIO_ResetBits
 .text.GPIO_PinAFConfig
                0x08005b2c       0xa8 ..\obj\stm32f4xx_gpio.o
                0x08005b2c                GPIO_PinAFConfig
 .text.VCP_Init
                0x08005bd4       0x10 ..\obj\usbd_cdc_vcp.o
 .text.VCP_DeInit
                0x08005be4       0x10 ..\obj\usbd_cdc_vcp.o
 .text.VCP_Ctrl
                0x08005bf4      0x1c4 ..\obj\usbd_cdc_vcp.o
 .text.VCP_DataTx
                0x08005db8       0x84 ..\obj\usbd_cdc_vcp.o
 .text.VCP_DataRx
                0x08005e3c       0x2c ..\obj\usbd_cdc_vcp.o
 .text.vcp_sendBytes
                0x08005e68       0x1c ..\obj\usbd_cdc_vcp.o
                0x08005e68                vcp_sendBytes
 .text.SystemInit
                0x08005e84       0x94 ..\obj\system_stm32f4xx.o
                0x08005e84                SystemInit
 .text.SetSysClock
                0x08005f18      0x188 ..\obj\system_stm32f4xx.o
 .text._sbrk    0x080060a0       0x5c ..\obj\syscalls.o
                0x080060a0                _sbrk
 .text._close   0x080060fc       0x18 ..\obj\syscalls.o
                0x080060fc                _close
 .text._fstat   0x08006114       0x24 ..\obj\syscalls.o
                0x08006114                _fstat
 .text._isatty  0x08006138       0x18 ..\obj\syscalls.o
                0x08006138                _isatty
 .text._lseek   0x08006150       0x1c ..\obj\syscalls.o
                0x08006150                _lseek
 .text._read    0x0800616c       0x1c ..\obj\syscalls.o
                0x0800616c                _read
 .text._write   0x08006188       0x1c ..\obj\syscalls.o
                0x08006188                _write
 .text.abort    0x080061a4        0x8 ..\obj\syscalls.o
                0x080061a4                abort
 .text._ZN6StreamC2Ev
                0x080061ac       0x30 ..\obj\EthernetUdp.o
                0x080061ac                Stream::Stream()
                0x080061ac                Stream::Stream()
 .text._ZN3UDP12rawIPAddressER9IPAddress
                0x080061dc       0x1c ..\obj\EthernetUdp.o
                0x080061dc                UDP::rawIPAddress(IPAddress&)
 .text._ZN11EthernetUDP4readEPcj
                0x080061f8       0x2c ..\obj\EthernetUdp.o
                0x080061f8                EthernetUDP::read(char*, unsigned int)
 .text._ZN3UDPC2Ev
                0x08006224       0x28 ..\obj\EthernetUdp.o
                0x08006224                UDP::UDP()
                0x08006224                UDP::UDP()
 .text._ZN11EthernetUDPC2Ev
                0x0800624c       0x3c ..\obj\EthernetUdp.o
                0x0800624c                EthernetUDP::EthernetUDP()
                0x0800624c                EthernetUDP::EthernetUDP()
 .text._ZN11EthernetUDP5beginEt
                0x08006288       0xa0 ..\obj\EthernetUdp.o
                0x08006288                EthernetUDP::begin(unsigned short)
 .text._ZN11EthernetUDP9availableEv
                0x08006328       0x18 ..\obj\EthernetUdp.o
                0x08006328                EthernetUDP::available()
 .text._ZN11EthernetUDP4stopEv
                0x08006340       0x44 ..\obj\EthernetUdp.o
                0x08006340                EthernetUDP::stop()
 .text._ZN9DNSClientC2Ev
                0x08006384       0x28 ..\obj\EthernetUdp.o
                0x08006384                DNSClient::DNSClient()
                0x08006384                DNSClient::DNSClient()
 .text._ZN11EthernetUDP11beginPacketEPKct
                0x080063ac       0xa8 ..\obj\EthernetUdp.o
                0x080063ac                EthernetUDP::beginPacket(char const*, unsigned short)
 .text._ZN11EthernetUDP11beginPacketE9IPAddresst
                0x08006454       0x40 ..\obj\EthernetUdp.o
                0x08006454                EthernetUDP::beginPacket(IPAddress, unsigned short)
 .text._ZN11EthernetUDP9endPacketEv
                0x08006494       0x20 ..\obj\EthernetUdp.o
                0x08006494                EthernetUDP::endPacket()
 .text._ZN11EthernetUDP5writeEh
                0x080064b4       0x30 ..\obj\EthernetUdp.o
                0x080064b4                EthernetUDP::write(unsigned char)
 .text._ZN11EthernetUDP5writeEPKhj
                0x080064e4       0x40 ..\obj\EthernetUdp.o
                0x080064e4                EthernetUDP::write(unsigned char const*, unsigned int)
 .text._ZN11EthernetUDP11parsePacketEv
                0x08006524       0xc8 ..\obj\EthernetUdp.o
                0x08006524                EthernetUDP::parsePacket()
 .text._ZN11EthernetUDP4readEv
                0x080065ec       0x64 ..\obj\EthernetUdp.o
                0x080065ec                EthernetUDP::read()
 .text._ZN11EthernetUDP4readEPhj
                0x08006650       0x84 ..\obj\EthernetUdp.o
                0x08006650                EthernetUDP::read(unsigned char*, unsigned int)
 .text._ZN11EthernetUDP4peekEv
                0x080066d4       0x38 ..\obj\EthernetUdp.o
                0x080066d4                EthernetUDP::peek()
 .text._ZN11EthernetUDP5flushEv
                0x0800670c       0x34 ..\obj\EthernetUdp.o
                0x0800670c                EthernetUDP::flush()
 .text._Z41__static_initialization_and_destruction_0ii
                0x08006740       0x40 ..\obj\EthernetUdp.o
 .text._GLOBAL__sub_I__ZN11EthernetUDPC2Ev
                0x08006780       0x14 ..\obj\EthernetUdp.o
 .text.USB_OTG_BSP_Init
                0x08006794      0x208 ..\obj\usb_bsp.o
                0x08006794                USB_OTG_BSP_Init
 .text.USB_OTG_BSP_EnableInterrupt
                0x0800699c       0x90 ..\obj\usb_bsp.o
                0x0800699c                USB_OTG_BSP_EnableInterrupt
 .text.USB_OTG_BSP_uDelay
                0x08006a2c       0x58 ..\obj\usb_bsp.o
                0x08006a2c                USB_OTG_BSP_uDelay
 .text.USB_OTG_BSP_mDelay
                0x08006a84       0x20 ..\obj\usb_bsp.o
                0x08006a84                USB_OTG_BSP_mDelay
 .text._ZN5Print13setWriteErrorEi
                0x08006aa4       0x1c ..\obj\EthernetClient.o
                0x08006aa4                Print::setWriteError(int)
 .text._ZN6Client12rawIPAddressER9IPAddress
                0x08006ac0       0x1c ..\obj\EthernetClient.o
                0x08006ac0                Client::rawIPAddress(IPAddress&)
 .text._ZN6ClientC2Ev
                0x08006adc       0x28 ..\obj\EthernetClient.o
                0x08006adc                Client::Client()
                0x08006adc                Client::Client()
 .text._ZN14EthernetClientC2Eh
                0x08006b04       0x30 ..\obj\EthernetClient.o
                0x08006b04                EthernetClient::EthernetClient(unsigned char)
                0x08006b04                EthernetClient::EthernetClient(unsigned char)
 .text._ZN14EthernetClient7connectEPKct
                0x08006b34       0xa8 ..\obj\EthernetClient.o
                0x08006b34                EthernetClient::connect(char const*, unsigned short)
 .text._ZN14EthernetClient7connectE9IPAddresst
                0x08006bdc      0x154 ..\obj\EthernetClient.o
                0x08006bdc                EthernetClient::connect(IPAddress, unsigned short)
 .text._ZN14EthernetClient5writeEh
                0x08006d30       0x30 ..\obj\EthernetClient.o
                0x08006d30                EthernetClient::write(unsigned char)
 .text._ZN14EthernetClient5writeEPKhj
                0x08006d60       0x68 ..\obj\EthernetClient.o
                0x08006d60                EthernetClient::write(unsigned char const*, unsigned int)
 .text._ZN14EthernetClient9availableEv
                0x08006dc8       0x34 ..\obj\EthernetClient.o
                0x08006dc8                EthernetClient::available()
 .text._ZN14EthernetClient4readEv
                0x08006dfc       0x48 ..\obj\EthernetClient.o
                0x08006dfc                EthernetClient::read()
 .text._ZN14EthernetClient4readEPhj
                0x08006e44       0x30 ..\obj\EthernetClient.o
                0x08006e44                EthernetClient::read(unsigned char*, unsigned int)
 .text._ZN14EthernetClient4peekEv
                0x08006e74       0x50 ..\obj\EthernetClient.o
                0x08006e74                EthernetClient::peek()
 .text._ZN14EthernetClient5flushEv
                0x08006ec4       0x40 ..\obj\EthernetClient.o
                0x08006ec4                EthernetClient::flush()
 .text._ZN14EthernetClient4stopEv
                0x08006f04       0xa4 ..\obj\EthernetClient.o
                0x08006f04                EthernetClient::stop()
 .text._ZN14EthernetClient9connectedEv
                0x08006fa8       0x60 ..\obj\EthernetClient.o
                0x08006fa8                EthernetClient::connected()
 .text._ZN14EthernetClient6statusEv
                0x08007008       0x2c ..\obj\EthernetClient.o
                0x08007008                EthernetClient::status()
 .text._ZN14EthernetClientcvbEv
                0x08007034       0x24 ..\obj\EthernetClient.o
                0x08007034                EthernetClient::operator bool()
 .text._Z41__static_initialization_and_destruction_0ii
                0x08007058       0x40 ..\obj\EthernetClient.o
 .text._GLOBAL__sub_I__ZN14EthernetClient8_srcportE
                0x08007098       0x14 ..\obj\EthernetClient.o
 .text.USBD_StdDevReq
                0x080070ac       0xa4 ..\obj\usbd_req.o
                0x080070ac                USBD_StdDevReq
 .text.USBD_StdItfReq
                0x08007150       0x6c ..\obj\usbd_req.o
                0x08007150                USBD_StdItfReq
 .text.USBD_StdEPReq
                0x080071bc      0x1e4 ..\obj\usbd_req.o
                0x080071bc                USBD_StdEPReq
 .text.USBD_GetDescriptor
                0x080073a0      0x278 ..\obj\usbd_req.o
 .text.USBD_SetAddress
                0x08007618       0x80 ..\obj\usbd_req.o
 .text.USBD_SetConfig
                0x08007698      0x134 ..\obj\usbd_req.o
 .text.USBD_GetConfig
                0x080077cc       0x68 ..\obj\usbd_req.o
 .text.USBD_GetStatus
                0x08007834       0x68 ..\obj\usbd_req.o
 .text.USBD_SetFeature
                0x0800789c       0xe0 ..\obj\usbd_req.o
 .text.USBD_ClrFeature
                0x0800797c       0x58 ..\obj\usbd_req.o
 .text.USBD_ParseSetupRequest
                0x080079d4       0x94 ..\obj\usbd_req.o
                0x080079d4                USBD_ParseSetupRequest
 .text.USBD_CtlError
                0x08007a68       0x50 ..\obj\usbd_req.o
                0x08007a68                USBD_CtlError
 .text.USBD_GetString
                0x08007ab8       0x9c ..\obj\usbd_req.o
                0x08007ab8                USBD_GetString
 .text.USBD_GetLen
                0x08007b54       0x38 ..\obj\usbd_req.o
 .text.USBD_OTG_EP1OUT_ISR_Handler
                0x08007b8c       0xcc ..\obj\usb_dcd_int.o
                0x08007b8c                USBD_OTG_EP1OUT_ISR_Handler
 .text.USBD_OTG_EP1IN_ISR_Handler
                0x08007c58      0x18c ..\obj\usb_dcd_int.o
                0x08007c58                USBD_OTG_EP1IN_ISR_Handler
 .text.USBD_OTG_ISR_Handler
                0x08007de4      0x164 ..\obj\usb_dcd_int.o
                0x08007de4                USBD_OTG_ISR_Handler
 .text.DCD_HandleResume_ISR
                0x08007f48       0x8c ..\obj\usb_dcd_int.o
 .text.DCD_HandleUSBSuspend_ISR
                0x08007fd4       0xb0 ..\obj\usb_dcd_int.o
 .text.DCD_HandleInEP_ISR
                0x08008084      0x22c ..\obj\usb_dcd_int.o
 .text.DCD_HandleOutEP_ISR
                0x080082b0      0x1b0 ..\obj\usb_dcd_int.o
 .text.DCD_HandleSof_ISR
                0x08008460       0x3c ..\obj\usb_dcd_int.o
 .text.DCD_HandleRxStatusQueueLevel_ISR
                0x0800849c      0x114 ..\obj\usb_dcd_int.o
 .text.DCD_WriteEmptyTxFifo
                0x080085b0      0x100 ..\obj\usb_dcd_int.o
 .text.DCD_HandleUsbReset_ISR
                0x080086b0      0x180 ..\obj\usb_dcd_int.o
 .text.DCD_HandleEnumDone_ISR
                0x08008830       0x88 ..\obj\usb_dcd_int.o
 .text.DCD_IsoINIncomplete_ISR
                0x080088b8       0x3c ..\obj\usb_dcd_int.o
 .text.DCD_IsoOUTIncomplete_ISR
                0x080088f4       0x3c ..\obj\usb_dcd_int.o
 .text.DCD_ReadDevInEP
                0x08008930       0x58 ..\obj\usb_dcd_int.o
 .text.usbd_cdc_Init
                0x08008988       0xc8 ..\obj\usbd_cdc_core.o
 .text.usbd_cdc_DeInit
                0x08008a50       0x44 ..\obj\usbd_cdc_core.o
 .text.usbd_cdc_Setup
                0x08008a94      0x158 ..\obj\usbd_cdc_core.o
 .text.usbd_cdc_EP0_RxReady
                0x08008bec       0x60 ..\obj\usbd_cdc_core.o
 .text.usbd_cdc_DataIn
                0x08008c4c      0x124 ..\obj\usbd_cdc_core.o
 .text.usbd_cdc_DataOut
                0x08008d70       0x6c ..\obj\usbd_cdc_core.o
 .text.usbd_cdc_SOF
                0x08008ddc       0x50 ..\obj\usbd_cdc_core.o
 .text.Handle_USBAsynchXfer
                0x08008e2c      0x1a4 ..\obj\usbd_cdc_core.o
 .text.USBD_cdc_GetCfgDesc
                0x08008fd0       0x28 ..\obj\usbd_cdc_core.o
 .text.USBD_cdc_GetOtherCfgDesc
                0x08008ff8       0x28 ..\obj\usbd_cdc_core.o
 .text.SPI_I2S_DeInit
                0x08009020       0x88 ..\obj\stm32f4xx_spi.o
                0x08009020                SPI_I2S_DeInit
 .text.SPI_Init
                0x080090a8       0x88 ..\obj\stm32f4xx_spi.o
                0x080090a8                SPI_Init
 .text.SPI_Cmd  0x08009130       0x40 ..\obj\stm32f4xx_spi.o
                0x08009130                SPI_Cmd
 .text.SPI_I2S_ReceiveData
                0x08009170       0x1c ..\obj\stm32f4xx_spi.o
                0x08009170                SPI_I2S_ReceiveData
 .text.SPI_I2S_SendData
                0x0800918c       0x1c ..\obj\stm32f4xx_spi.o
                0x0800918c                SPI_I2S_SendData
 .text.SPI_I2S_GetFlagStatus
                0x080091a8       0x40 ..\obj\stm32f4xx_spi.o
                0x080091a8                SPI_I2S_GetFlagStatus
 .text.EXTI_GetITStatus
                0x080091e8       0x58 ..\obj\stm32f4xx_exti.o
                0x080091e8                EXTI_GetITStatus
 .text.EXTI_ClearITPendingBit
                0x08009240       0x20 ..\obj\stm32f4xx_exti.o
                0x08009240                EXTI_ClearITPendingBit
 .text.NVIC_PriorityGroupConfig
                0x08009260       0x28 ..\obj\misc.o
                0x08009260                NVIC_PriorityGroupConfig
 .text.NVIC_Init
                0x08009288       0xe4 ..\obj\misc.o
                0x08009288                NVIC_Init
 .text.DCD_Init
                0x0800936c      0x12c ..\obj\usb_dcd.o
                0x0800936c                DCD_Init
 .text.DCD_EP_Open
                0x08009498       0xac ..\obj\usb_dcd.o
                0x08009498                DCD_EP_Open
 .text.DCD_EP_Close
                0x08009544       0x80 ..\obj\usb_dcd.o
                0x08009544                DCD_EP_Close
 .text.DCD_EP_PrepareRx
                0x080095c4       0x8c ..\obj\usb_dcd.o
                0x080095c4                DCD_EP_PrepareRx
 .text.DCD_EP_Tx
                0x08009650       0x84 ..\obj\usb_dcd.o
                0x08009650                DCD_EP_Tx
 .text.DCD_EP_Stall
                0x080096d4       0x84 ..\obj\usb_dcd.o
                0x080096d4                DCD_EP_Stall
 .text.DCD_EP_ClrStall
                0x08009758       0x84 ..\obj\usb_dcd.o
                0x08009758                DCD_EP_ClrStall
 .text.DCD_EP_SetAddress
                0x080097dc       0x3c ..\obj\usb_dcd.o
                0x080097dc                DCD_EP_SetAddress
 .text._Z11serialEventv
                0x08009818        0xc ..\obj\USBSerial.o
                0x08009818                serialEvent()
 .text.serialEventRun
                0x08009824       0x28 ..\obj\USBSerial.o
                0x08009824                serialEventRun
 .text._ZN14HardwareSerialC2Ev
                0x0800984c       0x38 ..\obj\USBSerial.o
                0x0800984c                HardwareSerial::HardwareSerial()
                0x0800984c                HardwareSerial::HardwareSerial()
 .text._ZN14HardwareSerialD2Ev
                0x08009884       0x2c ..\obj\USBSerial.o
                0x08009884                HardwareSerial::~HardwareSerial()
                0x08009884                HardwareSerial::~HardwareSerial()
 .text._ZN14HardwareSerial5beginEm
                0x080098b0       0x3c ..\obj\USBSerial.o
                0x080098b0                HardwareSerial::begin(unsigned long)
 .text._ZN14HardwareSerial9availableEv
                0x080098ec       0x20 ..\obj\USBSerial.o
                0x080098ec                HardwareSerial::available()
 .text._ZN14HardwareSerial4peekEv
                0x0800990c       0x18 ..\obj\USBSerial.o
                0x0800990c                HardwareSerial::peek()
 .text._ZN14HardwareSerial4readEv
                0x08009924       0x44 ..\obj\USBSerial.o
                0x08009924                HardwareSerial::read()
 .text._ZN14HardwareSerial5flushEv
                0x08009968       0x3c ..\obj\USBSerial.o
                0x08009968                HardwareSerial::flush()
 .text._ZN14HardwareSerial5writeEh
                0x080099a4       0x28 ..\obj\USBSerial.o
                0x080099a4                HardwareSerial::write(unsigned char)
 .text._ZN14HardwareSerialcvbEv
                0x080099cc       0x18 ..\obj\USBSerial.o
                0x080099cc                HardwareSerial::operator bool()
 .text._Z41__static_initialization_and_destruction_0ii
                0x080099e4       0x4c ..\obj\USBSerial.o
 .text._GLOBAL__sub_I_USB_DataReceived
                0x08009a30       0x14 ..\obj\USBSerial.o
 .text.USBD_CtlSendData
                0x08009a44       0x48 ..\obj\usbd_ioreq.o
                0x08009a44                USBD_CtlSendData
 .text.USBD_CtlContinueSendData
                0x08009a8c       0x30 ..\obj\usbd_ioreq.o
                0x08009a8c                USBD_CtlContinueSendData
 .text.USBD_CtlPrepareRx
                0x08009abc       0x48 ..\obj\usbd_ioreq.o
                0x08009abc                USBD_CtlPrepareRx
 .text.USBD_CtlContinueRx
                0x08009b04       0x30 ..\obj\usbd_ioreq.o
                0x08009b04                USBD_CtlContinueRx
 .text.USBD_CtlSendStatus
                0x08009b34       0x3c ..\obj\usbd_ioreq.o
                0x08009b34                USBD_CtlSendStatus
 .text.USBD_CtlReceiveStatus
                0x08009b70       0x3c ..\obj\usbd_ioreq.o
                0x08009b70                USBD_CtlReceiveStatus
 .text.TIM_TimeBaseInit
                0x08009bac       0xf4 ..\obj\stm32f4xx_tim.o
                0x08009bac                TIM_TimeBaseInit
 .text.TIM_ARRPreloadConfig
                0x08009ca0       0x40 ..\obj\stm32f4xx_tim.o
                0x08009ca0                TIM_ARRPreloadConfig
 .text.TIM_Cmd  0x08009ce0       0x40 ..\obj\stm32f4xx_tim.o
                0x08009ce0                TIM_Cmd
 .text.TIM_OC1Init
                0x08009d20       0xfc ..\obj\stm32f4xx_tim.o
                0x08009d20                TIM_OC1Init
 .text.TIM_OC2Init
                0x08009e1c      0x128 ..\obj\stm32f4xx_tim.o
                0x08009e1c                TIM_OC2Init
 .text.TIM_OC3Init
                0x08009f44      0x120 ..\obj\stm32f4xx_tim.o
                0x08009f44                TIM_OC3Init
 .text.TIM_OC4Init
                0x0800a064       0xe0 ..\obj\stm32f4xx_tim.o
                0x0800a064                TIM_OC4Init
 .text.TIM_OC1PreloadConfig
                0x0800a144       0x38 ..\obj\stm32f4xx_tim.o
                0x0800a144                TIM_OC1PreloadConfig
 .text.TIM_OC2PreloadConfig
                0x0800a17c       0x40 ..\obj\stm32f4xx_tim.o
                0x0800a17c                TIM_OC2PreloadConfig
 .text.TIM_OC3PreloadConfig
                0x0800a1bc       0x38 ..\obj\stm32f4xx_tim.o
                0x0800a1bc                TIM_OC3PreloadConfig
 .text.TIM_OC4PreloadConfig
                0x0800a1f4       0x40 ..\obj\stm32f4xx_tim.o
                0x0800a1f4                TIM_OC4PreloadConfig
 .text.__fpclassifyd
                0x0800a234       0x68 ..\..\..\..\..\..\..\..\..\Program Files (x86)\GNU Tools ARM Embedded\4.7 2012q4\arm-none-eabi\lib\armv7-m\libm.a(lib_a-s_fpclassify.o)
                0x0800a234                __fpclassifyd
 .text          0x0800a29c      0x370 c:/program files (x86)/gnu tools arm embedded/4.7 2012q4/bin/../lib/gcc/arm-none-eabi/4.7.3/armv7e-m\libgcc.a(_arm_addsubdf3.o)
                0x0800a29c                __aeabi_drsub
                0x0800a2a4                __aeabi_dsub
                0x0800a2a4                __subdf3
                0x0800a2a8                __aeabi_dadd
                0x0800a2a8                __adddf3
                0x0800a520                __floatunsidf
                0x0800a520                __aeabi_ui2d
                0x0800a540                __floatsidf
                0x0800a540                __aeabi_i2d
                0x0800a564                __aeabi_f2d
                0x0800a564                __extendsfdf2
                0x0800a5a0                __floatundidf
                0x0800a5a0                __aeabi_ul2d
                0x0800a5b0                __floatdidf
                0x0800a5b0                __aeabi_l2d
 .text          0x0800a60c      0x424 c:/program files (x86)/gnu tools arm embedded/4.7 2012q4/bin/../lib/gcc/arm-none-eabi/4.7.3/armv7e-m\libgcc.a(_arm_muldivdf3.o)
                0x0800a60c                __aeabi_dmul
                0x0800a60c                __muldf3
                0x0800a860                __divdf3
                0x0800a860                __aeabi_ddiv
 .text          0x0800aa30      0x110 c:/program files (x86)/gnu tools arm embedded/4.7 2012q4/bin/../lib/gcc/arm-none-eabi/4.7.3/armv7e-m\libgcc.a(_arm_cmpdf2.o)
                0x0800aa30                __gtdf2
                0x0800aa30                __gedf2
                0x0800aa38                __ltdf2
                0x0800aa38                __ledf2
                0x0800aa40                __nedf2
                0x0800aa40                __eqdf2
                0x0800aa40                __cmpdf2
                0x0800aabc                __aeabi_cdrcmple
                0x0800aacc                __aeabi_cdcmpeq
                0x0800aacc                __aeabi_cdcmple
                0x0800aadc                __aeabi_dcmpeq
                0x0800aaf0                __aeabi_dcmplt
                0x0800ab04                __aeabi_dcmple
                0x0800ab18                __aeabi_dcmpge
                0x0800ab2c                __aeabi_dcmpgt
 .text          0x0800ab40       0x50 c:/program files (x86)/gnu tools arm embedded/4.7 2012q4/bin/../lib/gcc/arm-none-eabi/4.7.3/armv7e-m\libgcc.a(_arm_fixdfsi.o)
                0x0800ab40                __aeabi_d2iz
                0x0800ab40                __fixdfsi
 .text          0x0800ab90      0xba4 c:/program files (x86)/gnu tools arm embedded/4.7 2012q4/bin/../lib/gcc/arm-none-eabi/4.7.3/armv7e-m\libgcc.a(unwind-arm.o)
                0x0800ae54                _Unwind_GetCFA
                0x0800ae58                __gnu_Unwind_RaiseException
                0x0800aeb8                __gnu_Unwind_ForcedUnwind
                0x0800aed0                __gnu_Unwind_Resume
                0x0800af14                __gnu_Unwind_Resume_or_Rethrow
                0x0800af2c                _Unwind_Complete
                0x0800af30                _Unwind_DeleteException
                0x0800af40                _Unwind_VRS_Get
                0x0800af7c                _Unwind_VRS_Set
                0x0800b318                __aeabi_unwind_cpp_pr2
                0x0800b320                __aeabi_unwind_cpp_pr1
                0x0800b328                __aeabi_unwind_cpp_pr0
                0x0800b330                __gnu_Unwind_Backtrace
                0x0800b39c                _Unwind_VRS_Pop
 .text          0x0800b734      0x1ac c:/program files (x86)/gnu tools arm embedded/4.7 2012q4/bin/../lib/gcc/arm-none-eabi/4.7.3/armv7e-m\libgcc.a(libunwind.o)
                0x0800b734                __restore_core_regs
                0x0800b734                restore_core_regs
                0x0800b74c                __gnu_Unwind_Restore_VFP
                0x0800b754                __gnu_Unwind_Save_VFP
                0x0800b75c                __gnu_Unwind_Restore_VFP_D
                0x0800b764                __gnu_Unwind_Save_VFP_D
                0x0800b76c                __gnu_Unwind_Restore_VFP_D_16_to_31
                0x0800b774                __gnu_Unwind_Save_VFP_D_16_to_31
                0x0800b77c                __gnu_Unwind_Restore_WMMXD
                0x0800b7c0                __gnu_Unwind_Save_WMMXD
                0x0800b804                __gnu_Unwind_Restore_WMMXC
                0x0800b818                __gnu_Unwind_Save_WMMXC
                0x0800b82c                ___Unwind_RaiseException
                0x0800b82c                _Unwind_RaiseException
                0x0800b850                _Unwind_Resume
                0x0800b850                ___Unwind_Resume
                0x0800b874                _Unwind_Resume_or_Rethrow
                0x0800b874                ___Unwind_Resume_or_Rethrow
                0x0800b898                _Unwind_ForcedUnwind
                0x0800b898                ___Unwind_ForcedUnwind
                0x0800b8bc                ___Unwind_Backtrace
                0x0800b8bc                _Unwind_Backtrace
 .text          0x0800b8e0      0x3a0 c:/program files (x86)/gnu tools arm embedded/4.7 2012q4/bin/../lib/gcc/arm-none-eabi/4.7.3/armv7e-m\libgcc.a(pr-support.o)
                0x0800b92c                __gnu_unwind_execute
                0x0800bc28                __gnu_unwind_frame
                0x0800bc50                _Unwind_GetRegionStart
                0x0800bc5c                _Unwind_GetLanguageSpecificData
                0x0800bc70                _Unwind_GetDataRelBase
                0x0800bc78                _Unwind_GetTextRelBase
 .text.__register_exitproc
                0x0800bc80       0xac ..\..\..\..\..\..\..\..\..\Program Files (x86)\GNU Tools ARM Embedded\4.7 2012q4\arm-none-eabi\lib\armv7-m\libc.a(lib_a-__atexit.o)
                0x0800bc80                __register_exitproc
 .text.__aeabi_atexit
                0x0800bd2c        0xc ..\..\..\..\..\..\..\..\..\Program Files (x86)\GNU Tools ARM Embedded\4.7 2012q4\arm-none-eabi\lib\armv7-m\libc.a(lib_a-aeabi_atexit.o)
                0x0800bd2c                __aeabi_atexit
 .text.__cxa_atexit
                0x0800bd38       0x14 ..\..\..\..\..\..\..\..\..\Program Files (x86)\GNU Tools ARM Embedded\4.7 2012q4\arm-none-eabi\lib\armv7-m\libc.a(lib_a-cxa_atexit.o)
                0x0800bd38                __cxa_atexit
 .text.exit     0x0800bd4c       0x20 ..\..\..\..\..\..\..\..\..\Program Files (x86)\GNU Tools ARM Embedded\4.7 2012q4\arm-none-eabi\lib\armv7-m\libc.a(lib_a-exit.o)
                0x0800bd4c                exit
 .text.__libc_fini_array
                0x0800bd6c       0x50 ..\..\..\..\..\..\..\..\..\Program Files (x86)\GNU Tools ARM Embedded\4.7 2012q4\arm-none-eabi\lib\armv7-m\libc.a(lib_a-fini.o)
                0x0800bd6c                __libc_fini_array
 .text.__libc_init_array
                0x0800bdbc       0x94 ..\..\..\..\..\..\..\..\..\Program Files (x86)\GNU Tools ARM Embedded\4.7 2012q4\arm-none-eabi\lib\armv7-m\libc.a(lib_a-init.o)
                0x0800bdbc                __libc_init_array
 .text.malloc   0x0800be50       0x10 ..\..\..\..\..\..\..\..\..\Program Files (x86)\GNU Tools ARM Embedded\4.7 2012q4\arm-none-eabi\lib\armv7-m\libc.a(lib_a-malloc.o)
                0x0800be50                malloc
 .text.free     0x0800be60       0x10 ..\..\..\..\..\..\..\..\..\Program Files (x86)\GNU Tools ARM Embedded\4.7 2012q4\arm-none-eabi\lib\armv7-m\libc.a(lib_a-malloc.o)
                0x0800be60                free
 .text._malloc_r
                0x0800be70      0x530 ..\..\..\..\..\..\..\..\..\Program Files (x86)\GNU Tools ARM Embedded\4.7 2012q4\arm-none-eabi\lib\armv7-m\libc.a(lib_a-mallocr.o)
                0x0800be70                _malloc_r
 .text.memcmp   0x0800c3a0       0xb8 ..\..\..\..\..\..\..\..\..\Program Files (x86)\GNU Tools ARM Embedded\4.7 2012q4\arm-none-eabi\lib\armv7-m\libc.a(lib_a-memcmp.o)
                0x0800c3a0                memcmp
 .text.memcpy   0x0800c458      0x15c ..\..\..\..\..\..\..\..\..\Program Files (x86)\GNU Tools ARM Embedded\4.7 2012q4\arm-none-eabi\lib\armv7-m\libc.a(lib_a-memcpy.o)
                0x0800c458                memcpy
 .text.memmove  0x0800c5b4      0x1b0 ..\..\..\..\..\..\..\..\..\Program Files (x86)\GNU Tools ARM Embedded\4.7 2012q4\arm-none-eabi\lib\armv7-m\libc.a(lib_a-memmove.o)
                0x0800c5b4                memmove
 .text.memset   0x0800c764      0x12c ..\..\..\..\..\..\..\..\..\Program Files (x86)\GNU Tools ARM Embedded\4.7 2012q4\arm-none-eabi\lib\armv7-m\libc.a(lib_a-memset.o)
                0x0800c764                memset
 .text.__malloc_lock
                0x0800c890        0x4 ..\..\..\..\..\..\..\..\..\Program Files (x86)\GNU Tools ARM Embedded\4.7 2012q4\arm-none-eabi\lib\armv7-m\libc.a(lib_a-mlock.o)
                0x0800c890                __malloc_lock
 .text.__malloc_unlock
                0x0800c894        0x4 ..\..\..\..\..\..\..\..\..\Program Files (x86)\GNU Tools ARM Embedded\4.7 2012q4\arm-none-eabi\lib\armv7-m\libc.a(lib_a-mlock.o)
                0x0800c894                __malloc_unlock
 .text.realloc  0x0800c898       0x18 ..\..\..\..\..\..\..\..\..\Program Files (x86)\GNU Tools ARM Embedded\4.7 2012q4\arm-none-eabi\lib\armv7-m\libc.a(lib_a-realloc.o)
                0x0800c898                realloc
 .text._realloc_r
                0x0800c8b0      0x3ec ..\..\..\..\..\..\..\..\..\Program Files (x86)\GNU Tools ARM Embedded\4.7 2012q4\arm-none-eabi\lib\armv7-m\libc.a(lib_a-reallocr.o)
                0x0800c8b0                _realloc_r
 .text._sbrk_r  0x0800cc9c       0x24 ..\..\..\..\..\..\..\..\..\Program Files (x86)\GNU Tools ARM Embedded\4.7 2012q4\arm-none-eabi\lib\armv7-m\libc.a(lib_a-sbrkr.o)
                0x0800cc9c                _sbrk_r
 .text.sprintf  0x0800ccc0       0x50 ..\..\..\..\..\..\..\..\..\Program Files (x86)\GNU Tools ARM Embedded\4.7 2012q4\arm-none-eabi\lib\armv7-m\libc.a(lib_a-sprintf.o)
                0x0800ccc0                sprintf
 .text.strcmp   0x0800cd10       0x80 ..\..\..\..\..\..\..\..\..\Program Files (x86)\GNU Tools ARM Embedded\4.7 2012q4\arm-none-eabi\lib\armv7-m\libc.a(lib_a-strcmp.o)
                0x0800cd10                strcmp
 .text.strcmp_unaligned
                0x0800cd90      0x15c ..\..\..\..\..\..\..\..\..\Program Files (x86)\GNU Tools ARM Embedded\4.7 2012q4\arm-none-eabi\lib\armv7-m\libc.a(lib_a-strcmp.o)
 .text.strlen   0x0800ceec       0x60 ..\..\..\..\..\..\..\..\..\Program Files (x86)\GNU Tools ARM Embedded\4.7 2012q4\arm-none-eabi\lib\armv7-m\libc.a(lib_a-strlen.o)
                0x0800ceec                strlen
 .text.strncmp  0x0800cf4c      0x120 ..\..\..\..\..\..\..\..\..\Program Files (x86)\GNU Tools ARM Embedded\4.7 2012q4\arm-none-eabi\lib\armv7-m\libc.a(lib_a-strncmp.o)
                0x0800cf4c                strncmp
 .text._svfprintf_r
                0x0800d06c     0x1adc ..\..\..\..\..\..\..\..\..\Program Files (x86)\GNU Tools ARM Embedded\4.7 2012q4\arm-none-eabi\lib\armv7-m\libc.a(lib_a-svfprintf.o)
                0x0800d06c                _svfprintf_r
 .text.startup.register_fini
                0x0800eb48       0x14 ..\..\..\..\..\..\..\..\..\Program Files (x86)\GNU Tools ARM Embedded\4.7 2012q4\arm-none-eabi\lib\armv7-m\libc.a(lib_a-__call_atexit.o)
 .text.__call_exitprocs
                0x0800eb5c      0x278 ..\..\..\..\..\..\..\..\..\Program Files (x86)\GNU Tools ARM Embedded\4.7 2012q4\arm-none-eabi\lib\armv7-m\libc.a(lib_a-__call_atexit.o)
                0x0800eb5c                __call_exitprocs
 .text.atexit   0x0800edd4        0xc ..\..\..\..\..\..\..\..\..\Program Files (x86)\GNU Tools ARM Embedded\4.7 2012q4\arm-none-eabi\lib\armv7-m\libc.a(lib_a-atexit.o)
                0x0800edd4                atexit
 .text.quorem   0x0800ede0      0x2ec ..\..\..\..\..\..\..\..\..\Program Files (x86)\GNU Tools ARM Embedded\4.7 2012q4\arm-none-eabi\lib\armv7-m\libc.a(lib_a-dtoa.o)
 *fill*         0x0800f0cc        0x4 00
 .text._dtoa_r  0x0800f0d0     0x11f8 ..\..\..\..\..\..\..\..\..\Program Files (x86)\GNU Tools ARM Embedded\4.7 2012q4\arm-none-eabi\lib\armv7-m\libc.a(lib_a-dtoa.o)
                0x0800f0d0                _dtoa_r
 .text._malloc_trim_r
                0x080102c8       0x98 ..\..\..\..\..\..\..\..\..\Program Files (x86)\GNU Tools ARM Embedded\4.7 2012q4\arm-none-eabi\lib\armv7-m\libc.a(lib_a-freer.o)
                0x080102c8                _malloc_trim_r
 .text._free_r  0x08010360      0x194 ..\..\..\..\..\..\..\..\..\Program Files (x86)\GNU Tools ARM Embedded\4.7 2012q4\arm-none-eabi\lib\armv7-m\libc.a(lib_a-freer.o)
                0x08010360                _free_r
 .text._localeconv_r
                0x080104f4        0xc ..\..\..\..\..\..\..\..\..\Program Files (x86)\GNU Tools ARM Embedded\4.7 2012q4\arm-none-eabi\lib\armv7-m\libc.a(lib_a-locale.o)
                0x080104f4                _localeconv_r
 .text.memchr   0x08010500      0x140 ..\..\..\..\..\..\..\..\..\Program Files (x86)\GNU Tools ARM Embedded\4.7 2012q4\arm-none-eabi\lib\armv7-m\libc.a(lib_a-memchr.o)
                0x08010500                memchr
 .text._Balloc  0x08010640       0x4c ..\..\..\..\..\..\..\..\..\Program Files (x86)\GNU Tools ARM Embedded\4.7 2012q4\arm-none-eabi\lib\armv7-m\libc.a(lib_a-mprec.o)
                0x08010640                _Balloc
 .text._Bfree   0x0801068c       0x14 ..\..\..\..\..\..\..\..\..\Program Files (x86)\GNU Tools ARM Embedded\4.7 2012q4\arm-none-eabi\lib\armv7-m\libc.a(lib_a-mprec.o)
                0x0801068c                _Bfree
 .text.__multadd
                0x080106a0       0xfc ..\..\..\..\..\..\..\..\..\Program Files (x86)\GNU Tools ARM Embedded\4.7 2012q4\arm-none-eabi\lib\armv7-m\libc.a(lib_a-mprec.o)
                0x080106a0                __multadd
 .text.__hi0bits
                0x0801079c       0x3c ..\..\..\..\..\..\..\..\..\Program Files (x86)\GNU Tools ARM Embedded\4.7 2012q4\arm-none-eabi\lib\armv7-m\libc.a(lib_a-mprec.o)
                0x0801079c                __hi0bits
 .text.__lo0bits
                0x080107d8       0x5c ..\..\..\..\..\..\..\..\..\Program Files (x86)\GNU Tools ARM Embedded\4.7 2012q4\arm-none-eabi\lib\armv7-m\libc.a(lib_a-mprec.o)
                0x080107d8                __lo0bits
 .text.__i2b    0x08010834       0x14 ..\..\..\..\..\..\..\..\..\Program Files (x86)\GNU Tools ARM Embedded\4.7 2012q4\arm-none-eabi\lib\armv7-m\libc.a(lib_a-mprec.o)
                0x08010834                __i2b
 .text.__multiply
                0x08010848      0x2d0 ..\..\..\..\..\..\..\..\..\Program Files (x86)\GNU Tools ARM Embedded\4.7 2012q4\arm-none-eabi\lib\armv7-m\libc.a(lib_a-mprec.o)
                0x08010848                __multiply
 .text.__pow5mult
                0x08010b18       0x94 ..\..\..\..\..\..\..\..\..\Program Files (x86)\GNU Tools ARM Embedded\4.7 2012q4\arm-none-eabi\lib\armv7-m\libc.a(lib_a-mprec.o)
                0x08010b18                __pow5mult
 .text.__lshift
                0x08010bac      0x16c ..\..\..\..\..\..\..\..\..\Program Files (x86)\GNU Tools ARM Embedded\4.7 2012q4\arm-none-eabi\lib\armv7-m\libc.a(lib_a-mprec.o)
                0x08010bac                __lshift
 .text.__mcmp   0x08010d18       0x5c ..\..\..\..\..\..\..\..\..\Program Files (x86)\GNU Tools ARM Embedded\4.7 2012q4\arm-none-eabi\lib\armv7-m\libc.a(lib_a-mprec.o)
                0x08010d18                __mcmp
 .text.__mdiff  0x08010d74      0x218 ..\..\..\..\..\..\..\..\..\Program Files (x86)\GNU Tools ARM Embedded\4.7 2012q4\arm-none-eabi\lib\armv7-m\libc.a(lib_a-mprec.o)
                0x08010d74                __mdiff
 .text.__d2b    0x08010f8c       0xc0 ..\..\..\..\..\..\..\..\..\Program Files (x86)\GNU Tools ARM Embedded\4.7 2012q4\arm-none-eabi\lib\armv7-m\libc.a(lib_a-mprec.o)
                0x08010f8c                __d2b
 .text.__ssprint_r
                0x0801104c      0x100 ..\..\..\..\..\..\..\..\..\Program Files (x86)\GNU Tools ARM Embedded\4.7 2012q4\arm-none-eabi\lib\armv7-m\libc.a(lib_a-svfiprintf.o)
                0x0801104c                __ssprint_r
 .text._calloc_r
                0x0801114c       0x60 ..\..\..\..\..\..\..\..\..\Program Files (x86)\GNU Tools ARM Embedded\4.7 2012q4\arm-none-eabi\lib\armv7-m\libc.a(lib_a-callocr.o)
                0x0801114c                _calloc_r
 .text._ZNK10__cxxabiv120__si_class_type_info12__do_dyncastEiNS_17__class_type_info10__sub_kindEPKS1_PKvS4_S6_RNS1_16__dyncast_resultE
                0x080111ac       0x90 ..\..\..\..\..\..\..\..\..\Program Files (x86)\GNU Tools ARM Embedded\4.7 2012q4\arm-none-eabi\lib\armv7-m\libstdc++.a(si_class_type_info.o)
                0x080111ac                __cxxabiv1::__si_class_type_info::__do_dyncast(int, __cxxabiv1::__class_type_info::__sub_kind, __cxxabiv1::__class_type_info const*, void const*, __cxxabiv1::__class_type_info const*, void const*, __cxxabiv1::__class_type_info::__dyncast_result&) const
 .text._ZN10__cxxabiv120__si_class_type_infoD2Ev
                0x0801123c       0x14 ..\..\..\..\..\..\..\..\..\Program Files (x86)\GNU Tools ARM Embedded\4.7 2012q4\arm-none-eabi\lib\armv7-m\libstdc++.a(si_class_type_info.o)
                0x0801123c                __cxxabiv1::__si_class_type_info::~__si_class_type_info()
                0x0801123c                __cxxabiv1::__si_class_type_info::~__si_class_type_info()
 .text._ZN10__cxxabiv120__si_class_type_infoD0Ev
                0x08011250       0x14 ..\..\..\..\..\..\..\..\..\Program Files (x86)\GNU Tools ARM Embedded\4.7 2012q4\arm-none-eabi\lib\armv7-m\libstdc++.a(si_class_type_info.o)
                0x08011250                __cxxabiv1::__si_class_type_info::~__si_class_type_info()
 .text._ZNK10__cxxabiv120__si_class_type_info11__do_upcastEPKNS_17__class_type_infoEPKvRNS1_15__upcast_resultE
                0x08011264       0x24 ..\..\..\..\..\..\..\..\..\Program Files (x86)\GNU Tools ARM Embedded\4.7 2012q4\arm-none-eabi\lib\armv7-m\libstdc++.a(si_class_type_info.o)
                0x08011264                __cxxabiv1::__si_class_type_info::__do_upcast(__cxxabiv1::__class_type_info const*, void const*, __cxxabiv1::__class_type_info::__upcast_result&) const
 .text._ZNK10__cxxabiv120__si_class_type_info20__do_find_public_srcEiPKvPKNS_17__class_type_infoES2_
                0x08011288       0x34 ..\..\..\..\..\..\..\..\..\Program Files (x86)\GNU Tools ARM Embedded\4.7 2012q4\arm-none-eabi\lib\armv7-m\libstdc++.a(si_class_type_info.o)
                0x08011288                __cxxabiv1::__si_class_type_info::__do_find_public_src(int, void const*, __cxxabiv1::__class_type_info const*, void const*) const
 .text.__cxa_end_cleanup
                0x080112bc        0xc ..\..\..\..\..\..\..\..\..\Program Files (x86)\GNU Tools ARM Embedded\4.7 2012q4\arm-none-eabi\lib\armv7-m\libstdc++.a(eh_arm.o)
                0x080112bc                __cxa_end_cleanup
 .text.__cxa_type_match
                0x080112c8       0xb0 ..\..\..\..\..\..\..\..\..\Program Files (x86)\GNU Tools ARM Embedded\4.7 2012q4\arm-none-eabi\lib\armv7-m\libstdc++.a(eh_arm.o)
                0x080112c8                __cxa_type_match
 .text.__cxa_begin_cleanup
                0x08011378       0x64 ..\..\..\..\..\..\..\..\..\Program Files (x86)\GNU Tools ARM Embedded\4.7 2012q4\arm-none-eabi\lib\armv7-m\libstdc++.a(eh_arm.o)
                0x08011378                __cxa_begin_cleanup
 .text.__gnu_end_cleanup
                0x080113dc       0x74 ..\..\..\..\..\..\..\..\..\Program Files (x86)\GNU Tools ARM Embedded\4.7 2012q4\arm-none-eabi\lib\armv7-m\libstdc++.a(eh_arm.o)
                0x080113dc                __gnu_end_cleanup
 .text.__cxa_pure_virtual
                0x08011450       0x18 ..\..\..\..\..\..\..\..\..\Program Files (x86)\GNU Tools ARM Embedded\4.7 2012q4\arm-none-eabi\lib\armv7-m\libstdc++.a(pure.o)
                0x08011450                __cxa_pure_virtual
 .text.__cxa_get_globals_fast
                0x08011468        0xc ..\..\..\..\..\..\..\..\..\Program Files (x86)\GNU Tools ARM Embedded\4.7 2012q4\arm-none-eabi\lib\armv7-m\libstdc++.a(eh_globals.o)
                0x08011468                __cxa_get_globals_fast
 .text.__cxa_get_globals
                0x08011474        0xc ..\..\..\..\..\..\..\..\..\Program Files (x86)\GNU Tools ARM Embedded\4.7 2012q4\arm-none-eabi\lib\armv7-m\libstdc++.a(eh_globals.o)
                0x08011474                __cxa_get_globals
 .text._ZNSt9exceptionD2Ev
                0x08011480        0xc ..\..\..\..\..\..\..\..\..\Program Files (x86)\GNU Tools ARM Embedded\4.7 2012q4\arm-none-eabi\lib\armv7-m\libstdc++.a(eh_exception.o)
                0x08011480                std::exception::~exception()
                0x08011480                std::exception::~exception()
 .text._ZNSt13bad_exceptionD2Ev
                0x0801148c        0xc ..\..\..\..\..\..\..\..\..\Program Files (x86)\GNU Tools ARM Embedded\4.7 2012q4\arm-none-eabi\lib\armv7-m\libstdc++.a(eh_exception.o)
                0x0801148c                std::bad_exception::~bad_exception()
                0x0801148c                std::bad_exception::~bad_exception()
 .text._ZNKSt9exception4whatEv
                0x08011498        0xc ..\..\..\..\..\..\..\..\..\Program Files (x86)\GNU Tools ARM Embedded\4.7 2012q4\arm-none-eabi\lib\armv7-m\libstdc++.a(eh_exception.o)
                0x08011498                std::exception::what() const
 .text._ZNKSt13bad_exception4whatEv
                0x080114a4        0xc ..\..\..\..\..\..\..\..\..\Program Files (x86)\GNU Tools ARM Embedded\4.7 2012q4\arm-none-eabi\lib\armv7-m\libstdc++.a(eh_exception.o)
                0x080114a4                std::bad_exception::what() const
 .text._ZNSt9exceptionD0Ev
                0x080114b0       0x14 ..\..\..\..\..\..\..\..\..\Program Files (x86)\GNU Tools ARM Embedded\4.7 2012q4\arm-none-eabi\lib\armv7-m\libstdc++.a(eh_exception.o)
                0x080114b0                std::exception::~exception()
 .text._ZNSt13bad_exceptionD0Ev
                0x080114c4       0x14 ..\..\..\..\..\..\..\..\..\Program Files (x86)\GNU Tools ARM Embedded\4.7 2012q4\arm-none-eabi\lib\armv7-m\libstdc++.a(eh_exception.o)
                0x080114c4                std::bad_exception::~bad_exception()
 .text._ZdlPv   0x080114d8        0x8 ..\..\..\..\..\..\..\..\..\Program Files (x86)\GNU Tools ARM Embedded\4.7 2012q4\arm-none-eabi\lib\armv7-m\libstdc++.a(del_op.o)
                0x080114d8                operator delete(void*)
 .text._ZNK10__cxxabiv117__class_type_info11__do_upcastEPKS0_PPv
                0x080114e0       0x38 ..\..\..\..\..\..\..\..\..\Program Files (x86)\GNU Tools ARM Embedded\4.7 2012q4\arm-none-eabi\lib\armv7-m\libstdc++.a(class_type_info.o)
                0x080114e0                __cxxabiv1::__class_type_info::__do_upcast(__cxxabiv1::__class_type_info const*, void**) const
 .text._ZNK10__cxxabiv117__class_type_info20__do_find_public_srcEiPKvPKS0_S2_
                0x08011518        0xc ..\..\..\..\..\..\..\..\..\Program Files (x86)\GNU Tools ARM Embedded\4.7 2012q4\arm-none-eabi\lib\armv7-m\libstdc++.a(class_type_info.o)
                0x08011518                __cxxabiv1::__class_type_info::__do_find_public_src(int, void const*, __cxxabiv1::__class_type_info const*, void const*) const
 .text._ZNK10__cxxabiv117__class_type_info11__do_upcastEPKS0_PKvRNS0_15__upcast_resultE
                0x08011524       0x1c ..\..\..\..\..\..\..\..\..\Program Files (x86)\GNU Tools ARM Embedded\4.7 2012q4\arm-none-eabi\lib\armv7-m\libstdc++.a(class_type_info.o)
                0x08011524                __cxxabiv1::__class_type_info::__do_upcast(__cxxabiv1::__class_type_info const*, void const*, __cxxabiv1::__class_type_info::__upcast_result&) const
 .text._ZN10__cxxabiv117__class_type_infoD2Ev
                0x08011540       0x14 ..\..\..\..\..\..\..\..\..\Program Files (x86)\GNU Tools ARM Embedded\4.7 2012q4\arm-none-eabi\lib\armv7-m\libstdc++.a(class_type_info.o)
                0x08011540                __cxxabiv1::__class_type_info::~__class_type_info()
                0x08011540                __cxxabiv1::__class_type_info::~__class_type_info()
 .text._ZN10__cxxabiv117__class_type_infoD0Ev
                0x08011554       0x14 ..\..\..\..\..\..\..\..\..\Program Files (x86)\GNU Tools ARM Embedded\4.7 2012q4\arm-none-eabi\lib\armv7-m\libstdc++.a(class_type_info.o)
                0x08011554                __cxxabiv1::__class_type_info::~__class_type_info()
 .text._ZNK10__cxxabiv117__class_type_info12__do_dyncastEiNS0_10__sub_kindEPKS0_PKvS3_S5_RNS0_16__dyncast_resultE
                0x08011568       0x40 ..\..\..\..\..\..\..\..\..\Program Files (x86)\GNU Tools ARM Embedded\4.7 2012q4\arm-none-eabi\lib\armv7-m\libstdc++.a(class_type_info.o)
                0x08011568                __cxxabiv1::__class_type_info::__do_dyncast(int, __cxxabiv1::__class_type_info::__sub_kind, __cxxabiv1::__class_type_info const*, void const*, __cxxabiv1::__class_type_info const*, void const*, __cxxabiv1::__class_type_info::__dyncast_result&) const
 .text._ZNK10__cxxabiv117__class_type_info10__do_catchEPKSt9type_infoPPvj
                0x080115a8       0x28 ..\..\..\..\..\..\..\..\..\Program Files (x86)\GNU Tools ARM Embedded\4.7 2012q4\arm-none-eabi\lib\armv7-m\libstdc++.a(class_type_info.o)
                0x080115a8                __cxxabiv1::__class_type_info::__do_catch(std::type_info const*, void**, unsigned int) const
 .text._ZL23__gxx_exception_cleanup19_Unwind_Reason_CodeP21_Unwind_Control_Block
                0x080115d0       0x44 ..\..\..\..\..\..\..\..\..\Program Files (x86)\GNU Tools ARM Embedded\4.7 2012q4\arm-none-eabi\lib\armv7-m\libstdc++.a(eh_throw.o)
 .text.__cxa_throw
                0x08011614       0x7c ..\..\..\..\..\..\..\..\..\Program Files (x86)\GNU Tools ARM Embedded\4.7 2012q4\arm-none-eabi\lib\armv7-m\libstdc++.a(eh_throw.o)
                0x08011614                __cxa_throw
 .text.__cxa_rethrow
                0x08011690       0x70 ..\..\..\..\..\..\..\..\..\Program Files (x86)\GNU Tools ARM Embedded\4.7 2012q4\arm-none-eabi\lib\armv7-m\libstdc++.a(eh_throw.o)
                0x08011690                __cxa_rethrow
 .text._ZL12read_sleb128PKhPl
                0x08011700       0x3c ..\..\..\..\..\..\..\..\..\Program Files (x86)\GNU Tools ARM Embedded\4.7 2012q4\arm-none-eabi\lib\armv7-m\libstdc++.a(eh_personality.o)
 .text._ZL28read_encoded_value_with_basehjPKhPj
                0x0801173c       0xb0 ..\..\..\..\..\..\..\..\..\Program Files (x86)\GNU Tools ARM Embedded\4.7 2012q4\arm-none-eabi\lib\armv7-m\libstdc++.a(eh_personality.o)
 .text._ZL21base_of_encoded_valuehP15_Unwind_Context
                0x080117ec       0x4c ..\..\..\..\..\..\..\..\..\Program Files (x86)\GNU Tools ARM Embedded\4.7 2012q4\arm-none-eabi\lib\armv7-m\libstdc++.a(eh_personality.o)
 .text._ZL17parse_lsda_headerP15_Unwind_ContextPKhP16lsda_header_info
                0x08011838       0x94 ..\..\..\..\..\..\..\..\..\Program Files (x86)\GNU Tools ARM Embedded\4.7 2012q4\arm-none-eabi\lib\armv7-m\libstdc++.a(eh_personality.o)
 .text.__gxx_personality_v0
                0x080118cc      0x3f8 ..\..\..\..\..\..\..\..\..\Program Files (x86)\GNU Tools ARM Embedded\4.7 2012q4\arm-none-eabi\lib\armv7-m\libstdc++.a(eh_personality.o)
                0x080118cc                __gxx_personality_v0
 .text.__cxa_allocate_exception
                0x08011cc4       0x70 ..\..\..\..\..\..\..\..\..\Program Files (x86)\GNU Tools ARM Embedded\4.7 2012q4\arm-none-eabi\lib\armv7-m\libstdc++.a(eh_alloc.o)
                0x08011cc4                __cxa_allocate_exception
 .text.__cxa_free_exception
                0x08011d34       0x34 ..\..\..\..\..\..\..\..\..\Program Files (x86)\GNU Tools ARM Embedded\4.7 2012q4\arm-none-eabi\lib\armv7-m\libstdc++.a(eh_alloc.o)
                0x08011d34                __cxa_free_exception
 .text._ZN10__cxxabiv111__terminateEPFvvE
                0x08011d68       0x28 ..\..\..\..\..\..\..\..\..\Program Files (x86)\GNU Tools ARM Embedded\4.7 2012q4\arm-none-eabi\lib\armv7-m\libstdc++.a(eh_terminate.o)
                0x08011d68                __cxxabiv1::__terminate(void (*)())
 .text._ZSt9terminatev
                0x08011d90       0x10 ..\..\..\..\..\..\..\..\..\Program Files (x86)\GNU Tools ARM Embedded\4.7 2012q4\arm-none-eabi\lib\armv7-m\libstdc++.a(eh_terminate.o)
                0x08011d90                std::terminate()
 .text._ZN10__cxxabiv112__unexpectedEPFvvE
                0x08011da0        0x8 ..\..\..\..\..\..\..\..\..\Program Files (x86)\GNU Tools ARM Embedded\4.7 2012q4\arm-none-eabi\lib\armv7-m\libstdc++.a(eh_terminate.o)
                0x08011da0                __cxxabiv1::__unexpected(void (*)())
 .text._ZSt10unexpectedv
                0x08011da8       0x10 ..\..\..\..\..\..\..\..\..\Program Files (x86)\GNU Tools ARM Embedded\4.7 2012q4\arm-none-eabi\lib\armv7-m\libstdc++.a(eh_terminate.o)
                0x08011da8                std::unexpected()
 .text._ZNSt9type_infoD2Ev
                0x08011db8        0xc ..\..\..\..\..\..\..\..\..\Program Files (x86)\GNU Tools ARM Embedded\4.7 2012q4\arm-none-eabi\lib\armv7-m\libstdc++.a(tinfo.o)
                0x08011db8                std::type_info::~type_info()
                0x08011db8                std::type_info::~type_info()
 .text._ZNKSt9type_info14__is_pointer_pEv
                0x08011dc4        0x4 ..\..\..\..\..\..\..\..\..\Program Files (x86)\GNU Tools ARM Embedded\4.7 2012q4\arm-none-eabi\lib\armv7-m\libstdc++.a(tinfo.o)
                0x08011dc4                std::type_info::__is_pointer_p() const
 .text._ZNKSt9type_info15__is_function_pEv
                0x08011dc8        0x4 ..\..\..\..\..\..\..\..\..\Program Files (x86)\GNU Tools ARM Embedded\4.7 2012q4\arm-none-eabi\lib\armv7-m\libstdc++.a(tinfo.o)
                0x08011dc8                std::type_info::__is_function_p() const
 .text._ZNKSt9type_info11__do_upcastEPKN10__cxxabiv117__class_type_infoEPPv
                0x08011dcc        0x4 ..\..\..\..\..\..\..\..\..\Program Files (x86)\GNU Tools ARM Embedded\4.7 2012q4\arm-none-eabi\lib\armv7-m\libstdc++.a(tinfo.o)
                0x08011dcc                std::type_info::__do_upcast(__cxxabiv1::__class_type_info const*, void**) const
 .text._ZNSt9type_infoD0Ev
                0x08011dd0       0x14 ..\..\..\..\..\..\..\..\..\Program Files (x86)\GNU Tools ARM Embedded\4.7 2012q4\arm-none-eabi\lib\armv7-m\libstdc++.a(tinfo.o)
                0x08011dd0                std::type_info::~type_info()
 .text._ZNKSt9type_infoeqERKS_
                0x08011de4       0x28 ..\..\..\..\..\..\..\..\..\Program Files (x86)\GNU Tools ARM Embedded\4.7 2012q4\arm-none-eabi\lib\armv7-m\libstdc++.a(tinfo.o)
                0x08011de4                std::type_info::operator==(std::type_info const&) const
 .text._ZNKSt9type_info10__do_catchEPKS_PPvj
                0x08011e0c        0x4 ..\..\..\..\..\..\..\..\..\Program Files (x86)\GNU Tools ARM Embedded\4.7 2012q4\arm-none-eabi\lib\armv7-m\libstdc++.a(tinfo.o)
                0x08011e0c                std::type_info::__do_catch(std::type_info const*, void**, unsigned int) const
 .text._ZN10__cxxabiv1L24__is_gxx_exception_classEPc
                0x08011e10       0x3c ..\..\..\..\..\..\..\..\..\Program Files (x86)\GNU Tools ARM Embedded\4.7 2012q4\arm-none-eabi\lib\armv7-m\libstdc++.a(eh_call.o)
 .text.__cxa_call_terminate
                0x08011e4c       0x20 ..\..\..\..\..\..\..\..\..\Program Files (x86)\GNU Tools ARM Embedded\4.7 2012q4\arm-none-eabi\lib\armv7-m\libstdc++.a(eh_call.o)
                0x08011e4c                __cxa_call_terminate
 .text.__cxa_call_unexpected
                0x08011e6c       0xe4 ..\..\..\..\..\..\..\..\..\Program Files (x86)\GNU Tools ARM Embedded\4.7 2012q4\arm-none-eabi\lib\armv7-m\libstdc++.a(eh_call.o)
                0x08011e6c                __cxa_call_unexpected
 .text.__cxa_begin_catch
                0x08011f50       0x8c ..\..\..\..\..\..\..\..\..\Program Files (x86)\GNU Tools ARM Embedded\4.7 2012q4\arm-none-eabi\lib\armv7-m\libstdc++.a(eh_catch.o)
                0x08011f50                __cxa_begin_catch
 .text.__cxa_end_catch