Archive member included because of file (symbol)

..\..\..\..\..\..\..\..\..\Program Files (x86)\GNU Tools ARM Embedded\4.7 2012q4\arm-none-eabi\lib\armv7-m\libm.a(lib_a-s_fpclassify.o)
                              ..\obj\Print.o (__fpclassifyd)
c:/program files (x86)/gnu tools arm embedded/4.7 2012q4/bin/../lib/gcc/arm-none-eabi/4.7.3/armv7e-m\libgcc.a(_arm_addsubdf3.o)
                              ..\obj\Print.o (__aeabi_dsub)
c:/program files (x86)/gnu tools arm embedded/4.7 2012q4/bin/../lib/gcc/arm-none-eabi/4.7.3/armv7e-m\libgcc.a(_arm_muldivdf3.o)
                              ..\obj\Stream.o (__aeabi_dmul)
c:/program files (x86)/gnu tools arm embedded/4.7 2012q4/bin/../lib/gcc/arm-none-eabi/4.7.3/armv7e-m\libgcc.a(_arm_cmpdf2.o)
                              ..\obj\Print.o (__aeabi_dcmplt)
c:/program files (x86)/gnu tools arm embedded/4.7 2012q4/bin/../lib/gcc/arm-none-eabi/4.7.3/armv7e-m\libgcc.a(_arm_fixdfsi.o)
                              ..\obj\Print.o (__aeabi_d2iz)
c:/program files (x86)/gnu tools arm embedded/4.7 2012q4/bin/../lib/gcc/arm-none-eabi/4.7.3/armv7e-m\libgcc.a(_arm_fixunsdfsi.o)
                              ..\obj\Print.o (__aeabi_d2uiz)
c:/program files (x86)/gnu tools arm embedded/4.7 2012q4/bin/../lib/gcc/arm-none-eabi/4.7.3/armv7e-m\libgcc.a(_arm_truncdfsf2.o)
                              ..\obj\Stream.o (__aeabi_d2f)
c:/program files (x86)/gnu tools arm embedded/4.7 2012q4/bin/../lib/gcc/arm-none-eabi/4.7.3/armv7e-m\libgcc.a(_arm_addsubsf3.o)
                              ..\obj\Stream.o (__aeabi_i2f)
c:/program files (x86)/gnu tools arm embedded/4.7 2012q4/bin/../lib/gcc/arm-none-eabi/4.7.3/armv7e-m\libgcc.a(_arm_muldivsf3.o)
                              ..\obj\Stream.o (__aeabi_fmul)
c:/program files (x86)/gnu tools arm embedded/4.7 2012q4/bin/../lib/gcc/arm-none-eabi/4.7.3/armv7e-m\libgcc.a(unwind-arm.o)
                              ..\obj\ArduinoStyle.o (__aeabi_unwind_cpp_pr0)
c:/program files (x86)/gnu tools arm embedded/4.7 2012q4/bin/../lib/gcc/arm-none-eabi/4.7.3/armv7e-m\libgcc.a(libunwind.o)
                              c:/program files (x86)/gnu tools arm embedded/4.7 2012q4/bin/../lib/gcc/arm-none-eabi/4.7.3/armv7e-m\libgcc.a(unwind-arm.o) (restore_core_regs)
c:/program files (x86)/gnu tools arm embedded/4.7 2012q4/bin/../lib/gcc/arm-none-eabi/4.7.3/armv7e-m\libgcc.a(pr-support.o)
                              c:/program files (x86)/gnu tools arm embedded/4.7 2012q4/bin/../lib/gcc/arm-none-eabi/4.7.3/armv7e-m\libgcc.a(unwind-arm.o) (__gnu_unwind_execute)
..\..\..\..\..\..\..\..\..\Program Files (x86)\GNU Tools ARM Embedded\4.7 2012q4\arm-none-eabi\lib\armv7-m\libc.a(lib_a-__atexit.o)
                              c:/program files (x86)/gnu tools arm embedded/4.7 2012q4/bin/../lib/gcc/arm-none-eabi/4.7.3/../../../../arm-none-eabi/lib/armv7e-m/crt0.o (__register_exitproc)
..\..\..\..\..\..\..\..\..\Program Files (x86)\GNU Tools ARM Embedded\4.7 2012q4\arm-none-eabi\lib\armv7-m\libc.a(lib_a-aeabi_atexit.o)
                              ..\obj\ArduinoStyle.o (__aeabi_atexit)
..\..\..\..\..\..\..\..\..\Program Files (x86)\GNU Tools ARM Embedded\4.7 2012q4\arm-none-eabi\lib\armv7-m\libc.a(lib_a-atol.o)
                              ..\obj\WString.o (atol)
..\..\..\..\..\..\..\..\..\Program Files (x86)\GNU Tools ARM Embedded\4.7 2012q4\arm-none-eabi\lib\armv7-m\libc.a(lib_a-cxa_atexit.o)
                              ..\..\..\..\..\..\..\..\..\Program Files (x86)\GNU Tools ARM Embedded\4.7 2012q4\arm-none-eabi\lib\armv7-m\libc.a(lib_a-aeabi_atexit.o) (__cxa_atexit)
..\..\..\..\..\..\..\..\..\Program Files (x86)\GNU Tools ARM Embedded\4.7 2012q4\arm-none-eabi\lib\armv7-m\libc.a(lib_a-exit.o)
                              c:/program files (x86)/gnu tools arm embedded/4.7 2012q4/bin/../lib/gcc/arm-none-eabi/4.7.3/../../../../arm-none-eabi/lib/armv7e-m/crt0.o (exit)
..\..\..\..\..\..\..\..\..\Program Files (x86)\GNU Tools ARM Embedded\4.7 2012q4\arm-none-eabi\lib\armv7-m\libc.a(lib_a-fini.o)
                              c:/program files (x86)/gnu tools arm embedded/4.7 2012q4/bin/../lib/gcc/arm-none-eabi/4.7.3/../../../../arm-none-eabi/lib/armv7e-m/crt0.o (__libc_fini_array)
..\..\..\..\..\..\..\..\..\Program Files (x86)\GNU Tools ARM Embedded\4.7 2012q4\arm-none-eabi\lib\armv7-m\libc.a(lib_a-impure.o)
                              ..\..\..\..\..\..\..\..\..\Program Files (x86)\GNU Tools ARM Embedded\4.7 2012q4\arm-none-eabi\lib\armv7-m\libc.a(lib_a-__atexit.o) (_global_impure_ptr)
..\..\..\..\..\..\..\..\..\Program Files (x86)\GNU Tools ARM Embedded\4.7 2012q4\arm-none-eabi\lib\armv7-m\libc.a(lib_a-init.o)
                              c:/program files (x86)/gnu tools arm embedded/4.7 2012q4/bin/../lib/gcc/arm-none-eabi/4.7.3/../../../../arm-none-eabi/lib/armv7e-m/crt0.o (__libc_init_array)
..\..\..\..\..\..\..\..\..\Program Files (x86)\GNU Tools ARM Embedded\4.7 2012q4\arm-none-eabi\lib\armv7-m\libc.a(lib_a-isspace.o)
[...]
Memory Configuration

Name             Origin             Length             Attributes
FLASH            0x08000000         0x00100000         xr
RAM              0x20000000         0x00020000         xrw
RAM1             0x10000000         0x00010000         xrw
*default*        0x00000000         0xffffffff

Linker script and memory map

LOAD c:/program files (x86)/gnu tools arm embedded/4.7 2012q4/bin/../lib/gcc/arm-none-eabi/4.7.3/armv7e-m/crti.o
LOAD c:/program files (x86)/gnu tools arm embedded/4.7 2012q4/bin/../lib/gcc/arm-none-eabi/4.7.3/armv7e-m/crtbegin.o
LOAD c:/program files (x86)/gnu tools arm embedded/4.7 2012q4/bin/../lib/gcc/arm-none-eabi/4.7.3/../../../../arm-none-eabi/lib/armv7e-m/crt0.o

.text           0x08000000    0x19780
 *(.isr_vector)
 .isr_vector    0x08000000      0x188 ..\obj\startup_stm32f4xx.o
                0x08000000                g_pfnVectors
 *(.text*)
 .text          0x08000188       0x54 c:/program files (x86)/gnu tools arm embedded/4.7 2012q4/bin/../lib/gcc/arm-none-eabi/4.7.3/armv7e-m/crtbegin.o
 .text          0x080001dc       0x70 c:/program files (x86)/gnu tools arm embedded/4.7 2012q4/bin/../lib/gcc/arm-none-eabi/4.7.3/../../../../arm-none-eabi/lib/armv7e-m/crt0.o
                0x080001dc                _start
                0x080001dc                start
                0x080001dc                _mainCRTStartup
 .text.SYSCFG_EXTILineConfig
                0x0800024c       0xb0 ..\obj\stm32f4xx_syscfg.o
                0x0800024c                SYSCFG_EXTILineConfig
 .text.USB_OTG_WritePacket
                0x080002fc       0x84 ..\obj\usb_core.o
                0x080002fc                USB_OTG_WritePacket
 .text.USB_OTG_ReadPacket
                0x08000380       0x68 ..\obj\usb_core.o
                0x08000380                USB_OTG_ReadPacket
 .text.USB_OTG_FlushTxFifo
                0x080003e8       0x80 ..\obj\usb_core.o
                0x080003e8                USB_OTG_FlushTxFifo
 .text.USB_OTG_GetMode
                0x08000468       0x20 ..\obj\usb_core.o
                0x08000468                USB_OTG_GetMode
 .text.USB_OTG_IsDeviceMode
                0x08000488       0x24 ..\obj\usb_core.o
                0x08000488                USB_OTG_IsDeviceMode
 .text.USB_OTG_ReadCoreItr
                0x080004ac       0x30 ..\obj\usb_core.o
                0x080004ac                USB_OTG_ReadCoreItr
 .text.USB_OTG_GetDeviceSpeed
                0x080004dc       0x50 ..\obj\usb_core.o
                0x080004dc                USB_OTG_GetDeviceSpeed
 .text.USB_OTG_EP0Activate
                0x0800052c       0x80 ..\obj\usb_core.o
                0x0800052c                USB_OTG_EP0Activate
 .text.USB_OTG_EPActivate
                0x080005ac      0x11c ..\obj\usb_core.o
                0x080005ac                USB_OTG_EPActivate
 .text.USB_OTG_EPStartXfer
                0x080006c8      0x2d0 ..\obj\usb_core.o
                0x080006c8                USB_OTG_EPStartXfer
 .text.USB_OTG_EP0StartXfer
                0x08000998      0x200 ..\obj\usb_core.o
                0x08000998                USB_OTG_EP0StartXfer
 .text.USB_OTG_EPSetStall
                0x08000b98       0x94 ..\obj\usb_core.o
                0x08000b98                USB_OTG_EPSetStall
 .text.USB_OTG_EPClearStall
                0x08000c2c       0x84 ..\obj\usb_core.o
                0x08000c2c                USB_OTG_EPClearStall
 .text.USB_OTG_ReadDevAllOutEp_itr
                0x08000cb0       0x30 ..\obj\usb_core.o
                0x08000cb0                USB_OTG_ReadDevAllOutEp_itr
 .text.USB_OTG_ReadDevOutEP_itr
                0x08000ce0       0x3c ..\obj\usb_core.o
                0x08000ce0                USB_OTG_ReadDevOutEP_itr
 .text.USB_OTG_ReadDevAllInEPItr
                0x08000d1c       0x34 ..\obj\usb_core.o
                0x08000d1c                USB_OTG_ReadDevAllInEPItr
 .text.USB_OTG_EP0_OutStart
                0x08000d50       0x78 ..\obj\usb_core.o
                0x08000d50                USB_OTG_EP0_OutStart
 .text.USB_OTG_UngateClock
                0x08000dc8       0x54 ..\obj\usb_core.o
                0x08000dc8                USB_OTG_UngateClock
 .text.NVIC_SetPriority
                0x08000e1c       0x5c ..\obj\TibuBoard.o
 .text.SysTick_Config
                0x08000e78       0x64 ..\obj\TibuBoard.o
 .text._ZN9TibuboardC2Ev
                0x08000edc      0x110 ..\obj\TibuBoard.o
                0x08000edc                Tibuboard::Tibuboard()
                0x08000edc                Tibuboard::Tibuboard()
 .text._ZN9TibuboardD2Ev
                0x08000fec       0x18 ..\obj\TibuBoard.o
                0x08000fec                Tibuboard::~Tibuboard()
                0x08000fec                Tibuboard::~Tibuboard()
 .text._ZN9Tibuboard9LEDToggleE11Led_TypeDef
                0x08001004       0x38 ..\obj\TibuBoard.o
                0x08001004                Tibuboard::LEDToggle(Led_TypeDef)
 .text._ZN9Tibuboard15ButtonInterruptE14Button_TypeDefPFvvE
                0x0800103c       0xa8 ..\obj\TibuBoard.o
                0x0800103c                Tibuboard::ButtonInterrupt(Button_TypeDef, void (*)())
 .text._Z13SysTickConfigv
                0x080010e4       0x44 ..\obj\TibuBoard.o
                0x080010e4                SysTickConfig()
 .text._Z5blinkv
                0x08001128       0x18 ..\obj\ArduinoStyle.o
                0x08001128                blink()
 .text._Z6blink2v
                0x08001140       0x18 ..\obj\ArduinoStyle.o
                0x08001140                blink2()
 .text._Z5setupv
                0x08001158       0x38 ..\obj\ArduinoStyle.o
                0x08001158                setup()
 .text._Z4loopv
                0x08001190        0xc ..\obj\ArduinoStyle.o
                0x08001190                loop()
 .text._Z41__static_initialization_and_destruction_0ii
                0x0800119c       0x4c ..\obj\ArduinoStyle.o
 .text._GLOBAL__sub_I_Tibu
                0x080011e8       0x14 ..\obj\ArduinoStyle.o
 .text._Z41__static_initialization_and_destruction_0ii
                0x080011fc       0x40 ..\obj\Dhcp.o
 .text._GLOBAL__sub_I__ZN9DhcpClass13beginWithDHCPEPhmm
                0x0800123c       0x14 ..\obj\Dhcp.o
 .text.Init_Container
                0x08001250       0x38 ..\obj\BufferFunctions.o
                0x08001250                Init_Container
 .text.Free_Container
                0x08001288       0x1c ..\obj\BufferFunctions.o
                0x08001288                Free_Container
 .text.ContainerisEmpty
                0x080012a4       0x24 ..\obj\BufferFunctions.o
                0x080012a4                ContainerisEmpty
 .text.Read_Container
                0x080012c8       0x4c ..\obj\BufferFunctions.o
                0x080012c8                Read_Container
 .text.numDatainContainer
                0x08001314       0x1c ..\obj\BufferFunctions.o
                0x08001314                numDatainContainer
 .text._ZN9PrintableC2Ev
                0x08001330       0x20 ..\obj\IPAddress.o
                0x08001330                Printable::Printable()
                0x08001330                Printable::Printable()
 .text._ZN9IPAddressC2Ev
                0x08001350       0x3c ..\obj\IPAddress.o
                0x08001350                IPAddress::IPAddress()
                0x08001350                IPAddress::IPAddress()
 .text._ZN9IPAddressC2Ehhhh
                0x0800138c       0x44 ..\obj\IPAddress.o
                0x0800138c                IPAddress::IPAddress(unsigned char, unsigned char, unsigned char, unsigned char)
                0x0800138c                IPAddress::IPAddress(unsigned char, unsigned char, unsigned char, unsigned char)
 .text._ZNK9IPAddress7printToER5Print
                0x080013d0       0x84 ..\obj\IPAddress.o
                0x080013d0                IPAddress::printTo(Print&) const
 .text._Z41__static_initialization_and_destruction_0ii
                0x08001454       0x40 ..\obj\IPAddress.o
 .text._GLOBAL__sub_I__ZN9IPAddressC2Ev
                0x08001494       0x14 ..\obj\IPAddress.o
 .text.Default_Reset_Handler
                0x080014a8       0x6c ..\obj\startup_stm32f4xx.o
                0x080014a8                Default_Reset_Handler
                0x080014a8                Reset_Handler
 .text.Default_Handler
                0x08001514        0x8 ..\obj\startup_stm32f4xx.o
                0x08001514                RTC_Alarm_IRQHandler
                0x08001514                HASH_RNG_IRQHandler
                0x08001514                TIM8_CC_IRQHandler
                0x08001514                TIM1_CC_IRQHandler
                0x08001514                DMA2_Stream5_IRQHandler
                0x08001514                DMA1_Stream5_IRQHandler
                0x08001514                PVD_IRQHandler
                0x08001514                SDIO_IRQHandler
                0x08001514                TAMP_STAMP_IRQHandler
                0x08001514                CAN2_RX1_IRQHandler
                0x08001514                EXTI3_IRQHandler
                0x08001514                TIM8_TRG_COM_TIM14_IRQHandler
                0x08001514                TIM1_UP_TIM10_IRQHandler
                0x08001514                TIM8_UP_TIM13_IRQHandler
                0x08001514                I2C3_ER_IRQHandler
                0x08001514                I2C2_EV_IRQHandler
                0x08001514                DMA1_Stream2_IRQHandler
                0x08001514                CAN1_RX0_IRQHandler
                0x08001514                FPU_IRQHandler
                0x08001514                CAN2_SCE_IRQHandler
                0x08001514                DMA2_Stream2_IRQHandler
                0x08001514                SPI1_IRQHandler
                0x08001514                TIM6_DAC_IRQHandler
                0x08001514                TIM1_BRK_TIM9_IRQHandler
                0x08001514                DCMI_IRQHandler
                0x08001514                CAN2_RX0_IRQHandler
                0x08001514                DMA2_Stream3_IRQHandler
                0x08001514                USART6_IRQHandler
                0x08001514                USART3_IRQHandler
                0x08001514                CRYP_IRQHandler
                0x08001514                CAN1_RX1_IRQHandler
                0x08001514                UART5_IRQHandler
                0x08001514                DMA2_Stream0_IRQHandler
                0x08001514                TIM4_IRQHandler
                0x08001514                I2C1_EV_IRQHandler
                0x08001514                DMA1_Stream6_IRQHandler
                0x08001514                DMA1_Stream1_IRQHandler
                0x08001514                UART4_IRQHandler
                0x08001514                TIM3_IRQHandler
                0x08001514                RCC_IRQHandler
                0x08001514                TIM8_BRK_TIM12_IRQHandler
                0x08001514                EXTI15_10_IRQHandler
                0x08001514                ADC_IRQHandler
                0x08001514                DMA1_Stream7_IRQHandler
                0x08001514                TIM7_IRQHandler
                0x08001514                CAN2_TX_IRQHandler
                0x08001514                TIM5_IRQHandler
                0x08001514                DMA2_Stream7_IRQHandler
                0x08001514                I2C3_EV_IRQHandler
                0x08001514                EXTI9_5_IRQHandler
                0x08001514                RTC_WKUP_IRQHandler
                0x08001514                ETH_WKUP_IRQHandler
                0x08001514                SPI2_IRQHandler
                0x08001514                DMA1_Stream0_IRQHandler
                0x08001514                CAN1_TX_IRQHandler
                0x08001514                FSMC_IRQHandler
                0x08001514                ETH_IRQHandler
                0x08001514                WWDG_IRQHandler
                0x08001514                TIM2_IRQHandler
                0x08001514                OTG_FS_WKUP_IRQHandler
                0x08001514                TIM1_TRG_COM_TIM11_IRQHandler
                0x08001514                EXTI1_IRQHandler
                0x08001514                USART2_IRQHandler
                0x08001514                I2C2_ER_IRQHandler
                0x08001514                DMA2_Stream1_IRQHandler
                0x08001514                CAN1_SCE_IRQHandler
                0x08001514                FLASH_IRQHandler
                0x08001514                DMA2_Stream4_IRQHandler
                0x08001514                USART1_IRQHandler
                0x08001514                OTG_FS_IRQHandler
                0x08001514                SPI3_IRQHandler
                0x08001514                DMA1_Stream4_IRQHandler
                0x08001514                I2C1_ER_IRQHandler
                0x08001514                DMA2_Stream6_IRQHandler
                0x08001514                DMA1_Stream3_IRQHandler
 .text._ZN8SPIClassC2Ev
                0x0800151c       0x38 ..\obj\SPIAPI.o
                0x0800151c                SPIClass::SPIClass()
                0x0800151c                SPIClass::SPIClass()
 .text._ZN8SPIClassD2Ev
                0x08001554       0x18 ..\obj\SPIAPI.o
                0x08001554                SPIClass::~SPIClass()
                0x08001554                SPIClass::~SPIClass()
 .text._Z41__static_initialization_and_destruction_0ii
                0x0800156c       0x4c ..\obj\SPIAPI.o
 .text._GLOBAL__sub_I_intSPIFunc
                0x080015b8       0x14 ..\obj\SPIAPI.o
 .text.USBD_SetupStage
                0x080015cc       0x70 ..\obj\usbd_core.o
 .text.USBD_DataOutStage
                0x0800163c       0xd4 ..\obj\usbd_core.o
 .text.USBD_DataInStage
                0x08001710      0x114 ..\obj\usbd_core.o
 .text.USBD_Reset
                0x08001824       0x54 ..\obj\usbd_core.o
 .text.USBD_Resume
                0x08001878       0x2c ..\obj\usbd_core.o
 .text.USBD_Suspend
                0x080018a4       0x2c ..\obj\usbd_core.o
 .text.USBD_SOF
                0x080018d0       0x30 ..\obj\usbd_core.o
 .text.USBD_SetCfg
                0x08001900       0x34 ..\obj\usbd_core.o
                0x08001900                USBD_SetCfg
 .text.USBD_ClrCfg
                0x08001934       0x2c ..\obj\usbd_core.o
                0x08001934                USBD_ClrCfg
 .text.USBD_IsoINIncomplete
                0x08001960       0x24 ..\obj\usbd_core.o
 .text.USBD_IsoOUTIncomplete
                0x08001984       0x24 ..\obj\usbd_core.o
 .text.main     0x080019a8       0x38 ..\obj\main.o
                0x080019a8                main
 .text.RCC_AHB1PeriphClockCmd
                0x080019e0       0x54 ..\obj\stm32f4xx_rcc.o
                0x080019e0                RCC_AHB1PeriphClockCmd
 .text.RCC_APB1PeriphClockCmd
                0x08001a34       0x54 ..\obj\stm32f4xx_rcc.o
                0x08001a34                RCC_APB1PeriphClockCmd
 .text.RCC_APB2PeriphClockCmd
                0x08001a88       0x54 ..\obj\stm32f4xx_rcc.o
                0x08001a88                RCC_APB2PeriphClockCmd
 .text.NMI_Handler
                0x08001adc        0xc ..\obj\stm32f4xx_it.o
                0x08001adc                NMI_Handler
 .text.HardFault_Handler
                0x08001ae8        0x8 ..\obj\stm32f4xx_it.o
                0x08001ae8                HardFault_Handler
 .text.MemManage_Handler
                0x08001af0        0x8 ..\obj\stm32f4xx_it.o
                0x08001af0                MemManage_Handler
 .text.BusFault_Handler
                0x08001af8        0x8 ..\obj\stm32f4xx_it.o
                0x08001af8                BusFault_Handler
 .text.UsageFault_Handler
                0x08001b00        0x8 ..\obj\stm32f4xx_it.o
                0x08001b00                UsageFault_Handler
 .text.SVC_Handler
                0x08001b08        0xc ..\obj\stm32f4xx_it.o
                0x08001b08                SVC_Handler
 .text.DebugMon_Handler
                0x08001b14        0xc ..\obj\stm32f4xx_it.o
                0x08001b14                DebugMon_Handler
 .text.PendSV_Handler
                0x08001b20        0xc ..\obj\stm32f4xx_it.o
                0x08001b20                PendSV_Handler
 .text.SysTick_Handler
                0x08001b2c       0x24 ..\obj\stm32f4xx_it.o
                0x08001b2c                SysTick_Handler
 .text.EXTI0_IRQHandler
                0x08001b50        0xc ..\obj\stm32f4xx_it.o
                0x08001b50                EXTI0_IRQHandler
 .text.EXTI2_IRQHandler
                0x08001b5c       0xdc ..\obj\stm32f4xx_it.o
                0x08001b5c                EXTI2_IRQHandler
 .text.EXTI4_IRQHandler
                0x08001c38       0x4c ..\obj\stm32f4xx_it.o
                0x08001c38                EXTI4_IRQHandler
 .text.OTG_HS_WKUP_IRQHandler
                0x08001c84       0x44 ..\obj\stm32f4xx_it.o
                0x08001c84                OTG_HS_WKUP_IRQHandler
 .text.OTG_HS_IRQHandler
                0x08001cc8       0x14 ..\obj\stm32f4xx_it.o
                0x08001cc8                OTG_HS_IRQHandler
 .text.OTG_HS_EP1_IN_IRQHandler
                0x08001cdc       0x14 ..\obj\stm32f4xx_it.o
                0x08001cdc                OTG_HS_EP1_IN_IRQHandler
 .text.OTG_HS_EP1_OUT_IRQHandler
                0x08001cf0       0x14 ..\obj\stm32f4xx_it.o
                0x08001cf0                OTG_HS_EP1_OUT_IRQHandler
 .text._ZN13EthernetClassC2Ev
                0x08001d04       0x1c ..\obj\Ethernet.o
                0x08001d04                EthernetClass::EthernetClass()
                0x08001d04                EthernetClass::EthernetClass()
 .text._Z41__static_initialization_and_destruction_0ii
                0x08001d20       0x4c ..\obj\Ethernet.o
 .text._GLOBAL__sub_I__ZN13EthernetClass6_stateE
                0x08001d6c       0x14 ..\obj\Ethernet.o
 .text._ZN5PrintC2Ev
                0x08001d80       0x28 ..\obj\EthernetServer.o
                0x08001d80                Print::Print()
                0x08001d80                Print::Print()
 .text._Z41__static_initialization_and_destruction_0ii
                0x08001da8       0x40 ..\obj\EthernetServer.o
 .text._GLOBAL__sub_I__ZN14EthernetServerC2Et
                0x08001de8       0x14 ..\obj\EthernetServer.o
 .text.ADC_Init
                0x08001dfc       0xb8 ..\obj\stm32f4xx_adc.o
                0x08001dfc                ADC_Init
 .text.ADC_CommonInit
                0x08001eb4       0x5c ..\obj\stm32f4xx_adc.o
                0x08001eb4                ADC_CommonInit
 .text.ADC_Cmd  0x08001f10       0x38 ..\obj\stm32f4xx_adc.o
                0x08001f10                ADC_Cmd
 .text.ADC_RegularChannelConfig
                0x08001f48      0x1bc ..\obj\stm32f4xx_adc.o
                0x08001f48                ADC_RegularChannelConfig
 .text.InitADC  0x08002104       0xe4 ..\obj\BasicFunctions.o
                0x08002104                InitADC
 .text.Init_PWMPins
                0x080021e8      0x19c ..\obj\BasicFunctions.o
                0x080021e8                Init_PWMPins
 .text._Z41__static_initialization_and_destruction_0ii
                0x08002384       0x40 ..\obj\Dns.o
 .text._GLOBAL__sub_I__ZN9DNSClient5beginERK9IPAddress
                0x080023c4       0x14 ..\obj\Dns.o
 .text.USBD_USR_DeviceDescriptor
                0x080023d8       0x28 ..\obj\usbd_desc.o
                0x080023d8                USBD_USR_DeviceDescriptor
 .text.USBD_USR_LangIDStrDescriptor
                0x08002400       0x28 ..\obj\usbd_desc.o
                0x08002400                USBD_USR_LangIDStrDescriptor
 .text.USBD_USR_ProductStrDescriptor
                0x08002428       0x54 ..\obj\usbd_desc.o
                0x08002428                USBD_USR_ProductStrDescriptor
 .text.USBD_USR_ManufacturerStrDescriptor
                0x0800247c       0x34 ..\obj\usbd_desc.o
                0x0800247c                USBD_USR_ManufacturerStrDescriptor
 .text.USBD_USR_SerialStrDescriptor
                0x080024b0       0x54 ..\obj\usbd_desc.o
                0x080024b0                USBD_USR_SerialStrDescriptor
 .text.USBD_USR_ConfigStrDescriptor
                0x08002504       0x54 ..\obj\usbd_desc.o
                0x08002504                USBD_USR_ConfigStrDescriptor
 .text.USBD_USR_InterfaceStrDescriptor
                0x08002558       0x54 ..\obj\usbd_desc.o
                0x08002558                USBD_USR_InterfaceStrDescriptor
 .text._ZN5Print5writeEPKc
                0x080025ac       0x3c ..\obj\Print.o
                0x080025ac                Print::write(char const*)
 .text._ZN5Print5writeEPKhj
                0x080025e8       0x58 ..\obj\Print.o
                0x080025e8                Print::write(unsigned char const*, unsigned int)
 .text._ZN5Print5printEc
                0x08002640       0x28 ..\obj\Print.o
                0x08002640                Print::print(char)
 .text._ZN5Print5printEhi
                0x08002668       0x28 ..\obj\Print.o
                0x08002668                Print::print(unsigned char, int)
 .text._ZN5Print5printEmi
                0x08002690       0x40 ..\obj\Print.o
                0x08002690                Print::print(unsigned long, int)
 .text._ZN5Print11printNumberEmh
                0x080026d0       0xa4 ..\obj\Print.o
                0x080026d0                Print::printNumber(unsigned long, unsigned char)
 .text.GPIO_Init
                0x08002774      0x144 ..\obj\stm32f4xx_gpio.o
                0x08002774                GPIO_Init
 .text.GPIO_ToggleBits
                0x080028b8       0x24 ..\obj\stm32f4xx_gpio.o
                0x080028b8                GPIO_ToggleBits
 .text.VCP_DataTx
                0x080028dc       0x84 ..\obj\usbd_cdc_vcp.o
 .text.vcp_sendBytes
                0x08002960       0x1c ..\obj\usbd_cdc_vcp.o
                0x08002960                vcp_sendBytes
 .text.SystemInit
                0x0800297c       0x94 ..\obj\system_stm32f4xx.o
                0x0800297c                SystemInit
 .text.SetSysClock
                0x08002a10      0x188 ..\obj\system_stm32f4xx.o
 .text._sbrk    0x08002b98       0x5c ..\obj\syscalls.o
                0x08002b98                _sbrk
 .text._close   0x08002bf4       0x18 ..\obj\syscalls.o
                0x08002bf4                _close
 .text._fstat   0x08002c0c       0x24 ..\obj\syscalls.o
                0x08002c0c                _fstat
 .text._isatty  0x08002c30       0x18 ..\obj\syscalls.o
                0x08002c30                _isatty
 .text._lseek   0x08002c48       0x1c ..\obj\syscalls.o
                0x08002c48                _lseek
 .text._read    0x08002c64       0x1c ..\obj\syscalls.o
                0x08002c64                _read
 .text._write   0x08002c80       0x1c ..\obj\syscalls.o
                0x08002c80                _write
 .text.abort    0x08002c9c        0x8 ..\obj\syscalls.o
                0x08002c9c                abort
 .text._ZN6StreamC2Ev
                0x08002ca4       0x30 ..\obj\EthernetUdp.o
                0x08002ca4                Stream::Stream()
                0x08002ca4                Stream::Stream()
 .text._Z41__static_initialization_and_destruction_0ii
                0x08002cd4       0x40 ..\obj\EthernetUdp.o
 .text._GLOBAL__sub_I__ZN11EthernetUDPC2Ev
                0x08002d14       0x14 ..\obj\EthernetUdp.o
 .text.USB_OTG_BSP_uDelay
                0x08002d28       0x58 ..\obj\usb_bsp.o
                0x08002d28                USB_OTG_BSP_uDelay
 .text._Z41__static_initialization_and_destruction_0ii
                0x08002d80       0x40 ..\obj\EthernetClient.o
 .text._GLOBAL__sub_I__ZN14EthernetClient8_srcportE
                0x08002dc0       0x14 ..\obj\EthernetClient.o
 .text.USBD_StdDevReq
                0x08002dd4       0xa4 ..\obj\usbd_req.o
                0x08002dd4                USBD_StdDevReq
 .text.USBD_StdItfReq
                0x08002e78       0x6c ..\obj\usbd_req.o
                0x08002e78                USBD_StdItfReq
 .text.USBD_StdEPReq
                0x08002ee4      0x1e4 ..\obj\usbd_req.o
                0x08002ee4                USBD_StdEPReq
 .text.USBD_GetDescriptor
                0x080030c8      0x278 ..\obj\usbd_req.o
 .text.USBD_SetAddress
                0x08003340       0x80 ..\obj\usbd_req.o
 .text.USBD_SetConfig
                0x080033c0      0x134 ..\obj\usbd_req.o
 .text.USBD_GetConfig
                0x080034f4       0x68 ..\obj\usbd_req.o
 .text.USBD_GetStatus
                0x0800355c       0x68 ..\obj\usbd_req.o
 .text.USBD_SetFeature
                0x080035c4       0xe0 ..\obj\usbd_req.o
 .text.USBD_ClrFeature
                0x080036a4       0x58 ..\obj\usbd_req.o
 .text.USBD_ParseSetupRequest
                0x080036fc       0x94 ..\obj\usbd_req.o
                0x080036fc                USBD_ParseSetupRequest
 .text.USBD_CtlError
                0x08003790       0x50 ..\obj\usbd_req.o
                0x08003790                USBD_CtlError
 .text.USBD_GetString
                0x080037e0       0x9c ..\obj\usbd_req.o
                0x080037e0                USBD_GetString
 .text.USBD_GetLen
                0x0800387c       0x38 ..\obj\usbd_req.o
 .text.USBD_OTG_EP1OUT_ISR_Handler
                0x080038b4       0xcc ..\obj\usb_dcd_int.o
                0x080038b4                USBD_OTG_EP1OUT_ISR_Handler
 .text.USBD_OTG_EP1IN_ISR_Handler
                0x08003980      0x18c ..\obj\usb_dcd_int.o
                0x08003980                USBD_OTG_EP1IN_ISR_Handler
 .text.USBD_OTG_ISR_Handler
                0x08003b0c      0x164 ..\obj\usb_dcd_int.o
                0x08003b0c                USBD_OTG_ISR_Handler
 .text.DCD_HandleResume_ISR
                0x08003c70       0x8c ..\obj\usb_dcd_int.o
 .text.DCD_HandleUSBSuspend_ISR
                0x08003cfc       0xb0 ..\obj\usb_dcd_int.o
 .text.DCD_HandleInEP_ISR
                0x08003dac      0x22c ..\obj\usb_dcd_int.o
 .text.DCD_HandleOutEP_ISR
                0x08003fd8      0x1b0 ..\obj\usb_dcd_int.o
 .text.DCD_HandleSof_ISR
                0x08004188       0x3c ..\obj\usb_dcd_int.o
 .text.DCD_HandleRxStatusQueueLevel_ISR
                0x080041c4      0x114 ..\obj\usb_dcd_int.o
 .text.DCD_WriteEmptyTxFifo
                0x080042d8      0x100 ..\obj\usb_dcd_int.o
 .text.DCD_HandleUsbReset_ISR
                0x080043d8      0x180 ..\obj\usb_dcd_int.o
 .text.DCD_HandleEnumDone_ISR
                0x08004558       0x88 ..\obj\usb_dcd_int.o
 .text.DCD_IsoINIncomplete_ISR
                0x080045e0       0x3c ..\obj\usb_dcd_int.o
 .text.DCD_IsoOUTIncomplete_ISR
                0x0800461c       0x3c ..\obj\usb_dcd_int.o
 .text.DCD_ReadDevInEP
                0x08004658       0x58 ..\obj\usb_dcd_int.o
 .text.EXTI_Init
                0x080046b0      0x138 ..\obj\stm32f4xx_exti.o
                0x080046b0                EXTI_Init
 .text.EXTI_GetITStatus
                0x080047e8       0x58 ..\obj\stm32f4xx_exti.o
                0x080047e8                EXTI_GetITStatus
 .text.EXTI_ClearITPendingBit
                0x08004840       0x20 ..\obj\stm32f4xx_exti.o
                0x08004840                EXTI_ClearITPendingBit
 .text.NVIC_Init
                0x08004860       0xe4 ..\obj\misc.o
                0x08004860                NVIC_Init
 .text.DCD_EP_Open
                0x08004944       0xac ..\obj\usb_dcd.o
                0x08004944                DCD_EP_Open
 .text.DCD_EP_PrepareRx
                0x080049f0       0x8c ..\obj\usb_dcd.o
                0x080049f0                DCD_EP_PrepareRx
 .text.DCD_EP_Tx
                0x08004a7c       0x84 ..\obj\usb_dcd.o
                0x08004a7c                DCD_EP_Tx
 .text.DCD_EP_Stall
                0x08004b00       0x84 ..\obj\usb_dcd.o
                0x08004b00                DCD_EP_Stall
 .text.DCD_EP_ClrStall
                0x08004b84       0x84 ..\obj\usb_dcd.o
                0x08004b84                DCD_EP_ClrStall
 .text.DCD_EP_SetAddress
                0x08004c08       0x3c ..\obj\usb_dcd.o
                0x08004c08                DCD_EP_SetAddress
 .text._Z11serialEventv
                0x08004c44        0xc ..\obj\USBSerial.o
                0x08004c44                serialEvent()
 .text.serialEventRun
                0x08004c50       0x28 ..\obj\USBSerial.o
                0x08004c50                serialEventRun
 .text._ZN14HardwareSerialC2Ev
                0x08004c78       0x38 ..\obj\USBSerial.o
                0x08004c78                HardwareSerial::HardwareSerial()
                0x08004c78                HardwareSerial::HardwareSerial()
 .text._ZN14HardwareSerialD2Ev
                0x08004cb0       0x2c ..\obj\USBSerial.o
                0x08004cb0                HardwareSerial::~HardwareSerial()
                0x08004cb0                HardwareSerial::~HardwareSerial()
 .text._ZN14HardwareSerial9availableEv
                0x08004cdc       0x20 ..\obj\USBSerial.o
                0x08004cdc                HardwareSerial::available()
 .text._ZN14HardwareSerial4peekEv
                0x08004cfc       0x18 ..\obj\USBSerial.o
                0x08004cfc                HardwareSerial::peek()
 .text._ZN14HardwareSerial4readEv
                0x08004d14       0x44 ..\obj\USBSerial.o
                0x08004d14                HardwareSerial::read()
 .text._ZN14HardwareSerial5flushEv
                0x08004d58       0x3c ..\obj\USBSerial.o
                0x08004d58                HardwareSerial::flush()
 .text._ZN14HardwareSerial5writeEh
                0x08004d94       0x28 ..\obj\USBSerial.o
                0x08004d94                HardwareSerial::write(unsigned char)
 .text._Z41__static_initialization_and_destruction_0ii
                0x08004dbc       0x4c ..\obj\USBSerial.o
 .text._GLOBAL__sub_I_USB_DataReceived
                0x08004e08       0x14 ..\obj\USBSerial.o
 .text.USBD_CtlSendData
                0x08004e1c       0x48 ..\obj\usbd_ioreq.o
                0x08004e1c                USBD_CtlSendData
 .text.USBD_CtlContinueSendData
                0x08004e64       0x30 ..\obj\usbd_ioreq.o
                0x08004e64                USBD_CtlContinueSendData
 .text.USBD_CtlContinueRx
                0x08004e94       0x30 ..\obj\usbd_ioreq.o
                0x08004e94                USBD_CtlContinueRx
 .text.USBD_CtlSendStatus
                0x08004ec4       0x3c ..\obj\usbd_ioreq.o
                0x08004ec4                USBD_CtlSendStatus
 .text.USBD_CtlReceiveStatus
                0x08004f00       0x3c ..\obj\usbd_ioreq.o
                0x08004f00                USBD_CtlReceiveStatus
 .text.InitInterruptManager
                0x08004f3c       0x54 ..\obj\InterruptManager.o
                0x08004f3c                InitInterruptManager
 .text.attachInterrupt
                0x08004f90       0x8c ..\obj\InterruptManager.o
                0x08004f90                attachInterrupt
 .text.TIM_TimeBaseInit
                0x0800501c       0xf4 ..\obj\stm32f4xx_tim.o
                0x0800501c                TIM_TimeBaseInit
 .text.TIM_ARRPreloadConfig
                0x08005110       0x40 ..\obj\stm32f4xx_tim.o
                0x08005110                TIM_ARRPreloadConfig
 .text.TIM_Cmd  0x08005150       0x40 ..\obj\stm32f4xx_tim.o
                0x08005150                TIM_Cmd
 .text.TIM_OC1Init
                0x08005190       0xfc ..\obj\stm32f4xx_tim.o
                0x08005190                TIM_OC1Init
 .text.TIM_OC2Init
                0x0800528c      0x128 ..\obj\stm32f4xx_tim.o
                0x0800528c                TIM_OC2Init
 .text.TIM_OC3Init
                0x080053b4      0x120 ..\obj\stm32f4xx_tim.o
                0x080053b4                TIM_OC3Init
 .text.TIM_OC4Init
                0x080054d4       0xe0 ..\obj\stm32f4xx_tim.o
                0x080054d4                TIM_OC4Init
 .text.TIM_OC1PreloadConfig
                0x080055b4       0x38 ..\obj\stm32f4xx_tim.o
                0x080055b4                TIM_OC1PreloadConfig
 .text.TIM_OC2PreloadConfig
                0x080055ec       0x40 ..\obj\stm32f4xx_tim.o
                0x080055ec                TIM_OC2PreloadConfig
 .text.TIM_OC3PreloadConfig
                0x0800562c       0x38 ..\obj\stm32f4xx_tim.o
                0x0800562c                TIM_OC3PreloadConfig
 .text.TIM_OC4PreloadConfig
                0x08005664       0x40 ..\obj\stm32f4xx_tim.o
                0x08005664                TIM_OC4PreloadConfig
 .text.__fpclassifyd
                0x080056a4       0x68 ..\..\..\..\..\..\..\..\..\Program Files (x86)\GNU Tools ARM Embedded\4.7 2012q4\arm-none-eabi\lib\armv7-m\libm.a(lib_a-s_fpclassify.o)
                0x080056a4                __fpclassifyd
 .text          0x0800570c      0x370 c:/program files (x86)/gnu tools arm embedded/4.7 2012q4/bin/../lib/gcc/arm-none-eabi/4.7.3/armv7e-m\libgcc.a(_arm_addsubdf3.o)
                0x0800570c                __aeabi_drsub
                0x08005714                __aeabi_dsub
                0x08005714                __subdf3
                0x08005718                __aeabi_dadd
                0x08005718                __adddf3
                0x08005990                __floatunsidf
                0x08005990                __aeabi_ui2d
                0x080059b0                __floatsidf
                0x080059b0                __aeabi_i2d
                0x080059d4                __aeabi_f2d
                0x080059d4                __extendsfdf2
                0x08005a10                __floatundidf
                0x08005a10                __aeabi_ul2d
                0x08005a20                __floatdidf
                0x08005a20                __aeabi_l2d
 .text          0x08005a7c      0x424 c:/program files (x86)/gnu tools arm embedded/4.7 2012q4/bin/../lib/gcc/arm-none-eabi/4.7.3/armv7e-m\libgcc.a(_arm_muldivdf3.o)
                0x08005a7c                __aeabi_dmul
                0x08005a7c                __muldf3
                0x08005cd0                __divdf3
                0x08005cd0                __aeabi_ddiv
 .text          0x08005ea0      0x110 c:/program files (x86)/gnu tools arm embedded/4.7 2012q4/bin/../lib/gcc/arm-none-eabi/4.7.3/armv7e-m\libgcc.a(_arm_cmpdf2.o)
                0x08005ea0                __gtdf2
                0x08005ea0                __gedf2
                0x08005ea8                __ltdf2
                0x08005ea8                __ledf2
                0x08005eb0                __nedf2
                0x08005eb0                __eqdf2
                0x08005eb0                __cmpdf2
                0x08005f2c                __aeabi_cdrcmple
                0x08005f3c                __aeabi_cdcmpeq
                0x08005f3c                __aeabi_cdcmple
                0x08005f4c                __aeabi_dcmpeq
                0x08005f60                __aeabi_dcmplt
                0x08005f74                __aeabi_dcmple
                0x08005f88                __aeabi_dcmpge
                0x08005f9c                __aeabi_dcmpgt
 .text          0x08005fb0       0x50 c:/program files (x86)/gnu tools arm embedded/4.7 2012q4/bin/../lib/gcc/arm-none-eabi/4.7.3/armv7e-m\libgcc.a(_arm_fixdfsi.o)
                0x08005fb0                __aeabi_d2iz
                0x08005fb0                __fixdfsi
 .text          0x08006000      0xba4 c:/program files (x86)/gnu tools arm embedded/4.7 2012q4/bin/../lib/gcc/arm-none-eabi/4.7.3/armv7e-m\libgcc.a(unwind-arm.o)
                0x080062c4                _Unwind_GetCFA
                0x080062c8                __gnu_Unwind_RaiseException
                0x08006328                __gnu_Unwind_ForcedUnwind
                0x08006340                __gnu_Unwind_Resume
                0x08006384                __gnu_Unwind_Resume_or_Rethrow
                0x0800639c                _Unwind_Complete
                0x080063a0                _Unwind_DeleteException
                0x080063b0                _Unwind_VRS_Get
                0x080063ec                _Unwind_VRS_Set
                0x08006788                __aeabi_unwind_cpp_pr2
                0x08006790                __aeabi_unwind_cpp_pr1
                0x08006798                __aeabi_unwind_cpp_pr0
                0x080067a0                __gnu_Unwind_Backtrace
                0x0800680c                _Unwind_VRS_Pop
 .text          0x08006ba4      0x1ac c:/program files (x86)/gnu tools arm embedded/4.7 2012q4/bin/../lib/gcc/arm-none-eabi/4.7.3/armv7e-m\libgcc.a(libunwind.o)
                0x08006ba4                __restore_core_regs
                0x08006ba4                restore_core_regs
                0x08006bbc                __gnu_Unwind_Restore_VFP
                0x08006bc4                __gnu_Unwind_Save_VFP
                0x08006bcc                __gnu_Unwind_Restore_VFP_D
                0x08006bd4                __gnu_Unwind_Save_VFP_D
                0x08006bdc                __gnu_Unwind_Restore_VFP_D_16_to_31
                0x08006be4                __gnu_Unwind_Save_VFP_D_16_to_31
                0x08006bec                __gnu_Unwind_Restore_WMMXD
                0x08006c30                __gnu_Unwind_Save_WMMXD
                0x08006c74                __gnu_Unwind_Restore_WMMXC
                0x08006c88                __gnu_Unwind_Save_WMMXC
                0x08006c9c                ___Unwind_RaiseException
                0x08006c9c                _Unwind_RaiseException
                0x08006cc0                _Unwind_Resume
                0x08006cc0                ___Unwind_Resume
                0x08006ce4                _Unwind_Resume_or_Rethrow
                0x08006ce4                ___Unwind_Resume_or_Rethrow
                0x08006d08                _Unwind_ForcedUnwind
                0x08006d08                ___Unwind_ForcedUnwind
                0x08006d2c                ___Unwind_Backtrace
                0x08006d2c                _Unwind_Backtrace
 .text          0x08006d50      0x3a0 c:/program files (x86)/gnu tools arm embedded/4.7 2012q4/bin/../lib/gcc/arm-none-eabi/4.7.3/armv7e-m\libgcc.a(pr-support.o)
                0x08006d9c                __gnu_unwind_execute
                0x08007098                __gnu_unwind_frame
                0x080070c0                _Unwind_GetRegionStart
                0x080070cc                _Unwind_GetLanguageSpecificData
                0x080070e0                _Unwind_GetDataRelBase
                0x080070e8                _Unwind_GetTextRelBase
 .text.__register_exitproc
                0x080070f0       0xac ..\..\..\..\..\..\..\..\..\Program Files (x86)\GNU Tools ARM Embedded\4.7 2012q4\arm-none-eabi\lib\armv7-m\libc.a(lib_a-__atexit.o)
                0x080070f0                __register_exitproc
 .text.__aeabi_atexit
                0x0800719c        0xc ..\..\..\..\..\..\..\..\..\Program Files (x86)\GNU Tools ARM Embedded\4.7 2012q4\arm-none-eabi\lib\armv7-m\libc.a(lib_a-aeabi_atexit.o)
                0x0800719c                __aeabi_atexit
 .text.__cxa_atexit
                0x080071a8       0x14 ..\..\..\..\..\..\..\..\..\Program Files (x86)\GNU Tools ARM Embedded\4.7 2012q4\arm-none-eabi\lib\armv7-m\libc.a(lib_a-cxa_atexit.o)
                0x080071a8                __cxa_atexit
 .text.exit     0x080071bc       0x20 ..\..\..\..\..\..\..\..\..\Program Files (x86)\GNU Tools ARM Embedded\4.7 2012q4\arm-none-eabi\lib\armv7-m\libc.a(lib_a-exit.o)
                0x080071bc                exit
 .text.__libc_fini_array
                0x080071dc       0x50 ..\..\..\..\..\..\..\..\..\Program Files (x86)\GNU Tools ARM Embedded\4.7 2012q4\arm-none-eabi\lib\armv7-m\libc.a(lib_a-fini.o)
                0x080071dc                __libc_fini_array
 .text.__libc_init_array
                0x0800722c       0x94 ..\..\..\..\..\..\..\..\..\Program Files (x86)\GNU Tools ARM Embedded\4.7 2012q4\arm-none-eabi\lib\armv7-m\libc.a(lib_a-init.o)
                0x0800722c                __libc_init_array
 .text.malloc   0x080072c0       0x10 ..\..\..\..\..\..\..\..\..\Program Files (x86)\GNU Tools ARM Embedded\4.7 2012q4\arm-none-eabi\lib\armv7-m\libc.a(lib_a-malloc.o)
                0x080072c0                malloc
 .text.free     0x080072d0       0x10 ..\..\..\..\..\..\..\..\..\Program Files (x86)\GNU Tools ARM Embedded\4.7 2012q4\arm-none-eabi\lib\armv7-m\libc.a(lib_a-malloc.o)
                0x080072d0                free
 .text._malloc_r
                0x080072e0      0x530 ..\..\..\..\..\..\..\..\..\Program Files (x86)\GNU Tools ARM Embedded\4.7 2012q4\arm-none-eabi\lib\armv7-m\libc.a(lib_a-mallocr.o)
                0x080072e0                _malloc_r
 .text.memcmp   0x08007810       0xb8 ..\..\..\..\..\..\..\..\..\Program Files (x86)\GNU Tools ARM Embedded\4.7 2012q4\arm-none-eabi\lib\armv7-m\libc.a(lib_a-memcmp.o)
                0x08007810                memcmp
 .text.memcpy   0x080078c8      0x15c ..\..\..\..\..\..\..\..\..\Program Files (x86)\GNU Tools ARM Embedded\4.7 2012q4\arm-none-eabi\lib\armv7-m\libc.a(lib_a-memcpy.o)
                0x080078c8                memcpy
 .text.memmove  0x08007a24      0x1b0 ..\..\..\..\..\..\..\..\..\Program Files (x86)\GNU Tools ARM Embedded\4.7 2012q4\arm-none-eabi\lib\armv7-m\libc.a(lib_a-memmove.o)
                0x08007a24                memmove
 .text.memset   0x08007bd4      0x12c ..\..\..\..\..\..\..\..\..\Program Files (x86)\GNU Tools ARM Embedded\4.7 2012q4\arm-none-eabi\lib\armv7-m\libc.a(lib_a-memset.o)
                0x08007bd4                memset
 .text.__malloc_lock
                0x08007d00        0x4 ..\..\..\..\..\..\..\..\..\Program Files (x86)\GNU Tools ARM Embedded\4.7 2012q4\arm-none-eabi\lib\armv7-m\libc.a(lib_a-mlock.o)
                0x08007d00                __malloc_lock
 .text.__malloc_unlock
                0x08007d04        0x4 ..\..\..\..\..\..\..\..\..\Program Files (x86)\GNU Tools ARM Embedded\4.7 2012q4\arm-none-eabi\lib\armv7-m\libc.a(lib_a-mlock.o)
                0x08007d04                __malloc_unlock
 .text.realloc  0x08007d08       0x18 ..\..\..\..\..\..\..\..\..\Program Files (x86)\GNU Tools ARM Embedded\4.7 2012q4\arm-none-eabi\lib\armv7-m\libc.a(lib_a-realloc.o)
                0x08007d08                realloc
 .text._realloc_r
                0x08007d20      0x3ec ..\..\..\..\..\..\..\..\..\Program Files (x86)\GNU Tools ARM Embedded\4.7 2012q4\arm-none-eabi\lib\armv7-m\libc.a(lib_a-reallocr.o)
                0x08007d20                _realloc_r
 .text._sbrk_r  0x0800810c       0x24 ..\..\..\..\..\..\..\..\..\Program Files (x86)\GNU Tools ARM Embedded\4.7 2012q4\arm-none-eabi\lib\armv7-m\libc.a(lib_a-sbrkr.o)
                0x0800810c                _sbrk_r
 .text.sprintf  0x08008130       0x50 ..\..\..\..\..\..\..\..\..\Program Files (x86)\GNU Tools ARM Embedded\4.7 2012q4\arm-none-eabi\lib\armv7-m\libc.a(lib_a-sprintf.o)
                0x08008130                sprintf
 .text.strcmp   0x08008180       0x80 ..\..\..\..\..\..\..\..\..\Program Files (x86)\GNU Tools ARM Embedded\4.7 2012q4\arm-none-eabi\lib\armv7-m\libc.a(lib_a-strcmp.o)
                0x08008180                strcmp
 .text.strcmp_unaligned
                0x08008200      0x15c ..\..\..\..\..\..\..\..\..\Program Files (x86)\GNU Tools ARM Embedded\4.7 2012q4\arm-none-eabi\lib\armv7-m\libc.a(lib_a-strcmp.o)
 .text.strlen   0x0800835c       0x60 ..\..\..\..\..\..\..\..\..\Program Files (x86)\GNU Tools ARM Embedded\4.7 2012q4\arm-none-eabi\lib\armv7-m\libc.a(lib_a-strlen.o)
                0x0800835c                strlen
 .text.strncmp  0x080083bc      0x120 ..\..\..\..\..\..\..\..\..\Program Files (x86)\GNU Tools ARM Embedded\4.7 2012q4\arm-none-eabi\lib\armv7-m\libc.a(lib_a-strncmp.o)
                0x080083bc                strncmp
 .text._svfprintf_r
                0x080084dc     0x1adc ..\..\..\..\..\..\..\..\..\Program Files (x86)\GNU Tools ARM Embedded\4.7 2012q4\arm-none-eabi\lib\armv7-m\libc.a(lib_a-svfprintf.o)
                0x080084dc                _svfprintf_r
 .text.startup.register_fini
                0x08009fb8       0x14 ..\..\..\..\..\..\..\..\..\Program Files (x86)\GNU Tools ARM Embedded\4.7 2012q4\arm-none-eabi\lib\armv7-m\libc.a(lib_a-__call_atexit.o)
 .text.__call_exitprocs
                0x08009fcc      0x278 ..\..\..\..\..\..\..\..\..\Program Files (x86)\GNU Tools ARM Embedded\4.7 2012q4\arm-none-eabi\lib\armv7-m\libc.a(lib_a-__call_atexit.o)
                0x08009fcc                __call_exitprocs
 .text.atexit   0x0800a244        0xc ..\..\..\..\..\..\..\..\..\Program Files (x86)\GNU Tools ARM Embedded\4.7 2012q4\arm-none-eabi\lib\armv7-m\libc.a(lib_a-atexit.o)
                0x0800a244                atexit
 .text.quorem   0x0800a250      0x2ec ..\..\..\..\..\..\..\..\..\Program Files (x86)\GNU Tools ARM Embedded\4.7 2012q4\arm-none-eabi\lib\armv7-m\libc.a(lib_a-dtoa.o)
 *fill*         0x0800a53c        0x4 00
 .text._dtoa_r  0x0800a540     0x11f8 ..\..\..\..\..\..\..\..\..\Program Files (x86)\GNU Tools ARM Embedded\4.7 2012q4\arm-none-eabi\lib\armv7-m\libc.a(lib_a-dtoa.o)
                0x0800a540                _dtoa_r
 .text._malloc_trim_r
                0x0800b738       0x98 ..\..\..\..\..\..\..\..\..\Program Files (x86)\GNU Tools ARM Embedded\4.7 2012q4\arm-none-eabi\lib\armv7-m\libc.a(lib_a-freer.o)
                0x0800b738                _malloc_trim_r
 .text._free_r  0x0800b7d0      0x194 ..\..\..\..\..\..\..\..\..\Program Files (x86)\GNU Tools ARM Embedded\4.7 2012q4\arm-none-eabi\lib\armv7-m\libc.a(lib_a-freer.o)
                0x0800b7d0                _free_r
 .text._localeconv_r
                0x0800b964        0xc ..\..\..\..\..\..\..\..\..\Program Files (x86)\GNU Tools ARM Embedded\4.7 2012q4\arm-none-eabi\lib\armv7-m\libc.a(lib_a-locale.o)
                0x0800b964                _localeconv_r
 .text.memchr   0x0800b970      0x140 ..\..\..\..\..\..\..\..\..\Program Files (x86)\GNU Tools ARM Embedded\4.7 2012q4\arm-none-eabi\lib\armv7-m\libc.a(lib_a-memchr.o)
                0x0800b970                memchr
 .text._Balloc  0x0800bab0       0x4c ..\..\..\..\..\..\..\..\..\Program Files (x86)\GNU Tools ARM Embedded\4.7 2012q4\arm-none-eabi\lib\armv7-m\libc.a(lib_a-mprec.o)
                0x0800bab0                _Balloc
 .text._Bfree   0x0800bafc       0x14 ..\..\..\..\..\..\..\..\..\Program Files (x86)\GNU Tools ARM Embedded\4.7 2012q4\arm-none-eabi\lib\armv7-m\libc.a(lib_a-mprec.o)
                0x0800bafc                _Bfree
 .text.__multadd
                0x0800bb10       0xfc ..\..\..\..\..\..\..\..\..\Program Files (x86)\GNU Tools ARM Embedded\4.7 2012q4\arm-none-eabi\lib\armv7-m\libc.a(lib_a-mprec.o)
                0x0800bb10                __multadd
 .text.__hi0bits
                0x0800bc0c       0x3c ..\..\..\..\..\..\..\..\..\Program Files (x86)\GNU Tools ARM Embedded\4.7 2012q4\arm-none-eabi\lib\armv7-m\libc.a(lib_a-mprec.o)
                0x0800bc0c                __hi0bits
 .text.__lo0bits
                0x0800bc48       0x5c ..\..\..\..\..\..\..\..\..\Program Files (x86)\GNU Tools ARM Embedded\4.7 2012q4\arm-none-eabi\lib\armv7-m\libc.a(lib_a-mprec.o)
                0x0800bc48                __lo0bits
 .text.__i2b    0x0800bca4       0x14 ..\..\..\..\..\..\..\..\..\Program Files (x86)\GNU Tools ARM Embedded\4.7 2012q4\arm-none-eabi\lib\armv7-m\libc.a(lib_a-mprec.o)
                0x0800bca4                __i2b
 .text.__multiply
                0x0800bcb8      0x2d0 ..\..\..\..\..\..\..\..\..\Program Files (x86)\GNU Tools ARM Embedded\4.7 2012q4\arm-none-eabi\lib\armv7-m\libc.a(lib_a-mprec.o)
                0x0800bcb8                __multiply
 .text.__pow5mult
                0x0800bf88       0x94 ..\..\..\..\..\..\..\..\..\Program Files (x86)\GNU Tools ARM Embedded\4.7 2012q4\arm-none-eabi\lib\armv7-m\libc.a(lib_a-mprec.o)
                0x0800bf88                __pow5mult
 .text.__lshift
                0x0800c01c      0x16c ..\..\..\..\..\..\..\..\..\Program Files (x86)\GNU Tools ARM Embedded\4.7 2012q4\arm-none-eabi\lib\armv7-m\libc.a(lib_a-mprec.o)
                0x0800c01c                __lshift
 .text.__mcmp   0x0800c188       0x5c ..\..\..\..\..\..\..\..\..\Program Files (x86)\GNU Tools ARM Embedded\4.7 2012q4\arm-none-eabi\lib\armv7-m\libc.a(lib_a-mprec.o)
                0x0800c188                __mcmp
 .text.__mdiff  0x0800c1e4      0x218 ..\..\..\..\..\..\..\..\..\Program Files (x86)\GNU Tools ARM Embedded\4.7 2012q4\arm-none-eabi\lib\armv7-m\libc.a(lib_a-mprec.o)
                0x0800c1e4                __mdiff
 .text.__d2b    0x0800c3fc       0xc0 ..\..\..\..\..\..\..\..\..\Program Files (x86)\GNU Tools ARM Embedded\4.7 2012q4\arm-none-eabi\lib\armv7-m\libc.a(lib_a-mprec.o)
                0x0800c3fc                __d2b
 .text.__ssprint_r
                0x0800c4bc      0x100 ..\..\..\..\..\..\..\..\..\Program Files (x86)\GNU Tools ARM Embedded\4.7 2012q4\arm-none-eabi\lib\armv7-m\libc.a(lib_a-svfiprintf.o)
                0x0800c4bc                __ssprint_r
 .text._calloc_r
                0x0800c5bc       0x60 ..\..\..\..\..\..\..\..\..\Program Files (x86)\GNU Tools ARM Embedded\4.7 2012q4\arm-none-eabi\lib\armv7-m\libc.a(lib_a-callocr.o)
                0x0800c5bc                _calloc_r
 .text._ZNK10__cxxabiv120__si_class_type_info12__do_dyncastEiNS_17__class_type_info10__sub_kindEPKS1_PKvS4_S6_RNS1_16__dyncast_resultE
                0x0800c61c       0x90 ..\..\..\..\..\..\..\..\..\Program Files (x86)\GNU Tools ARM Embedded\4.7 2012q4\arm-none-eabi\lib\armv7-m\libstdc++.a(si_class_type_info.o)
                0x0800c61c                __cxxabiv1::__si_class_type_info::__do_dyncast(int, __cxxabiv1::__class_type_info::__sub_kind, __cxxabiv1::__class_type_info const*, void const*, __cxxabiv1::__class_type_info const*, void const*, __cxxabiv1::__class_type_info::__dyncast_result&) const
 .text._ZN10__cxxabiv120__si_class_type_infoD2Ev
                0x0800c6ac       0x14 ..\..\..\..\..\..\..\..\..\Program Files (x86)\GNU Tools ARM Embedded\4.7 2012q4\arm-none-eabi\lib\armv7-m\libstdc++.a(si_class_type_info.o)
                0x0800c6ac                __cxxabiv1::__si_class_type_info::~__si_class_type_info()
                0x0800c6ac                __cxxabiv1::__si_class_type_info::~__si_class_type_info()
 .text._ZN10__cxxabiv120__si_class_type_infoD0Ev
                0x0800c6c0       0x14 ..\..\..\..\..\..\..\..\..\Program Files (x86)\GNU Tools ARM Embedded\4.7 2012q4\arm-none-eabi\lib\armv7-m\libstdc++.a(si_class_type_info.o)
                0x0800c6c0                __cxxabiv1::__si_class_type_info::~__si_class_type_info()
 .text._ZNK10__cxxabiv120__si_class_type_info11__do_upcastEPKNS_17__class_type_infoEPKvRNS1_15__upcast_resultE
                0x0800c6d4       0x24 ..\..\..\..\..\..\..\..\..\Program Files (x86)\GNU Tools ARM Embedded\4.7 2012q4\arm-none-eabi\lib\armv7-m\libstdc++.a(si_class_type_info.o)
                0x0800c6d4                __cxxabiv1::__si_class_type_info::__do_upcast(__cxxabiv1::__class_type_info const*, void const*, __cxxabiv1::__class_type_info::__upcast_result&) const
 .text._ZNK10__cxxabiv120__si_class_type_info20__do_find_public_srcEiPKvPKNS_17__class_type_infoES2_
                0x0800c6f8       0x34 ..\..\..\..\..\..\..\..\..\Program Files (x86)\GNU Tools ARM Embedded\4.7 2012q4\arm-none-eabi\lib\armv7-m\libstdc++.a(si_class_type_info.o)
                0x0800c6f8                __cxxabiv1::__si_class_type_info::__do_find_public_src(int, void const*, __cxxabiv1::__class_type_info const*, void const*) const
 .text.__cxa_end_cleanup
                0x0800c72c        0xc ..\..\..\..\..\..\..\..\..\Program Files (x86)\GNU Tools ARM Embedded\4.7 2012q4\arm-none-eabi\lib\armv7-m\libstdc++.a(eh_arm.o)
                0x0800c72c                __cxa_end_cleanup
 .text.__cxa_type_match
                0x0800c738       0xb0 ..\..\..\..\..\..\..\..\..\Program Files (x86)\GNU Tools ARM Embedded\4.7 2012q4\arm-none-eabi\lib\armv7-m\libstdc++.a(eh_arm.o)
                0x0800c738                __cxa_type_match
 .text.__cxa_begin_cleanup
                0x0800c7e8       0x64 ..\..\..\..\..\..\..\..\..\Program Files (x86)\GNU Tools ARM Embedded\4.7 2012q4\arm-none-eabi\lib\armv7-m\libstdc++.a(eh_arm.o)
                0x0800c7e8                __cxa_begin_cleanup
 .text.__gnu_end_cleanup
                0x0800c84c       0x74 ..\..\..\..\..\..\..\..\..\Program Files (x86)\GNU Tools ARM Embedded\4.7 2012q4\arm-none-eabi\lib\armv7-m\libstdc++.a(eh_arm.o)
                0x0800c84c                __gnu_end_cleanup
 .text.__cxa_pure_virtual
                0x0800c8c0       0x18 ..\..\..\..\..\..\..\..\..\Program Files (x86)\GNU Tools ARM Embedded\4.7 2012q4\arm-none-eabi\lib\armv7-m\libstdc++.a(pure.o)
                0x0800c8c0                __cxa_pure_virtual
 .text.__cxa_get_globals_fast
                0x0800c8d8        0xc ..\..\..\..\..\..\..\..\..\Program Files (x86)\GNU Tools ARM Embedded\4.7 2012q4\arm-none-eabi\lib\armv7-m\libstdc++.a(eh_globals.o)
                0x0800c8d8                __cxa_get_globals_fast
 .text.__cxa_get_globals
                0x0800c8e4        0xc ..\..\..\..\..\..\..\..\..\Program Files (x86)\GNU Tools ARM Embedded\4.7 2012q4\arm-none-eabi\lib\armv7-m\libstdc++.a(eh_globals.o)
                0x0800c8e4                __cxa_get_globals
 .text._ZNSt9exceptionD2Ev
                0x0800c8f0        0xc ..\..\..\..\..\..\..\..\..\Program Files (x86)\GNU Tools ARM Embedded\4.7 2012q4\arm-none-eabi\lib\armv7-m\libstdc++.a(eh_exception.o)
                0x0800c8f0                std::exception::~exception()
                0x0800c8f0                std::exception::~exception()
 .text._ZNSt13bad_exceptionD2Ev
                0x0800c8fc        0xc ..\..\..\..\..\..\..\..\..\Program Files (x86)\GNU Tools ARM Embedded\4.7 2012q4\arm-none-eabi\lib\armv7-m\libstdc++.a(eh_exception.o)
                0x0800c8fc                std::bad_exception::~bad_exception()
                0x0800c8fc                std::bad_exception::~bad_exception()
 .text._ZNKSt9exception4whatEv
                0x0800c908        0xc ..\..\..\..\..\..\..\..\..\Program Files (x86)\GNU Tools ARM Embedded\4.7 2012q4\arm-none-eabi\lib\armv7-m\libstdc++.a(eh_exception.o)
                0x0800c908                std::exception::what() const
 .text._ZNKSt13bad_exception4whatEv
                0x0800c914        0xc ..\..\..\..\..\..\..\..\..\Program Files (x86)\GNU Tools ARM Embedded\4.7 2012q4\arm-none-eabi\lib\armv7-m\libstdc++.a(eh_exception.o)
                0x0800c914                std::bad_exception::what() const
 .text._ZNSt9exceptionD0Ev
                0x0800c920       0x14 ..\..\..\..\..\..\..\..\..\Program Files (x86)\GNU Tools ARM Embedded\4.7 2012q4\arm-none-eabi\lib\armv7-m\libstdc++.a(eh_exception.o)
                0x0800c920                std::exception::~exception()
 .text._ZNSt13bad_exceptionD0Ev
                0x0800c934       0x14 ..\..\..\..\..\..\..\..\..\Program Files (x86)\GNU Tools ARM Embedded\4.7 2012q4\arm-none-eabi\lib\armv7-m\libstdc++.a(eh_exception.o)
                0x0800c934                std::bad_exception::~bad_exception()
 .text._ZdlPv   0x0800c948        0x8 ..\..\..\..\..\..\..\..\..\Program Files (x86)\GNU Tools ARM Embedded\4.7 2012q4\arm-none-eabi\lib\armv7-m\libstdc++.a(del_op.o)
                0x0800c948                operator delete(void*)
 .text._ZNK10__cxxabiv117__class_type_info11__do_upcastEPKS0_PPv
                0x0800c950       0x38 ..\..\..\..\..\..\..\..\..\Program Files (x86)\GNU Tools ARM Embedded\4.7 2012q4\arm-none-eabi\lib\armv7-m\libstdc++.a(class_type_info.o)
                0x0800c950                __cxxabiv1::__class_type_info::__do_upcast(__cxxabiv1::__class_type_info const*, void**) const
 .text._ZNK10__cxxabiv117__class_type_info20__do_find_public_srcEiPKvPKS0_S2_
                0x0800c988        0xc ..\..\..\..\..\..\..\..\..\Program Files (x86)\GNU Tools ARM Embedded\4.7 2012q4\arm-none-eabi\lib\armv7-m\libstdc++.a(class_type_info.o)
                0x0800c988                __cxxabiv1::__class_type_info::__do_find_public_src(int, void const*, __cxxabiv1::__class_type_info const*, void const*) const
 .text._ZNK10__cxxabiv117__class_type_info11__do_upcastEPKS0_PKvRNS0_15__upcast_resultE
                0x0800c994       0x1c ..\..\..\..\..\..\..\..\..\Program Files (x86)\GNU Tools ARM Embedded\4.7 2012q4\arm-none-eabi\lib\armv7-m\libstdc++.a(class_type_info.o)
                0x0800c994                __cxxabiv1::__class_type_info::__do_upcast(__cxxabiv1::__class_type_info const*, void const*, __cxxabiv1::__class_type_info::__upcast_result&) const
 .text._ZN10__cxxabiv117__class_type_infoD2Ev
                0x0800c9b0       0x14 ..\..\..\..\..\..\..\..\..\Program Files (x86)\GNU Tools ARM Embedded\4.7 2012q4\arm-none-eabi\lib\armv7-m\libstdc++.a(class_type_info.o)
                0x0800c9b0                __cxxabiv1::__class_type_info::~__class_type_info()
                0x0800c9b0                __cxxabiv1::__class_type_info::~__class_type_info()
 .text._ZN10__cxxabiv117__class_type_infoD0Ev
                0x0800c9c4       0x14 ..\..\..\..\..\..\..\..\..\Program Files (x86)\GNU Tools ARM Embedded\4.7 2012q4\arm-none-eabi\lib\armv7-m\libstdc++.a(class_type_info.o)
                0x0800c9c4                __cxxabiv1::__class_type_info::~__class_type_info()
 .text._ZNK10__cxxabiv117__class_type_info12__do_dyncastEiNS0_10__sub_kindEPKS0_PKvS3_S5_RNS0_16__dyncast_resultE
                0x0800c9d8       0x40 ..\..\..\..\..\..\..\..\..\Program Files (x86)\GNU Tools ARM Embedded\4.7 2012q4\arm-none-eabi\lib\armv7-m\libstdc++.a(class_type_info.o)
                0x0800c9d8                __cxxabiv1::__class_type_info::__do_dyncast(int, __cxxabiv1::__class_type_info::__sub_kind, __cxxabiv1::__class_type_info const*, void const*, __cxxabiv1::__class_type_info const*, void const*, __cxxabiv1::__class_type_info::__dyncast_result&) const
 .text._ZNK10__cxxabiv117__class_type_info10__do_catchEPKSt9type_infoPPvj
                0x0800ca18       0x28 ..\..\..\..\..\..\..\..\..\Program Files (x86)\GNU Tools ARM Embedded\4.7 2012q4\arm-none-eabi\lib\armv7-m\libstdc++.a(class_type_info.o)
                0x0800ca18                __cxxabiv1::__class_type_info::__do_catch(std::type_info const*, void**, unsigned int) const
 .text._ZL23__gxx_exception_cleanup19_Unwind_Reason_CodeP21_Unwind_Control_Block
                0x0800ca40       0x44 ..\..\..\..\..\..\..\..\..\Program Files (x86)\GNU Tools ARM Embedded\4.7 2012q4\arm-none-eabi\lib\armv7-m\libstdc++.a(eh_throw.o)
 .text.__cxa_throw
                0x0800ca84       0x7c ..\..\..\..\..\..\..\..\..\Program Files (x86)\GNU Tools ARM Embedded\4.7 2012q4\arm-none-eabi\lib\armv7-m\libstdc++.a(eh_throw.o)
                0x0800ca84                __cxa_throw
 .text.__cxa_rethrow
                0x0800cb00       0x70 ..\..\..\..\..\..\..\..\..\Program Files (x86)\GNU Tools ARM Embedded\4.7 2012q4\arm-none-eabi\lib\armv7-m\libstdc++.a(eh_throw.o)
                0x0800cb00                __cxa_rethrow
 .text._ZL12read_sleb128PKhPl
                0x0800cb70       0x3c ..\..\..\..\..\..\..\..\..\Program Files (x86)\GNU Tools ARM Embedded\4.7 2012q4\arm-none-eabi\lib\armv7-m\libstdc++.a(eh_personality.o)
 .text._ZL28read_encoded_value_with_basehjPKhPj
                0x0800cbac       0xb0 ..\..\..\..\..\..\..\..\..\Program Files (x86)\GNU Tools ARM Embedded\4.7 2012q4\arm-none-eabi\lib\armv7-m\libstdc++.a(eh_personality.o)
 .text._ZL21base_of_encoded_valuehP15_Unwind_Context
                0x0800cc5c       0x4c ..\..\..\..\..\..\..\..\..\Program Files (x86)\GNU Tools ARM Embedded\4.7 2012q4\arm-none-eabi\lib\armv7-m\libstdc++.a(eh_personality.o)
 .text._ZL17parse_lsda_headerP15_Unwind_ContextPKhP16lsda_header_info
                0x0800cca8       0x94 ..\..\..\..\..\..\..\..\..\Program Files (x86)\GNU Tools ARM Embedded\4.7 2012q4\arm-none-eabi\lib\armv7-m\libstdc++.a(eh_personality.o)
 .text.__gxx_personality_v0
                0x0800cd3c      0x3f8 ..\..\..\..\..\..\..\..\..\Program Files (x86)\GNU Tools ARM Embedded\4.7 2012q4\arm-none-eabi\lib\armv7-m\libstdc++.a(eh_personality.o)
                0x0800cd3c                __gxx_personality_v0
 .text.__cxa_allocate_exception
                0x0800d134       0x70 ..\..\..\..\..\..\..\..\..\Program Files (x86)\GNU Tools ARM Embedded\4.7 2012q4\arm-none-eabi\lib\armv7-m\libstdc++.a(eh_alloc.o)
                0x0800d134                __cxa_allocate_exception
 .text.__cxa_free_exception
                0x0800d1a4       0x34 ..\..\..\..\..\..\..\..\..\Program Files (x86)\GNU Tools ARM Embedded\4.7 2012q4\arm-none-eabi\lib\armv7-m\libstdc++.a(eh_alloc.o)
                0x0800d1a4                __cxa_free_exception
 .text._ZN10__cxxabiv111__terminateEPFvvE
                0x0800d1d8       0x28 ..\..\..\..\..\..\..\..\..\Program Files (x86)\GNU Tools ARM Embedded\4.7 2012q4\arm-none-eabi\lib\armv7-m\libstdc++.a(eh_terminate.o)
                0x0800d1d8                __cxxabiv1::__terminate(void (*)())
 .text._ZSt9terminatev
                0x0800d200       0x10 ..\..\..\..\..\..\..\..\..\Program Files (x86)\GNU Tools ARM Embedded\4.7 2012q4\arm-none-eabi\lib\armv7-m\libstdc++.a(eh_terminate.o)
                0x0800d200                std::terminate()
 .text._ZN10__cxxabiv112__unexpectedEPFvvE
                0x0800d210        0x8 ..\..\..\..\..\..\..\..\..\Program Files (x86)\GNU Tools ARM Embedded\4.7 2012q4\arm-none-eabi\lib\armv7-m\libstdc++.a(eh_terminate.o)
                0x0800d210                __cxxabiv1::__unexpected(void (*)())
 .text._ZSt10unexpectedv
                0x0800d218       0x10 ..\..\..\..\..\..\..\..\..\Program Files (x86)\GNU Tools ARM Embedded\4.7 2012q4\arm-none-eabi\lib\armv7-m\libstdc++.a(eh_terminate.o)
                0x0800d218                std::unexpected()
 .text._ZNSt9type_infoD2Ev
                0x0800d228        0xc ..\..\..\..\..\..\..\..\..\Program Files (x86)\GNU Tools ARM Embedded\4.7 2012q4\arm-none-eabi\lib\armv7-m\libstdc++.a(tinfo.o)
                0x0800d228                std::type_info::~type_info()
                0x0800d228                std::type_info::~type_info()
 .text._ZNKSt9type_info14__is_pointer_pEv
                0x0800d234        0x4 ..\..\..\..\..\..\..\..\..\Program Files (x86)\GNU Tools ARM Embedded\4.7 2012q4\arm-none-eabi\lib\armv7-m\libstdc++.a(tinfo.o)
                0x0800d234                std::type_info::__is_pointer_p() const
 .text._ZNKSt9type_info15__is_function_pEv
                0x0800d238        0x4 ..\..\..\..\..\..\..\..\..\Program Files (x86)\GNU Tools ARM Embedded\4.7 2012q4\arm-none-eabi\lib\armv7-m\libstdc++.a(tinfo.o)
                0x0800d238                std::type_info::__is_function_p() const
 .text._ZNKSt9type_info11__do_upcastEPKN10__cxxabiv117__class_type_infoEPPv
                0x0800d23c        0x4 ..\..\..\..\..\..\..\..\..\Program Files (x86)\GNU Tools ARM Embedded\4.7 2012q4\arm-none-eabi\lib\armv7-m\libstdc++.a(tinfo.o)
                0x0800d23c                std::type_info::__do_upcast(__cxxabiv1::__class_type_info const*, void**) const
 .text._ZNSt9type_infoD0Ev
                0x0800d240       0x14 ..\..\..\..\..\..\..\..\..\Program Files (x86)\GNU Tools ARM Embedded\4.7 2012q4\arm-none-eabi\lib\armv7-m\libstdc++.a(tinfo.o)
                0x0800d240                std::type_info::~type_info()
 .text._ZNKSt9type_infoeqERKS_
                0x0800d254       0x28 ..\..\..\..\..\..\..\..\..\Program Files (x86)\GNU Tools ARM Embedded\4.7 2012q4\arm-none-eabi\lib\armv7-m\libstdc++.a(tinfo.o)
                0x0800d254                std::type_info::operator==(std::type_info const&) const
 .text._ZNKSt9type_info10__do_catchEPKS_PPvj
                0x0800d27c        0x4 ..\..\..\..\..\..\..\..\..\Program Files (x86)\GNU Tools ARM Embedded\4.7 2012q4\arm-none-eabi\lib\armv7-m\libstdc++.a(tinfo.o)
                0x0800d27c                std::type_info::__do_catch(std::type_info const*, void**, unsigned int) const
 .text._ZN10__cxxabiv1L24__is_gxx_exception_classEPc
                0x0800d280       0x3c ..\..\..\..\..\..\..\..\..\Program Files (x86)\GNU Tools ARM Embedded\4.7 2012q4\arm-none-eabi\lib\armv7-m\libstdc++.a(eh_call.o)
 .text.__cxa_call_terminate
                0x0800d2bc       0x20 ..\..\..\..\..\..\..\..\..\Program Files (x86)\GNU Tools ARM Embedded\4.7 2012q4\arm-none-eabi\lib\armv7-m\libstdc++.a(eh_call.o)
                0x0800d2bc                __cxa_call_terminate
 .text.__cxa_call_unexpected
                0x0800d2dc       0xe4 ..\..\..\..\..\..\..\..\..\Program Files (x86)\GNU Tools ARM Embedded\4.7 2012q4\arm-none-eabi\lib\armv7-m\libstdc++.a(eh_call.o)
                0x0800d2dc                __cxa_call_unexpected
 .text.__cxa_begin_catch
                0x0800d3c0       0x8c ..\..\..\..\..\..\..\..\..\Program Files (x86)\GNU Tools ARM Embedded\4.7 2012q4\arm-none-eabi\lib\armv7-m\libstdc++.a(eh_catch.o)
                0x0800d3c0                __cxa_begin_catch
 .text.__cxa_end_catch
                0x0800d44c       0x8c ..\..\..\..\..\..\..\..\..\Program Files (x86)\GNU Tools ARM Embedded\4.7 2012q4\arm-none-eabi\lib\armv7-m\libstdc++.a(eh_catch.o)
                0x0800d44c                __cxa_end_catch
 .text._ZN9__gnu_cxx27__verbose_terminate_handlerEv
                0x0800d4d8      0x110 ..\..\..\..\..\..\..\..\..\Program Files (x86)\GNU Tools ARM Embedded\4.7 2012q4\arm-none-eabi\lib\armv7-m\libstdc++.a(vterminate.o)
                0x0800d4d8                __gnu_cxx::__verbose_terminate_handler()
 .text.__cxa_current_exception_type
                0x0800d5e8       0x1c ..\..\..\..\..\..\..\..\..\Program Files (x86)\GNU Tools ARM Embedded\4.7 2012q4\arm-none-eabi\lib\armv7-m\libstdc++.a(eh_type.o)
                0x0800d5e8                __cxa_current_exception_type
 .text          0x0800d604     0x9bac ..\..\..\..\..\..\..\..\..\Program Files (x86)\GNU Tools ARM Embedded\4.7 2012q4\arm-none-eabi\lib\armv7-m\libstdc++.a(cp-demangle.o)
                0x080170cc                __cxa_demangle
                0x08017194                __gcclibcxx_demangle_callback
 .text._exit    0x080171b0        0x4 ..\..\..\..\..\..\..\..\..\Program Files (x86)\GNU Tools ARM Embedded\4.7 2012q4\arm-none-eabi\lib\armv7-m\libnosys.a(_exit.o)
                0x080171b0                _exit
 .text          0x080171b4       0x2c c:/program files (x86)/gnu tools arm embedded/4.7 2012q4/bin/../lib/gcc/arm-none-eabi/4.7.3/armv7e-m\libgcc.a(_aeabi_uldivmod.o)
                0x080171b4                __aeabi_uldivmod
 .text          0x080171e0       0x58 c:/program files (x86)/gnu tools arm embedded/4.7 2012q4/bin/../lib/gcc/arm-none-eabi/4.7.3/armv7e-m\libgcc.a(bpabi.o)
                0x080171e0                __gnu_ldivmod_helper
                0x0801720c                __gnu_uldivmod_helper
 .text          0x08017238        0x4 c:/program files (x86)/gnu tools arm embedded/4.7 2012q4/bin/../lib/gcc/arm-none-eabi/4.7.3/armv7e-m\libgcc.a(_dvmd_tls.o)
                0x08017238                __aeabi_idiv0
                0x08017238                __aeabi_ldiv0
 .text          0x0801723c      0x2bc c:/program files (x86)/gnu tools arm embedded/4.7 2012q4/bin/../lib/gcc/arm-none-eabi/4.7.3/armv7e-m\libgcc.a(_divdi3.o)
                0x0801723c                __divdi3
 .text          0x080174f8      0x288 c:/program files (x86)/gnu tools arm embedded/4.7 2012q4/bin/../lib/gcc/arm-none-eabi/4.7.3/armv7e-m\libgcc.a(_udivdi3.o)
                0x080174f8                __udivdi3
 .text.fputc    0x08017780       0x28 ..\..\..\..\..\..\..\..\..\Program Files (x86)\GNU Tools ARM Embedded\4.7 2012q4\arm-none-eabi\lib\armv7-m\libg.a(lib_a-fputc.o)
                0x08017780                fputc
 .text._fputs_r
                0x080177a8       0x50 ..\..\..\..\..\..\..\..\..\Program Files (x86)\GNU Tools ARM Embedded\4.7 2012q4\arm-none-eabi\lib\armv7-m\libg.a(lib_a-fputs.o)
                0x080177a8                _fputs_r
 .text.fputs    0x080177f8       0x18 ..\..\..\..\..\..\..\..\..\Program Files (x86)\GNU Tools ARM Embedded\4.7 2012q4\arm-none-eabi\lib\armv7-m\libg.a(lib_a-fputs.o)
                0x080177f8                fputs
 .text.__sfvwrite_r
                0x08017810      0x314 ..\..\..\..\..\..\..\..\..\Program Files (x86)\GNU Tools ARM Embedded\4.7 2012q4\arm-none-eabi\lib\armv7-m\libg.a(lib_a-fvwrite.o)
                0x08017810                __sfvwrite_r
 .text._fwrite_r
                0x08017b24       0x60 ..\..\..\..\..\..\..\..\..\Program Files (x86)\GNU Tools ARM Embedded\4.7 2012q4\arm-none-eabi\lib\armv7-m\libg.a(lib_a-fwrite.o)
                0x08017b24                _fwrite_r
 .text.fwrite   0x08017b84       0x28 ..\..\..\..\..\..\..\..\..\Program Files (x86)\GNU Tools ARM Embedded\4.7 2012q4\arm-none-eabi\lib\armv7-m\libg.a(lib_a-fwrite.o)
                0x08017b84                fwrite
 .text._putc_r  0x08017bac       0x60 ..\..\..\..\..\..\..\..\..\Program Files (x86)\GNU Tools ARM Embedded\4.7 2012q4\arm-none-eabi\lib\armv7-m\libg.a(lib_a-putc.o)
                0x08017bac                _putc_r
 .text.write    0x08017c0c       0x1c ..\..\..\..\..\..\..\..\..\Program Files (x86)\GNU Tools ARM Embedded\4.7 2012q4\arm-none-eabi\lib\armv7-m\libg.a(lib_a-syswrite.o)
                0x08017c0c                write
 .text.__swbuf_r
                0x08017c28       0xbc ..\..\..\..\..\..\..\..\..\Program Files (x86)\GNU Tools ARM Embedded\4.7 2012q4\arm-none-eabi\lib\armv7-m\libg.a(lib_a-wbuf.o)
                0x08017c28                __swbuf_r
 .text._write_r
                0x08017ce4       0x28 ..\..\..\..\..\..\..\..\..\Program Files (x86)\GNU Tools ARM Embedded\4.7 2012q4\arm-none-eabi\lib\armv7-m\libg.a(lib_a-writer.o)
                0x08017ce4                _write_r
 .text.__swsetup_r
                0x08017d0c       0xc4 ..\..\..\..\..\..\..\..\..\Program Files (x86)\GNU Tools ARM Embedded\4.7 2012q4\arm-none-eabi\lib\armv7-m\libg.a(lib_a-wsetup.o)
                0x08017d0c                __swsetup_r
 .text._fflush_r
                0x08017dd0      0x164 ..\..\..\..\..\..\..\..\..\Program Files (x86)\GNU Tools ARM Embedded\4.7 2012q4\arm-none-eabi\lib\armv7-m\libg.a(lib_a-fflush.o)
                0x08017dd0                _fflush_r
 .text._cleanup_r
                0x08017f34        0xc ..\..\..\..\..\..\..\..\..\Program Files (x86)\GNU Tools ARM Embedded\4.7 2012q4\arm-none-eabi\lib\armv7-m\libg.a(lib_a-findfp.o)
                0x08017f34                _cleanup_r
 .text.std.isra.0
                0x08017f40       0x50 ..\..\..\..\..\..\..\..\..\Program Files (x86)\GNU Tools ARM Embedded\4.7 2012q4\arm-none-eabi\lib\armv7-m\libg.a(lib_a-findfp.o)
 .text.__sinit  0x08017f90       0x4c ..\..\..\..\..\..\..\..\..\Program Files (x86)\GNU Tools ARM Embedded\4.7 2012q4\arm-none-eabi\lib\armv7-m\libg.a(lib_a-findfp.o)
                0x08017f90                __sinit
 .text.__sfp_lock_acquire
                0x08017fdc        0x4 ..\..\..\..\..\..\..\..\..\Program Files (x86)\GNU Tools ARM Embedded\4.7 2012q4\arm-none-eabi\lib\armv7-m\libg.a(lib_a-findfp.o)
                0x08017fdc                __sfp_lock_acquire
 .text.__sfp_lock_release
                0x08017fe0        0x4 ..\..\..\..\..\..\..\..\..\Program Files (x86)\GNU Tools ARM Embedded\4.7 2012q4\arm-none-eabi\lib\armv7-m\libg.a(lib_a-findfp.o)
                0x08017fe0                __sfp_lock_release
 .text._fwalk   0x08017fe4       0xb8 ..\..\..\..\..\..\..\..\..\Program Files (x86)\GNU Tools ARM Embedded\4.7 2012q4\arm-none-eabi\lib\armv7-m\libg.a(lib_a-fwalk.o)
                0x08017fe4                _fwalk
 .text.__smakebuf_r
                0x0801809c       0xe8 ..\..\..\..\..\..\..\..\..\Program Files (x86)\GNU Tools ARM Embedded\4.7 2012q4\arm-none-eabi\lib\armv7-m\libg.a(lib_a-makebuf.o)
                0x0801809c                __smakebuf_r
 .text.__sread  0x08018184       0x24 ..\..\..\..\..\..\..\..\..\Program Files (x86)\GNU Tools ARM Embedded\4.7 2012q4\arm-none-eabi\lib\armv7-m\libg.a(lib_a-stdio.o)
                0x08018184                __sread
 .text.__swrite
                0x080181a8       0x44 ..\..\..\..\..\..\..\..\..\Program Files (x86)\GNU Tools ARM Embedded\4.7 2012q4\arm-none-eabi\lib\armv7-m\libg.a(lib_a-stdio.o)
                0x080181a8                __swrite
 .text.__sseek  0x080181ec       0x24 ..\..\..\..\..\..\..\..\..\Program Files (x86)\GNU Tools ARM Embedded\4.7 2012q4\arm-none-eabi\lib\armv7-m\libg.a(lib_a-stdio.o)
                0x080181ec                __sseek
 .text.__sclose
                0x08018210        0x8 ..\..\..\..\..\..\..\..\..\Program Files (x86)\GNU Tools ARM Embedded\4.7 2012q4\arm-none-eabi\lib\armv7-m\libg.a(lib_a-stdio.o)
                0x08018210                __sclose
 .text._close_r
                0x08018218       0x24 ..\..\..\..\..\..\..\..\..\Program Files (x86)\GNU Tools ARM Embedded\4.7 2012q4\arm-none-eabi\lib\armv7-m\libg.a(lib_a-closer.o)
                0x08018218                _close_r
 .text._fclose_r
                0x0801823c       0x94 ..\..\..\..\..\..\..\..\..\Program Files (x86)\GNU Tools ARM Embedded\4.7 2012q4\arm-none-eabi\lib\armv7-m\libg.a(lib_a-fclose.o)
                0x0801823c                _fclose_r
 .text.fclose   0x080182d0       0x10 ..\..\..\..\..\..\..\..\..\Program Files (x86)\GNU Tools ARM Embedded\4.7 2012q4\arm-none-eabi\lib\armv7-m\libg.a(lib_a-fclose.o)
                0x080182d0                fclose
 .text._fstat_r
                0x080182e0       0x28 ..\..\..\..\..\..\..\..\..\Program Files (x86)\GNU Tools ARM Embedded\4.7 2012q4\arm-none-eabi\lib\armv7-m\libg.a(lib_a-fstatr.o)
                0x080182e0                _fstat_r
 .text._isatty_r
                0x08018308       0x24 ..\..\..\..\..\..\..\..\..\Program Files (x86)\GNU Tools ARM Embedded\4.7 2012q4\arm-none-eabi\lib\armv7-m\libg.a(lib_a-isattyr.o)
                0x08018308                _isatty_r
 .text._lseek_r
                0x0801832c       0x28 ..\..\..\..\..\..\..\..\..\Program Files (x86)\GNU Tools ARM Embedded\4.7 2012q4\arm-none-eabi\lib\armv7-m\libg.a(lib_a-lseekr.o)
                0x0801832c                _lseek_r
 .text._read_r  0x08018354       0x28 ..\..\..\..\..\..\..\..\..\Program Files (x86)\GNU Tools ARM Embedded\4.7 2012q4\arm-none-eabi\lib\armv7-m\libg.a(lib_a-readr.o)
                0x08018354                _read_r
 *(.init)
 .init          0x0801837c        0x4 c:/program files (x86)/gnu tools arm embedded/4.7 2012q4/bin/../lib/gcc/arm-none-eabi/4.7.3/armv7e-m/crti.o
                0x0801837c                _init
 .init          0x08018380        0x8 c:/program files (x86)/gnu tools arm embedded/4.7 2012q4/bin/../lib/gcc/arm-none-eabi/4.7.3/armv7e-m/crtn.o
 *(.fini)
 .fini          0x08018388        0x4 c:/program files (x86)/gnu tools arm embedded/4.7 2012q4/bin/../lib/gcc/arm-none-eabi/4.7.3/armv7e-m/crti.o
                0x08018388                _fini
 .fini          0x0801838c        0x8 c:/program files (x86)/gnu tools arm embedded/4.7 2012q4/bin/../lib/gcc/arm-none-eabi/4.7.3/armv7e-m/crtn.o
 *crtbegin.o(.ctors)
 *crtbegin?.o(.ctors)
 *(EXCLUDE_FILE(*crtend.o *crtend?.o) .ctors)
 *(SORT(.ctors.*))
 *(.ctors)
 *crtbegin.o(.dtors)
 *crtbegin?.o(.dtors)
 *(EXCLUDE_FILE(*crtend.o *crtend?.o) .dtors)
 *(SORT(.dtors.*))
 *(.dtors)
 *(.rodata*)
 .rodata        0x08018394       0x40 ..\obj\TibuBoard.o
 *fill*         0x080183d4        0x4 00
 .rodata._ZTV9Printable
                0x080183d8       0x10 ..\obj\Dhcp.o
                0x080183d8                vtable for Printable
 .rodata._ZTS9Printable
                0x080183e8        0xc ..\obj\Dhcp.o
                0x080183e8                typeinfo name for Printable
 .rodata._ZTI9Printable
                0x080183f4        0x8 ..\obj\Dhcp.o
                0x080183f4                typeinfo for Printable
 *fill*         0x080183fc        0x4 00
 .rodata        0x08018400       0x28 ..\obj\IPAddress.o
                0x08018400                vtable for IPAddress
                0x0801840c                typeinfo for IPAddress
                0x08018418                typeinfo name for IPAddress
 .rodata._ZTV6Stream
                0x08018428       0x20 ..\obj\EthernetServer.o
                0x08018428                vtable for Stream
 .rodata._ZTS6Stream
                0x08018448        0x8 ..\obj\EthernetServer.o
                0x08018448                typeinfo name for Stream
 .rodata._ZTI6Stream
                0x08018450        0xc ..\obj\EthernetServer.o
                0x08018450                typeinfo for Stream
 .rodata        0x0801845c       0xc8 ..\obj\BasicFunctions.o
                0x0801845c                GPIOPIN_PIN
                0x08018484                GPIOPIN_CLK
                0x080184d4                GPIO_SOURCE
 .rodata        0x08018524       0x98 ..\obj\usbd_desc.o
 *fill*         0x080185bc        0x4 00
 .rodata        0x080185c0       0x30 ..\obj\Print.o
                0x080185d0                vtable for Print
                0x080185e0                typeinfo for Print
                0x080185e8                typeinfo name for Print
 .rodata        0x080185f0       0x40 ..\obj\USBSerial.o
                0x080185f0                vtable for HardwareSerial
                0x08018610                typeinfo for HardwareSerial
                0x0801861c                typeinfo name for HardwareSerial
 .rodata.str1.4
                0x08018630        0x2 ..\..\..\..\..\..\..\..\..\Program Files (x86)\GNU Tools ARM Embedded\4.7 2012q4\arm-none-eabi\lib\armv7-m\libc.a(lib_a-impure.o)
                                  0x4 (size before relaxing)
 *fill*         0x08018632        0x2 00
 .rodata._global_impure_ptr
                0x08018634        0x4 ..\..\..\..\..\..\..\..\..\Program Files (x86)\GNU Tools ARM Embedded\4.7 2012q4\arm-none-eabi\lib\armv7-m\libc.a(lib_a-impure.o)
                0x08018634                _global_impure_ptr
 .rodata.str1.4
                0x08018638       0x42 ..\..\..\..\..\..\..\..\..\Program Files (x86)\GNU Tools ARM Embedded\4.7 2012q4\arm-none-eabi\lib\armv7-m\libc.a(lib_a-svfprintf.o)
                                 0x44 (size before relaxing)
 *fill*         0x0801867a        0x2 00
 .rodata.zeroes.6721
                0x0801867c       0x10 ..\..\..\..\..\..\..\..\..\Program Files (x86)\GNU Tools ARM Embedded\4.7 2012q4\arm-none-eabi\lib\armv7-m\libc.a(lib_a-svfprintf.o)
 .rodata.blanks.6720
                0x0801868c       0x10 ..\..\..\..\..\..\..\..\..\Program Files (x86)\GNU Tools ARM Embedded\4.7 2012q4\arm-none-eabi\lib\armv7-m\libc.a(lib_a-svfprintf.o)
 .rodata.str1.4
                0x0801869c       0x10 ..\..\..\..\..\..\..\..\..\Program Files (x86)\GNU Tools ARM Embedded\4.7 2012q4\arm-none-eabi\lib\armv7-m\libc.a(lib_a-dtoa.o)
                                 0x14 (size before relaxing)
 .rodata.str1.4
                0x080186ac        0xa ..\..\..\..\..\..\..\..\..\Program Files (x86)\GNU Tools ARM Embedded\4.7 2012q4\arm-none-eabi\lib\armv7-m\libc.a(lib_a-locale.o)
                                 0x14 (size before relaxing)
 *fill*         0x080186b6        0x2 00
 .rodata.p05.5242
                0x080186b8        0xc ..\..\..\..\..\..\..\..\..\Program Files (x86)\GNU Tools ARM Embedded\4.7 2012q4\arm-none-eabi\lib\armv7-m\libc.a(lib_a-mprec.o)
 *fill*         0x080186c4        0x4 00
 .rodata.__mprec_tens
                0x080186c8       0xc8 ..\..\..\..\..\..\..\..\..\Program Files (x86)\GNU Tools ARM Embedded\4.7 2012q4\arm-none-eabi\lib\armv7-m\libc.a(lib_a-mprec.o)
                0x080186c8                __mprec_tens
 .rodata.__mprec_bigtens
                0x08018790       0x28 ..\..\..\..\..\..\..\..\..\Program Files (x86)\GNU Tools ARM Embedded\4.7 2012q4\arm-none-eabi\lib\armv7-m\libc.a(lib_a-mprec.o)
                0x08018790                __mprec_bigtens
 .rodata._ZTVN10__cxxabiv120__si_class_type_infoE
                0x080187b8       0x30 ..\..\..\..\..\..\..\..\..\Program Files (x86)\GNU Tools ARM Embedded\4.7 2012q4\arm-none-eabi\lib\armv7-m\libstdc++.a(si_class_type_info.o)
                0x080187b8                vtable for __cxxabiv1::__si_class_type_info
 .rodata._ZTIN10__cxxabiv120__si_class_type_infoE
                0x080187e8        0xc ..\..\..\..\..\..\..\..\..\Program Files (x86)\GNU Tools ARM Embedded\4.7 2012q4\arm-none-eabi\lib\armv7-m\libstdc++.a(si_class_type_info.o)
                0x080187e8                typeinfo for __cxxabiv1::__si_class_type_info
 .rodata._ZTSN10__cxxabiv120__si_class_type_infoE
                0x080187f4       0x28 ..\..\..\..\..\..\..\..\..\Program Files (x86)\GNU Tools ARM Embedded\4.7 2012q4\arm-none-eabi\lib\armv7-m\libstdc++.a(si_class_type_info.o)
                0x080187f4                typeinfo name for __cxxabiv1::__si_class_type_info
 .rodata.str1.4
                0x0801881c       0x3b ..\..\..\..\..\..\..\..\..\Program Files (x86)\GNU Tools ARM Embedded\4.7 2012q4\arm-none-eabi\lib\armv7-m\libstdc++.a(pure.o)
                                 0x3c (size before relaxing)
 *fill*         0x08018857        0x1 00
 .rodata._ZTVSt9exception
                0x08018858       0x18 ..\..\..\..\..\..\..\..\..\Program Files (x86)\GNU Tools ARM Embedded\4.7 2012q4\arm-none-eabi\lib\armv7-m\libstdc++.a(eh_exception.o)
                0x08018858                vtable for std::exception
 .rodata._ZTIN10__cxxabiv115__forced_unwindE
                0x08018870        0x8 ..\..\..\..\..\..\..\..\..\Program Files (x86)\GNU Tools ARM Embedded\4.7 2012q4\arm-none-eabi\lib\armv7-m\libstdc++.a(eh_exception.o)
                0x08018870                typeinfo for __cxxabiv1::__forced_unwind
 .rodata._ZTISt9exception
                0x08018878        0x8 ..\..\..\..\..\..\..\..\..\Program Files (x86)\GNU Tools ARM Embedded\4.7 2012q4\arm-none-eabi\lib\armv7-m\libstdc++.a(eh_exception.o)
                0x08018878                typeinfo for std::exception
 .rodata._ZTSSt13bad_exception
                0x08018880       0x14 ..\..\..\..\..\..\..\..\..\Program Files (x86)\GNU Tools ARM Embedded\4.7 2012q4\arm-none-eabi\lib\armv7-m\libstdc++.a(eh_exception.o)
                0x08018880                typeinfo name for std::bad_exception
 .rodata.str1.4
                0x08018894       0x23 ..\..\..\..\..\..\..\..\..\Program Files (x86)\GNU Tools ARM Embedded\4.7 2012q4\arm-none-eabi\lib\armv7-m\libstdc++.a(eh_exception.o)
                                 0x24 (size before relaxing)
 *fill*         0x080188b7        0x1 00
 .rodata._ZTSN10__cxxabiv119__foreign_exceptionE
                0x080188b8       0x24 ..\..\..\..\..\..\..\..\..\Program Files (x86)\GNU Tools ARM Embedded\4.7 2012q4\arm-none-eabi\lib\armv7-m\libstdc++.a(eh_exception.o)
                0x080188b8                typeinfo name for __cxxabiv1::__foreign_exception
 .rodata._ZTIN10__cxxabiv119__foreign_exceptionE
                0x080188dc        0x8 ..\..\..\..\..\..\..\..\..\Program Files (x86)\GNU Tools ARM Embedded\4.7 2012q4\arm-none-eabi\lib\armv7-m\libstdc++.a(eh_exception.o)
                0x080188dc                typeinfo for __cxxabiv1::__foreign_exception
 *fill*         0x080188e4        0x4 00
 .rodata._ZTVSt13bad_exception
                0x080188e8       0x18 ..\..\..\..\..\..\..\..\..\Program Files (x86)\GNU Tools ARM Embedded\4.7 2012q4\arm-none-eabi\lib\armv7-m\libstdc++.a(eh_exception.o)
                0x080188e8                vtable for std::bad_exception
 .rodata._ZTSSt9exception
                0x08018900       0x10 ..\..\..\..\..\..\..\..\..\Program Files (x86)\GNU Tools ARM Embedded\4.7 2012q4\arm-none-eabi\lib\armv7-m\libstdc++.a(eh_exception.o)
                0x08018900                typeinfo name for std::exception
 .rodata._ZTSN10__cxxabiv115__forced_unwindE
                0x08018910       0x20 ..\..\..\..\..\..\..\..\..\Program Files (x86)\GNU Tools ARM Embedded\4.7 2012q4\arm-none-eabi\lib\armv7-m\libstdc++.a(eh_exception.o)
                0x08018910                typeinfo name for __cxxabiv1::__forced_unwind
 .rodata._ZTISt13bad_exception
                0x08018930        0xc ..\..\..\..\..\..\..\..\..\Program Files (x86)\GNU Tools ARM Embedded\4.7 2012q4\arm-none-eabi\lib\armv7-m\libstdc++.a(eh_exception.o)
                0x08018930                typeinfo for std::bad_exception
 *fill*         0x0801893c        0x4 00
 .rodata._ZTVN10__cxxabiv117__class_type_infoE
                0x08018940       0x30 ..\..\..\..\..\..\..\..\..\Program Files (x86)\GNU Tools ARM Embedded\4.7 2012q4\arm-none-eabi\lib\armv7-m\libstdc++.a(class_type_info.o)
                0x08018940                vtable for __cxxabiv1::__class_type_info
 .rodata._ZTIN10__cxxabiv117__class_type_infoE
                0x08018970        0xc ..\..\..\..\..\..\..\..\..\Program Files (x86)\GNU Tools ARM Embedded\4.7 2012q4\arm-none-eabi\lib\armv7-m\libstdc++.a(class_type_info.o)
                0x08018970                typeinfo for __cxxabiv1::__class_type_info
 .rodata._ZTSN10__cxxabiv117__class_type_infoE
                0x0801897c       0x24 ..\..\..\..\..\..\..\..\..\Program Files (x86)\GNU Tools ARM Embedded\4.7 2012q4\arm-none-eabi\lib\armv7-m\libstdc++.a(class_type_info.o)
                0x0801897c                typeinfo name for __cxxabiv1::__class_type_info
 .rodata._ZTISt9type_info
                0x080189a0        0x8 ..\..\..\..\..\..\..\..\..\Program Files (x86)\GNU Tools ARM Embedded\4.7 2012q4\arm-none-eabi\lib\armv7-m\libstdc++.a(tinfo.o)
                0x080189a0                typeinfo for std::type_info
 .rodata._ZTSSt9type_info
                0x080189a8       0x10 ..\..\..\..\..\..\..\..\..\Program Files (x86)\GNU Tools ARM Embedded\4.7 2012q4\arm-none-eabi\lib\armv7-m\libstdc++.a(tinfo.o)
                0x080189a8                typeinfo name for std::type_info
 .rodata._ZTVSt9type_info
                0x080189b8       0x20 ..\..\..\..\..\..\..\..\..\Program Files (x86)\GNU Tools ARM Embedded\4.7 2012q4\arm-none-eabi\lib\armv7-m\libstdc++.a(tinfo.o)
                0x080189b8                vtable for std::type_info
 .rodata.str1.4
                0x080189d8       0x94 ..\..\..\..\..\..\..\..\..\Program Files (x86)\GNU Tools ARM Embedded\4.7 2012q4\arm-none-eabi\lib\armv7-m\libstdc++.a(vterminate.o)
 .rodata        0x08018a6c      0x6f8 ..\..\..\..\..\..\..\..\..\Program Files (x86)\GNU Tools ARM Embedded\4.7 2012q4\arm-none-eabi\lib\armv7-m\libstdc++.a(cp-demangle.o)
 .rodata.str1.4
                0x08019164      0x618 ..\..\..\..\..\..\..\..\..\Program Files (x86)\GNU Tools ARM Embedded\4.7 2012q4\arm-none-eabi\lib\armv7-m\libstdc++.a(cp-demangle.o)
                                0x644 (size before relaxing)
 *(.eh_frame*)
 .eh_frame      0x0801977c        0x0 c:/program files (x86)/gnu tools arm embedded/4.7 2012q4/bin/../lib/gcc/arm-none-eabi/4.7.3/armv7e-m/crtbegin.o
 .eh_frame      0x0801977c        0x4 c:/program files (x86)/gnu tools arm embedded/4.7 2012q4/bin/../lib/gcc/arm-none-eabi/4.7.3/armv7e-m/crtend.o

.glue_7         0x08019780        0x0
 .glue_7        0x00000000        0x0 linker stubs

.glue_7t        0x08019780        0x0
 .glue_7t       0x00000000        0x0 linker stubs

.vfp11_veneer   0x08019780        0x0
 .vfp11_veneer  0x00000000        0x0 linker stubs

.v4_bx          0x08019780        0x0
 .v4_bx         0x00000000        0x0 linker stubs

.iplt           0x08019780        0x0
 .iplt          0x00000000        0x0 c:/program files (x86)/gnu tools arm embedded/4.7 2012q4/bin/../lib/gcc/arm-none-eabi/4.7.3/armv7e-m/crtbegin.o

.ARM.extab      0x08019780      0x230
 *(.ARM.extab* .gnu.linkonce.armextab.*)
 .ARM.extab.text._ZN9TibuboardC2Ev
                0x08019780       0x1c ..\obj\TibuBoard.o
 .ARM.extab.text._ZN9Tibuboard9LEDToggleE11Led_TypeDef
                0x0801979c        0xc ..\obj\TibuBoard.o
 .ARM.extab.text._ZN9Tibuboard15ButtonInterruptE14Button_TypeDefPFvvE
                0x080197a8       0x1c ..\obj\TibuBoard.o
 .ARM.extab.text._ZN9PrintableC2Ev
                0x080197c4        0x0 ..\obj\IPAddress.o
 .ARM.extab.text._ZNK9IPAddress7printToER5Print
                0x080197c4        0xc ..\obj\IPAddress.o
 .ARM.extab.text.EXTI2_IRQHandler
                0x080197d0        0xc ..\obj\stm32f4xx_it.o
 .ARM.extab.text._ZN13EthernetClassC2Ev
                0x080197dc        0xc ..\obj\Ethernet.o
 .ARM.extab.text._ZN5PrintC2Ev
                0x080197e8        0x0 ..\obj\EthernetServer.o
 .ARM.extab.text._ZN5Print5writeEPKc
                0x080197e8        0xc ..\obj\Print.o
 .ARM.extab.text._ZN5Print5writeEPKhj
                0x080197f4        0xc ..\obj\Print.o
 .ARM.extab.text._ZN5Print5printEc
                0x08019800        0xc ..\obj\Print.o
 .ARM.extab.text._ZN5Print5printEhi
                0x0801980c        0xc ..\obj\Print.o
 .ARM.extab.text._ZN5Print5printEmi
                0x08019818        0xc ..\obj\Print.o
 .ARM.extab.text._ZN5Print11printNumberEmh
                0x08019824       0x1c ..\obj\Print.o
 .ARM.extab.text._ZN6StreamC2Ev
                0x08019840        0x0 ..\obj\EthernetUdp.o
 .ARM.extab.text._ZN14HardwareSerialC2Ev
                0x08019840        0xc ..\obj\USBSerial.o
 .ARM.extab.text._ZN14HardwareSerialD2Ev
                0x0801984c        0xc ..\obj\USBSerial.o
 .ARM.extab.text._ZN14HardwareSerial9availableEv
                0x08019858        0xc ..\obj\USBSerial.o
 .ARM.extab.text._ZN14HardwareSerial4readEv
                0x08019864        0xc ..\obj\USBSerial.o
 .ARM.extab.text._ZN14HardwareSerial5flushEv
                0x08019870        0xc ..\obj\USBSerial.o
 .ARM.extab.text._ZN14HardwareSerial5writeEh
                0x0801987c        0xc ..\obj\USBSerial.o
 .ARM.extab     0x08019888       0x18 c:/program files (x86)/gnu tools arm embedded/4.7 2012q4/bin/../lib/gcc/arm-none-eabi/4.7.3/armv7e-m\libgcc.a(unwind-arm.o)
 .ARM.extab     0x080198a0       0x18 c:/program files (x86)/gnu tools arm embedded/4.7 2012q4/bin/../lib/gcc/arm-none-eabi/4.7.3/armv7e-m\libgcc.a(pr-support.o)
 .ARM.extab.text.__cxa_pure_virtual
                0x080198b8        0xc ..\..\..\..\..\..\..\..\..\Program Files (x86)\GNU Tools ARM Embedded\4.7 2012q4\arm-none-eabi\lib\armv7-m\libstdc++.a(pure.o)
 .ARM.extab.text._ZL21base_of_encoded_valuehP15_Unwind_Context
                0x080198c4        0xc ..\..\..\..\..\..\..\..\..\Program Files (x86)\GNU Tools ARM Embedded\4.7 2012q4\arm-none-eabi\lib\armv7-m\libstdc++.a(eh_personality.o)
 .ARM.extab.text.__gxx_personality_v0
                0x080198d0       0x20 ..\..\..\..\..\..\..\..\..\Program Files (x86)\GNU Tools ARM Embedded\4.7 2012q4\arm-none-eabi\lib\armv7-m\libstdc++.a(eh_personality.o)
 .ARM.extab.text._ZN10__cxxabiv111__terminateEPFvvE
                0x080198f0       0x2c ..\..\..\..\..\..\..\..\..\Program Files (x86)\GNU Tools ARM Embedded\4.7 2012q4\arm-none-eabi\lib\armv7-m\libstdc++.a(eh_terminate.o)
 .ARM.extab.text._ZN10__cxxabiv112__unexpectedEPFvvE
                0x0801991c        0xc ..\..\..\..\..\..\..\..\..\Program Files (x86)\GNU Tools ARM Embedded\4.7 2012q4\arm-none-eabi\lib\armv7-m\libstdc++.a(eh_terminate.o)
 .ARM.extab.text._ZSt10unexpectedv
                0x08019928        0xc ..\..\..\..\..\..\..\..\..\Program Files (x86)\GNU Tools ARM Embedded\4.7 2012q4\arm-none-eabi\lib\armv7-m\libstdc++.a(eh_terminate.o)
 .ARM.extab.text.__cxa_call_unexpected
                0x08019934       0x2c ..\..\..\..\..\..\..\..\..\Program Files (x86)\GNU Tools ARM Embedded\4.7 2012q4\arm-none-eabi\lib\armv7-m\libstdc++.a(eh_call.o)
 .ARM.extab.text.__cxa_begin_catch
                0x08019960       0x1c ..\..\..\..\..\..\..\..\..\Program Files (x86)\GNU Tools ARM Embedded\4.7 2012q4\arm-none-eabi\lib\armv7-m\libstdc++.a(eh_catch.o)
 .ARM.extab.text._ZN9__gnu_cxx27__verbose_terminate_handlerEv
                0x0801997c       0x34 ..\..\..\..\..\..\..\..\..\Program Files (x86)\GNU Tools ARM Embedded\4.7 2012q4\arm-none-eabi\lib\armv7-m\libstdc++.a(vterminate.o)
                0x080199b0                __exidx_start = .

.ARM.exidx      0x080199b0      0x2d0
 *(.ARM.exidx* .gnu.linkonce.armexidx.*)
 .ARM.exidx     0x080199b0        0x8 c:/program files (x86)/gnu tools arm embedded/4.7 2012q4/bin/../lib/gcc/arm-none-eabi/4.7.3/../../../../arm-none-eabi/lib/armv7e-m/crt0.o
 .ARM.exidx.text.NVIC_SetPriority
                0x080199b8        0x0 ..\obj\TibuBoard.o
                                  0x8 (size before relaxing)
 .ARM.exidx.text.SysTick_Config
                0x080199b8        0x0 ..\obj\TibuBoard.o
                                  0x8 (size before relaxing)
 .ARM.exidx.text._ZN9TibuboardC2Ev
                0x080199b8        0x8 ..\obj\TibuBoard.o
 .ARM.exidx.text._ZN9TibuboardD2Ev
                0x080199c0        0x8 ..\obj\TibuBoard.o
 .ARM.exidx.text._ZN9Tibuboard9LEDToggleE11Led_TypeDef
                0x080199c8        0x8 ..\obj\TibuBoard.o
 .ARM.exidx.text._ZN9Tibuboard15ButtonInterruptE14Button_TypeDefPFvvE
                0x080199d0        0x8 ..\obj\TibuBoard.o
 .ARM.exidx.text._Z13SysTickConfigv
                0x080199d8        0x8 ..\obj\TibuBoard.o
 .ARM.exidx.text._Z5blinkv
                0x080199e0        0x8 ..\obj\ArduinoStyle.o
 .ARM.exidx.text._Z6blink2v
                0x080199e8        0x0 ..\obj\ArduinoStyle.o
                                  0x8 (size before relaxing)
 .ARM.exidx.text._Z5setupv
                0x080199e8        0x0 ..\obj\ArduinoStyle.o
                                  0x8 (size before relaxing)
 .ARM.exidx.text._Z4loopv
                0x080199e8        0x8 ..\obj\ArduinoStyle.o
 .ARM.exidx.text._Z41__static_initialization_and_destruction_0ii
                0x080199f0        0x0 ..\obj\ArduinoStyle.o
                                  0x8 (size before relaxing)
 .ARM.exidx.text._GLOBAL__sub_I_Tibu
                0x080199f0        0x0 ..\obj\ArduinoStyle.o
                                  0x8 (size before relaxing)
 .ARM.exidx.text._Z41__static_initialization_and_destruction_0ii
                0x080199f0        0x0 ..\obj\Dhcp.o
                                  0x8 (size before relaxing)
 .ARM.exidx.text._GLOBAL__sub_I__ZN9DhcpClass13beginWithDHCPEPhmm
                0x080199f0        0x0 ..\obj\Dhcp.o
                                  0x8 (size before relaxing)
 .ARM.exidx.text._ZN9PrintableC2Ev
                0x080199f0        0x0 ..\obj\IPAddress.o
                                  0x8 (size before relaxing)
 .ARM.exidx.text._ZN9IPAddressC2Ev
                0x080199f0        0x0 ..\obj\IPAddress.o
                                  0x8 (size before relaxing)
 .ARM.exidx.text._ZN9IPAddressC2Ehhhh
                0x080199f0        0x0 ..\obj\IPAddress.o
                                  0x8 (size before relaxing)
 .ARM.exidx.text._ZNK9IPAddress7printToER5Print
                0x080199f0        0x8 ..\obj\IPAddress.o