
Allocating common symbols
Common symbol       size              file

TIM_TimeBaseStructure
                    0xc               ..\obj\BasicFunctions.o
TIM_OCInitStructure
                    0x14              ..\obj\BasicFunctions.o
Tibu                0x30              ..\obj\ArduinoStyle.o
ButtonInt           0xc               ..\obj\TibuBoard.o

Discarded input sections

 .text          0x00000000        0x0 ..\obj\stm32f4xx_syscfg.o
 .data          0x00000000        0x0 ..\obj\stm32f4xx_syscfg.o
 .bss           0x00000000        0x0 ..\obj\stm32f4xx_syscfg.o
 .text.SYSCFG_DeInit
                0x00000000       0x20 ..\obj\stm32f4xx_syscfg.o
 .text.SYSCFG_MemoryRemapConfig
                0x00000000       0x20 ..\obj\stm32f4xx_syscfg.o
 .text.SYSCFG_ETH_MediaInterfaceConfig
                0x00000000       0x20 ..\obj\stm32f4xx_syscfg.o
 .text.SYSCFG_CompensationCellCmd
                0x00000000       0x20 ..\obj\stm32f4xx_syscfg.o
 .text.SYSCFG_GetCompensationCellStatus
                0x00000000       0x3c ..\obj\stm32f4xx_syscfg.o
 .text          0x00000000        0x0 ..\obj\TibuBoard.o
 .text          0x00000000        0x0 ..\obj\ArduinoStyle.o
 .data          0x00000000        0x0 ..\obj\ArduinoStyle.o
 .text          0x00000000        0x0 ..\obj\startup_stm32f4xx.o
 .data          0x00000000        0x0 ..\obj\startup_stm32f4xx.o
 .bss           0x00000000        0x0 ..\obj\startup_stm32f4xx.o
 .text          0x00000000        0x0 ..\obj\main.o
 .data          0x00000000        0x0 ..\obj\main.o
 .bss           0x00000000        0x0 ..\obj\main.o
 .text          0x00000000        0x0 ..\obj\stm32f4xx_rcc.o
 .data          0x00000000       0x10 ..\obj\stm32f4xx_rcc.o
 .bss           0x00000000        0x0 ..\obj\stm32f4xx_rcc.o
 .text.RCC_DeInit
                0x00000000       0x84 ..\obj\stm32f4xx_rcc.o
 .text.RCC_HSEConfig
                0x00000000       0x30 ..\obj\stm32f4xx_rcc.o
 .text.RCC_WaitForHSEStartUp
                0x00000000       0x64 ..\obj\stm32f4xx_rcc.o
 .text.RCC_AdjustHSICalibrationValue
                0x00000000       0x48 ..\obj\stm32f4xx_rcc.o
 .text.RCC_HSICmd
                0x00000000       0x20 ..\obj\stm32f4xx_rcc.o
 .text.RCC_LSEConfig
                0x00000000       0x60 ..\obj\stm32f4xx_rcc.o
 .text.RCC_LSICmd
                0x00000000       0x20 ..\obj\stm32f4xx_rcc.o
 .text.RCC_PLLConfig
                0x00000000       0x48 ..\obj\stm32f4xx_rcc.o
 .text.RCC_PLLCmd
                0x00000000       0x20 ..\obj\stm32f4xx_rcc.o
 .text.RCC_PLLI2SConfig
                0x00000000       0x30 ..\obj\stm32f4xx_rcc.o
 .text.RCC_PLLI2SCmd
                0x00000000       0x20 ..\obj\stm32f4xx_rcc.o
 .text.RCC_ClockSecuritySystemCmd
                0x00000000       0x20 ..\obj\stm32f4xx_rcc.o
 .text.RCC_MCO1Config
                0x00000000       0x48 ..\obj\stm32f4xx_rcc.o
 .text.RCC_MCO2Config
                0x00000000       0x48 ..\obj\stm32f4xx_rcc.o
 .text.RCC_SYSCLKConfig
                0x00000000       0x40 ..\obj\stm32f4xx_rcc.o
 .text.RCC_GetSYSCLKSource
                0x00000000       0x20 ..\obj\stm32f4xx_rcc.o
 .text.RCC_HCLKConfig
                0x00000000       0x40 ..\obj\stm32f4xx_rcc.o
 .text.RCC_PCLK1Config
                0x00000000       0x40 ..\obj\stm32f4xx_rcc.o
 .text.RCC_PCLK2Config
                0x00000000       0x44 ..\obj\stm32f4xx_rcc.o
 .text.RCC_GetClocksFreq
                0x00000000      0x1cc ..\obj\stm32f4xx_rcc.o
 .text.RCC_RTCCLKConfig
                0x00000000       0x74 ..\obj\stm32f4xx_rcc.o
 .text.RCC_RTCCLKCmd
                0x00000000       0x20 ..\obj\stm32f4xx_rcc.o
 .text.RCC_BackupResetCmd
                0x00000000       0x20 ..\obj\stm32f4xx_rcc.o
 .text.RCC_I2SCLKConfig
                0x00000000       0x20 ..\obj\stm32f4xx_rcc.o
 .text.RCC_AHB2PeriphClockCmd
                0x00000000       0x54 ..\obj\stm32f4xx_rcc.o
 .text.RCC_AHB3PeriphClockCmd
                0x00000000       0x54 ..\obj\stm32f4xx_rcc.o
 .text.RCC_AHB1PeriphResetCmd
                0x00000000       0x54 ..\obj\stm32f4xx_rcc.o
 .text.RCC_AHB2PeriphResetCmd
                0x00000000       0x54 ..\obj\stm32f4xx_rcc.o
 .text.RCC_AHB3PeriphResetCmd
                0x00000000       0x54 ..\obj\stm32f4xx_rcc.o
 .text.RCC_APB1PeriphResetCmd
                0x00000000       0x54 ..\obj\stm32f4xx_rcc.o
 .text.RCC_APB2PeriphResetCmd
                0x00000000       0x54 ..\obj\stm32f4xx_rcc.o
 .text.RCC_AHB1PeriphClockLPModeCmd
                0x00000000       0x54 ..\obj\stm32f4xx_rcc.o
 .text.RCC_AHB2PeriphClockLPModeCmd
                0x00000000       0x54 ..\obj\stm32f4xx_rcc.o
 .text.RCC_AHB3PeriphClockLPModeCmd
                0x00000000       0x54 ..\obj\stm32f4xx_rcc.o
 .text.RCC_APB1PeriphClockLPModeCmd
                0x00000000       0x54 ..\obj\stm32f4xx_rcc.o
 .text.RCC_APB2PeriphClockLPModeCmd
                0x00000000       0x54 ..\obj\stm32f4xx_rcc.o
 .text.RCC_ITConfig
                0x00000000       0x60 ..\obj\stm32f4xx_rcc.o
 .text.RCC_GetFlagStatus
                0x00000000       0x90 ..\obj\stm32f4xx_rcc.o
 .text.RCC_ClearFlag
                0x00000000       0x24 ..\obj\stm32f4xx_rcc.o
 .text.RCC_GetITStatus
                0x00000000       0x40 ..\obj\stm32f4xx_rcc.o
 .text.RCC_ClearITPendingBit
                0x00000000       0x20 ..\obj\stm32f4xx_rcc.o
 .text          0x00000000        0x0 ..\obj\stm32f4xx_it.o
 .data          0x00000000        0x0 ..\obj\stm32f4xx_it.o
 .bss           0x00000000        0x0 ..\obj\stm32f4xx_it.o
 .text          0x00000000        0x0 ..\obj\BasicFunctions.o
 .bss           0x00000000        0x0 ..\obj\BasicFunctions.o
 .text.analogReference
                0x00000000       0x14 ..\obj\BasicFunctions.o
 .text.analogRead
                0x00000000       0x18 ..\obj\BasicFunctions.o
 .text          0x00000000        0x0 ..\obj\stm32f4xx_gpio.o
 .data          0x00000000        0x0 ..\obj\stm32f4xx_gpio.o
 .bss           0x00000000        0x0 ..\obj\stm32f4xx_gpio.o
 .text.GPIO_DeInit
                0x00000000      0x178 ..\obj\stm32f4xx_gpio.o
 .text.GPIO_StructInit
                0x00000000       0x3c ..\obj\stm32f4xx_gpio.o
 .text.GPIO_PinLockConfig
                0x00000000       0x44 ..\obj\stm32f4xx_gpio.o
 .text.GPIO_ReadInputData
                0x00000000       0x1c ..\obj\stm32f4xx_gpio.o
 .text.GPIO_ReadOutputDataBit
                0x00000000       0x3c ..\obj\stm32f4xx_gpio.o
 .text.GPIO_ReadOutputData
                0x00000000       0x1c ..\obj\stm32f4xx_gpio.o
 .text.GPIO_WriteBit
                0x00000000       0x30 ..\obj\stm32f4xx_gpio.o
 .text.GPIO_Write
                0x00000000       0x1c ..\obj\stm32f4xx_gpio.o
 .text          0x00000000        0x0 ..\obj\system_stm32f4xx.o
 .bss           0x00000000        0x0 ..\obj\system_stm32f4xx.o
 .text.SystemCoreClockUpdate
                0x00000000      0x170 ..\obj\system_stm32f4xx.o
 .text          0x00000000        0x0 ..\obj\syscalls.o
 .data          0x00000000        0x0 ..\obj\syscalls.o
 .bss           0x00000000        0x4 ..\obj\syscalls.o
 .text._sbrk    0x00000000       0x5c ..\obj\syscalls.o
 .text.link     0x00000000       0x1c ..\obj\syscalls.o
 .text._close   0x00000000       0x18 ..\obj\syscalls.o
 .text._fstat   0x00000000       0x24 ..\obj\syscalls.o
 .text._isatty  0x00000000       0x18 ..\obj\syscalls.o
 .text._lseek   0x00000000       0x1c ..\obj\syscalls.o
 .text._read    0x00000000       0x1c ..\obj\syscalls.o
 .text._write   0x00000000       0x1c ..\obj\syscalls.o
 .text.abort    0x00000000        0x8 ..\obj\syscalls.o
 .debug_info    0x00000000      0x443 ..\obj\syscalls.o
 .debug_abbrev  0x00000000       0xe4 ..\obj\syscalls.o
 .debug_loc     0x00000000      0x1ec ..\obj\syscalls.o
 .debug_aranges
                0x00000000       0x60 ..\obj\syscalls.o
 .debug_ranges  0x00000000       0x50 ..\obj\syscalls.o
 .debug_line    0x00000000      0x1a3 ..\obj\syscalls.o
 .debug_str     0x00000000      0x2a8 ..\obj\syscalls.o
 .comment       0x00000000       0x71 ..\obj\syscalls.o
 .ARM.attributes
                0x00000000       0x33 ..\obj\syscalls.o
 .debug_frame   0x00000000      0x108 ..\obj\syscalls.o
 .text          0x00000000        0x0 ..\obj\stm32f4xx_exti.o
 .data          0x00000000        0x0 ..\obj\stm32f4xx_exti.o
 .bss           0x00000000        0x0 ..\obj\stm32f4xx_exti.o
 .text.EXTI_DeInit
                0x00000000       0x54 ..\obj\stm32f4xx_exti.o
 .text.EXTI_StructInit
                0x00000000       0x34 ..\obj\stm32f4xx_exti.o
 .text.EXTI_GenerateSWInterrupt
                0x00000000       0x2c ..\obj\stm32f4xx_exti.o
 .text.EXTI_GetFlagStatus
                0x00000000       0x3c ..\obj\stm32f4xx_exti.o
 .text.EXTI_ClearFlag
                0x00000000       0x20 ..\obj\stm32f4xx_exti.o
 .text          0x00000000        0x0 ..\obj\misc.o
 .data          0x00000000        0x0 ..\obj\misc.o
 .bss           0x00000000        0x0 ..\obj\misc.o
 .text.NVIC_PriorityGroupConfig
                0x00000000       0x28 ..\obj\misc.o
 .text.NVIC_SetVectorTable
                0x00000000       0x2c ..\obj\misc.o
 .text.NVIC_SystemLPConfig
                0x00000000       0x54 ..\obj\misc.o
 .text.SysTick_CLKSourceConfig
                0x00000000       0x4c ..\obj\misc.o
 .text          0x00000000        0x0 ..\obj\stm32f4xx_tim.o
 .data          0x00000000        0x0 ..\obj\stm32f4xx_tim.o
 .bss           0x00000000        0x0 ..\obj\stm32f4xx_tim.o
 .text.TIM_DeInit
                0x00000000      0x238 ..\obj\stm32f4xx_tim.o
 .text.TIM_TimeBaseStructInit
                0x00000000       0x3c ..\obj\stm32f4xx_tim.o
 .text.TIM_PrescalerConfig
                0x00000000       0x28 ..\obj\stm32f4xx_tim.o
 .text.TIM_CounterModeConfig
                0x00000000       0x38 ..\obj\stm32f4xx_tim.o
 .text.TIM_SetCounter
                0x00000000       0x1c ..\obj\stm32f4xx_tim.o
 .text.TIM_SetAutoreload
                0x00000000       0x1c ..\obj\stm32f4xx_tim.o
 .text.TIM_GetCounter
                0x00000000       0x18 ..\obj\stm32f4xx_tim.o
 .text.TIM_GetPrescaler
                0x00000000       0x1c ..\obj\stm32f4xx_tim.o
 .text.TIM_UpdateDisableConfig
                0x00000000       0x40 ..\obj\stm32f4xx_tim.o
 .text.TIM_UpdateRequestConfig
                0x00000000       0x40 ..\obj\stm32f4xx_tim.o
 .text.TIM_SelectOnePulseMode
                0x00000000       0x38 ..\obj\stm32f4xx_tim.o
 .text.TIM_SetClockDivision
                0x00000000       0x38 ..\obj\stm32f4xx_tim.o
 .text.TIM_OCStructInit
                0x00000000       0x54 ..\obj\stm32f4xx_tim.o
 .text.TIM_SelectOCxM
                0x00000000       0xc0 ..\obj\stm32f4xx_tim.o
 .text.TIM_SetCompare1
                0x00000000       0x1c ..\obj\stm32f4xx_tim.o
 .text.TIM_SetCompare2
                0x00000000       0x1c ..\obj\stm32f4xx_tim.o
 .text.TIM_SetCompare3
                0x00000000       0x1c ..\obj\stm32f4xx_tim.o
 .text.TIM_SetCompare4
                0x00000000       0x1c ..\obj\stm32f4xx_tim.o
 .text.TIM_ForcedOC1Config
                0x00000000       0x38 ..\obj\stm32f4xx_tim.o
 .text.TIM_ForcedOC2Config
                0x00000000       0x40 ..\obj\stm32f4xx_tim.o
 .text.TIM_ForcedOC3Config
                0x00000000       0x38 ..\obj\stm32f4xx_tim.o
 .text.TIM_ForcedOC4Config
                0x00000000       0x40 ..\obj\stm32f4xx_tim.o
 .text.TIM_OC1FastConfig
                0x00000000       0x38 ..\obj\stm32f4xx_tim.o
 .text.TIM_OC2FastConfig
                0x00000000       0x40 ..\obj\stm32f4xx_tim.o
 .text.TIM_OC3FastConfig
                0x00000000       0x38 ..\obj\stm32f4xx_tim.o
 .text.TIM_OC4FastConfig
                0x00000000       0x40 ..\obj\stm32f4xx_tim.o
 .text.TIM_ClearOC1Ref
                0x00000000       0x38 ..\obj\stm32f4xx_tim.o
 .text.TIM_ClearOC2Ref
                0x00000000       0x44 ..\obj\stm32f4xx_tim.o
 .text.TIM_ClearOC3Ref
                0x00000000       0x38 ..\obj\stm32f4xx_tim.o
 .text.TIM_ClearOC4Ref
                0x00000000       0x44 ..\obj\stm32f4xx_tim.o
 .text.TIM_OC1PolarityConfig
                0x00000000       0x38 ..\obj\stm32f4xx_tim.o
 .text.TIM_OC1NPolarityConfig
                0x00000000       0x38 ..\obj\stm32f4xx_tim.o
 .text.TIM_OC2PolarityConfig
                0x00000000       0x40 ..\obj\stm32f4xx_tim.o
 .text.TIM_OC2NPolarityConfig
                0x00000000       0x40 ..\obj\stm32f4xx_tim.o
 .text.TIM_OC3PolarityConfig
                0x00000000       0x40 ..\obj\stm32f4xx_tim.o
 .text.TIM_OC3NPolarityConfig
                0x00000000       0x40 ..\obj\stm32f4xx_tim.o
 .text.TIM_OC4PolarityConfig
                0x00000000       0x40 ..\obj\stm32f4xx_tim.o
 .text.TIM_CCxCmd
                0x00000000       0x5c ..\obj\stm32f4xx_tim.o
 .text.TIM_CCxNCmd
                0x00000000       0x5c ..\obj\stm32f4xx_tim.o
 .text.TIM_ICInit
                0x00000000       0xa8 ..\obj\stm32f4xx_tim.o
 .text.TIM_ICStructInit
                0x00000000       0x3c ..\obj\stm32f4xx_tim.o
 .text.TIM_PWMIConfig
                0x00000000       0xc4 ..\obj\stm32f4xx_tim.o
 .text.TIM_GetCapture1
                0x00000000       0x18 ..\obj\stm32f4xx_tim.o
 .text.TIM_GetCapture2
                0x00000000       0x18 ..\obj\stm32f4xx_tim.o
 .text.TIM_GetCapture3
                0x00000000       0x18 ..\obj\stm32f4xx_tim.o
 .text.TIM_GetCapture4
                0x00000000       0x18 ..\obj\stm32f4xx_tim.o
 .text.TIM_SetIC1Prescaler
                0x00000000       0x38 ..\obj\stm32f4xx_tim.o
 .text.TIM_SetIC2Prescaler
                0x00000000       0x3c ..\obj\stm32f4xx_tim.o
 .text.TIM_SetIC3Prescaler
                0x00000000       0x38 ..\obj\stm32f4xx_tim.o
 .text.TIM_SetIC4Prescaler
                0x00000000       0x3c ..\obj\stm32f4xx_tim.o
 .text.TIM_BDTRConfig
                0x00000000       0x50 ..\obj\stm32f4xx_tim.o
 .text.TIM_BDTRStructInit
                0x00000000       0x4c ..\obj\stm32f4xx_tim.o
 .text.TIM_CtrlPWMOutputs
                0x00000000       0x50 ..\obj\stm32f4xx_tim.o
 .text.TIM_SelectCOM
                0x00000000       0x40 ..\obj\stm32f4xx_tim.o
 .text.TIM_CCPreloadControl
                0x00000000       0x40 ..\obj\stm32f4xx_tim.o
 .text.TIM_ITConfig
                0x00000000       0x48 ..\obj\stm32f4xx_tim.o
 .text.TIM_GenerateEvent
                0x00000000       0x1c ..\obj\stm32f4xx_tim.o
 .text.TIM_GetFlagStatus
                0x00000000       0x40 ..\obj\stm32f4xx_tim.o
 .text.TIM_ClearFlag
                0x00000000       0x24 ..\obj\stm32f4xx_tim.o
 .text.TIM_GetITStatus
                0x00000000       0x60 ..\obj\stm32f4xx_tim.o
 .text.TIM_ClearITPendingBit
                0x00000000       0x24 ..\obj\stm32f4xx_tim.o
 .text.TIM_DMAConfig
                0x00000000       0x28 ..\obj\stm32f4xx_tim.o
 .text.TIM_DMACmd
                0x00000000       0x48 ..\obj\stm32f4xx_tim.o
 .text.TIM_SelectCCDMA
                0x00000000       0x40 ..\obj\stm32f4xx_tim.o
 .text.TIM_InternalClockConfig
                0x00000000       0x24 ..\obj\stm32f4xx_tim.o
 .text.TIM_ITRxExternalClockConfig
                0x00000000       0x30 ..\obj\stm32f4xx_tim.o
 .text.TIM_TIxExternalClockConfig
                0x00000000       0x58 ..\obj\stm32f4xx_tim.o
 .text.TIM_ETRClockMode1Config
                0x00000000       0x54 ..\obj\stm32f4xx_tim.o
 .text.TIM_ETRClockMode2Config
                0x00000000       0x34 ..\obj\stm32f4xx_tim.o
 .text.TIM_SelectInputTrigger
                0x00000000       0x38 ..\obj\stm32f4xx_tim.o
 .text.TIM_SelectOutputTrigger
                0x00000000       0x38 ..\obj\stm32f4xx_tim.o
 .text.TIM_SelectSlaveMode
                0x00000000       0x38 ..\obj\stm32f4xx_tim.o
 .text.TIM_SelectMasterSlaveMode
                0x00000000       0x38 ..\obj\stm32f4xx_tim.o
 .text.TIM_ETRConfig
                0x00000000       0x4c ..\obj\stm32f4xx_tim.o
 .text.TIM_EncoderInterfaceConfig
                0x00000000       0x94 ..\obj\stm32f4xx_tim.o
 .text.TIM_SelectHallSensor
                0x00000000       0x40 ..\obj\stm32f4xx_tim.o
 .text.TIM_RemapConfig
                0x00000000       0x20 ..\obj\stm32f4xx_tim.o
 .text.TI1_Config
                0x00000000       0x80 ..\obj\stm32f4xx_tim.o
 .text.TI2_Config
                0x00000000       0x9c ..\obj\stm32f4xx_tim.o
 .text.TI3_Config
                0x00000000       0x8c ..\obj\stm32f4xx_tim.o
 .text.TI4_Config
                0x00000000       0xa4 ..\obj\stm32f4xx_tim.o

Memory Configuration

Name             Origin             Length             Attributes
rom              0x08000000         0x00100000         xr
ram              0x20000000         0x00020000         xrw
ram1             0x10000000         0x00010000         xrw
*default*        0x00000000         0xffffffff

Linker script and memory map

                0x20020000                _eram = 0x20020000

.text           0x08000000     0x2058
 *(.isr_vector .isr_vector.*)
 .isr_vector    0x08000000      0x188 ..\obj\startup_stm32f4xx.o
                0x08000000                g_pfnVectors
 *(.text .text.* .gnu.linkonce.t.*)
 .text.SYSCFG_EXTILineConfig
                0x08000188       0xb0 ..\obj\stm32f4xx_syscfg.o
                0x08000188                SYSCFG_EXTILineConfig
 .text.NVIC_SetPriority
                0x08000238       0x5c ..\obj\TibuBoard.o
 .text.SysTick_Config
                0x08000294       0x64 ..\obj\TibuBoard.o
 .text.TibuBoard_InitLED
                0x080002f8       0x6c ..\obj\TibuBoard.o
                0x080002f8                TibuBoard_InitLED
 .text.TibuBoard_LEDOn
                0x08000364       0x38 ..\obj\TibuBoard.o
                0x08000364                TibuBoard_LEDOn
 .text.TibuBoard_LEDOff
                0x0800039c       0x38 ..\obj\TibuBoard.o
                0x0800039c                TibuBoard_LEDOff
 .text.TibuBoard_LEDToggle
                0x080003d4       0x38 ..\obj\TibuBoard.o
                0x080003d4                TibuBoard_LEDToggle
 .text.TibuBoard_InitAllLEDs
                0x0800040c       0x80 ..\obj\TibuBoard.o
                0x0800040c                TibuBoard_InitAllLEDs
 .text.TibuBoard_LEDOnAll
                0x0800048c       0x48 ..\obj\TibuBoard.o
                0x0800048c                TibuBoard_LEDOnAll
 .text.TibuBoard_LEDOffAll
                0x080004d4       0x48 ..\obj\TibuBoard.o
                0x080004d4                TibuBoard_LEDOffAll
 .text.TibuBoard_LEDToggleAll
                0x0800051c       0x48 ..\obj\TibuBoard.o
                0x0800051c                TibuBoard_LEDToggleAll
 .text.TibuBoard_InitPushButton
                0x08000564       0x60 ..\obj\TibuBoard.o
                0x08000564                TibuBoard_InitPushButton
 .text.TibuBoard_attachButtonInterrupt
                0x080005c4       0xa8 ..\obj\TibuBoard.o
                0x080005c4                TibuBoard_attachButtonInterrupt
 .text.TibuBoard_InitAllPushButton
                0x0800066c       0x80 ..\obj\TibuBoard.o
                0x0800066c                TibuBoard_InitAllPushButton
 .text.TibuBoard_GetStatePushButton
                0x080006ec       0x3c ..\obj\TibuBoard.o
                0x080006ec                TibuBoard_GetStatePushButton
 .text.InitTibuBoard
                0x08000728       0xa4 ..\obj\TibuBoard.o
                0x08000728                InitTibuBoard
 .text.SysTickConfig
                0x080007cc       0x3c ..\obj\TibuBoard.o
                0x080007cc                SysTickConfig
 .text.delay    0x08000808       0x58 ..\obj\TibuBoard.o
                0x08000808                delay
 .text.blink    0x08000860       0x18 ..\obj\ArduinoStyle.o
                0x08000860                blink
 .text.setup    0x08000878       0x88 ..\obj\ArduinoStyle.o
                0x08000878                setup
 .text.loop     0x08000900      0x134 ..\obj\ArduinoStyle.o
                0x08000900                loop
 .text.Default_Reset_Handler
                0x08000a34       0x6c ..\obj\startup_stm32f4xx.o
                0x08000a34                Default_Reset_Handler
                0x08000a34                Reset_Handler
 .text.Default_Handler
                0x08000aa0        0x8 ..\obj\startup_stm32f4xx.o
                0x08000aa0                RTC_Alarm_IRQHandler
                0x08000aa0                HASH_RNG_IRQHandler
                0x08000aa0                TIM8_CC_IRQHandler
                0x08000aa0                TIM1_CC_IRQHandler
                0x08000aa0                DMA2_Stream5_IRQHandler
                0x08000aa0                DMA1_Stream5_IRQHandler
                0x08000aa0                PVD_IRQHandler
                0x08000aa0                SDIO_IRQHandler
                0x08000aa0                TAMP_STAMP_IRQHandler
                0x08000aa0                CAN2_RX1_IRQHandler
                0x08000aa0                EXTI3_IRQHandler
                0x08000aa0                TIM8_TRG_COM_TIM14_IRQHandler
                0x08000aa0                TIM1_UP_TIM10_IRQHandler
                0x08000aa0                TIM8_UP_TIM13_IRQHandler
                0x08000aa0                I2C3_ER_IRQHandler
                0x08000aa0                I2C2_EV_IRQHandler
                0x08000aa0                DMA1_Stream2_IRQHandler
                0x08000aa0                CAN1_RX0_IRQHandler
                0x08000aa0                FPU_IRQHandler
                0x08000aa0                OTG_HS_WKUP_IRQHandler
                0x08000aa0                CAN2_SCE_IRQHandler
                0x08000aa0                DMA2_Stream2_IRQHandler
                0x08000aa0                SPI1_IRQHandler
                0x08000aa0                TIM6_DAC_IRQHandler
                0x08000aa0                TIM1_BRK_TIM9_IRQHandler
                0x08000aa0                DCMI_IRQHandler
                0x08000aa0                CAN2_RX0_IRQHandler
                0x08000aa0                DMA2_Stream3_IRQHandler
                0x08000aa0                USART6_IRQHandler
                0x08000aa0                USART3_IRQHandler
                0x08000aa0                CRYP_IRQHandler
                0x08000aa0                CAN1_RX1_IRQHandler
                0x08000aa0                UART5_IRQHandler
                0x08000aa0                DMA2_Stream0_IRQHandler
                0x08000aa0                TIM4_IRQHandler
                0x08000aa0                I2C1_EV_IRQHandler
                0x08000aa0                DMA1_Stream6_IRQHandler
                0x08000aa0                DMA1_Stream1_IRQHandler
                0x08000aa0                UART4_IRQHandler
                0x08000aa0                TIM3_IRQHandler
                0x08000aa0                RCC_IRQHandler
                0x08000aa0                TIM8_BRK_TIM12_IRQHandler
                0x08000aa0                EXTI15_10_IRQHandler
                0x08000aa0                ADC_IRQHandler
                0x08000aa0                DMA1_Stream7_IRQHandler
                0x08000aa0                TIM7_IRQHandler
                0x08000aa0                CAN2_TX_IRQHandler
                0x08000aa0                TIM5_IRQHandler
                0x08000aa0                DMA2_Stream7_IRQHandler
                0x08000aa0                I2C3_EV_IRQHandler
                0x08000aa0                EXTI9_5_IRQHandler
                0x08000aa0                RTC_WKUP_IRQHandler
                0x08000aa0                ETH_WKUP_IRQHandler
                0x08000aa0                SPI2_IRQHandler
                0x08000aa0                OTG_HS_EP1_IN_IRQHandler
                0x08000aa0                DMA1_Stream0_IRQHandler
                0x08000aa0                CAN1_TX_IRQHandler
                0x08000aa0                FSMC_IRQHandler
                0x08000aa0                ETH_IRQHandler
                0x08000aa0                OTG_HS_EP1_OUT_IRQHandler
                0x08000aa0                WWDG_IRQHandler
                0x08000aa0                TIM2_IRQHandler
                0x08000aa0                OTG_FS_WKUP_IRQHandler
                0x08000aa0                TIM1_TRG_COM_TIM11_IRQHandler
                0x08000aa0                OTG_HS_IRQHandler
                0x08000aa0                EXTI1_IRQHandler
                0x08000aa0                USART2_IRQHandler
                0x08000aa0                I2C2_ER_IRQHandler
                0x08000aa0                DMA2_Stream1_IRQHandler
                0x08000aa0                CAN1_SCE_IRQHandler
                0x08000aa0                FLASH_IRQHandler
                0x08000aa0                DMA2_Stream4_IRQHandler
                0x08000aa0                USART1_IRQHandler
                0x08000aa0                OTG_FS_IRQHandler
                0x08000aa0                SPI3_IRQHandler
                0x08000aa0                DMA1_Stream4_IRQHandler
                0x08000aa0                I2C1_ER_IRQHandler
                0x08000aa0                DMA2_Stream6_IRQHandler
                0x08000aa0                DMA1_Stream3_IRQHandler
 .text.main     0x08000aa8       0x1c ..\obj\main.o
                0x08000aa8                main
 .text.RCC_AHB1PeriphClockCmd
                0x08000ac4       0x54 ..\obj\stm32f4xx_rcc.o
                0x08000ac4                RCC_AHB1PeriphClockCmd
 .text.RCC_APB1PeriphClockCmd
                0x08000b18       0x54 ..\obj\stm32f4xx_rcc.o
                0x08000b18                RCC_APB1PeriphClockCmd
 .text.RCC_APB2PeriphClockCmd
                0x08000b6c       0x54 ..\obj\stm32f4xx_rcc.o
                0x08000b6c                RCC_APB2PeriphClockCmd
 .text.NMI_Handler
                0x08000bc0        0xc ..\obj\stm32f4xx_it.o
                0x08000bc0                NMI_Handler
 .text.HardFault_Handler
                0x08000bcc        0x8 ..\obj\stm32f4xx_it.o
                0x08000bcc                HardFault_Handler
 .text.MemManage_Handler
                0x08000bd4        0x8 ..\obj\stm32f4xx_it.o
                0x08000bd4                MemManage_Handler
 .text.BusFault_Handler
                0x08000bdc        0x8 ..\obj\stm32f4xx_it.o
                0x08000bdc                BusFault_Handler
 .text.UsageFault_Handler
                0x08000be4        0x8 ..\obj\stm32f4xx_it.o
                0x08000be4                UsageFault_Handler
 .text.SVC_Handler
                0x08000bec        0xc ..\obj\stm32f4xx_it.o
                0x08000bec                SVC_Handler
 .text.DebugMon_Handler
                0x08000bf8        0xc ..\obj\stm32f4xx_it.o
                0x08000bf8                DebugMon_Handler
 .text.PendSV_Handler
                0x08000c04        0xc ..\obj\stm32f4xx_it.o
                0x08000c04                PendSV_Handler
 .text.SysTick_Handler
                0x08000c10       0x24 ..\obj\stm32f4xx_it.o
                0x08000c10                SysTick_Handler
 .text.EXTI0_IRQHandler
                0x08000c34        0xc ..\obj\stm32f4xx_it.o
                0x08000c34                EXTI0_IRQHandler
 .text.EXTI2_IRQHandler
                0x08000c40       0x50 ..\obj\stm32f4xx_it.o
                0x08000c40                EXTI2_IRQHandler
 .text.EXTI4_IRQHandler
                0x08000c90       0x38 ..\obj\stm32f4xx_it.o
                0x08000c90                EXTI4_IRQHandler
 .text.pinMode  0x08000cc8      0x118 ..\obj\BasicFunctions.o
                0x08000cc8                pinMode
 .text.digitalWrite
                0x08000de0      0x14c ..\obj\BasicFunctions.o
                0x08000de0                digitalWrite
 .text.digitalRead
                0x08000f2c       0x38 ..\obj\BasicFunctions.o
                0x08000f2c                digitalRead
 .text.analogWrite
                0x08000f64       0x94 ..\obj\BasicFunctions.o
                0x08000f64                analogWrite
 .text.Init_PWMPins
                0x08000ff8      0x19c ..\obj\BasicFunctions.o
                0x08000ff8                Init_PWMPins
 .text.GPIO_Init
                0x08001194      0x144 ..\obj\stm32f4xx_gpio.o
                0x08001194                GPIO_Init
 .text.GPIO_ReadInputDataBit
                0x080012d8       0x3c ..\obj\stm32f4xx_gpio.o
                0x080012d8                GPIO_ReadInputDataBit
 .text.GPIO_SetBits
                0x08001314       0x1c ..\obj\stm32f4xx_gpio.o
                0x08001314                GPIO_SetBits
 .text.GPIO_ResetBits
                0x08001330       0x1c ..\obj\stm32f4xx_gpio.o
                0x08001330                GPIO_ResetBits
 .text.GPIO_ToggleBits
                0x0800134c       0x24 ..\obj\stm32f4xx_gpio.o
                0x0800134c                GPIO_ToggleBits
 .text.GPIO_PinAFConfig
                0x08001370       0xa8 ..\obj\stm32f4xx_gpio.o
                0x08001370                GPIO_PinAFConfig
 .text.SystemInit
                0x08001418       0x94 ..\obj\system_stm32f4xx.o
                0x08001418                SystemInit
 .text.SetSysClock
                0x080014ac      0x188 ..\obj\system_stm32f4xx.o
 .text.EXTI_Init
                0x08001634      0x138 ..\obj\stm32f4xx_exti.o
                0x08001634                EXTI_Init
 .text.EXTI_GetITStatus
                0x0800176c       0x58 ..\obj\stm32f4xx_exti.o
                0x0800176c                EXTI_GetITStatus
 .text.EXTI_ClearITPendingBit
                0x080017c4       0x20 ..\obj\stm32f4xx_exti.o
                0x080017c4                EXTI_ClearITPendingBit
 .text.NVIC_Init
                0x080017e4       0xe4 ..\obj\misc.o
                0x080017e4                NVIC_Init
 .text.TIM_TimeBaseInit
                0x080018c8       0xf4 ..\obj\stm32f4xx_tim.o
                0x080018c8                TIM_TimeBaseInit
 .text.TIM_ARRPreloadConfig
                0x080019bc       0x40 ..\obj\stm32f4xx_tim.o
                0x080019bc                TIM_ARRPreloadConfig
 .text.TIM_Cmd  0x080019fc       0x40 ..\obj\stm32f4xx_tim.o
                0x080019fc                TIM_Cmd
 .text.TIM_OC1Init
                0x08001a3c       0xfc ..\obj\stm32f4xx_tim.o
                0x08001a3c                TIM_OC1Init
 .text.TIM_OC2Init
                0x08001b38      0x128 ..\obj\stm32f4xx_tim.o
                0x08001b38                TIM_OC2Init
 .text.TIM_OC3Init
                0x08001c60      0x120 ..\obj\stm32f4xx_tim.o
                0x08001c60                TIM_OC3Init
 .text.TIM_OC4Init
                0x08001d80       0xe0 ..\obj\stm32f4xx_tim.o
                0x08001d80                TIM_OC4Init
 .text.TIM_OC1PreloadConfig
                0x08001e60       0x38 ..\obj\stm32f4xx_tim.o
                0x08001e60                TIM_OC1PreloadConfig
 .text.TIM_OC2PreloadConfig
                0x08001e98       0x40 ..\obj\stm32f4xx_tim.o
                0x08001e98                TIM_OC2PreloadConfig
 .text.TIM_OC3PreloadConfig
                0x08001ed8       0x38 ..\obj\stm32f4xx_tim.o
                0x08001ed8                TIM_OC3PreloadConfig
 .text.TIM_OC4PreloadConfig
                0x08001f10       0x40 ..\obj\stm32f4xx_tim.o
                0x08001f10                TIM_OC4PreloadConfig
 *(.glue_7t)
 .glue_7t       0x00000000        0x0 linker stubs
 *(.glue_7)
 .glue_7        0x00000000        0x0 linker stubs
 *(.rodata .rodata* .gnu.linkonce.r.*)
 .rodata        0x08001f50       0x40 ..\obj\TibuBoard.o
                0x08001f50                GPIO_PIN
                0x08001f58                GPIO_CLK
                0x08001f68                BUTTON_PIN
                0x08001f70                BUTTON_CLK
                0x08001f7c                BUTTON_EXTI_LINE
                0x08001f84                BUTTON_PORT_SOURCE
                0x08001f88                BUTTON_PIN_SOURCE
                0x08001f8c                BUTTON_IRQn
 .rodata        0x08001f90       0xc8 ..\obj\BasicFunctions.o
                0x08001f90                GPIOPIN_PIN
                0x08001fb8                GPIOPIN_CLK
                0x08002008                GPIO_SOURCE

.vfp11_veneer   0x08002058        0x0
 .vfp11_veneer  0x00000000        0x0 linker stubs

.v4_bx          0x08002058        0x0
 .v4_bx         0x00000000        0x0 linker stubs

.iplt           0x08002058        0x0
 .iplt          0x00000000        0x0 ..\obj\stm32f4xx_syscfg.o

.rel.dyn        0x08002058        0x0
 .rel.iplt      0x00000000        0x0 ..\obj\stm32f4xx_syscfg.o

.ARM.extab
 *(.ARM.extab* .gnu.linkonce.armextab.*)
                0x08002058                __exidx_start = .

.ARM.exidx
 *(.ARM.exidx* .gnu.linkonce.armexidx.*)
                0x08002058                __exidx_end = .
                0x08002058                . = ALIGN (0x4)
                0x08002058                _etext = .
                0x08002058                _sidata = .

.data           0x20000000       0x80 load address 0x08002058
                0x20000000                _sdata = .
 *(.data .data.*)
 .data          0x20000000       0x1c ..\obj\TibuBoard.o
                0x20000000                GPIO_PORT
                0x20000010                BUTTON_PORT
 .data          0x2000001c       0x50 ..\obj\BasicFunctions.o
                0x2000001c                GPIOPIN_PORT
 .data          0x2000006c       0x14 ..\obj\system_stm32f4xx.o
                0x2000006c                SystemCoreClock
                0x20000070                AHBPrescTable
                0x20000080                . = ALIGN (0x4)
                0x20000080                _edata = .

.igot.plt       0x20000080        0x0 load address 0x080020d8
 .igot.plt      0x00000000        0x0 ..\obj\stm32f4xx_syscfg.o

.bss            0x20000080       0x68 load address 0x080020d8
                0x20000080                _sbss = .
 *(.bss .bss.*)
 .bss           0x20000080        0x4 ..\obj\TibuBoard.o
                0x20000080                Counter
 .bss           0x20000084        0x8 ..\obj\ArduinoStyle.o
                0x20000084                On
                0x20000088                fade
 *(COMMON)
 COMMON         0x2000008c        0xc ..\obj\TibuBoard.o
                0x2000008c                ButtonInt
 COMMON         0x20000098       0x30 ..\obj\ArduinoStyle.o
                0x20000098                Tibu
 COMMON         0x200000c8       0x20 ..\obj\BasicFunctions.o
                0x200000c8                TIM_TimeBaseStructure
                0x200000d4                TIM_OCInitStructure
                0x200000e8                . = ALIGN (0x4)
                0x200000e8                _ebss = .

.co_stack       0x200000e8      0x800 load address 0x08002140
                0x200000e8                . = ALIGN (0x8)
 *(.co_stack .co_stack.*)
 .co_stack      0x200000e8      0x800 ..\obj\startup_stm32f4xx.o
                0x200000e8                pulStack
                0x200008e8                . = ALIGN (0x4)
                0x200008e8                _end = .
LOAD ..\obj\stm32f4xx_syscfg.o
LOAD ..\obj\TibuBoard.o
LOAD ..\obj\ArduinoStyle.o
LOAD ..\obj\startup_stm32f4xx.o
LOAD ..\obj\main.o
LOAD ..\obj\stm32f4xx_rcc.o
LOAD ..\obj\stm32f4xx_it.o
LOAD ..\obj\BasicFunctions.o
LOAD ..\obj\stm32f4xx_gpio.o
LOAD ..\obj\system_stm32f4xx.o
LOAD ..\obj\syscalls.o
LOAD ..\obj\stm32f4xx_exti.o
LOAD ..\obj\misc.o
LOAD ..\obj\stm32f4xx_tim.o
START GROUP
LOAD c:/program files (x86)/gnu tools arm embedded/4.7 2012q4/bin/../lib/gcc/arm-none-eabi/4.7.3/armv7e-m\libgcc.a
LOAD c:/program files (x86)/gnu tools arm embedded/4.7 2012q4/bin/../lib/gcc/arm-none-eabi/4.7.3/../../../../arm-none-eabi/lib/armv7e-m\libg.a
LOAD c:/program files (x86)/gnu tools arm embedded/4.7 2012q4/bin/../lib/gcc/arm-none-eabi/4.7.3/../../../../arm-none-eabi/lib/armv7e-m\libc.a
END GROUP
OUTPUT(TibuBoard_Demo.elf elf32-littlearm)

.debug_info     0x00000000     0x6179
 .debug_info    0x00000000      0x279 ..\obj\stm32f4xx_syscfg.o
 .debug_info    0x00000279      0xf41 ..\obj\TibuBoard.o
 .debug_info    0x000011ba      0x2ce ..\obj\ArduinoStyle.o
 .debug_info    0x00001488      0x103 ..\obj\startup_stm32f4xx.o
 .debug_info    0x0000158b       0xab ..\obj\main.o
 .debug_info    0x00001636      0xd49 ..\obj\stm32f4xx_rcc.o
 .debug_info    0x0000237f      0x221 ..\obj\stm32f4xx_it.o
 .debug_info    0x000025a0      0x822 ..\obj\BasicFunctions.o
 .debug_info    0x00002dc2      0x640 ..\obj\stm32f4xx_gpio.o
 .debug_info    0x00003402      0x5f5 ..\obj\system_stm32f4xx.o
 .debug_info    0x000039f7      0x373 ..\obj\stm32f4xx_exti.o
 .debug_info    0x00003d6a      0x592 ..\obj\misc.o
 .debug_info    0x000042fc     0x1e7d ..\obj\stm32f4xx_tim.o

.debug_abbrev   0x00000000     0x1166
 .debug_abbrev  0x00000000      0x133 ..\obj\stm32f4xx_syscfg.o
 .debug_abbrev  0x00000133      0x245 ..\obj\TibuBoard.o
 .debug_abbrev  0x00000378      0x118 ..\obj\ArduinoStyle.o
 .debug_abbrev  0x00000490       0xb2 ..\obj\startup_stm32f4xx.o
 .debug_abbrev  0x00000542       0x69 ..\obj\main.o
 .debug_abbrev  0x000005ab      0x1e5 ..\obj\stm32f4xx_rcc.o
 .debug_abbrev  0x00000790       0xef ..\obj\stm32f4xx_it.o
 .debug_abbrev  0x0000087f      0x1b1 ..\obj\BasicFunctions.o
 .debug_abbrev  0x00000a30      0x1a5 ..\obj\stm32f4xx_gpio.o
 .debug_abbrev  0x00000bd5      0x138 ..\obj\system_stm32f4xx.o
 .debug_abbrev  0x00000d0d      0x1a7 ..\obj\stm32f4xx_exti.o
 .debug_abbrev  0x00000eb4      0x129 ..\obj\misc.o
 .debug_abbrev  0x00000fdd      0x189 ..\obj\stm32f4xx_tim.o

.debug_loc      0x00000000     0x2dbc
 .debug_loc     0x00000000      0x144 ..\obj\stm32f4xx_syscfg.o
 .debug_loc     0x00000144      0x3ac ..\obj\TibuBoard.o
 .debug_loc     0x000004f0       0x9c ..\obj\ArduinoStyle.o
 .debug_loc     0x0000058c       0x64 ..\obj\startup_stm32f4xx.o
 .debug_loc     0x000005f0       0x2c ..\obj\main.o
 .debug_loc     0x0000061c      0x97c ..\obj\stm32f4xx_rcc.o
 .debug_loc     0x00000f98      0x210 ..\obj\stm32f4xx_it.o
 .debug_loc     0x000011a8      0x17c ..\obj\BasicFunctions.o
 .debug_loc     0x00001324      0x310 ..\obj\stm32f4xx_gpio.o
 .debug_loc     0x00001634       0x9c ..\obj\system_stm32f4xx.o
 .debug_loc     0x000016d0      0x1b4 ..\obj\stm32f4xx_exti.o
 .debug_loc     0x00001884      0x118 ..\obj\misc.o
 .debug_loc     0x0000199c     0x1420 ..\obj\stm32f4xx_tim.o

.debug_aranges  0x00000000      0x7e8
 .debug_aranges
                0x00000000       0x48 ..\obj\stm32f4xx_syscfg.o
 .debug_aranges
                0x00000048       0xa0 ..\obj\TibuBoard.o
 .debug_aranges
                0x000000e8       0x30 ..\obj\ArduinoStyle.o
 .debug_aranges
                0x00000118       0x28 ..\obj\startup_stm32f4xx.o
 .debug_aranges
                0x00000140       0x20 ..\obj\main.o
 .debug_aranges
                0x00000160      0x178 ..\obj\stm32f4xx_rcc.o
 .debug_aranges
                0x000002d8       0x78 ..\obj\stm32f4xx_it.o
 .debug_aranges
                0x00000350       0x50 ..\obj\BasicFunctions.o
 .debug_aranges
                0x000003a0       0x88 ..\obj\stm32f4xx_gpio.o
 .debug_aranges
                0x00000428       0x30 ..\obj\system_stm32f4xx.o
 .debug_aranges
                0x00000458       0x58 ..\obj\stm32f4xx_exti.o
 .debug_aranges
                0x000004b0       0x40 ..\obj\misc.o
 .debug_aranges
                0x000004f0      0x2f8 ..\obj\stm32f4xx_tim.o

.debug_ranges   0x00000000      0x718
 .debug_ranges  0x00000000       0x38 ..\obj\stm32f4xx_syscfg.o
 .debug_ranges  0x00000038       0x90 ..\obj\TibuBoard.o
 .debug_ranges  0x000000c8       0x20 ..\obj\ArduinoStyle.o
 .debug_ranges  0x000000e8       0x18 ..\obj\startup_stm32f4xx.o
 .debug_ranges  0x00000100       0x10 ..\obj\main.o
 .debug_ranges  0x00000110      0x168 ..\obj\stm32f4xx_rcc.o
 .debug_ranges  0x00000278       0x68 ..\obj\stm32f4xx_it.o
 .debug_ranges  0x000002e0       0x40 ..\obj\BasicFunctions.o
 .debug_ranges  0x00000320       0x78 ..\obj\stm32f4xx_gpio.o
 .debug_ranges  0x00000398       0x20 ..\obj\system_stm32f4xx.o
 .debug_ranges  0x000003b8       0x48 ..\obj\stm32f4xx_exti.o
 .debug_ranges  0x00000400       0x30 ..\obj\misc.o
 .debug_ranges  0x00000430      0x2e8 ..\obj\stm32f4xx_tim.o

.debug_line     0x00000000     0x28c0
 .debug_line    0x00000000      0x1ee ..\obj\stm32f4xx_syscfg.o
 .debug_line    0x000001ee      0x41c ..\obj\TibuBoard.o
 .debug_line    0x0000060a      0x1ee ..\obj\ArduinoStyle.o
 .debug_line    0x000007f8       0xa2 ..\obj\startup_stm32f4xx.o
 .debug_line    0x0000089a      0x132 ..\obj\main.o
 .debug_line    0x000009cc      0x572 ..\obj\stm32f4xx_rcc.o
 .debug_line    0x00000f3e      0x289 ..\obj\stm32f4xx_it.o
 .debug_line    0x000011c7      0x33d ..\obj\BasicFunctions.o
 .debug_line    0x00001504      0x316 ..\obj\stm32f4xx_gpio.o
 .debug_line    0x0000181a      0x1be ..\obj\system_stm32f4xx.o
 .debug_line    0x000019d8      0x27c ..\obj\stm32f4xx_exti.o
 .debug_line    0x00001c54      0x21c ..\obj\misc.o
 .debug_line    0x00001e70      0xa50 ..\obj\stm32f4xx_tim.o

.debug_str      0x00000000     0x2840
 .debug_str     0x00000000      0x256 ..\obj\stm32f4xx_syscfg.o
                                0x2a3 (size before relaxing)
 .debug_str     0x00000256      0xbe8 ..\obj\TibuBoard.o
                                0xd4f (size before relaxing)
 .debug_str     0x00000e3e       0x6d ..\obj\ArduinoStyle.o
                                0x248 (size before relaxing)
 .debug_str     0x00000eab       0xb1 ..\obj\startup_stm32f4xx.o
                                0x115 (size before relaxing)
 .debug_str     0x00000f5c       0x35 ..\obj\main.o
                                0x120 (size before relaxing)
 .debug_str     0x00000f91      0x651 ..\obj\stm32f4xx_rcc.o
                                0x7f4 (size before relaxing)
 .debug_str     0x000015e2      0x106 ..\obj\stm32f4xx_it.o
                                0x245 (size before relaxing)
 .debug_str     0x000016e8      0x2e4 ..\obj\BasicFunctions.o
                                0x64a (size before relaxing)
 .debug_str     0x000019cc      0x19e ..\obj\stm32f4xx_gpio.o
                                0x447 (size before relaxing)
 .debug_str     0x00001b6a       0xb5 ..\obj\system_stm32f4xx.o
                                0x34e (size before relaxing)
 .debug_str     0x00001c1f      0x10e ..\obj\stm32f4xx_exti.o
                                0x312 (size before relaxing)
 .debug_str     0x00001d2d      0x114 ..\obj\misc.o
                                0x37d (size before relaxing)
 .debug_str     0x00001e41      0x9ff ..\obj\stm32f4xx_tim.o
                                0xd74 (size before relaxing)

.comment        0x00000000       0x70
 .comment       0x00000000       0x70 ..\obj\stm32f4xx_syscfg.o
                                 0x71 (size before relaxing)
 .comment       0x00000000       0x71 ..\obj\TibuBoard.o
 .comment       0x00000000       0x71 ..\obj\ArduinoStyle.o
 .comment       0x00000000       0x71 ..\obj\startup_stm32f4xx.o
 .comment       0x00000000       0x71 ..\obj\main.o
 .comment       0x00000000       0x71 ..\obj\stm32f4xx_rcc.o
 .comment       0x00000000       0x71 ..\obj\stm32f4xx_it.o
 .comment       0x00000000       0x71 ..\obj\BasicFunctions.o
 .comment       0x00000000       0x71 ..\obj\stm32f4xx_gpio.o
 .comment       0x00000000       0x71 ..\obj\system_stm32f4xx.o
 .comment       0x00000000       0x71 ..\obj\stm32f4xx_exti.o
 .comment       0x00000000       0x71 ..\obj\misc.o
 .comment       0x00000000       0x71 ..\obj\stm32f4xx_tim.o

.ARM.attributes
                0x00000000       0x33
 .ARM.attributes
                0x00000000       0x33 ..\obj\stm32f4xx_syscfg.o
 .ARM.attributes
                0x00000033       0x33 ..\obj\TibuBoard.o
 .ARM.attributes
                0x00000066       0x33 ..\obj\ArduinoStyle.o
 .ARM.attributes
                0x00000099       0x33 ..\obj\startup_stm32f4xx.o
 .ARM.attributes
                0x000000cc       0x33 ..\obj\main.o
 .ARM.attributes
                0x000000ff       0x33 ..\obj\stm32f4xx_rcc.o
 .ARM.attributes
                0x00000132       0x33 ..\obj\stm32f4xx_it.o
 .ARM.attributes
                0x00000165       0x33 ..\obj\BasicFunctions.o
 .ARM.attributes
                0x00000198       0x33 ..\obj\stm32f4xx_gpio.o
 .ARM.attributes
                0x000001cb       0x33 ..\obj\system_stm32f4xx.o
 .ARM.attributes
                0x000001fe       0x33 ..\obj\stm32f4xx_exti.o
 .ARM.attributes
                0x00000231       0x33 ..\obj\misc.o
 .ARM.attributes
                0x00000264       0x33 ..\obj\stm32f4xx_tim.o

.debug_frame    0x00000000     0x1870
 .debug_frame   0x00000000       0xbc ..\obj\stm32f4xx_syscfg.o
 .debug_frame   0x000000bc      0x220 ..\obj\TibuBoard.o
 .debug_frame   0x000002dc       0x6c ..\obj\ArduinoStyle.o
 .debug_frame   0x00000348       0x48 ..\obj\startup_stm32f4xx.o
 .debug_frame   0x00000390       0x2c ..\obj\main.o
 .debug_frame   0x000003bc      0x4d8 ..\obj\stm32f4xx_rcc.o
 .debug_frame   0x00000894      0x138 ..\obj\stm32f4xx_it.o
 .debug_frame   0x000009cc       0xe0 ..\obj\BasicFunctions.o
 .debug_frame   0x00000aac      0x19c ..\obj\stm32f4xx_gpio.o
 .debug_frame   0x00000c48       0x64 ..\obj\system_stm32f4xx.o
 .debug_frame   0x00000cac       0xec ..\obj\stm32f4xx_exti.o
 .debug_frame   0x00000d98       0x9c ..\obj\misc.o
 .debug_frame   0x00000e34      0xa3c ..\obj\stm32f4xx_tim.o
