Archive member included because of file (symbol)

c:/program files (x86)/gnu tools arm embedded/4.7 2012q4/bin/../lib/gcc/arm-none-eabi/4.7.3/../../../../arm-none-eabi/lib/armv7e-m\libg.a(lib_a-malloc.o)
                              ..\obj\ArduinoStyle.o (malloc)
c:/program files (x86)/gnu tools arm embedded/4.7 2012q4/bin/../lib/gcc/arm-none-eabi/4.7.3/../../../../arm-none-eabi/lib/armv7e-m\libg.a(lib_a-mallocr.o)
                              c:/program files (x86)/gnu tools arm embedded/4.7 2012q4/bin/../lib/gcc/arm-none-eabi/4.7.3/../../../../arm-none-eabi/lib/armv7e-m\libg.a(lib_a-malloc.o) (_malloc_r)
c:/program files (x86)/gnu tools arm embedded/4.7 2012q4/bin/../lib/gcc/arm-none-eabi/4.7.3/../../../../arm-none-eabi/lib/armv7e-m\libg.a(lib_a-mlock.o)
                              c:/program files (x86)/gnu tools arm embedded/4.7 2012q4/bin/../lib/gcc/arm-none-eabi/4.7.3/../../../../arm-none-eabi/lib/armv7e-m\libg.a(lib_a-mallocr.o) (__malloc_lock)
c:/program files (x86)/gnu tools arm embedded/4.7 2012q4/bin/../lib/gcc/arm-none-eabi/4.7.3/../../../../arm-none-eabi/lib/armv7e-m\libg.a(lib_a-sbrkr.o)
                              c:/program files (x86)/gnu tools arm embedded/4.7 2012q4/bin/../lib/gcc/arm-none-eabi/4.7.3/../../../../arm-none-eabi/lib/armv7e-m\libg.a(lib_a-mallocr.o) (_sbrk_r)
c:/program files (x86)/gnu tools arm embedded/4.7 2012q4/bin/../lib/gcc/arm-none-eabi/4.7.3/../../../../arm-none-eabi/lib/armv7e-m\libg.a(lib_a-strcpy.o)
                              ..\obj\USBSerial.o (strcpy)
c:/program files (x86)/gnu tools arm embedded/4.7 2012q4/bin/../lib/gcc/arm-none-eabi/4.7.3/../../../../arm-none-eabi/lib/armv7e-m\libg.a(lib_a-strlen.o)
                              ..\obj\USBSerial.o (strlen)
c:/program files (x86)/gnu tools arm embedded/4.7 2012q4/bin/../lib/gcc/arm-none-eabi/4.7.3/../../../../arm-none-eabi/lib/armv7e-m\libg.a(lib_a-freer.o)
                              c:/program files (x86)/gnu tools arm embedded/4.7 2012q4/bin/../lib/gcc/arm-none-eabi/4.7.3/../../../../arm-none-eabi/lib/armv7e-m\libg.a(lib_a-malloc.o) (_free_r)
c:/program files (x86)/gnu tools arm embedded/4.7 2012q4/bin/../lib/gcc/arm-none-eabi/4.7.3/../../../../arm-none-eabi/lib/armv7e-m\libg.a(lib_a-impure.o)
                              c:/program files (x86)/gnu tools arm embedded/4.7 2012q4/bin/../lib/gcc/arm-none-eabi/4.7.3/../../../../arm-none-eabi/lib/armv7e-m\libg.a(lib_a-malloc.o) (_impure_ptr)
c:/program files (x86)/gnu tools arm embedded/4.7 2012q4/bin/../lib/gcc/arm-none-eabi/4.7.3/../../../../arm-none-eabi/lib/armv7e-m\libg.a(lib_a-reent.o)
                              c:/program files (x86)/gnu tools arm embedded/4.7 2012q4/bin/../lib/gcc/arm-none-eabi/4.7.3/../../../../arm-none-eabi/lib/armv7e-m\libg.a(lib_a-sbrkr.o) (errno)

Allocating common symbols
Common symbol       size              file

TIM_TimeBaseStructure
                    0xc               ..\obj\BasicFunctions.o
errno               0x4               c:/program files (x86)/gnu tools arm embedded/4.7 2012q4/bin/../lib/gcc/arm-none-eabi/4.7.3/../../../../arm-none-eabi/lib/armv7e-m\libg.a(lib_a-reent.o)
Serial              0x18              ..\obj\main.o
USB_Rx_Buffer       0x200             ..\obj\usbd_cdc_core.o
TIM_OCInitStructure
                    0x14              ..\obj\BasicFunctions.o
Tibu                0x30              ..\obj\main.o
USB_DataReceived    0x10              ..\obj\USBSerial.o
ButtonInt           0xc               ..\obj\TibuBoard.o
CmdBuff             0x8               ..\obj\usbd_cdc_core.o
USB_OTG_dev         0x5f0             ..\obj\USBSerial.o
APP_Rx_Buffer       0x800             ..\obj\usbd_cdc_core.o
USBD_StrDesc        0x32              ..\obj\usbd_req.o

Discarded input sections

 .text          0x00000000        0x0 ..\obj\stm32f4xx_syscfg.o
 .data          0x00000000        0x0 ..\obj\stm32f4xx_syscfg.o
 .bss           0x00000000        0x0 ..\obj\stm32f4xx_syscfg.o
 .text.SYSCFG_DeInit
                0x00000000       0x20 ..\obj\stm32f4xx_syscfg.o
 .text.SYSCFG_MemoryRemapConfig
                0x00000000       0x20 ..\obj\stm32f4xx_syscfg.o
 .text.SYSCFG_ETH_MediaInterfaceConfig
                0x00000000       0x20 ..\obj\stm32f4xx_syscfg.o
 .text.SYSCFG_CompensationCellCmd
                0x00000000       0x20 ..\obj\stm32f4xx_syscfg.o
 .text.SYSCFG_GetCompensationCellStatus
                0x00000000       0x3c ..\obj\stm32f4xx_syscfg.o
 .text          0x00000000        0x0 ..\obj\usb_core.o
 .data          0x00000000        0x0 ..\obj\usb_core.o
 .bss           0x00000000        0x0 ..\obj\usb_core.o
 .text.USB_OTG_IsHostMode
                0x00000000       0x24 ..\obj\usb_core.o
 .text.USB_OTG_ReadOtgItr
                0x00000000       0x1c ..\obj\usb_core.o
 .text.USB_OTG_ActiveRemoteWakeup
                0x00000000       0x94 ..\obj\usb_core.o
 .text.USB_OTG_StopDevice
                0x00000000       0x9c ..\obj\usb_core.o
 .text.USB_OTG_GetEPStatus
[...]
Memory Configuration

Name             Origin             Length             Attributes
rom              0x08000000         0x00100000         xr
ram              0x20000000         0x00020000         xrw
ram1             0x10000000         0x00010000         xrw
*default*        0x00000000         0xffffffff

Linker script and memory map

                0x20020000                _eram = 0x20020000

.text           0x08000000     0x7ad4
 *(.isr_vector)
 .isr_vector    0x08000000      0x188 ..\obj\startup_stm32f4xx.o
                0x08000000                g_pfnVectors
 *(.text*)
 .text.SYSCFG_EXTILineConfig
                0x08000188       0xb0 ..\obj\stm32f4xx_syscfg.o
                0x08000188                SYSCFG_EXTILineConfig
 .text.USB_OTG_EnableCommonInt
                0x08000238       0x44 ..\obj\usb_core.o
 .text.USB_OTG_CoreReset
                0x0800027c       0xa8 ..\obj\usb_core.o
 .text.USB_OTG_WritePacket
                0x08000324       0x84 ..\obj\usb_core.o
                0x08000324                USB_OTG_WritePacket
 .text.USB_OTG_ReadPacket
                0x080003a8       0x68 ..\obj\usb_core.o
                0x080003a8                USB_OTG_ReadPacket
 .text.USB_OTG_SelectCore
                0x08000410      0x1bc ..\obj\usb_core.o
                0x08000410                USB_OTG_SelectCore
 .text.USB_OTG_CoreInit
                0x080005cc      0x1f8 ..\obj\usb_core.o
                0x080005cc                USB_OTG_CoreInit
 .text.USB_OTG_EnableGlobalInt
                0x080007c4       0x3c ..\obj\usb_core.o
                0x080007c4                USB_OTG_EnableGlobalInt
 .text.USB_OTG_DisableGlobalInt
                0x08000800       0x40 ..\obj\usb_core.o
                0x08000800                USB_OTG_DisableGlobalInt
 .text.USB_OTG_FlushTxFifo
                0x08000840       0x80 ..\obj\usb_core.o
                0x08000840                USB_OTG_FlushTxFifo
 .text.USB_OTG_FlushRxFifo
                0x080008c0       0x6c ..\obj\usb_core.o
                0x080008c0                USB_OTG_FlushRxFifo
 .text.USB_OTG_SetCurrentMode
                0x0800092c       0x64 ..\obj\usb_core.o
                0x0800092c                USB_OTG_SetCurrentMode
 .text.USB_OTG_GetMode
                0x08000990       0x20 ..\obj\usb_core.o
                0x08000990                USB_OTG_GetMode
 .text.USB_OTG_IsDeviceMode
                0x080009b0       0x24 ..\obj\usb_core.o
                0x080009b0                USB_OTG_IsDeviceMode
 .text.USB_OTG_ReadCoreItr
                0x080009d4       0x30 ..\obj\usb_core.o
                0x080009d4                USB_OTG_ReadCoreItr
 .text.USB_OTG_InitDevSpeed
                0x08000a04       0x38 ..\obj\usb_core.o
                0x08000a04                USB_OTG_InitDevSpeed
 .text.USB_OTG_CoreInitDev
                0x08000a3c      0x324 ..\obj\usb_core.o
                0x08000a3c                USB_OTG_CoreInitDev
 .text.USB_OTG_EnableDevInt
                0x08000d60       0xa4 ..\obj\usb_core.o
                0x08000d60                USB_OTG_EnableDevInt
 .text.USB_OTG_GetDeviceSpeed
                0x08000e04       0x50 ..\obj\usb_core.o
                0x08000e04                USB_OTG_GetDeviceSpeed
 .text.USB_OTG_EP0Activate
                0x08000e54       0x80 ..\obj\usb_core.o
                0x08000e54                USB_OTG_EP0Activate
 .text.USB_OTG_EPActivate
                0x08000ed4      0x11c ..\obj\usb_core.o
                0x08000ed4                USB_OTG_EPActivate
 .text.USB_OTG_EPDeactivate
                0x08000ff0       0xcc ..\obj\usb_core.o
                0x08000ff0                USB_OTG_EPDeactivate
 .text.USB_OTG_EPStartXfer
                0x080010bc      0x2d0 ..\obj\usb_core.o
                0x080010bc                USB_OTG_EPStartXfer
 .text.USB_OTG_EP0StartXfer
                0x0800138c      0x200 ..\obj\usb_core.o
                0x0800138c                USB_OTG_EP0StartXfer
 .text.USB_OTG_EPSetStall
                0x0800158c       0x94 ..\obj\usb_core.o
                0x0800158c                USB_OTG_EPSetStall
 .text.USB_OTG_EPClearStall
                0x08001620       0x84 ..\obj\usb_core.o
                0x08001620                USB_OTG_EPClearStall
 .text.USB_OTG_ReadDevAllOutEp_itr
                0x080016a4       0x30 ..\obj\usb_core.o
                0x080016a4                USB_OTG_ReadDevAllOutEp_itr
 .text.USB_OTG_ReadDevOutEP_itr
                0x080016d4       0x3c ..\obj\usb_core.o
                0x080016d4                USB_OTG_ReadDevOutEP_itr
 .text.USB_OTG_ReadDevAllInEPItr
                0x08001710       0x34 ..\obj\usb_core.o
                0x08001710                USB_OTG_ReadDevAllInEPItr
 .text.USB_OTG_EP0_OutStart
                0x08001744       0x78 ..\obj\usb_core.o
                0x08001744                USB_OTG_EP0_OutStart
 .text.USB_OTG_UngateClock
                0x080017bc       0x54 ..\obj\usb_core.o
                0x080017bc                USB_OTG_UngateClock
 .text.NVIC_SetPriority
                0x08001810       0x5c ..\obj\TibuBoard.o
 .text.SysTick_Config
                0x0800186c       0x64 ..\obj\TibuBoard.o
 .text.TibuBoard_InitLED
                0x080018d0       0x6c ..\obj\TibuBoard.o
                0x080018d0                TibuBoard_InitLED
 .text.TibuBoard_LEDOn
                0x0800193c       0x38 ..\obj\TibuBoard.o
                0x0800193c                TibuBoard_LEDOn
 .text.TibuBoard_LEDOff
                0x08001974       0x38 ..\obj\TibuBoard.o
                0x08001974                TibuBoard_LEDOff
 .text.TibuBoard_LEDToggle
                0x080019ac       0x38 ..\obj\TibuBoard.o
                0x080019ac                TibuBoard_LEDToggle
 .text.TibuBoard_InitAllLEDs
                0x080019e4       0x80 ..\obj\TibuBoard.o
                0x080019e4                TibuBoard_InitAllLEDs
 .text.TibuBoard_LEDOnAll
                0x08001a64       0x48 ..\obj\TibuBoard.o
                0x08001a64                TibuBoard_LEDOnAll
 .text.TibuBoard_LEDOffAll
                0x08001aac       0x48 ..\obj\TibuBoard.o
                0x08001aac                TibuBoard_LEDOffAll
 .text.TibuBoard_LEDToggleAll
                0x08001af4       0x48 ..\obj\TibuBoard.o
                0x08001af4                TibuBoard_LEDToggleAll
 .text.TibuBoard_InitPushButton
                0x08001b3c       0x60 ..\obj\TibuBoard.o
                0x08001b3c                TibuBoard_InitPushButton
 .text.TibuBoard_attachButtonInterrupt
                0x08001b9c       0xa8 ..\obj\TibuBoard.o
                0x08001b9c                TibuBoard_attachButtonInterrupt
 .text.TibuBoard_InitAllPushButton
                0x08001c44       0x80 ..\obj\TibuBoard.o
                0x08001c44                TibuBoard_InitAllPushButton
 .text.TibuBoard_GetStatePushButton
                0x08001cc4       0x3c ..\obj\TibuBoard.o
                0x08001cc4                TibuBoard_GetStatePushButton
 .text.InitTibuBoard
                0x08001d00       0xa4 ..\obj\TibuBoard.o
                0x08001d00                InitTibuBoard
 .text.SysTickConfig
                0x08001da4       0x3c ..\obj\TibuBoard.o
                0x08001da4                SysTickConfig
 .text.delay    0x08001de0       0x58 ..\obj\TibuBoard.o
                0x08001de0                delay
 .text.blink    0x08001e38       0x18 ..\obj\ArduinoStyle.o
                0x08001e38                blink
 .text.setup    0x08001e50       0x90 ..\obj\ArduinoStyle.o
                0x08001e50                setup
 .text.loop     0x08001ee0      0x168 ..\obj\ArduinoStyle.o
                0x08001ee0                loop
 .text.USBD_USR_Init
                0x08002048        0xc ..\obj\usbd_usr.o
                0x08002048                USBD_USR_Init
 .text.USBD_USR_DeviceReset
                0x08002054       0x14 ..\obj\usbd_usr.o
                0x08002054                USBD_USR_DeviceReset
 .text.USBD_USR_DeviceConfigured
                0x08002068        0xc ..\obj\usbd_usr.o
                0x08002068                USBD_USR_DeviceConfigured
 .text.USBD_USR_DeviceSuspended
                0x08002074        0xc ..\obj\usbd_usr.o
                0x08002074                USBD_USR_DeviceSuspended
 .text.USBD_USR_DeviceResumed
                0x08002080        0xc ..\obj\usbd_usr.o
                0x08002080                USBD_USR_DeviceResumed
 .text.Init_Container
                0x0800208c       0x38 ..\obj\BufferFunctions.o
                0x0800208c                Init_Container
 .text.ContainerisFull
                0x080020c4       0x28 ..\obj\BufferFunctions.o
                0x080020c4                ContainerisFull
 .text.ContainerisEmpty
                0x080020ec       0x24 ..\obj\BufferFunctions.o
                0x080020ec                ContainerisEmpty
 .text.Read_Container
                0x08002110       0x4c ..\obj\BufferFunctions.o
                0x08002110                Read_Container
 .text.Write_Container
                0x0800215c       0x70 ..\obj\BufferFunctions.o
                0x0800215c                Write_Container
 .text.Write_DataContainer
                0x080021cc       0x50 ..\obj\BufferFunctions.o
                0x080021cc                Write_DataContainer
 .text.numDatainContainer
                0x0800221c       0x1c ..\obj\BufferFunctions.o
                0x0800221c                numDatainContainer
 .text.Default_Reset_Handler
                0x08002238       0x6c ..\obj\startup_stm32f4xx.o
                0x08002238                Default_Reset_Handler
                0x08002238                Reset_Handler
 .text.Default_Handler
                0x080022a4        0x8 ..\obj\startup_stm32f4xx.o
                0x080022a4                RTC_Alarm_IRQHandler
                0x080022a4                HASH_RNG_IRQHandler
                0x080022a4                TIM8_CC_IRQHandler
                0x080022a4                TIM1_CC_IRQHandler
                0x080022a4                DMA2_Stream5_IRQHandler
                0x080022a4                DMA1_Stream5_IRQHandler
                0x080022a4                PVD_IRQHandler
                0x080022a4                SDIO_IRQHandler
                0x080022a4                TAMP_STAMP_IRQHandler
                0x080022a4                CAN2_RX1_IRQHandler
                0x080022a4                EXTI3_IRQHandler
                0x080022a4                TIM8_TRG_COM_TIM14_IRQHandler
                0x080022a4                TIM1_UP_TIM10_IRQHandler
                0x080022a4                TIM8_UP_TIM13_IRQHandler
                0x080022a4                I2C3_ER_IRQHandler
                0x080022a4                I2C2_EV_IRQHandler
                0x080022a4                DMA1_Stream2_IRQHandler
                0x080022a4                CAN1_RX0_IRQHandler
                0x080022a4                FPU_IRQHandler
                0x080022a4                CAN2_SCE_IRQHandler
                0x080022a4                DMA2_Stream2_IRQHandler
                0x080022a4                SPI1_IRQHandler
                0x080022a4                TIM6_DAC_IRQHandler
                0x080022a4                TIM1_BRK_TIM9_IRQHandler
                0x080022a4                DCMI_IRQHandler
                0x080022a4                CAN2_RX0_IRQHandler
                0x080022a4                DMA2_Stream3_IRQHandler
                0x080022a4                USART6_IRQHandler
                0x080022a4                USART3_IRQHandler
                0x080022a4                CRYP_IRQHandler
                0x080022a4                CAN1_RX1_IRQHandler
                0x080022a4                UART5_IRQHandler
                0x080022a4                DMA2_Stream0_IRQHandler
                0x080022a4                TIM4_IRQHandler
                0x080022a4                I2C1_EV_IRQHandler
                0x080022a4                DMA1_Stream6_IRQHandler
                0x080022a4                DMA1_Stream1_IRQHandler
                0x080022a4                UART4_IRQHandler
                0x080022a4                TIM3_IRQHandler
                0x080022a4                RCC_IRQHandler
                0x080022a4                TIM8_BRK_TIM12_IRQHandler
                0x080022a4                EXTI15_10_IRQHandler
                0x080022a4                ADC_IRQHandler
                0x080022a4                DMA1_Stream7_IRQHandler
                0x080022a4                TIM7_IRQHandler
                0x080022a4                CAN2_TX_IRQHandler
                0x080022a4                TIM5_IRQHandler
                0x080022a4                DMA2_Stream7_IRQHandler
                0x080022a4                I2C3_EV_IRQHandler
                0x080022a4                EXTI9_5_IRQHandler
                0x080022a4                RTC_WKUP_IRQHandler
                0x080022a4                ETH_WKUP_IRQHandler
                0x080022a4                SPI2_IRQHandler
                0x080022a4                DMA1_Stream0_IRQHandler
                0x080022a4                CAN1_TX_IRQHandler
                0x080022a4                FSMC_IRQHandler
                0x080022a4                ETH_IRQHandler
                0x080022a4                WWDG_IRQHandler
                0x080022a4                TIM2_IRQHandler
                0x080022a4                OTG_FS_WKUP_IRQHandler
                0x080022a4                TIM1_TRG_COM_TIM11_IRQHandler
                0x080022a4                EXTI1_IRQHandler
                0x080022a4                USART2_IRQHandler
                0x080022a4                I2C2_ER_IRQHandler
                0x080022a4                DMA2_Stream1_IRQHandler
                0x080022a4                CAN1_SCE_IRQHandler
                0x080022a4                FLASH_IRQHandler
                0x080022a4                DMA2_Stream4_IRQHandler
                0x080022a4                USART1_IRQHandler
                0x080022a4                OTG_FS_IRQHandler
                0x080022a4                SPI3_IRQHandler
                0x080022a4                DMA1_Stream4_IRQHandler
                0x080022a4                I2C1_ER_IRQHandler
                0x080022a4                DMA2_Stream6_IRQHandler
                0x080022a4                DMA1_Stream3_IRQHandler
 .text.USBD_Init
                0x080022ac       0x58 ..\obj\usbd_core.o
                0x080022ac                USBD_Init
 .text.USBD_DeInit
                0x08002304       0x18 ..\obj\usbd_core.o
                0x08002304                USBD_DeInit
 .text.USBD_SetupStage
                0x0800231c       0x70 ..\obj\usbd_core.o
 .text.USBD_DataOutStage
                0x0800238c       0xd4 ..\obj\usbd_core.o
 .text.USBD_DataInStage
                0x08002460      0x114 ..\obj\usbd_core.o
 .text.USBD_Reset
                0x08002574       0x54 ..\obj\usbd_core.o
 .text.USBD_Resume
                0x080025c8       0x2c ..\obj\usbd_core.o
 .text.USBD_Suspend
                0x080025f4       0x2c ..\obj\usbd_core.o
 .text.USBD_SOF
                0x08002620       0x30 ..\obj\usbd_core.o
 .text.USBD_SetCfg
                0x08002650       0x34 ..\obj\usbd_core.o
                0x08002650                USBD_SetCfg
 .text.USBD_ClrCfg
                0x08002684       0x2c ..\obj\usbd_core.o
                0x08002684                USBD_ClrCfg
 .text.USBD_IsoINIncomplete
                0x080026b0       0x24 ..\obj\usbd_core.o
 .text.USBD_IsoOUTIncomplete
                0x080026d4       0x24 ..\obj\usbd_core.o
 .text.main     0x080026f8       0x38 ..\obj\main.o
                0x080026f8                main
 .text.RCC_AHB1PeriphClockCmd
                0x08002730       0x54 ..\obj\stm32f4xx_rcc.o
                0x08002730                RCC_AHB1PeriphClockCmd
 .text.RCC_APB1PeriphClockCmd
                0x08002784       0x54 ..\obj\stm32f4xx_rcc.o
                0x08002784                RCC_APB1PeriphClockCmd
 .text.RCC_APB2PeriphClockCmd
                0x080027d8       0x54 ..\obj\stm32f4xx_rcc.o
                0x080027d8                RCC_APB2PeriphClockCmd
 .text.NMI_Handler
                0x0800282c        0xc ..\obj\stm32f4xx_it.o
                0x0800282c                NMI_Handler
 .text.HardFault_Handler
                0x08002838        0x8 ..\obj\stm32f4xx_it.o
                0x08002838                HardFault_Handler
 .text.MemManage_Handler
                0x08002840        0x8 ..\obj\stm32f4xx_it.o
                0x08002840                MemManage_Handler
 .text.BusFault_Handler
                0x08002848        0x8 ..\obj\stm32f4xx_it.o
                0x08002848                BusFault_Handler
 .text.UsageFault_Handler
                0x08002850        0x8 ..\obj\stm32f4xx_it.o
                0x08002850                UsageFault_Handler
 .text.SVC_Handler
                0x08002858        0xc ..\obj\stm32f4xx_it.o
                0x08002858                SVC_Handler
 .text.DebugMon_Handler
                0x08002864        0xc ..\obj\stm32f4xx_it.o
                0x08002864                DebugMon_Handler
 .text.PendSV_Handler
                0x08002870        0xc ..\obj\stm32f4xx_it.o
                0x08002870                PendSV_Handler
 .text.SysTick_Handler
                0x0800287c       0x24 ..\obj\stm32f4xx_it.o
                0x0800287c                SysTick_Handler
 .text.EXTI0_IRQHandler
                0x080028a0        0xc ..\obj\stm32f4xx_it.o
                0x080028a0                EXTI0_IRQHandler
 .text.EXTI2_IRQHandler
                0x080028ac       0x50 ..\obj\stm32f4xx_it.o
                0x080028ac                EXTI2_IRQHandler
 .text.EXTI4_IRQHandler
                0x080028fc       0x38 ..\obj\stm32f4xx_it.o
                0x080028fc                EXTI4_IRQHandler
 .text.OTG_HS_WKUP_IRQHandler
                0x08002934       0x44 ..\obj\stm32f4xx_it.o
                0x08002934                OTG_HS_WKUP_IRQHandler
 .text.OTG_HS_IRQHandler
                0x08002978       0x14 ..\obj\stm32f4xx_it.o
                0x08002978                OTG_HS_IRQHandler
 .text.OTG_HS_EP1_IN_IRQHandler
                0x0800298c       0x14 ..\obj\stm32f4xx_it.o
                0x0800298c                OTG_HS_EP1_IN_IRQHandler
 .text.OTG_HS_EP1_OUT_IRQHandler
                0x080029a0       0x14 ..\obj\stm32f4xx_it.o
                0x080029a0                OTG_HS_EP1_OUT_IRQHandler
 .text.ADC_Init
                0x080029b4       0xb8 ..\obj\stm32f4xx_adc.o
                0x080029b4                ADC_Init
 .text.ADC_CommonInit
                0x08002a6c       0x5c ..\obj\stm32f4xx_adc.o
                0x08002a6c                ADC_CommonInit
 .text.ADC_Cmd  0x08002ac8       0x38 ..\obj\stm32f4xx_adc.o
                0x08002ac8                ADC_Cmd
 .text.ADC_RegularChannelConfig
                0x08002b00      0x1bc ..\obj\stm32f4xx_adc.o
                0x08002b00                ADC_RegularChannelConfig
 .text.ADC_SoftwareStartConv
                0x08002cbc       0x20 ..\obj\stm32f4xx_adc.o
                0x08002cbc                ADC_SoftwareStartConv
 .text.ADC_GetConversionValue
                0x08002cdc       0x1c ..\obj\stm32f4xx_adc.o
                0x08002cdc                ADC_GetConversionValue
 .text.pinMode  0x08002cf8      0x118 ..\obj\BasicFunctions.o
                0x08002cf8                pinMode
 .text.digitalWrite
                0x08002e10      0x14c ..\obj\BasicFunctions.o
                0x08002e10                digitalWrite
 .text.digitalRead
                0x08002f5c       0x38 ..\obj\BasicFunctions.o
                0x08002f5c                digitalRead
 .text.analogWrite
                0x08002f94       0x94 ..\obj\BasicFunctions.o
                0x08002f94                analogWrite
 .text.InitADC  0x08003028       0xe4 ..\obj\BasicFunctions.o
                0x08003028                InitADC
 .text.analogRead
                0x0800310c       0x24 ..\obj\BasicFunctions.o
                0x0800310c                analogRead
 .text.Init_PWMPins
                0x08003130      0x19c ..\obj\BasicFunctions.o
                0x08003130                Init_PWMPins
 .text.mapInt16
                0x080032cc       0x34 ..\obj\BasicFunctions.o
                0x080032cc                mapInt16
 .text.USBD_USR_DeviceDescriptor
                0x08003300       0x28 ..\obj\usbd_desc.o
                0x08003300                USBD_USR_DeviceDescriptor
 .text.USBD_USR_LangIDStrDescriptor
                0x08003328       0x28 ..\obj\usbd_desc.o
                0x08003328                USBD_USR_LangIDStrDescriptor
 .text.USBD_USR_ProductStrDescriptor
                0x08003350       0x54 ..\obj\usbd_desc.o
                0x08003350                USBD_USR_ProductStrDescriptor
 .text.USBD_USR_ManufacturerStrDescriptor
                0x080033a4       0x34 ..\obj\usbd_desc.o
                0x080033a4                USBD_USR_ManufacturerStrDescriptor
 .text.USBD_USR_SerialStrDescriptor
                0x080033d8       0x54 ..\obj\usbd_desc.o
                0x080033d8                USBD_USR_SerialStrDescriptor
 .text.USBD_USR_ConfigStrDescriptor
                0x0800342c       0x54 ..\obj\usbd_desc.o
                0x0800342c                USBD_USR_ConfigStrDescriptor
 .text.USBD_USR_InterfaceStrDescriptor
                0x08003480       0x54 ..\obj\usbd_desc.o
                0x08003480                USBD_USR_InterfaceStrDescriptor
 .text.GPIO_Init
                0x080034d4      0x144 ..\obj\stm32f4xx_gpio.o
                0x080034d4                GPIO_Init
 .text.GPIO_ReadInputDataBit
                0x08003618       0x3c ..\obj\stm32f4xx_gpio.o
                0x08003618                GPIO_ReadInputDataBit
 .text.GPIO_SetBits
                0x08003654       0x1c ..\obj\stm32f4xx_gpio.o
                0x08003654                GPIO_SetBits
 .text.GPIO_ResetBits
                0x08003670       0x1c ..\obj\stm32f4xx_gpio.o
                0x08003670                GPIO_ResetBits
 .text.GPIO_ToggleBits
                0x0800368c       0x24 ..\obj\stm32f4xx_gpio.o
                0x0800368c                GPIO_ToggleBits
 .text.GPIO_PinAFConfig
                0x080036b0       0xa8 ..\obj\stm32f4xx_gpio.o
                0x080036b0                GPIO_PinAFConfig
 .text.VCP_Init
                0x08003758       0x10 ..\obj\usbd_cdc_vcp.o
 .text.VCP_DeInit
                0x08003768       0x10 ..\obj\usbd_cdc_vcp.o
 .text.VCP_Ctrl
                0x08003778      0x1c4 ..\obj\usbd_cdc_vcp.o
 .text.VCP_DataTx
                0x0800393c       0x84 ..\obj\usbd_cdc_vcp.o
 .text.VCP_DataRx
                0x080039c0       0x2c ..\obj\usbd_cdc_vcp.o
 .text.vcp_sendBytes
                0x080039ec       0x1c ..\obj\usbd_cdc_vcp.o
                0x080039ec                vcp_sendBytes
 .text.SystemInit
                0x08003a08       0x94 ..\obj\system_stm32f4xx.o
                0x08003a08                SystemInit
 .text.SetSysClock
                0x08003a9c      0x188 ..\obj\system_stm32f4xx.o
 .text._sbrk    0x08003c24       0x5c ..\obj\syscalls.o
                0x08003c24                _sbrk
 .text.USB_OTG_BSP_Init
                0x08003c80      0x208 ..\obj\usb_bsp.o
                0x08003c80                USB_OTG_BSP_Init
 .text.USB_OTG_BSP_EnableInterrupt
                0x08003e88       0x90 ..\obj\usb_bsp.o
                0x08003e88                USB_OTG_BSP_EnableInterrupt
 .text.USB_OTG_BSP_uDelay
                0x08003f18       0x58 ..\obj\usb_bsp.o
                0x08003f18                USB_OTG_BSP_uDelay
 .text.USB_OTG_BSP_mDelay
                0x08003f70       0x20 ..\obj\usb_bsp.o
                0x08003f70                USB_OTG_BSP_mDelay
 .text.USBD_StdDevReq
                0x08003f90       0xa4 ..\obj\usbd_req.o
                0x08003f90                USBD_StdDevReq
 .text.USBD_StdItfReq
                0x08004034       0x6c ..\obj\usbd_req.o
                0x08004034                USBD_StdItfReq
 .text.USBD_StdEPReq
                0x080040a0      0x1e4 ..\obj\usbd_req.o
                0x080040a0                USBD_StdEPReq
 .text.USBD_GetDescriptor
                0x08004284      0x278 ..\obj\usbd_req.o
 .text.USBD_SetAddress
                0x080044fc       0x80 ..\obj\usbd_req.o
 .text.USBD_SetConfig
                0x0800457c      0x134 ..\obj\usbd_req.o
 .text.USBD_GetConfig
                0x080046b0       0x68 ..\obj\usbd_req.o
 .text.USBD_GetStatus
                0x08004718       0x68 ..\obj\usbd_req.o
 .text.USBD_SetFeature
                0x08004780       0xe0 ..\obj\usbd_req.o
 .text.USBD_ClrFeature
                0x08004860       0x58 ..\obj\usbd_req.o
 .text.USBD_ParseSetupRequest
                0x080048b8       0x94 ..\obj\usbd_req.o
                0x080048b8                USBD_ParseSetupRequest
 .text.USBD_CtlError
                0x0800494c       0x50 ..\obj\usbd_req.o
                0x0800494c                USBD_CtlError
 .text.USBD_GetString
                0x0800499c       0x9c ..\obj\usbd_req.o
                0x0800499c                USBD_GetString
 .text.USBD_GetLen
                0x08004a38       0x38 ..\obj\usbd_req.o
 .text.USBD_OTG_EP1OUT_ISR_Handler
                0x08004a70       0xcc ..\obj\usb_dcd_int.o
                0x08004a70                USBD_OTG_EP1OUT_ISR_Handler
 .text.USBD_OTG_EP1IN_ISR_Handler
                0x08004b3c      0x18c ..\obj\usb_dcd_int.o
                0x08004b3c                USBD_OTG_EP1IN_ISR_Handler
 .text.USBD_OTG_ISR_Handler
                0x08004cc8      0x164 ..\obj\usb_dcd_int.o
                0x08004cc8                USBD_OTG_ISR_Handler
 .text.DCD_HandleResume_ISR
                0x08004e2c       0x8c ..\obj\usb_dcd_int.o
 .text.DCD_HandleUSBSuspend_ISR
                0x08004eb8       0xb0 ..\obj\usb_dcd_int.o
 .text.DCD_HandleInEP_ISR
                0x08004f68      0x22c ..\obj\usb_dcd_int.o
 .text.DCD_HandleOutEP_ISR
                0x08005194      0x1b0 ..\obj\usb_dcd_int.o
 .text.DCD_HandleSof_ISR
                0x08005344       0x3c ..\obj\usb_dcd_int.o
 .text.DCD_HandleRxStatusQueueLevel_ISR
                0x08005380      0x114 ..\obj\usb_dcd_int.o
 .text.DCD_WriteEmptyTxFifo
                0x08005494      0x100 ..\obj\usb_dcd_int.o
 .text.DCD_HandleUsbReset_ISR
                0x08005594      0x180 ..\obj\usb_dcd_int.o
 .text.DCD_HandleEnumDone_ISR
                0x08005714       0x88 ..\obj\usb_dcd_int.o
 .text.DCD_IsoINIncomplete_ISR
                0x0800579c       0x3c ..\obj\usb_dcd_int.o
 .text.DCD_IsoOUTIncomplete_ISR
                0x080057d8       0x3c ..\obj\usb_dcd_int.o
 .text.DCD_ReadDevInEP
                0x08005814       0x58 ..\obj\usb_dcd_int.o
 .text.usbd_cdc_Init
                0x0800586c       0xc8 ..\obj\usbd_cdc_core.o
 .text.usbd_cdc_DeInit
                0x08005934       0x44 ..\obj\usbd_cdc_core.o
 .text.usbd_cdc_Setup
                0x08005978      0x158 ..\obj\usbd_cdc_core.o
 .text.usbd_cdc_EP0_RxReady
                0x08005ad0       0x60 ..\obj\usbd_cdc_core.o
 .text.usbd_cdc_DataIn
                0x08005b30      0x124 ..\obj\usbd_cdc_core.o
 .text.usbd_cdc_DataOut
                0x08005c54       0x6c ..\obj\usbd_cdc_core.o
 .text.usbd_cdc_SOF
                0x08005cc0       0x50 ..\obj\usbd_cdc_core.o
 .text.Handle_USBAsynchXfer
                0x08005d10      0x1a4 ..\obj\usbd_cdc_core.o
 .text.USBD_cdc_GetCfgDesc
                0x08005eb4       0x28 ..\obj\usbd_cdc_core.o
 .text.USBD_cdc_GetOtherCfgDesc
                0x08005edc       0x28 ..\obj\usbd_cdc_core.o
 .text.EXTI_Init
                0x08005f04      0x138 ..\obj\stm32f4xx_exti.o
                0x08005f04                EXTI_Init
 .text.EXTI_GetITStatus
                0x0800603c       0x58 ..\obj\stm32f4xx_exti.o
                0x0800603c                EXTI_GetITStatus
 .text.EXTI_ClearITPendingBit
                0x08006094       0x20 ..\obj\stm32f4xx_exti.o
                0x08006094                EXTI_ClearITPendingBit
 .text.NVIC_PriorityGroupConfig
                0x080060b4       0x28 ..\obj\misc.o
                0x080060b4                NVIC_PriorityGroupConfig
 .text.NVIC_Init
                0x080060dc       0xe4 ..\obj\misc.o
                0x080060dc                NVIC_Init
 .text.DCD_Init
                0x080061c0      0x12c ..\obj\usb_dcd.o
                0x080061c0                DCD_Init
 .text.DCD_EP_Open
                0x080062ec       0xac ..\obj\usb_dcd.o
                0x080062ec                DCD_EP_Open
 .text.DCD_EP_Close
                0x08006398       0x80 ..\obj\usb_dcd.o
                0x08006398                DCD_EP_Close
 .text.DCD_EP_PrepareRx
                0x08006418       0x8c ..\obj\usb_dcd.o
                0x08006418                DCD_EP_PrepareRx
 .text.DCD_EP_Tx
                0x080064a4       0x84 ..\obj\usb_dcd.o
                0x080064a4                DCD_EP_Tx
 .text.DCD_EP_Stall
                0x08006528       0x84 ..\obj\usb_dcd.o
                0x08006528                DCD_EP_Stall
 .text.DCD_EP_ClrStall
                0x080065ac       0x84 ..\obj\usb_dcd.o
                0x080065ac                DCD_EP_ClrStall
 .text.DCD_EP_SetAddress
                0x08006630       0x3c ..\obj\usb_dcd.o
                0x08006630                DCD_EP_SetAddress
 .text.USBSerial_begin
                0x0800666c       0x44 ..\obj\USBSerial.o
                0x0800666c                USBSerial_begin
 .text.USBSerial_available
                0x080066b0       0x18 ..\obj\USBSerial.o
                0x080066b0                USBSerial_available
 .text.USBSerial_print
                0x080066c8       0x20 ..\obj\USBSerial.o
                0x080066c8                USBSerial_print
 .text.USBSerial_println
                0x080066e8       0x5c ..\obj\USBSerial.o
                0x080066e8                USBSerial_println
 .text.USBSerial_read
                0x08006744       0x30 ..\obj\USBSerial.o
                0x08006744                USBSerial_read
 .text.USBSerial_readUntil
                0x08006774       0x84 ..\obj\USBSerial.o
                0x08006774                USBSerial_readUntil
 .text.InitUSBSerial
                0x080067f8       0x5c ..\obj\USBSerial.o
                0x080067f8                InitUSBSerial
 .text.USBD_CtlSendData
                0x08006854       0x48 ..\obj\usbd_ioreq.o
                0x08006854                USBD_CtlSendData
 .text.USBD_CtlContinueSendData
                0x0800689c       0x30 ..\obj\usbd_ioreq.o
                0x0800689c                USBD_CtlContinueSendData
 .text.USBD_CtlPrepareRx
                0x080068cc       0x48 ..\obj\usbd_ioreq.o
                0x080068cc                USBD_CtlPrepareRx
 .text.USBD_CtlContinueRx
                0x08006914       0x30 ..\obj\usbd_ioreq.o
                0x08006914                USBD_CtlContinueRx
 .text.USBD_CtlSendStatus
                0x08006944       0x3c ..\obj\usbd_ioreq.o
                0x08006944                USBD_CtlSendStatus
 .text.USBD_CtlReceiveStatus
                0x08006980       0x3c ..\obj\usbd_ioreq.o
                0x08006980                USBD_CtlReceiveStatus
 .text.TIM_TimeBaseInit
                0x080069bc       0xf4 ..\obj\stm32f4xx_tim.o
                0x080069bc                TIM_TimeBaseInit
 .text.TIM_ARRPreloadConfig
                0x08006ab0       0x40 ..\obj\stm32f4xx_tim.o
                0x08006ab0                TIM_ARRPreloadConfig
 .text.TIM_Cmd  0x08006af0       0x40 ..\obj\stm32f4xx_tim.o
                0x08006af0                TIM_Cmd
 .text.TIM_OC1Init
                0x08006b30       0xfc ..\obj\stm32f4xx_tim.o
                0x08006b30                TIM_OC1Init
 .text.TIM_OC2Init
                0x08006c2c      0x128 ..\obj\stm32f4xx_tim.o
                0x08006c2c                TIM_OC2Init
 .text.TIM_OC3Init
                0x08006d54      0x120 ..\obj\stm32f4xx_tim.o
                0x08006d54                TIM_OC3Init
 .text.TIM_OC4Init
                0x08006e74       0xe0 ..\obj\stm32f4xx_tim.o
                0x08006e74                TIM_OC4Init
 .text.TIM_OC1PreloadConfig
                0x08006f54       0x38 ..\obj\stm32f4xx_tim.o
                0x08006f54                TIM_OC1PreloadConfig
 .text.TIM_OC2PreloadConfig
                0x08006f8c       0x40 ..\obj\stm32f4xx_tim.o
                0x08006f8c                TIM_OC2PreloadConfig
 .text.TIM_OC3PreloadConfig
                0x08006fcc       0x38 ..\obj\stm32f4xx_tim.o
                0x08006fcc                TIM_OC3PreloadConfig
 .text.TIM_OC4PreloadConfig
                0x08007004       0x40 ..\obj\stm32f4xx_tim.o
                0x08007004                TIM_OC4PreloadConfig
 .text.malloc   0x08007044       0x10 c:/program files (x86)/gnu tools arm embedded/4.7 2012q4/bin/../lib/gcc/arm-none-eabi/4.7.3/../../../../arm-none-eabi/lib/armv7e-m\libg.a(lib_a-malloc.o)
                0x08007044                malloc
 .text._malloc_r
                0x08007054      0x55c c:/program files (x86)/gnu tools arm embedded/4.7 2012q4/bin/../lib/gcc/arm-none-eabi/4.7.3/../../../../arm-none-eabi/lib/armv7e-m\libg.a(lib_a-mallocr.o)
                0x08007054                _malloc_r
 .text.__malloc_lock
                0x080075b0        0x4 c:/program files (x86)/gnu tools arm embedded/4.7 2012q4/bin/../lib/gcc/arm-none-eabi/4.7.3/../../../../arm-none-eabi/lib/armv7e-m\libg.a(lib_a-mlock.o)
                0x080075b0                __malloc_lock
 .text.__malloc_unlock
                0x080075b4        0x4 c:/program files (x86)/gnu tools arm embedded/4.7 2012q4/bin/../lib/gcc/arm-none-eabi/4.7.3/../../../../arm-none-eabi/lib/armv7e-m\libg.a(lib_a-mlock.o)
                0x080075b4                __malloc_unlock
 .text._sbrk_r  0x080075b8       0x24 c:/program files (x86)/gnu tools arm embedded/4.7 2012q4/bin/../lib/gcc/arm-none-eabi/4.7.3/../../../../arm-none-eabi/lib/armv7e-m\libg.a(lib_a-sbrkr.o)
                0x080075b8                _sbrk_r
 .text.strcpy   0x080075dc       0xbc c:/program files (x86)/gnu tools arm embedded/4.7 2012q4/bin/../lib/gcc/arm-none-eabi/4.7.3/../../../../arm-none-eabi/lib/armv7e-m\libg.a(lib_a-strcpy.o)
                0x080075dc                strcpy
 .text.strlen   0x08007698       0x60 c:/program files (x86)/gnu tools arm embedded/4.7 2012q4/bin/../lib/gcc/arm-none-eabi/4.7.3/../../../../arm-none-eabi/lib/armv7e-m\libg.a(lib_a-strlen.o)
                0x08007698                strlen
 .text._malloc_trim_r
                0x080076f8       0x98 c:/program files (x86)/gnu tools arm embedded/4.7 2012q4/bin/../lib/gcc/arm-none-eabi/4.7.3/../../../../arm-none-eabi/lib/armv7e-m\libg.a(lib_a-freer.o)
                0x080076f8                _malloc_trim_r
 .text._free_r  0x08007790      0x194 c:/program files (x86)/gnu tools arm embedded/4.7 2012q4/bin/../lib/gcc/arm-none-eabi/4.7.3/../../../../arm-none-eabi/lib/armv7e-m\libg.a(lib_a-freer.o)
                0x08007790                _free_r
 *(.init)
 *(.fini)
 *crtbegin.o(.ctors)
 *crtbegin?.o(.ctors)
 *(EXCLUDE_FILE(*crtend.o *crtend?.o) .ctors)
 *(SORT(.ctors.*))
 *(.ctors)
 *crtbegin.o(.dtors)
 *crtbegin?.o(.dtors)
 *(EXCLUDE_FILE(*crtend.o *crtend?.o) .dtors)
 *(SORT(.dtors.*))
 *(.dtors)
 *(.rodata*)
 .rodata        0x08007924       0x40 ..\obj\TibuBoard.o
                0x08007924                GPIO_PIN
                0x0800792c                GPIO_CLK
                0x0800793c                BUTTON_PIN
                0x08007944                BUTTON_CLK
                0x08007950                BUTTON_EXTI_LINE
                0x08007958                BUTTON_PORT_SOURCE
                0x0800795c                BUTTON_PIN_SOURCE
                0x08007960                BUTTON_IRQn
 .rodata        0x08007964        0x8 ..\obj\ArduinoStyle.o
 .rodata        0x0800796c       0xc8 ..\obj\BasicFunctions.o
                0x0800796c                GPIOPIN_PIN
                0x08007994                GPIOPIN_CLK
                0x080079e4                GPIO_SOURCE
 .rodata        0x08007a34       0x98 ..\obj\usbd_desc.o
 .rodata        0x08007acc        0x4 ..\obj\USBSerial.o
 .rodata.str1.4
                0x08007ad0        0x4 c:/program files (x86)/gnu tools arm embedded/4.7 2012q4/bin/../lib/gcc/arm-none-eabi/4.7.3/../../../../arm-none-eabi/lib/armv7e-m\libg.a(lib_a-impure.o)
 *(.eh_fram e*)

.glue_7         0x08007ad4        0x0
 .glue_7        0x00000000        0x0 linker stubs

.glue_7t        0x08007ad4        0x0
 .glue_7t       0x00000000        0x0 linker stubs

.vfp11_veneer   0x08007ad4        0x0
 .vfp11_veneer  0x00000000        0x0 linker stubs

.v4_bx          0x08007ad4        0x0
 .v4_bx         0x00000000        0x0 linker stubs

.iplt           0x08007ad4        0x0
 .iplt          0x00000000        0x0 ..\obj\stm32f4xx_syscfg.o

.rel.dyn        0x08007ad4        0x0
 .rel.iplt      0x00000000        0x0 ..\obj\stm32f4xx_syscfg.o

.ARM.extab
 *(.ARM.extab* .gnu.linkonce.armextab.*)
                0x08007ad4                __exidx_start = .

.ARM.exidx
 *(.ARM.exidx* .gnu.linkonce.armexidx.*)
                0x08007ad4                __exidx_end = .
                0x08007ad4                __etext = .
                0x08007ad4                _sidata = __etext

.data           0x20000000      0xa24 load address 0x08007ad4
                0x20000000                __data_start__ = .
                0x20000000                _sdata = __data_start__
 *(vtable)
 *(.data*)
 .data          0x20000000       0x1c ..\obj\TibuBoard.o
                0x20000000                GPIO_PORT
                0x20000010                BUTTON_PORT
 .data          0x2000001c       0x1c ..\obj\usbd_usr.o
                0x2000001c                USR_cb
 .data          0x20000038       0x30 ..\obj\usbd_core.o
                0x20000038                USBD_DCD_INT_cb
                0x20000064                USBD_DCD_INT_fops
 .data          0x20000068       0x50 ..\obj\BasicFunctions.o
                0x20000068                GPIOPIN_PORT
 .data          0x200000b8       0x40 ..\obj\usbd_desc.o
                0x200000b8                USR_desc
                0x200000d4                USBD_DeviceDesc
                0x200000e8                USBD_DeviceQualifierDesc
                0x200000f4                USBD_LangIDDesc
 .data          0x200000f8       0x1c ..\obj\usbd_cdc_vcp.o
                0x200000f8                linecoding
                0x20000100                VCP_fops
 .data          0x20000114       0x14 ..\obj\system_stm32f4xx.o
                0x20000114                SystemCoreClock
                0x20000118                AHBPrescTable
 .data          0x20000128       0xbc ..\obj\usbd_cdc_core.o
                0x20000128                usbd_cdc_CfgDesc
                0x2000016c                usbd_cdc_OtherCfgDesc
                0x200001b4                USBD_CDC_cb
 .data.__malloc_av_
                0x200001e4      0x408 c:/program files (x86)/gnu tools arm embedded/4.7 2012q4/bin/../lib/gcc/arm-none-eabi/4.7.3/../../../../arm-none-eabi/lib/armv7e-m\libg.a(lib_a-mallocr.o)
                0x200001e4                __malloc_av_
 .data.__malloc_trim_threshold
                0x200005ec        0x4 c:/program files (x86)/gnu tools arm embedded/4.7 2012q4/bin/../lib/gcc/arm-none-eabi/4.7.3/../../../../arm-none-eabi/lib/armv7e-m\libg.a(lib_a-mallocr.o)
                0x200005ec                __malloc_trim_threshold
 .data.__malloc_sbrk_base
                0x200005f0        0x4 c:/program files (x86)/gnu tools arm embedded/4.7 2012q4/bin/../lib/gcc/arm-none-eabi/4.7.3/../../../../arm-none-eabi/lib/armv7e-m\libg.a(lib_a-mallocr.o)
                0x200005f0                __malloc_sbrk_base
 *fill*         0x200005f4        0x4 00
 .data.impure_data
                0x200005f8      0x428 c:/program files (x86)/gnu tools arm embedded/4.7 2012q4/bin/../lib/gcc/arm-none-eabi/4.7.3/../../../../arm-none-eabi/lib/armv7e-m\libg.a(lib_a-impure.o)
 .data._impure_ptr
                0x20000a20        0x4 c:/program files (x86)/gnu tools arm embedded/4.7 2012q4/bin/../lib/gcc/arm-none-eabi/4.7.3/../../../../arm-none-eabi/lib/armv7e-m\libg.a(lib_a-impure.o)
                0x20000a20                _impure_ptr
                0x20000a24                . = ALIGN (0x4)
                0x20000a24                PROVIDE (__preinit_array_start, .)
 *(.preinit_array)
                0x20000a24                PROVIDE (__preinit_array_end, .)
                0x20000a24                . = ALIGN (0x4)
                0x20000a24                PROVIDE (__init_array_start, .)
 *(SORT(.init_array.*))
 *(.init_array)
                0x20000a24                PROVIDE (__init_array_end, .)
                0x20000a24                . = ALIGN (0x4)
                0x20000a24                PROVIDE (__fini_array_start, .)
 *(SORT(.fini_array.*))
 *(.fini_array)
                0x20000a24                PROVIDE (__fini_array_end, .)
 *(.jcr*)
                0x20000a24                . = ALIGN (0x4)
                0x20000a24                __data_end__ = .
                0x20000a24                _edata = __data_end__

.igot.plt       0x20000a24        0x0 load address 0x080084f8
 .igot.plt      0x00000000        0x0 ..\obj\stm32f4xx_syscfg.o

.bss            0x20000a24     0x112c load address 0x080084f8
                0x20000a24                . = ALIGN (0x4)
                0x20000a24                __bss_start__ = .
                0x20000a24                _sbss = __bss_start__
 *(.bss*)
 .bss           0x20000a24        0x4 ..\obj\TibuBoard.o
                0x20000a24                Counter
 .bss           0x20000a28        0x8 ..\obj\ArduinoStyle.o
                0x20000a28                On
                0x20000a2c                fade
 .bss           0x20000a30        0x4 ..\obj\usbd_cdc_vcp.o
 .bss           0x20000a34        0x4 ..\obj\syscalls.o
 .bss           0x20000a38       0x10 ..\obj\usbd_req.o
                0x20000a38                USBD_ep_status
                0x20000a3c                USBD_default_cfg
                0x20000a40                USBD_cfg_status
 .bss           0x20000a48       0x20 ..\obj\usbd_cdc_core.o
                0x20000a4c                APP_Rx_ptr_in
                0x20000a50                APP_Rx_ptr_out
                0x20000a54                APP_Rx_length
                0x20000a58                USB_Tx_State
 .bss.__malloc_max_total_mem
                0x20000a68        0x4 c:/program files (x86)/gnu tools arm embedded/4.7 2012q4/bin/../lib/gcc/arm-none-eabi/4.7.3/../../../../arm-none-eabi/lib/armv7e-m\libg.a(lib_a-mallocr.o)
                0x20000a68                __malloc_max_total_mem
 .bss.__malloc_max_sbrked_mem
                0x20000a6c        0x4 c:/program files (x86)/gnu tools arm embedded/4.7 2012q4/bin/../lib/gcc/arm-none-eabi/4.7.3/../../../../arm-none-eabi/lib/armv7e-m\libg.a(lib_a-mallocr.o)
                0x20000a6c                __malloc_max_sbrked_mem
 .bss.__malloc_top_pad
                0x20000a70        0x4 c:/program files (x86)/gnu tools arm embedded/4.7 2012q4/bin/../lib/gcc/arm-none-eabi/4.7.3/../../../../arm-none-eabi/lib/armv7e-m\libg.a(lib_a-mallocr.o)
                0x20000a70                __malloc_top_pad
 .bss.__malloc_current_mallinfo
                0x20000a74       0x28 c:/program files (x86)/gnu tools arm embedded/4.7 2012q4/bin/../lib/gcc/arm-none-eabi/4.7.3/../../../../arm-none-eabi/lib/armv7e-m\libg.a(lib_a-mallocr.o)
                0x20000a74                __malloc_current_mallinfo
 *(COMMON)
 COMMON         0x20000a9c        0xc ..\obj\TibuBoard.o
                0x20000a9c                ButtonInt
 COMMON         0x20000aa8       0x48 ..\obj\main.o
                0x20000aa8                Serial
                0x20000ac0                Tibu
 COMMON         0x20000af0       0x20 ..\obj\BasicFunctions.o
                0x20000af0                TIM_TimeBaseStructure
                0x20000afc                TIM_OCInitStructure
 COMMON         0x20000b10       0x32 ..\obj\usbd_req.o
                0x20000b10                USBD_StrDesc
 *fill*         0x20000b42        0x2 00
 COMMON         0x20000b44      0xa08 ..\obj\usbd_cdc_core.o
                0x20000b44                USB_Rx_Buffer
                0x20000d44                CmdBuff
                0x20000d4c                APP_Rx_Buffer
 COMMON         0x2000154c      0x600 ..\obj\USBSerial.o
                0x2000154c                USB_DataReceived
                0x2000155c                USB_OTG_dev
 COMMON         0x20001b4c        0x4 c:/program files (x86)/gnu tools arm embedded/4.7 2012q4/bin/../lib/gcc/arm-none-eabi/4.7.3/../../../../arm-none-eabi/lib/armv7e-m\libg.a(lib_a-reent.o)
                0x20001b4c                errno
                0x20001b50                . = ALIGN (0x4)
                0x20001b50                __bss_end__ = .
                0x20001b50                _ebss = __bss_end__

.heap           0x20001b50        0x0
                0x20001b50                __end__ = .
                0x20001b50                _end = __end__
                0x20001b50                end = __end__
 *(.heap*)
                0x20001b50                __HeapLimit = .

.co_stack       0x20001b50      0x800 load address 0x08009624
                0x20001b50                . = ALIGN (0x8)
 *(.co_stack .co_stack.*)
 .co_stack      0x20001b50      0x800 ..\obj\startup_stm32f4xx.o
                0x20001b50                pulStack
                0x20020000                __StackTop = (ORIGIN (ram) + 0x20000)
                0x2001f800                __StackLimit = (__StackTop - SIZEOF (.co_stack))
                0x20020000                PROVIDE (__stack, __StackTop)
                0x00000001                ASSERT ((__StackLimit >= __HeapLimit), region ram  overflowed with stack)
LOAD ..\obj\stm32f4xx_syscfg.o
LOAD ..\obj\usb_core.o
LOAD ..\obj\TibuBoard.o
LOAD ..\obj\ArduinoStyle.o
LOAD ..\obj\usbd_usr.o
LOAD ..\obj\BufferFunctions.o
LOAD ..\obj\startup_stm32f4xx.o
LOAD ..\obj\SPIAPI.o
LOAD ..\obj\usbd_core.o
LOAD ..\obj\main.o
LOAD ..\obj\stm32f4xx_rcc.o
LOAD ..\obj\stm32f4xx_it.o
LOAD ..\obj\stm32f4xx_adc.o
LOAD ..\obj\BasicFunctions.o
LOAD ..\obj\usbd_desc.o
LOAD ..\obj\stm32f4xx_gpio.o
LOAD ..\obj\usbd_cdc_vcp.o
LOAD ..\obj\system_stm32f4xx.o
LOAD ..\obj\syscalls.o
LOAD ..\obj\stm32f4xx_dma.o
LOAD ..\obj\usb_bsp.o
LOAD ..\obj\usbd_req.o
LOAD ..\obj\usb_dcd_int.o
LOAD ..\obj\usbd_cdc_core.o
LOAD ..\obj\stm32f4xx_spi.o
LOAD ..\obj\stm32f4xx_exti.o
LOAD ..\obj\misc.o
LOAD ..\obj\usb_dcd.o
LOAD ..\obj\USBSerial.o
LOAD ..\obj\usbd_ioreq.o
LOAD ..\obj\stm32f4xx_tim.o
LOAD c:/program files (x86)/gnu tools arm embedded/4.7 2012q4/bin/../lib/gcc/arm-none-eabi/4.7.3/../../../../arm-none-eabi/lib/armv7e-m\libstdc++.a
START GROUP
LOAD c:/program files (x86)/gnu tools arm embedded/4.7 2012q4/bin/../lib/gcc/arm-none-eabi/4.7.3/armv7e-m\libgcc.a
LOAD c:/program files (x86)/gnu tools arm embedded/4.7 2012q4/bin/../lib/gcc/arm-none-eabi/4.7.3/../../../../arm-none-eabi/lib/armv7e-m\libg.a
LOAD c:/program files (x86)/gnu tools arm embedded/4.7 2012q4/bin/../lib/gcc/arm-none-eabi/4.7.3/../../../../arm-none-eabi/lib/armv7e-m\libc.a
END GROUP
OUTPUT(TibuBoard_Demo.elf elf32-littlearm)

.debug_info     0x00000000    0x14d63
 .debug_info    0x00000000      0x279 ..\obj\stm32f4xx_syscfg.o
 .debug_info    0x00000279     0x2827 ..\obj\usb_core.o
 .debug_info    0x00002aa0      0xf41 ..\obj\TibuBoard.o
 .debug_info    0x000039e1      0x3c6 ..\obj\ArduinoStyle.o
 .debug_info    0x00003da7      0x1c3 ..\obj\usbd_usr.o
 .debug_info    0x00003f6a      0x6c6 ..\obj\BufferFunctions.o
 .debug_info    0x00004630      0x103 ..\obj\startup_stm32f4xx.o
 .debug_info    0x00004733      0xfff ..\obj\usbd_core.o
 .debug_info    0x00005732      0x304 ..\obj\main.o
 .debug_info    0x00005a36      0xd49 ..\obj\stm32f4xx_rcc.o
 .debug_info    0x0000677f      0xd98 ..\obj\stm32f4xx_it.o
 .debug_info    0x00007517      0xd14 ..\obj\stm32f4xx_adc.o
 .debug_info    0x0000822b      0xa7e ..\obj\BasicFunctions.o
 .debug_info    0x00008ca9      0x380 ..\obj\usbd_desc.o
 .debug_info    0x00009029      0x640 ..\obj\stm32f4xx_gpio.o
 .debug_info    0x00009669      0x3ba ..\obj\usbd_cdc_vcp.o
 .debug_info    0x00009a23      0x5f5 ..\obj\system_stm32f4xx.o
 .debug_info    0x0000a018      0x443 ..\obj\syscalls.o
 .debug_info    0x0000a45b     0x10fd ..\obj\usb_bsp.o
 .debug_info    0x0000b558     0x1126 ..\obj\usbd_req.o
 .debug_info    0x0000c67e     0x20ca ..\obj\usb_dcd_int.o
 .debug_info    0x0000e748     0x10ba ..\obj\usbd_cdc_core.o
 .debug_info    0x0000f802      0x373 ..\obj\stm32f4xx_exti.o
 .debug_info    0x0000fb75      0x592 ..\obj\misc.o
 .debug_info    0x00010107     0x1198 ..\obj\usb_dcd.o
 .debug_info    0x0001129f      0xe55 ..\obj\USBSerial.o
 .debug_info    0x000120f4      0xdf2 ..\obj\usbd_ioreq.o
 .debug_info    0x00012ee6     0x1e7d ..\obj\stm32f4xx_tim.o

.debug_abbrev   0x00000000     0x2da8
 .debug_abbrev  0x00000000      0x133 ..\obj\stm32f4xx_syscfg.o
 .debug_abbrev  0x00000133      0x2bc ..\obj\usb_core.o
 .debug_abbrev  0x000003ef      0x245 ..\obj\TibuBoard.o
 .debug_abbrev  0x00000634      0x14a ..\obj\ArduinoStyle.o
 .debug_abbrev  0x0000077e       0xdf ..\obj\usbd_usr.o
 .debug_abbrev  0x0000085d      0x161 ..\obj\BufferFunctions.o
 .debug_abbrev  0x000009be       0xb2 ..\obj\startup_stm32f4xx.o
 .debug_abbrev  0x00000a70      0x1f2 ..\obj\usbd_core.o
 .debug_abbrev  0x00000c62       0xe9 ..\obj\main.o
 .debug_abbrev  0x00000d4b      0x1e5 ..\obj\stm32f4xx_rcc.o
 .debug_abbrev  0x00000f30      0x19f ..\obj\stm32f4xx_it.o
 .debug_abbrev  0x000010cf      0x198 ..\obj\stm32f4xx_adc.o
 .debug_abbrev  0x00001267      0x1f0 ..\obj\BasicFunctions.o
 .debug_abbrev  0x00001457      0x12e ..\obj\usbd_desc.o
 .debug_abbrev  0x00001585      0x1a5 ..\obj\stm32f4xx_gpio.o
 .debug_abbrev  0x0000172a      0x186 ..\obj\usbd_cdc_vcp.o
 .debug_abbrev  0x000018b0      0x138 ..\obj\system_stm32f4xx.o
 .debug_abbrev  0x000019e8       0xe4 ..\obj\syscalls.o
 .debug_abbrev  0x00001acc      0x1e6 ..\obj\usb_bsp.o
 .debug_abbrev  0x00001cb2      0x279 ..\obj\usbd_req.o
 .debug_abbrev  0x00001f2b      0x23f ..\obj\usb_dcd_int.o
 .debug_abbrev  0x0000216a      0x215 ..\obj\usbd_cdc_core.o
 .debug_abbrev  0x0000237f      0x1a7 ..\obj\stm32f4xx_exti.o
 .debug_abbrev  0x00002526      0x129 ..\obj\misc.o
 .debug_abbrev  0x0000264f      0x22e ..\obj\usb_dcd.o
 .debug_abbrev  0x0000287d      0x21e ..\obj\USBSerial.o
 .debug_abbrev  0x00002a9b      0x184 ..\obj\usbd_ioreq.o
 .debug_abbrev  0x00002c1f      0x189 ..\obj\stm32f4xx_tim.o

.debug_loc      0x00000000     0x5b52
 .debug_loc     0x00000000      0x144 ..\obj\stm32f4xx_syscfg.o
 .debug_loc     0x00000144      0x7e0 ..\obj\usb_core.o
 .debug_loc     0x00000924      0x3ac ..\obj\TibuBoard.o
 .debug_loc     0x00000cd0       0x9c ..\obj\ArduinoStyle.o
 .debug_loc     0x00000d6c       0xe8 ..\obj\usbd_usr.o
 .debug_loc     0x00000e54      0x4d0 ..\obj\BufferFunctions.o
 .debug_loc     0x00001324       0x64 ..\obj\startup_stm32f4xx.o
 .debug_loc     0x00001388      0x2d8 ..\obj\usbd_core.o
 .debug_loc     0x00001660       0x2c ..\obj\main.o
 .debug_loc     0x0000168c      0x97c ..\obj\stm32f4xx_rcc.o
 .debug_loc     0x00002008      0x2c0 ..\obj\stm32f4xx_it.o
 .debug_loc     0x000022c8      0x838 ..\obj\stm32f4xx_adc.o
 .debug_loc     0x00002b00      0x1a8 ..\obj\BasicFunctions.o
 .debug_loc     0x00002ca8      0x188 ..\obj\usbd_desc.o
 .debug_loc     0x00002e30      0x310 ..\obj\stm32f4xx_gpio.o
 .debug_loc     0x00003140      0x138 ..\obj\usbd_cdc_vcp.o
 .debug_loc     0x00003278       0x9c ..\obj\system_stm32f4xx.o
 .debug_loc     0x00003314      0x1ec ..\obj\syscalls.o
 .debug_loc     0x00003500       0xe0 ..\obj\usb_bsp.o
 .debug_loc     0x000035e0      0x310 ..\obj\usbd_req.o
 .debug_loc     0x000038f0      0x348 ..\obj\usb_dcd_int.o
 .debug_loc     0x00003c38      0x25c ..\obj\usbd_cdc_core.o
 .debug_loc     0x00003e94      0x1b4 ..\obj\stm32f4xx_exti.o
 .debug_loc     0x00004048      0x118 ..\obj\misc.o
 .debug_loc     0x00004160      0x2d8 ..\obj\usb_dcd.o
 .debug_loc     0x00004438      0x172 ..\obj\USBSerial.o
 .debug_loc     0x000045aa      0x188 ..\obj\usbd_ioreq.o
 .debug_loc     0x00004732     0x1420 ..\obj\stm32f4xx_tim.o

.debug_aranges  0x00000000      0xff0
 .debug_aranges
                0x00000000       0x48 ..\obj\stm32f4xx_syscfg.o
 .debug_aranges
                0x00000048      0x138 ..\obj\usb_core.o
 .debug_aranges
                0x00000180       0xa0 ..\obj\TibuBoard.o
 .debug_aranges
                0x00000220       0x30 ..\obj\ArduinoStyle.o
 .debug_aranges
                0x00000250       0x40 ..\obj\usbd_usr.o
 .debug_aranges
                0x00000290       0xc8 ..\obj\BufferFunctions.o
 .debug_aranges
                0x00000358       0x28 ..\obj\startup_stm32f4xx.o
 .debug_aranges
                0x00000380       0x80 ..\obj\usbd_core.o
 .debug_aranges
                0x00000400       0x20 ..\obj\main.o
 .debug_aranges
                0x00000420      0x178 ..\obj\stm32f4xx_rcc.o
 .debug_aranges
                0x00000598       0x98 ..\obj\stm32f4xx_it.o
 .debug_aranges
                0x00000630      0x148 ..\obj\stm32f4xx_adc.o
 .debug_aranges
                0x00000778       0x58 ..\obj\BasicFunctions.o
 .debug_aranges
                0x000007d0       0x50 ..\obj\usbd_desc.o
 .debug_aranges
                0x00000820       0x88 ..\obj\stm32f4xx_gpio.o
 .debug_aranges
                0x000008a8       0x48 ..\obj\usbd_cdc_vcp.o
 .debug_aranges
                0x000008f0       0x30 ..\obj\system_stm32f4xx.o
 .debug_aranges
                0x00000920       0x60 ..\obj\syscalls.o
 .debug_aranges
                0x00000980       0x38 ..\obj\usb_bsp.o
 .debug_aranges
                0x000009b8       0x88 ..\obj\usbd_req.o
 .debug_aranges
                0x00000a40       0x90 ..\obj\usb_dcd_int.o
 .debug_aranges
                0x00000ad0       0x70 ..\obj\usbd_cdc_core.o
 .debug_aranges
                0x00000b40       0x58 ..\obj\stm32f4xx_exti.o
 .debug_aranges
                0x00000b98       0x40 ..\obj\misc.o
 .debug_aranges
                0x00000bd8       0x80 ..\obj\usb_dcd.o
 .debug_aranges
                0x00000c58       0x50 ..\obj\USBSerial.o
 .debug_aranges
                0x00000ca8       0x50 ..\obj\usbd_ioreq.o
 .debug_aranges
                0x00000cf8      0x2f8 ..\obj\stm32f4xx_tim.o

.debug_ranges   0x00000000      0xe30
 .debug_ranges  0x00000000       0x38 ..\obj\stm32f4xx_syscfg.o
 .debug_ranges  0x00000038      0x128 ..\obj\usb_core.o
 .debug_ranges  0x00000160       0x90 ..\obj\TibuBoard.o
 .debug_ranges  0x000001f0       0x20 ..\obj\ArduinoStyle.o
 .debug_ranges  0x00000210       0x30 ..\obj\usbd_usr.o
 .debug_ranges  0x00000240       0xb8 ..\obj\BufferFunctions.o
 .debug_ranges  0x000002f8       0x18 ..\obj\startup_stm32f4xx.o
 .debug_ranges  0x00000310       0x70 ..\obj\usbd_core.o
 .debug_ranges  0x00000380       0x10 ..\obj\main.o
 .debug_ranges  0x00000390      0x168 ..\obj\stm32f4xx_rcc.o
 .debug_ranges  0x000004f8       0x88 ..\obj\stm32f4xx_it.o
 .debug_ranges  0x00000580      0x138 ..\obj\stm32f4xx_adc.o
 .debug_ranges  0x000006b8       0x48 ..\obj\BasicFunctions.o
 .debug_ranges  0x00000700       0x40 ..\obj\usbd_desc.o
 .debug_ranges  0x00000740       0x78 ..\obj\stm32f4xx_gpio.o
 .debug_ranges  0x000007b8       0x38 ..\obj\usbd_cdc_vcp.o
 .debug_ranges  0x000007f0       0x20 ..\obj\system_stm32f4xx.o
 .debug_ranges  0x00000810       0x50 ..\obj\syscalls.o
 .debug_ranges  0x00000860       0x28 ..\obj\usb_bsp.o
 .debug_ranges  0x00000888       0x78 ..\obj\usbd_req.o
 .debug_ranges  0x00000900       0x80 ..\obj\usb_dcd_int.o
 .debug_ranges  0x00000980       0x60 ..\obj\usbd_cdc_core.o
 .debug_ranges  0x000009e0       0x48 ..\obj\stm32f4xx_exti.o
 .debug_ranges  0x00000a28       0x30 ..\obj\misc.o
 .debug_ranges  0x00000a58       0x70 ..\obj\usb_dcd.o
 .debug_ranges  0x00000ac8       0x40 ..\obj\USBSerial.o
 .debug_ranges  0x00000b08       0x40 ..\obj\usbd_ioreq.o
 .debug_ranges  0x00000b48      0x2e8 ..\obj\stm32f4xx_tim.o

.debug_line     0x00000000     0x64f7
 .debug_line    0x00000000      0x21e ..\obj\stm32f4xx_syscfg.o
 .debug_line    0x0000021e      0x733 ..\obj\usb_core.o
 .debug_line    0x00000951      0x45c ..\obj\TibuBoard.o
 .debug_line    0x00000dad      0x241 ..\obj\ArduinoStyle.o
 .debug_line    0x00000fee      0x206 ..\obj\usbd_usr.o
 .debug_line    0x000011f4      0x38f ..\obj\BufferFunctions.o
 .debug_line    0x00001583       0xb2 ..\obj\startup_stm32f4xx.o
 .debug_line    0x00001635      0x3db ..\obj\usbd_core.o
 .debug_line    0x00001a10      0x1bd ..\obj\main.o
 .debug_line    0x00001bcd      0x5b2 ..\obj\stm32f4xx_rcc.o
 .debug_line    0x0000217f      0x38c ..\obj\stm32f4xx_it.o
 .debug_line    0x0000250b      0x56b ..\obj\stm32f4xx_adc.o
 .debug_line    0x00002a76      0x380 ..\obj\BasicFunctions.o
 .debug_line    0x00002df6      0x24c ..\obj\usbd_desc.o
 .debug_line    0x00003042      0x356 ..\obj\stm32f4xx_gpio.o
 .debug_line    0x00003398      0x33f ..\obj\usbd_cdc_vcp.o
 .debug_line    0x000036d7      0x1de ..\obj\system_stm32f4xx.o
 .debug_line    0x000038b5      0x1b3 ..\obj\syscalls.o
 .debug_line    0x00003a68      0x303 ..\obj\usb_bsp.o
 .debug_line    0x00003d6b      0x506 ..\obj\usbd_req.o
 .debug_line    0x00004271      0x462 ..\obj\usb_dcd_int.o
 .debug_line    0x000046d3      0x3f8 ..\obj\usbd_cdc_core.o
 .debug_line    0x00004acb      0x2bc ..\obj\stm32f4xx_exti.o
 .debug_line    0x00004d87      0x25c ..\obj\misc.o
 .debug_line    0x00004fe3      0x38d ..\obj\usb_dcd.o
 .debug_line    0x00005370      0x414 ..\obj\USBSerial.o
 .debug_line    0x00005784      0x2e3 ..\obj\usbd_ioreq.o
 .debug_line    0x00005a67      0xa90 ..\obj\stm32f4xx_tim.o

.debug_str      0x00000000     0x5609
 .debug_str     0x00000000      0x266 ..\obj\stm32f4xx_syscfg.o
                                0x2b3 (size before relaxing)
 .debug_str     0x00000266     0x1284 ..\obj\usb_core.o
                               0x166d (size before relaxing)
 .debug_str     0x000014ea      0xbef ..\obj\TibuBoard.o
                                0xd5f (size before relaxing)
 .debug_str     0x000020d9       0xd2 ..\obj\ArduinoStyle.o
                                0x306 (size before relaxing)
 .debug_str     0x000021ab       0xc4 ..\obj\usbd_usr.o
                                0x243 (size before relaxing)
 .debug_str     0x0000226f      0x244 ..\obj\BufferFunctions.o
                                0x365 (size before relaxing)
 .debug_str     0x000024b3       0xc1 ..\obj\startup_stm32f4xx.o
                                0x125 (size before relaxing)
 .debug_str     0x00002574      0x1bc ..\obj\usbd_core.o
                                0xabb (size before relaxing)
 .debug_str     0x00002730       0x45 ..\obj\main.o
                                0x2bd (size before relaxing)
 .debug_str     0x00002775      0x661 ..\obj\stm32f4xx_rcc.o
                                0x804 (size before relaxing)
 .debug_str     0x00002dd6      0x17e ..\obj\stm32f4xx_it.o
                                0xa3e (size before relaxing)
 .debug_str     0x00002f54      0x64b ..\obj\stm32f4xx_adc.o
                                0x7b8 (size before relaxing)
 .debug_str     0x0000359f      0x34b ..\obj\BasicFunctions.o
                                0x7c7 (size before relaxing)
 .debug_str     0x000038ea      0x172 ..\obj\usbd_desc.o
                                0x346 (size before relaxing)
 .debug_str     0x00003a5c      0x1a9 ..\obj\stm32f4xx_gpio.o
                                0x457 (size before relaxing)
 .debug_str     0x00003c05      0x165 ..\obj\usbd_cdc_vcp.o
                                0x2b5 (size before relaxing)
 .debug_str     0x00003d6a       0xc5 ..\obj\system_stm32f4xx.o
                                0x35e (size before relaxing)
 .debug_str     0x00003e2f      0x166 ..\obj\syscalls.o
                                0x2c8 (size before relaxing)
 .debug_str     0x00003f95       0xb2 ..\obj\usb_bsp.o
                               0x106f (size before relaxing)
 .debug_str     0x00004047      0x1a2 ..\obj\usbd_req.o
                                0xaff (size before relaxing)
 .debug_str     0x000041e9      0x2e0 ..\obj\usb_dcd_int.o
                               0x12a7 (size before relaxing)
 .debug_str     0x000044c9      0x202 ..\obj\usbd_cdc_core.o
                                0xb4f (size before relaxing)
 .debug_str     0x000046cb      0x111 ..\obj\stm32f4xx_exti.o
                                0x322 (size before relaxing)
 .debug_str     0x000047dc      0x11d ..\obj\misc.o
                                0x38d (size before relaxing)
 .debug_str     0x000048f9      0x135 ..\obj\usb_dcd.o
                                0xb0d (size before relaxing)
 .debug_str     0x00004a2e       0xd4 ..\obj\USBSerial.o
                                0xa67 (size before relaxing)
 .debug_str     0x00004b02       0xf8 ..\obj\usbd_ioreq.o
                                0x9a5 (size before relaxing)
 .debug_str     0x00004bfa      0xa0f ..\obj\stm32f4xx_tim.o
                                0xd84 (size before relaxing)

.comment        0x00000000       0x70
 .comment       0x00000000       0x70 ..\obj\stm32f4xx_syscfg.o
                                 0x71 (size before relaxing)
 .comment       0x00000000       0x71 ..\obj\usb_core.o
 .comment       0x00000000       0x71 ..\obj\TibuBoard.o
 .comment       0x00000000       0x71 ..\obj\ArduinoStyle.o
 .comment       0x00000000       0x71 ..\obj\usbd_usr.o
 .comment       0x00000000       0x71 ..\obj\BufferFunctions.o
 .comment       0x00000000       0x71 ..\obj\startup_stm32f4xx.o
 .comment       0x00000000       0x71 ..\obj\usbd_core.o
 .comment       0x00000000       0x71 ..\obj\main.o
 .comment       0x00000000       0x71 ..\obj\stm32f4xx_rcc.o
 .comment       0x00000000       0x71 ..\obj\stm32f4xx_it.o
 .comment       0x00000000       0x71 ..\obj\stm32f4xx_adc.o
 .comment       0x00000000       0x71 ..\obj\BasicFunctions.o
 .comment       0x00000000       0x71 ..\obj\usbd_desc.o
 .comment       0x00000000       0x71 ..\obj\stm32f4xx_gpio.o
 .comment       0x00000000       0x71 ..\obj\usbd_cdc_vcp.o
 .comment       0x00000000       0x71 ..\obj\system_stm32f4xx.o
 .comment       0x00000000       0x71 ..\obj\syscalls.o
 .comment       0x00000000       0x71 ..\obj\usb_bsp.o
 .comment       0x00000000       0x71 ..\obj\usbd_req.o
 .comment       0x00000000       0x71 ..\obj\usb_dcd_int.o
 .comment       0x00000000       0x71 ..\obj\usbd_cdc_core.o
 .comment       0x00000000       0x71 ..\obj\stm32f4xx_exti.o
 .comment       0x00000000       0x71 ..\obj\misc.o
 .comment       0x00000000       0x71 ..\obj\usb_dcd.o
 .comment       0x00000000       0x71 ..\obj\USBSerial.o
 .comment       0x00000000       0x71 ..\obj\usbd_ioreq.o
 .comment       0x00000000       0x71 ..\obj\stm32f4xx_tim.o

.ARM.attributes
                0x00000000       0x33
 .ARM.attributes
                0x00000000       0x33 ..\obj\stm32f4xx_syscfg.o
 .ARM.attributes
                0x00000033       0x33 ..\obj\usb_core.o
 .ARM.attributes
                0x00000066       0x33 ..\obj\TibuBoard.o
 .ARM.attributes
                0x00000099       0x33 ..\obj\ArduinoStyle.o
 .ARM.attributes
                0x000000cc       0x33 ..\obj\usbd_usr.o
 .ARM.attributes
                0x000000ff       0x33 ..\obj\BufferFunctions.o
 .ARM.attributes
                0x00000132       0x33 ..\obj\startup_stm32f4xx.o
 .ARM.attributes
                0x00000165       0x33 ..\obj\usbd_core.o
 .ARM.attributes
                0x00000198       0x33 ..\obj\main.o
 .ARM.attributes
                0x000001cb       0x33 ..\obj\stm32f4xx_rcc.o
 .ARM.attributes
                0x000001fe       0x33 ..\obj\stm32f4xx_it.o
 .ARM.attributes
                0x00000231       0x33 ..\obj\stm32f4xx_adc.o
 .ARM.attributes
                0x00000264       0x33 ..\obj\BasicFunctions.o
 .ARM.attributes
                0x00000297       0x33 ..\obj\usbd_desc.o
 .ARM.attributes
                0x000002ca       0x33 ..\obj\stm32f4xx_gpio.o
 .ARM.attributes
                0x000002fd       0x33 ..\obj\usbd_cdc_vcp.o
 .ARM.attributes
                0x00000330       0x33 ..\obj\system_stm32f4xx.o
 .ARM.attributes
                0x00000363       0x33 ..\obj\syscalls.o
 .ARM.attributes
                0x00000396       0x33 ..\obj\usb_bsp.o
 .ARM.attributes
                0x000003c9       0x33 ..\obj\usbd_req.o
 .ARM.attributes
                0x000003fc       0x33 ..\obj\usb_dcd_int.o
 .ARM.attributes
                0x0000042f       0x33 ..\obj\usbd_cdc_core.o
 .ARM.attributes
                0x00000462       0x33 ..\obj\stm32f4xx_exti.o
 .ARM.attributes
                0x00000495       0x33 ..\obj\misc.o
 .ARM.attributes
                0x000004c8       0x33 ..\obj\usb_dcd.o
 .ARM.attributes
                0x000004fb       0x33 ..\obj\USBSerial.o
 .ARM.attributes
                0x0000052e       0x33 ..\obj\usbd_ioreq.o
 .ARM.attributes
                0x00000561       0x33 ..\obj\stm32f4xx_tim.o
 .ARM.attributes
                0x00000594       0x2e c:/program files (x86)/gnu tools arm embedded/4.7 2012q4/bin/../lib/gcc/arm-none-eabi/4.7.3/../../../../arm-none-eabi/lib/armv7e-m\libg.a(lib_a-malloc.o)
 .ARM.attributes
                0x000005c2       0x2e c:/program files (x86)/gnu tools arm embedded/4.7 2012q4/bin/../lib/gcc/arm-none-eabi/4.7.3/../../../../arm-none-eabi/lib/armv7e-m\libg.a(lib_a-mallocr.o)
 .ARM.attributes
                0x000005f0       0x2e c:/program files (x86)/gnu tools arm embedded/4.7 2012q4/bin/../lib/gcc/arm-none-eabi/4.7.3/../../../../arm-none-eabi/lib/armv7e-m\libg.a(lib_a-mlock.o)
 .ARM.attributes
                0x0000061e       0x2e c:/program files (x86)/gnu tools arm embedded/4.7 2012q4/bin/../lib/gcc/arm-none-eabi/4.7.3/../../../../arm-none-eabi/lib/armv7e-m\libg.a(lib_a-sbrkr.o)
 .ARM.attributes
                0x0000064c       0x2e c:/program files (x86)/gnu tools arm embedded/4.7 2012q4/bin/../lib/gcc/arm-none-eabi/4.7.3/../../../../arm-none-eabi/lib/armv7e-m\libg.a(lib_a-strcpy.o)
 .ARM.attributes
                0x0000067a       0x2e c:/program files (x86)/gnu tools arm embedded/4.7 2012q4/bin/../lib/gcc/arm-none-eabi/4.7.3/../../../../arm-none-eabi/lib/armv7e-m\libg.a(lib_a-strlen.o)
 .ARM.attributes
                0x000006a8       0x2e c:/program files (x86)/gnu tools arm embedded/4.7 2012q4/bin/../lib/gcc/arm-none-eabi/4.7.3/../../../../arm-none-eabi/lib/armv7e-m\libg.a(lib_a-freer.o)
 .ARM.attributes
                0x000006d6       0x2e c:/program files (x86)/gnu tools arm embedded/4.7 2012q4/bin/../lib/gcc/arm-none-eabi/4.7.3/../../../../arm-none-eabi/lib/armv7e-m\libg.a(lib_a-impure.o)
 .ARM.attributes
                0x00000704       0x2e c:/program files (x86)/gnu tools arm embedded/4.7 2012q4/bin/../lib/gcc/arm-none-eabi/4.7.3/../../../../arm-none-eabi/lib/armv7e-m\libg.a(lib_a-reent.o)

.debug_frame    0x00000000     0x33d0
 .debug_frame   0x00000000       0xbc ..\obj\stm32f4xx_syscfg.o
 .debug_frame   0x000000bc      0x434 ..\obj\usb_core.o
 .debug_frame   0x000004f0      0x220 ..\obj\TibuBoard.o
 .debug_frame   0x00000710       0x6c ..\obj\ArduinoStyle.o
 .debug_frame   0x0000077c       0x8c ..\obj\usbd_usr.o
 .debug_frame   0x00000808      0x2ac ..\obj\BufferFunctions.o
 .debug_frame   0x00000ab4       0x48 ..\obj\startup_stm32f4xx.o
 .debug_frame   0x00000afc      0x1ac ..\obj\usbd_core.o
 .debug_frame   0x00000ca8       0x2c ..\obj\main.o
 .debug_frame   0x00000cd4      0x4d8 ..\obj\stm32f4xx_rcc.o
 .debug_frame   0x000011ac      0x1a8 ..\obj\stm32f4xx_it.o
 .debug_frame   0x00001354      0x434 ..\obj\stm32f4xx_adc.o
 .debug_frame   0x00001788      0x100 ..\obj\BasicFunctions.o
 .debug_frame   0x00001888       0xe8 ..\obj\usbd_desc.o
 .debug_frame   0x00001970      0x19c ..\obj\stm32f4xx_gpio.o
 .debug_frame   0x00001b0c       0xb8 ..\obj\usbd_cdc_vcp.o
 .debug_frame   0x00001bc4       0x64 ..\obj\system_stm32f4xx.o
 .debug_frame   0x00001c28      0x108 ..\obj\syscalls.o
 .debug_frame   0x00001d30       0x8c ..\obj\usb_bsp.o
 .debug_frame   0x00001dbc      0x1c8 ..\obj\usbd_req.o
 .debug_frame   0x00001f84      0x1ec ..\obj\usb_dcd_int.o
 .debug_frame   0x00002170      0x160 ..\obj\usbd_cdc_core.o
 .debug_frame   0x000022d0       0xec ..\obj\stm32f4xx_exti.o
 .debug_frame   0x000023bc       0x9c ..\obj\misc.o
 .debug_frame   0x00002458      0x1ac ..\obj\usb_dcd.o
 .debug_frame   0x00002604       0xe4 ..\obj\USBSerial.o
 .debug_frame   0x000026e8       0xec ..\obj\usbd_ioreq.o
 .debug_frame   0x000027d4      0xa3c ..\obj\stm32f4xx_tim.o
 .debug_frame   0x00003210       0x30 c:/program files (x86)/gnu tools arm embedded/4.7 2012q4/bin/../lib/gcc/arm-none-eabi/4.7.3/../../../../arm-none-eabi/lib/armv7e-m\libg.a(lib_a-malloc.o)
 .debug_frame   0x00003240       0x38 c:/program files (x86)/gnu tools arm embedded/4.7 2012q4/bin/../lib/gcc/arm-none-eabi/4.7.3/../../../../arm-none-eabi/lib/armv7e-m\libg.a(lib_a-mallocr.o)
 .debug_frame   0x00003278       0x30 c:/program files (x86)/gnu tools arm embedded/4.7 2012q4/bin/../lib/gcc/arm-none-eabi/4.7.3/../../../../arm-none-eabi/lib/armv7e-m\libg.a(lib_a-mlock.o)
 .debug_frame   0x000032a8       0x2c c:/program files (x86)/gnu tools arm embedded/4.7 2012q4/bin/../lib/gcc/arm-none-eabi/4.7.3/../../../../arm-none-eabi/lib/armv7e-m\libg.a(lib_a-sbrkr.o)
 .debug_frame   0x000032d4       0x20 c:/program files (x86)/gnu tools arm embedded/4.7 2012q4/bin/../lib/gcc/arm-none-eabi/4.7.3/../../../../arm-none-eabi/lib/armv7e-m\libg.a(lib_a-strcpy.o)
 .debug_frame   0x000032f4       0x20 c:/program files (x86)/gnu tools arm embedded/4.7 2012q4/bin/../lib/gcc/arm-none-eabi/4.7.3/../../../../arm-none-eabi/lib/armv7e-m\libg.a(lib_a-strlen.o)
 .debug_frame   0x00003314       0x50 c:/program files (x86)/gnu tools arm embedded/4.7 2012q4/bin/../lib/gcc/arm-none-eabi/4.7.3/../../../../arm-none-eabi/lib/armv7e-m\libg.a(lib_a-freer.o)
 .debug_frame   0x00003364       0x6c c:/program files (x86)/gnu tools arm embedded/4.7 2012q4/bin/../lib/gcc/arm-none-eabi/4.7.3/../../../../arm-none-eabi/lib/armv7e-m\libg.a(lib_a-reent.o)
