
Allocating common symbols
Common symbol       size              file

TIM_TimeBaseStructure
                    0xc               ..\obj\BasicFunctions.o
TIM_OCInitStructure
                    0x14              ..\obj\BasicFunctions.o
Tibu                0x30              ..\obj\ArduinoStyle.o
ButtonInt           0xc               ..\obj\TibuBoard.o

Discarded input sections

 .text          0x00000000        0x0 ..\obj\stm32f4xx_syscfg.o
 .data          0x00000000        0x0 ..\obj\stm32f4xx_syscfg.o
 .bss           0x00000000        0x0 ..\obj\stm32f4xx_syscfg.o
 .text.SYSCFG_DeInit
                0x00000000       0x20 ..\obj\stm32f4xx_syscfg.o
 .text.SYSCFG_MemoryRemapConfig
                0x00000000       0x20 ..\obj\stm32f4xx_syscfg.o
 .text.SYSCFG_ETH_MediaInterfaceConfig
                0x00000000       0x20 ..\obj\stm32f4xx_syscfg.o
 .text.SYSCFG_CompensationCellCmd
                0x00000000       0x20 ..\obj\stm32f4xx_syscfg.o
 .text.SYSCFG_GetCompensationCellStatus
                0x00000000       0x3c ..\obj\stm32f4xx_syscfg.o
 .text          0x00000000        0x0 ..\obj\TibuBoard.o
 .text          0x00000000        0x0 ..\obj\ArduinoStyle.o
 .data          0x00000000        0x0 ..\obj\ArduinoStyle.o
 .text          0x00000000        0x0 ..\obj\startup_stm32f4xx.o
 .data          0x00000000        0x0 ..\obj\startup_stm32f4xx.o
 .bss           0x00000000        0x0 ..\obj\startup_stm32f4xx.o
 .text          0x00000000        0x0 ..\obj\main.o
 .data          0x00000000        0x0 ..\obj\main.o
 .bss           0x00000000        0x0 ..\obj\main.o
 .text          0x00000000        0x0 ..\obj\stm32f4xx_rcc.o
 .data          0x00000000       0x10 ..\obj\stm32f4xx_rcc.o
 .bss           0x00000000        0x0 ..\obj\stm32f4xx_rcc.o
 .text.RCC_DeInit
                0x00000000       0x84 ..\obj\stm32f4xx_rcc.o
 .text.RCC_HSEConfig
                0x00000000       0x30 ..\obj\stm32f4xx_rcc.o
 .text.RCC_WaitForHSEStartUp
                0x00000000       0x64 ..\obj\stm32f4xx_rcc.o
 .text.RCC_AdjustHSICalibrationValue
                0x00000000       0x48 ..\obj\stm32f4xx_rcc.o
 .text.RCC_HSICmd
                0x00000000       0x20 ..\obj\stm32f4xx_rcc.o
 .text.RCC_LSEConfig
                0x00000000       0x60 ..\obj\stm32f4xx_rcc.o
 .text.RCC_LSICmd
                0x00000000       0x20 ..\obj\stm32f4xx_rcc.o
 .text.RCC_PLLConfig
                0x00000000       0x48 ..\obj\stm32f4xx_rcc.o
 .text.RCC_PLLCmd
                0x00000000       0x20 ..\obj\stm32f4xx_rcc.o
 .text.RCC_PLLI2SConfig
                0x00000000       0x30 ..\obj\stm32f4xx_rcc.o
 .text.RCC_PLLI2SCmd
                0x00000000       0x20 ..\obj\stm32f4xx_rcc.o
 .text.RCC_ClockSecuritySystemCmd
                0x00000000       0x20 ..\obj\stm32f4xx_rcc.o
 .text.RCC_MCO1Config
                0x00000000       0x48 ..\obj\stm32f4xx_rcc.o
 .text.RCC_MCO2Config
                0x00000000       0x48 ..\obj\stm32f4xx_rcc.o
 .text.RCC_SYSCLKConfig
                0x00000000       0x40 ..\obj\stm32f4xx_rcc.o
 .text.RCC_GetSYSCLKSource
                0x00000000       0x20 ..\obj\stm32f4xx_rcc.o
 .text.RCC_HCLKConfig
                0x00000000       0x40 ..\obj\stm32f4xx_rcc.o
 .text.RCC_PCLK1Config
                0x00000000       0x40 ..\obj\stm32f4xx_rcc.o
 .text.RCC_PCLK2Config
                0x00000000       0x44 ..\obj\stm32f4xx_rcc.o
 .text.RCC_GetClocksFreq
                0x00000000      0x1cc ..\obj\stm32f4xx_rcc.o
 .text.RCC_RTCCLKConfig
                0x00000000       0x74 ..\obj\stm32f4xx_rcc.o
 .text.RCC_RTCCLKCmd
                0x00000000       0x20 ..\obj\stm32f4xx_rcc.o
 .text.RCC_BackupResetCmd
                0x00000000       0x20 ..\obj\stm32f4xx_rcc.o
 .text.RCC_I2SCLKConfig
                0x00000000       0x20 ..\obj\stm32f4xx_rcc.o
 .text.RCC_AHB2PeriphClockCmd
                0x00000000       0x54 ..\obj\stm32f4xx_rcc.o
 .text.RCC_AHB3PeriphClockCmd
                0x00000000       0x54 ..\obj\stm32f4xx_rcc.o
 .text.RCC_AHB1PeriphResetCmd
                0x00000000       0x54 ..\obj\stm32f4xx_rcc.o
 .text.RCC_AHB2PeriphResetCmd
                0x00000000       0x54 ..\obj\stm32f4xx_rcc.o
 .text.RCC_AHB3PeriphResetCmd
                0x00000000       0x54 ..\obj\stm32f4xx_rcc.o
 .text.RCC_APB1PeriphResetCmd
                0x00000000       0x54 ..\obj\stm32f4xx_rcc.o
 .text.RCC_APB2PeriphResetCmd
                0x00000000       0x54 ..\obj\stm32f4xx_rcc.o
 .text.RCC_AHB1PeriphClockLPModeCmd
                0x00000000       0x54 ..\obj\stm32f4xx_rcc.o
 .text.RCC_AHB2PeriphClockLPModeCmd
                0x00000000       0x54 ..\obj\stm32f4xx_rcc.o
 .text.RCC_AHB3PeriphClockLPModeCmd
                0x00000000       0x54 ..\obj\stm32f4xx_rcc.o
 .text.RCC_APB1PeriphClockLPModeCmd
                0x00000000       0x54 ..\obj\stm32f4xx_rcc.o
 .text.RCC_APB2PeriphClockLPModeCmd
                0x00000000       0x54 ..\obj\stm32f4xx_rcc.o
 .text.RCC_ITConfig
                0x00000000       0x60 ..\obj\stm32f4xx_rcc.o
 .text.RCC_GetFlagStatus
                0x00000000       0x90 ..\obj\stm32f4xx_rcc.o
 .text.RCC_ClearFlag
                0x00000000       0x24 ..\obj\stm32f4xx_rcc.o
 .text.RCC_GetITStatus
                0x00000000       0x40 ..\obj\stm32f4xx_rcc.o
 .text.RCC_ClearITPendingBit
                0x00000000       0x20 ..\obj\stm32f4xx_rcc.o
 .text          0x00000000        0x0 ..\obj\stm32f4xx_it.o
 .data          0x00000000        0x0 ..\obj\stm32f4xx_it.o
 .bss           0x00000000        0x0 ..\obj\stm32f4xx_it.o
 .text          0x00000000        0x0 ..\obj\stm32f4xx_adc.o
 .data          0x00000000        0x0 ..\obj\stm32f4xx_adc.o
 .bss           0x00000000        0x0 ..\obj\stm32f4xx_adc.o
 .text.ADC_DeInit
                0x00000000       0x20 ..\obj\stm32f4xx_adc.o
 .text.ADC_StructInit
                0x00000000       0x4c ..\obj\stm32f4xx_adc.o
 .text.ADC_CommonStructInit
                0x00000000       0x34 ..\obj\stm32f4xx_adc.o
 .text.ADC_AnalogWatchdogCmd
                0x00000000       0x3c ..\obj\stm32f4xx_adc.o
 .text.ADC_AnalogWatchdogThresholdsConfig
                0x00000000       0x28 ..\obj\stm32f4xx_adc.o
 .text.ADC_AnalogWatchdogSingleChannelConfig
                0x00000000       0x38 ..\obj\stm32f4xx_adc.o
 .text.ADC_TempSensorVrefintCmd
                0x00000000       0x4c ..\obj\stm32f4xx_adc.o
 .text.ADC_VBATCmd
                0x00000000       0x4c ..\obj\stm32f4xx_adc.o
 .text.ADC_GetSoftwareStartConvStatus
                0x00000000       0x38 ..\obj\stm32f4xx_adc.o
 .text.ADC_EOCOnEachRegularChannelCmd
                0x00000000       0x38 ..\obj\stm32f4xx_adc.o
 .text.ADC_ContinuousModeCmd
                0x00000000       0x38 ..\obj\stm32f4xx_adc.o
 .text.ADC_DiscModeChannelCountConfig
                0x00000000       0x4c ..\obj\stm32f4xx_adc.o
 .text.ADC_DiscModeCmd
                0x00000000       0x38 ..\obj\stm32f4xx_adc.o
 .text.ADC_GetMultiModeConversionValue
                0x00000000       0x18 ..\obj\stm32f4xx_adc.o
 .text.ADC_DMACmd
                0x00000000       0x38 ..\obj\stm32f4xx_adc.o
 .text.ADC_DMARequestAfterLastTransferCmd
                0x00000000       0x38 ..\obj\stm32f4xx_adc.o
 .text.ADC_MultiModeDMARequestAfterLastTransferCmd
                0x00000000       0x4c ..\obj\stm32f4xx_adc.o
 .text.ADC_InjectedChannelConfig
                0x00000000      0x144 ..\obj\stm32f4xx_adc.o
 .text.ADC_InjectedSequencerLengthConfig
                0x00000000       0x4c ..\obj\stm32f4xx_adc.o
 .text.ADC_SetInjectedOffset
                0x00000000       0x34 ..\obj\stm32f4xx_adc.o
 .text.ADC_ExternalTrigInjectedConvConfig
                0x00000000       0x38 ..\obj\stm32f4xx_adc.o
 .text.ADC_ExternalTrigInjectedConvEdgeConfig
                0x00000000       0x38 ..\obj\stm32f4xx_adc.o
 .text.ADC_SoftwareStartInjectedConv
                0x00000000       0x20 ..\obj\stm32f4xx_adc.o
 .text.ADC_GetSoftwareStartInjectedConvCmdStatus
                0x00000000       0x38 ..\obj\stm32f4xx_adc.o
 .text.ADC_AutoInjectedConvCmd
                0x00000000       0x38 ..\obj\stm32f4xx_adc.o
 .text.ADC_InjectedDiscModeCmd
                0x00000000       0x38 ..\obj\stm32f4xx_adc.o
 .text.ADC_GetInjectedConversionValue
                0x00000000       0x34 ..\obj\stm32f4xx_adc.o
 .text.ADC_ITConfig
                0x00000000       0x58 ..\obj\stm32f4xx_adc.o
 .text.ADC_GetFlagStatus
                0x00000000       0x3c ..\obj\stm32f4xx_adc.o
 .text.ADC_ClearFlag
                0x00000000       0x20 ..\obj\stm32f4xx_adc.o
 .text.ADC_GetITStatus
                0x00000000       0x6c ..\obj\stm32f4xx_adc.o
 .text.ADC_ClearITPendingBit
                0x00000000       0x30 ..\obj\stm32f4xx_adc.o
 .text          0x00000000        0x0 ..\obj\BasicFunctions.o
 .bss           0x00000000        0x0 ..\obj\BasicFunctions.o
 .text          0x00000000        0x0 ..\obj\stm32f4xx_gpio.o
 .data          0x00000000        0x0 ..\obj\stm32f4xx_gpio.o
 .bss           0x00000000        0x0 ..\obj\stm32f4xx_gpio.o
 .text.GPIO_DeInit
                0x00000000      0x178 ..\obj\stm32f4xx_gpio.o
 .text.GPIO_StructInit
                0x00000000       0x3c ..\obj\stm32f4xx_gpio.o
 .text.GPIO_PinLockConfig
                0x00000000       0x44 ..\obj\stm32f4xx_gpio.o
 .text.GPIO_ReadInputData
                0x00000000       0x1c ..\obj\stm32f4xx_gpio.o
 .text.GPIO_ReadOutputDataBit
                0x00000000       0x3c ..\obj\stm32f4xx_gpio.o
 .text.GPIO_ReadOutputData
                0x00000000       0x1c ..\obj\stm32f4xx_gpio.o
 .text.GPIO_WriteBit
                0x00000000       0x30 ..\obj\stm32f4xx_gpio.o
 .text.GPIO_Write
                0x00000000       0x1c ..\obj\stm32f4xx_gpio.o
 .text          0x00000000        0x0 ..\obj\system_stm32f4xx.o
 .bss           0x00000000        0x0 ..\obj\system_stm32f4xx.o
 .text.SystemCoreClockUpdate
                0x00000000      0x170 ..\obj\system_stm32f4xx.o
 .text          0x00000000        0x0 ..\obj\syscalls.o
 .data          0x00000000        0x0 ..\obj\syscalls.o
 .bss           0x00000000        0x4 ..\obj\syscalls.o
 .text._sbrk    0x00000000       0x5c ..\obj\syscalls.o
 .text.link     0x00000000       0x1c ..\obj\syscalls.o
 .text._close   0x00000000       0x18 ..\obj\syscalls.o
 .text._fstat   0x00000000       0x24 ..\obj\syscalls.o
 .text._isatty  0x00000000       0x18 ..\obj\syscalls.o
 .text._lseek   0x00000000       0x1c ..\obj\syscalls.o
 .text._read    0x00000000       0x1c ..\obj\syscalls.o
 .text._write   0x00000000       0x1c ..\obj\syscalls.o
 .text.abort    0x00000000        0x8 ..\obj\syscalls.o
 .debug_info    0x00000000      0x443 ..\obj\syscalls.o
 .debug_abbrev  0x00000000       0xe4 ..\obj\syscalls.o
 .debug_loc     0x00000000      0x1ec ..\obj\syscalls.o
 .debug_aranges
                0x00000000       0x60 ..\obj\syscalls.o
 .debug_ranges  0x00000000       0x50 ..\obj\syscalls.o
 .debug_line    0x00000000      0x1a3 ..\obj\syscalls.o
 .debug_str     0x00000000      0x2a8 ..\obj\syscalls.o
 .comment       0x00000000       0x71 ..\obj\syscalls.o
 .ARM.attributes
                0x00000000       0x33 ..\obj\syscalls.o
 .debug_frame   0x00000000      0x108 ..\obj\syscalls.o
 .text          0x00000000        0x0 ..\obj\stm32f4xx_dma.o
 .data          0x00000000        0x0 ..\obj\stm32f4xx_dma.o
 .bss           0x00000000        0x0 ..\obj\stm32f4xx_dma.o
 .text.DMA_DeInit
                0x00000000      0x244 ..\obj\stm32f4xx_dma.o
 .text.DMA_Init
                0x00000000       0xb0 ..\obj\stm32f4xx_dma.o
 .text.DMA_StructInit
                0x00000000       0x8c ..\obj\stm32f4xx_dma.o
 .text.DMA_Cmd  0x00000000       0x38 ..\obj\stm32f4xx_dma.o
 .text.DMA_PeriphIncOffsetSizeConfig
                0x00000000       0x34 ..\obj\stm32f4xx_dma.o
 .text.DMA_FlowControllerConfig
                0x00000000       0x34 ..\obj\stm32f4xx_dma.o
 .text.DMA_SetCurrDataCounter
                0x00000000       0x1c ..\obj\stm32f4xx_dma.o
 .text.DMA_GetCurrDataCounter
                0x00000000       0x1c ..\obj\stm32f4xx_dma.o
 .text.DMA_DoubleBufferModeConfig
                0x00000000       0x3c ..\obj\stm32f4xx_dma.o
 .text.DMA_DoubleBufferModeCmd
                0x00000000       0x38 ..\obj\stm32f4xx_dma.o
 .text.DMA_MemoryTargetConfig
                0x00000000       0x2c ..\obj\stm32f4xx_dma.o
 .text.DMA_GetCurrentMemoryTarget
                0x00000000       0x38 ..\obj\stm32f4xx_dma.o
 .text.DMA_GetCmdStatus
                0x00000000       0x38 ..\obj\stm32f4xx_dma.o
 .text.DMA_GetFIFOStatus
                0x00000000       0x28 ..\obj\stm32f4xx_dma.o
 .text.DMA_GetFlagStatus
                0x00000000       0x84 ..\obj\stm32f4xx_dma.o
 .text.DMA_ClearFlag
                0x00000000       0x60 ..\obj\stm32f4xx_dma.o
 .text.DMA_ITConfig
                0x00000000       0x74 ..\obj\stm32f4xx_dma.o
 .text.DMA_GetITStatus
                0x00000000       0xc0 ..\obj\stm32f4xx_dma.o
 .text.DMA_ClearITPendingBit
                0x00000000       0x60 ..\obj\stm32f4xx_dma.o
 .debug_info    0x00000000      0x7af ..\obj\stm32f4xx_dma.o
 .debug_abbrev  0x00000000      0x157 ..\obj\stm32f4xx_dma.o
 .debug_loc     0x00000000      0x428 ..\obj\stm32f4xx_dma.o
 .debug_aranges
                0x00000000       0xb0 ..\obj\stm32f4xx_dma.o
 .debug_ranges  0x00000000       0xa0 ..\obj\stm32f4xx_dma.o
 .debug_line    0x00000000      0x3b3 ..\obj\stm32f4xx_dma.o
 .debug_str     0x00000000      0x4f0 ..\obj\stm32f4xx_dma.o
 .comment       0x00000000       0x71 ..\obj\stm32f4xx_dma.o
 .ARM.attributes
                0x00000000       0x33 ..\obj\stm32f4xx_dma.o
 .debug_frame   0x00000000      0x224 ..\obj\stm32f4xx_dma.o
 .text          0x00000000        0x0 ..\obj\stm32f4xx_exti.o
 .data          0x00000000        0x0 ..\obj\stm32f4xx_exti.o
 .bss           0x00000000        0x0 ..\obj\stm32f4xx_exti.o
 .text.EXTI_DeInit
                0x00000000       0x54 ..\obj\stm32f4xx_exti.o
 .text.EXTI_StructInit
                0x00000000       0x34 ..\obj\stm32f4xx_exti.o
 .text.EXTI_GenerateSWInterrupt
                0x00000000       0x2c ..\obj\stm32f4xx_exti.o
 .text.EXTI_GetFlagStatus
                0x00000000       0x3c ..\obj\stm32f4xx_exti.o
 .text.EXTI_ClearFlag
                0x00000000       0x20 ..\obj\stm32f4xx_exti.o
 .text          0x00000000        0x0 ..\obj\misc.o
 .data          0x00000000        0x0 ..\obj\misc.o
 .bss           0x00000000        0x0 ..\obj\misc.o
 .text.NVIC_PriorityGroupConfig
                0x00000000       0x28 ..\obj\misc.o
 .text.NVIC_SetVectorTable
                0x00000000       0x2c ..\obj\misc.o
 .text.NVIC_SystemLPConfig
                0x00000000       0x54 ..\obj\misc.o
 .text.SysTick_CLKSourceConfig
                0x00000000       0x4c ..\obj\misc.o
 .text          0x00000000        0x0 ..\obj\stm32f4xx_tim.o
 .data          0x00000000        0x0 ..\obj\stm32f4xx_tim.o
 .bss           0x00000000        0x0 ..\obj\stm32f4xx_tim.o
 .text.TIM_DeInit
                0x00000000      0x238 ..\obj\stm32f4xx_tim.o
 .text.TIM_TimeBaseStructInit
                0x00000000       0x3c ..\obj\stm32f4xx_tim.o
 .text.TIM_PrescalerConfig
                0x00000000       0x28 ..\obj\stm32f4xx_tim.o
 .text.TIM_CounterModeConfig
                0x00000000       0x38 ..\obj\stm32f4xx_tim.o
 .text.TIM_SetCounter
                0x00000000       0x1c ..\obj\stm32f4xx_tim.o
 .text.TIM_SetAutoreload
                0x00000000       0x1c ..\obj\stm32f4xx_tim.o
 .text.TIM_GetCounter
                0x00000000       0x18 ..\obj\stm32f4xx_tim.o
 .text.TIM_GetPrescaler
                0x00000000       0x1c ..\obj\stm32f4xx_tim.o
 .text.TIM_UpdateDisableConfig
                0x00000000       0x40 ..\obj\stm32f4xx_tim.o
 .text.TIM_UpdateRequestConfig
                0x00000000       0x40 ..\obj\stm32f4xx_tim.o
 .text.TIM_SelectOnePulseMode
                0x00000000       0x38 ..\obj\stm32f4xx_tim.o
 .text.TIM_SetClockDivision
                0x00000000       0x38 ..\obj\stm32f4xx_tim.o
 .text.TIM_OCStructInit
                0x00000000       0x54 ..\obj\stm32f4xx_tim.o
 .text.TIM_SelectOCxM
                0x00000000       0xc0 ..\obj\stm32f4xx_tim.o
 .text.TIM_SetCompare1
                0x00000000       0x1c ..\obj\stm32f4xx_tim.o
 .text.TIM_SetCompare2
                0x00000000       0x1c ..\obj\stm32f4xx_tim.o
 .text.TIM_SetCompare3
                0x00000000       0x1c ..\obj\stm32f4xx_tim.o
 .text.TIM_SetCompare4
                0x00000000       0x1c ..\obj\stm32f4xx_tim.o
 .text.TIM_ForcedOC1Config
                0x00000000       0x38 ..\obj\stm32f4xx_tim.o
 .text.TIM_ForcedOC2Config
                0x00000000       0x40 ..\obj\stm32f4xx_tim.o
 .text.TIM_ForcedOC3Config
                0x00000000       0x38 ..\obj\stm32f4xx_tim.o
 .text.TIM_ForcedOC4Config
                0x00000000       0x40 ..\obj\stm32f4xx_tim.o
 .text.TIM_OC1FastConfig
                0x00000000       0x38 ..\obj\stm32f4xx_tim.o
 .text.TIM_OC2FastConfig
                0x00000000       0x40 ..\obj\stm32f4xx_tim.o
 .text.TIM_OC3FastConfig
                0x00000000       0x38 ..\obj\stm32f4xx_tim.o
 .text.TIM_OC4FastConfig
                0x00000000       0x40 ..\obj\stm32f4xx_tim.o
 .text.TIM_ClearOC1Ref
                0x00000000       0x38 ..\obj\stm32f4xx_tim.o
 .text.TIM_ClearOC2Ref
                0x00000000       0x44 ..\obj\stm32f4xx_tim.o
 .text.TIM_ClearOC3Ref
                0x00000000       0x38 ..\obj\stm32f4xx_tim.o
 .text.TIM_ClearOC4Ref
                0x00000000       0x44 ..\obj\stm32f4xx_tim.o
 .text.TIM_OC1PolarityConfig
                0x00000000       0x38 ..\obj\stm32f4xx_tim.o
 .text.TIM_OC1NPolarityConfig
                0x00000000       0x38 ..\obj\stm32f4xx_tim.o
 .text.TIM_OC2PolarityConfig
                0x00000000       0x40 ..\obj\stm32f4xx_tim.o
 .text.TIM_OC2NPolarityConfig
                0x00000000       0x40 ..\obj\stm32f4xx_tim.o
 .text.TIM_OC3PolarityConfig
                0x00000000       0x40 ..\obj\stm32f4xx_tim.o
 .text.TIM_OC3NPolarityConfig
                0x00000000       0x40 ..\obj\stm32f4xx_tim.o
 .text.TIM_OC4PolarityConfig
                0x00000000       0x40 ..\obj\stm32f4xx_tim.o
 .text.TIM_CCxCmd
                0x00000000       0x5c ..\obj\stm32f4xx_tim.o
 .text.TIM_CCxNCmd
                0x00000000       0x5c ..\obj\stm32f4xx_tim.o
 .text.TIM_ICInit
                0x00000000       0xa8 ..\obj\stm32f4xx_tim.o
 .text.TIM_ICStructInit
                0x00000000       0x3c ..\obj\stm32f4xx_tim.o
 .text.TIM_PWMIConfig
                0x00000000       0xc4 ..\obj\stm32f4xx_tim.o
 .text.TIM_GetCapture1
                0x00000000       0x18 ..\obj\stm32f4xx_tim.o
 .text.TIM_GetCapture2
                0x00000000       0x18 ..\obj\stm32f4xx_tim.o
 .text.TIM_GetCapture3
                0x00000000       0x18 ..\obj\stm32f4xx_tim.o
 .text.TIM_GetCapture4
                0x00000000       0x18 ..\obj\stm32f4xx_tim.o
 .text.TIM_SetIC1Prescaler
                0x00000000       0x38 ..\obj\stm32f4xx_tim.o
 .text.TIM_SetIC2Prescaler
                0x00000000       0x3c ..\obj\stm32f4xx_tim.o
 .text.TIM_SetIC3Prescaler
                0x00000000       0x38 ..\obj\stm32f4xx_tim.o
 .text.TIM_SetIC4Prescaler
                0x00000000       0x3c ..\obj\stm32f4xx_tim.o
 .text.TIM_BDTRConfig
                0x00000000       0x50 ..\obj\stm32f4xx_tim.o
 .text.TIM_BDTRStructInit
                0x00000000       0x4c ..\obj\stm32f4xx_tim.o
 .text.TIM_CtrlPWMOutputs
                0x00000000       0x50 ..\obj\stm32f4xx_tim.o
 .text.TIM_SelectCOM
                0x00000000       0x40 ..\obj\stm32f4xx_tim.o
 .text.TIM_CCPreloadControl
                0x00000000       0x40 ..\obj\stm32f4xx_tim.o
 .text.TIM_ITConfig
                0x00000000       0x48 ..\obj\stm32f4xx_tim.o
 .text.TIM_GenerateEvent
                0x00000000       0x1c ..\obj\stm32f4xx_tim.o
 .text.TIM_GetFlagStatus
                0x00000000       0x40 ..\obj\stm32f4xx_tim.o
 .text.TIM_ClearFlag
                0x00000000       0x24 ..\obj\stm32f4xx_tim.o
 .text.TIM_GetITStatus
                0x00000000       0x60 ..\obj\stm32f4xx_tim.o
 .text.TIM_ClearITPendingBit
                0x00000000       0x24 ..\obj\stm32f4xx_tim.o
 .text.TIM_DMAConfig
                0x00000000       0x28 ..\obj\stm32f4xx_tim.o
 .text.TIM_DMACmd
                0x00000000       0x48 ..\obj\stm32f4xx_tim.o
 .text.TIM_SelectCCDMA
                0x00000000       0x40 ..\obj\stm32f4xx_tim.o
 .text.TIM_InternalClockConfig
                0x00000000       0x24 ..\obj\stm32f4xx_tim.o
 .text.TIM_ITRxExternalClockConfig
                0x00000000       0x30 ..\obj\stm32f4xx_tim.o
 .text.TIM_TIxExternalClockConfig
                0x00000000       0x58 ..\obj\stm32f4xx_tim.o
 .text.TIM_ETRClockMode1Config
                0x00000000       0x54 ..\obj\stm32f4xx_tim.o
 .text.TIM_ETRClockMode2Config
                0x00000000       0x34 ..\obj\stm32f4xx_tim.o
 .text.TIM_SelectInputTrigger
                0x00000000       0x38 ..\obj\stm32f4xx_tim.o
 .text.TIM_SelectOutputTrigger
                0x00000000       0x38 ..\obj\stm32f4xx_tim.o
 .text.TIM_SelectSlaveMode
                0x00000000       0x38 ..\obj\stm32f4xx_tim.o
 .text.TIM_SelectMasterSlaveMode
                0x00000000       0x38 ..\obj\stm32f4xx_tim.o
 .text.TIM_ETRConfig
                0x00000000       0x4c ..\obj\stm32f4xx_tim.o
 .text.TIM_EncoderInterfaceConfig
                0x00000000       0x94 ..\obj\stm32f4xx_tim.o
 .text.TIM_SelectHallSensor
                0x00000000       0x40 ..\obj\stm32f4xx_tim.o
 .text.TIM_RemapConfig
                0x00000000       0x20 ..\obj\stm32f4xx_tim.o
 .text.TI1_Config
                0x00000000       0x80 ..\obj\stm32f4xx_tim.o
 .text.TI2_Config
                0x00000000       0x9c ..\obj\stm32f4xx_tim.o
 .text.TI3_Config
                0x00000000       0x8c ..\obj\stm32f4xx_tim.o
 .text.TI4_Config
                0x00000000       0xa4 ..\obj\stm32f4xx_tim.o

Memory Configuration

Name             Origin             Length             Attributes
rom              0x08000000         0x00100000         xr
ram              0x20000000         0x00020000         xrw
ram1             0x10000000         0x00010000         xrw
*default*        0x00000000         0xffffffff

Linker script and memory map

                0x20020000                _eram = 0x20020000

.text           0x08000000     0x24c4
 *(.isr_vector .isr_vector.*)
 .isr_vector    0x08000000      0x188 ..\obj\startup_stm32f4xx.o
                0x08000000                g_pfnVectors
 *(.text .text.* .gnu.linkonce.t.*)
 .text.SYSCFG_EXTILineConfig
                0x08000188       0xb0 ..\obj\stm32f4xx_syscfg.o
                0x08000188                SYSCFG_EXTILineConfig
 .text.NVIC_SetPriority
                0x08000238       0x5c ..\obj\TibuBoard.o
 .text.SysTick_Config
                0x08000294       0x64 ..\obj\TibuBoard.o
 .text.TibuBoard_InitLED
                0x080002f8       0x6c ..\obj\TibuBoard.o
                0x080002f8                TibuBoard_InitLED
 .text.TibuBoard_LEDOn
                0x08000364       0x38 ..\obj\TibuBoard.o
                0x08000364                TibuBoard_LEDOn
 .text.TibuBoard_LEDOff
                0x0800039c       0x38 ..\obj\TibuBoard.o
                0x0800039c                TibuBoard_LEDOff
 .text.TibuBoard_LEDToggle
                0x080003d4       0x38 ..\obj\TibuBoard.o
                0x080003d4                TibuBoard_LEDToggle
 .text.TibuBoard_InitAllLEDs
                0x0800040c       0x80 ..\obj\TibuBoard.o
                0x0800040c                TibuBoard_InitAllLEDs
 .text.TibuBoard_LEDOnAll
                0x0800048c       0x48 ..\obj\TibuBoard.o
                0x0800048c                TibuBoard_LEDOnAll
 .text.TibuBoard_LEDOffAll
                0x080004d4       0x48 ..\obj\TibuBoard.o
                0x080004d4                TibuBoard_LEDOffAll
 .text.TibuBoard_LEDToggleAll
                0x0800051c       0x48 ..\obj\TibuBoard.o
                0x0800051c                TibuBoard_LEDToggleAll
 .text.TibuBoard_InitPushButton
                0x08000564       0x60 ..\obj\TibuBoard.o
                0x08000564                TibuBoard_InitPushButton
 .text.TibuBoard_attachButtonInterrupt
                0x080005c4       0xa8 ..\obj\TibuBoard.o
                0x080005c4                TibuBoard_attachButtonInterrupt
 .text.TibuBoard_InitAllPushButton
                0x0800066c       0x80 ..\obj\TibuBoard.o
                0x0800066c                TibuBoard_InitAllPushButton
 .text.TibuBoard_GetStatePushButton
                0x080006ec       0x3c ..\obj\TibuBoard.o
                0x080006ec                TibuBoard_GetStatePushButton
 .text.InitTibuBoard
                0x08000728       0xa4 ..\obj\TibuBoard.o
                0x08000728                InitTibuBoard
 .text.SysTickConfig
                0x080007cc       0x3c ..\obj\TibuBoard.o
                0x080007cc                SysTickConfig
 .text.delay    0x08000808       0x58 ..\obj\TibuBoard.o
                0x08000808                delay
 .text.blink    0x08000860       0x18 ..\obj\ArduinoStyle.o
                0x08000860                blink
 .text.setup    0x08000878       0x90 ..\obj\ArduinoStyle.o
                0x08000878                setup
 .text.loop     0x08000908      0x114 ..\obj\ArduinoStyle.o
                0x08000908                loop
 .text.Default_Reset_Handler
                0x08000a1c       0x6c ..\obj\startup_stm32f4xx.o
                0x08000a1c                Default_Reset_Handler
                0x08000a1c                Reset_Handler
 .text.Default_Handler
                0x08000a88        0x8 ..\obj\startup_stm32f4xx.o
                0x08000a88                RTC_Alarm_IRQHandler
                0x08000a88                HASH_RNG_IRQHandler
                0x08000a88                TIM8_CC_IRQHandler
                0x08000a88                TIM1_CC_IRQHandler
                0x08000a88                DMA2_Stream5_IRQHandler
                0x08000a88                DMA1_Stream5_IRQHandler
                0x08000a88                PVD_IRQHandler
                0x08000a88                SDIO_IRQHandler
                0x08000a88                TAMP_STAMP_IRQHandler
                0x08000a88                CAN2_RX1_IRQHandler
                0x08000a88                EXTI3_IRQHandler
                0x08000a88                TIM8_TRG_COM_TIM14_IRQHandler
                0x08000a88                TIM1_UP_TIM10_IRQHandler
                0x08000a88                TIM8_UP_TIM13_IRQHandler
                0x08000a88                I2C3_ER_IRQHandler
                0x08000a88                I2C2_EV_IRQHandler
                0x08000a88                DMA1_Stream2_IRQHandler
                0x08000a88                CAN1_RX0_IRQHandler
                0x08000a88                FPU_IRQHandler
                0x08000a88                OTG_HS_WKUP_IRQHandler
                0x08000a88                CAN2_SCE_IRQHandler
                0x08000a88                DMA2_Stream2_IRQHandler
                0x08000a88                SPI1_IRQHandler
                0x08000a88                TIM6_DAC_IRQHandler
                0x08000a88                TIM1_BRK_TIM9_IRQHandler
                0x08000a88                DCMI_IRQHandler
                0x08000a88                CAN2_RX0_IRQHandler
                0x08000a88                DMA2_Stream3_IRQHandler
                0x08000a88                USART6_IRQHandler
                0x08000a88                USART3_IRQHandler
                0x08000a88                CRYP_IRQHandler
                0x08000a88                CAN1_RX1_IRQHandler
                0x08000a88                UART5_IRQHandler
                0x08000a88                DMA2_Stream0_IRQHandler
                0x08000a88                TIM4_IRQHandler
                0x08000a88                I2C1_EV_IRQHandler
                0x08000a88                DMA1_Stream6_IRQHandler
                0x08000a88                DMA1_Stream1_IRQHandler
                0x08000a88                UART4_IRQHandler
                0x08000a88                TIM3_IRQHandler
                0x08000a88                RCC_IRQHandler
                0x08000a88                TIM8_BRK_TIM12_IRQHandler
                0x08000a88                EXTI15_10_IRQHandler
                0x08000a88                ADC_IRQHandler
                0x08000a88                DMA1_Stream7_IRQHandler
                0x08000a88                TIM7_IRQHandler
                0x08000a88                CAN2_TX_IRQHandler
                0x08000a88                TIM5_IRQHandler
                0x08000a88                DMA2_Stream7_IRQHandler
                0x08000a88                I2C3_EV_IRQHandler
                0x08000a88                EXTI9_5_IRQHandler
                0x08000a88                RTC_WKUP_IRQHandler
                0x08000a88                ETH_WKUP_IRQHandler
                0x08000a88                SPI2_IRQHandler
                0x08000a88                OTG_HS_EP1_IN_IRQHandler
                0x08000a88                DMA1_Stream0_IRQHandler
                0x08000a88                CAN1_TX_IRQHandler
                0x08000a88                FSMC_IRQHandler
                0x08000a88                ETH_IRQHandler
                0x08000a88                OTG_HS_EP1_OUT_IRQHandler
                0x08000a88                WWDG_IRQHandler
                0x08000a88                TIM2_IRQHandler
                0x08000a88                OTG_FS_WKUP_IRQHandler
                0x08000a88                TIM1_TRG_COM_TIM11_IRQHandler
                0x08000a88                OTG_HS_IRQHandler
                0x08000a88                EXTI1_IRQHandler
                0x08000a88                USART2_IRQHandler
                0x08000a88                I2C2_ER_IRQHandler
                0x08000a88                DMA2_Stream1_IRQHandler
                0x08000a88                CAN1_SCE_IRQHandler
                0x08000a88                FLASH_IRQHandler
                0x08000a88                DMA2_Stream4_IRQHandler
                0x08000a88                USART1_IRQHandler
                0x08000a88                OTG_FS_IRQHandler
                0x08000a88                SPI3_IRQHandler
                0x08000a88                DMA1_Stream4_IRQHandler
                0x08000a88                I2C1_ER_IRQHandler
                0x08000a88                DMA2_Stream6_IRQHandler
                0x08000a88                DMA1_Stream3_IRQHandler
 .text.main     0x08000a90       0x20 ..\obj\main.o
                0x08000a90                main
 .text.RCC_AHB1PeriphClockCmd
                0x08000ab0       0x54 ..\obj\stm32f4xx_rcc.o
                0x08000ab0                RCC_AHB1PeriphClockCmd
 .text.RCC_APB1PeriphClockCmd
                0x08000b04       0x54 ..\obj\stm32f4xx_rcc.o
                0x08000b04                RCC_APB1PeriphClockCmd
 .text.RCC_APB2PeriphClockCmd
                0x08000b58       0x54 ..\obj\stm32f4xx_rcc.o
                0x08000b58                RCC_APB2PeriphClockCmd
 .text.NMI_Handler
                0x08000bac        0xc ..\obj\stm32f4xx_it.o
                0x08000bac                NMI_Handler
 .text.HardFault_Handler
                0x08000bb8        0x8 ..\obj\stm32f4xx_it.o
                0x08000bb8                HardFault_Handler
 .text.MemManage_Handler
                0x08000bc0        0x8 ..\obj\stm32f4xx_it.o
                0x08000bc0                MemManage_Handler
 .text.BusFault_Handler
                0x08000bc8        0x8 ..\obj\stm32f4xx_it.o
                0x08000bc8                BusFault_Handler
 .text.UsageFault_Handler
                0x08000bd0        0x8 ..\obj\stm32f4xx_it.o
                0x08000bd0                UsageFault_Handler
 .text.SVC_Handler
                0x08000bd8        0xc ..\obj\stm32f4xx_it.o
                0x08000bd8                SVC_Handler
 .text.DebugMon_Handler
                0x08000be4        0xc ..\obj\stm32f4xx_it.o
                0x08000be4                DebugMon_Handler
 .text.PendSV_Handler
                0x08000bf0        0xc ..\obj\stm32f4xx_it.o
                0x08000bf0                PendSV_Handler
 .text.SysTick_Handler
                0x08000bfc       0x24 ..\obj\stm32f4xx_it.o
                0x08000bfc                SysTick_Handler
 .text.EXTI0_IRQHandler
                0x08000c20        0xc ..\obj\stm32f4xx_it.o
                0x08000c20                EXTI0_IRQHandler
 .text.EXTI2_IRQHandler
                0x08000c2c       0x50 ..\obj\stm32f4xx_it.o
                0x08000c2c                EXTI2_IRQHandler
 .text.EXTI4_IRQHandler
                0x08000c7c       0x38 ..\obj\stm32f4xx_it.o
                0x08000c7c                EXTI4_IRQHandler
 .text.ADC_Init
                0x08000cb4       0xb8 ..\obj\stm32f4xx_adc.o
                0x08000cb4                ADC_Init
 .text.ADC_CommonInit
                0x08000d6c       0x5c ..\obj\stm32f4xx_adc.o
                0x08000d6c                ADC_CommonInit
 .text.ADC_Cmd  0x08000dc8       0x38 ..\obj\stm32f4xx_adc.o
                0x08000dc8                ADC_Cmd
 .text.ADC_RegularChannelConfig
                0x08000e00      0x1bc ..\obj\stm32f4xx_adc.o
                0x08000e00                ADC_RegularChannelConfig
 .text.ADC_SoftwareStartConv
                0x08000fbc       0x20 ..\obj\stm32f4xx_adc.o
                0x08000fbc                ADC_SoftwareStartConv
 .text.ADC_GetConversionValue
                0x08000fdc       0x1c ..\obj\stm32f4xx_adc.o
                0x08000fdc                ADC_GetConversionValue
 .text.pinMode  0x08000ff8      0x118 ..\obj\BasicFunctions.o
                0x08000ff8                pinMode
 .text.digitalWrite
                0x08001110      0x14c ..\obj\BasicFunctions.o
                0x08001110                digitalWrite
 .text.digitalRead
                0x0800125c       0x38 ..\obj\BasicFunctions.o
                0x0800125c                digitalRead
 .text.analogWrite
                0x08001294       0x94 ..\obj\BasicFunctions.o
                0x08001294                analogWrite
 .text.InitADC  0x08001328       0xe4 ..\obj\BasicFunctions.o
                0x08001328                InitADC
 .text.analogRead
                0x0800140c       0x24 ..\obj\BasicFunctions.o
                0x0800140c                analogRead
 .text.Init_PWMPins
                0x08001430      0x19c ..\obj\BasicFunctions.o
                0x08001430                Init_PWMPins
 .text.mapInt16
                0x080015cc       0x34 ..\obj\BasicFunctions.o
                0x080015cc                mapInt16
 .text.GPIO_Init
                0x08001600      0x144 ..\obj\stm32f4xx_gpio.o
                0x08001600                GPIO_Init
 .text.GPIO_ReadInputDataBit
                0x08001744       0x3c ..\obj\stm32f4xx_gpio.o
                0x08001744                GPIO_ReadInputDataBit
 .text.GPIO_SetBits
                0x08001780       0x1c ..\obj\stm32f4xx_gpio.o
                0x08001780                GPIO_SetBits
 .text.GPIO_ResetBits
                0x0800179c       0x1c ..\obj\stm32f4xx_gpio.o
                0x0800179c                GPIO_ResetBits
 .text.GPIO_ToggleBits
                0x080017b8       0x24 ..\obj\stm32f4xx_gpio.o
                0x080017b8                GPIO_ToggleBits
 .text.GPIO_PinAFConfig
                0x080017dc       0xa8 ..\obj\stm32f4xx_gpio.o
                0x080017dc                GPIO_PinAFConfig
 .text.SystemInit
                0x08001884       0x94 ..\obj\system_stm32f4xx.o
                0x08001884                SystemInit
 .text.SetSysClock
                0x08001918      0x188 ..\obj\system_stm32f4xx.o
 .text.EXTI_Init
                0x08001aa0      0x138 ..\obj\stm32f4xx_exti.o
                0x08001aa0                EXTI_Init
 .text.EXTI_GetITStatus
                0x08001bd8       0x58 ..\obj\stm32f4xx_exti.o
                0x08001bd8                EXTI_GetITStatus
 .text.EXTI_ClearITPendingBit
                0x08001c30       0x20 ..\obj\stm32f4xx_exti.o
                0x08001c30                EXTI_ClearITPendingBit
 .text.NVIC_Init
                0x08001c50       0xe4 ..\obj\misc.o
                0x08001c50                NVIC_Init
 .text.TIM_TimeBaseInit
                0x08001d34       0xf4 ..\obj\stm32f4xx_tim.o
                0x08001d34                TIM_TimeBaseInit
 .text.TIM_ARRPreloadConfig
                0x08001e28       0x40 ..\obj\stm32f4xx_tim.o
                0x08001e28                TIM_ARRPreloadConfig
 .text.TIM_Cmd  0x08001e68       0x40 ..\obj\stm32f4xx_tim.o
                0x08001e68                TIM_Cmd
 .text.TIM_OC1Init
                0x08001ea8       0xfc ..\obj\stm32f4xx_tim.o
                0x08001ea8                TIM_OC1Init
 .text.TIM_OC2Init
                0x08001fa4      0x128 ..\obj\stm32f4xx_tim.o
                0x08001fa4                TIM_OC2Init
 .text.TIM_OC3Init
                0x080020cc      0x120 ..\obj\stm32f4xx_tim.o
                0x080020cc                TIM_OC3Init
 .text.TIM_OC4Init
                0x080021ec       0xe0 ..\obj\stm32f4xx_tim.o
                0x080021ec                TIM_OC4Init
 .text.TIM_OC1PreloadConfig
                0x080022cc       0x38 ..\obj\stm32f4xx_tim.o
                0x080022cc                TIM_OC1PreloadConfig
 .text.TIM_OC2PreloadConfig
                0x08002304       0x40 ..\obj\stm32f4xx_tim.o
                0x08002304                TIM_OC2PreloadConfig
 .text.TIM_OC3PreloadConfig
                0x08002344       0x38 ..\obj\stm32f4xx_tim.o
                0x08002344                TIM_OC3PreloadConfig
 .text.TIM_OC4PreloadConfig
                0x0800237c       0x40 ..\obj\stm32f4xx_tim.o
                0x0800237c                TIM_OC4PreloadConfig
 *(.glue_7t)
 .glue_7t       0x00000000        0x0 linker stubs
 *(.glue_7)
 .glue_7        0x00000000        0x0 linker stubs
 *(.rodata .rodata* .gnu.linkonce.r.*)
 .rodata        0x080023bc       0x40 ..\obj\TibuBoard.o
                0x080023bc                GPIO_PIN
                0x080023c4                GPIO_CLK
                0x080023d4                BUTTON_PIN
                0x080023dc                BUTTON_CLK
                0x080023e8                BUTTON_EXTI_LINE
                0x080023f0                BUTTON_PORT_SOURCE
                0x080023f4                BUTTON_PIN_SOURCE
                0x080023f8                BUTTON_IRQn
 .rodata        0x080023fc       0xc8 ..\obj\BasicFunctions.o
                0x080023fc                GPIOPIN_PIN
                0x08002424                GPIOPIN_CLK
                0x08002474                GPIO_SOURCE

.vfp11_veneer   0x080024c4        0x0
 .vfp11_veneer  0x00000000        0x0 linker stubs

.v4_bx          0x080024c4        0x0
 .v4_bx         0x00000000        0x0 linker stubs

.iplt           0x080024c4        0x0
 .iplt          0x00000000        0x0 ..\obj\stm32f4xx_syscfg.o

.rel.dyn        0x080024c4        0x0
 .rel.iplt      0x00000000        0x0 ..\obj\stm32f4xx_syscfg.o

.ARM.extab
 *(.ARM.extab* .gnu.linkonce.armextab.*)
                0x080024c4                __exidx_start = .

.ARM.exidx
 *(.ARM.exidx* .gnu.linkonce.armexidx.*)
                0x080024c4                __exidx_end = .
                0x080024c4                . = ALIGN (0x4)
                0x080024c4                _etext = .
                0x080024c4                _sidata = .

.data           0x20000000       0x80 load address 0x080024c4
                0x20000000                _sdata = .
 *(.data .data.*)
 .data          0x20000000       0x1c ..\obj\TibuBoard.o
                0x20000000                GPIO_PORT
                0x20000010                BUTTON_PORT
 .data          0x2000001c       0x50 ..\obj\BasicFunctions.o
                0x2000001c                GPIOPIN_PORT
 .data          0x2000006c       0x14 ..\obj\system_stm32f4xx.o
                0x2000006c                SystemCoreClock
                0x20000070                AHBPrescTable
                0x20000080                . = ALIGN (0x4)
                0x20000080                _edata = .

.igot.plt       0x20000080        0x0 load address 0x08002544
 .igot.plt      0x00000000        0x0 ..\obj\stm32f4xx_syscfg.o

.bss            0x20000080       0x68 load address 0x08002544
                0x20000080                _sbss = .
 *(.bss .bss.*)
 .bss           0x20000080        0x4 ..\obj\TibuBoard.o
                0x20000080                Counter
 .bss           0x20000084        0x8 ..\obj\ArduinoStyle.o
                0x20000084                On
                0x20000088                fade
 *(COMMON)
 COMMON         0x2000008c        0xc ..\obj\TibuBoard.o
                0x2000008c                ButtonInt
 COMMON         0x20000098       0x30 ..\obj\ArduinoStyle.o
                0x20000098                Tibu
 COMMON         0x200000c8       0x20 ..\obj\BasicFunctions.o
                0x200000c8                TIM_TimeBaseStructure
                0x200000d4                TIM_OCInitStructure
                0x200000e8                . = ALIGN (0x4)
                0x200000e8                _ebss = .

.co_stack       0x200000e8      0x800 load address 0x080025ac
                0x200000e8                . = ALIGN (0x8)
 *(.co_stack .co_stack.*)
 .co_stack      0x200000e8      0x800 ..\obj\startup_stm32f4xx.o
                0x200000e8                pulStack
                0x200008e8                . = ALIGN (0x4)
                0x200008e8                _end = .
LOAD ..\obj\stm32f4xx_syscfg.o
LOAD ..\obj\TibuBoard.o
LOAD ..\obj\ArduinoStyle.o
LOAD ..\obj\startup_stm32f4xx.o
LOAD ..\obj\main.o
LOAD ..\obj\stm32f4xx_rcc.o
LOAD ..\obj\stm32f4xx_it.o
LOAD ..\obj\stm32f4xx_adc.o
LOAD ..\obj\BasicFunctions.o
LOAD ..\obj\stm32f4xx_gpio.o
LOAD ..\obj\system_stm32f4xx.o
LOAD ..\obj\syscalls.o
LOAD ..\obj\stm32f4xx_dma.o
LOAD ..\obj\stm32f4xx_exti.o
LOAD ..\obj\misc.o
LOAD ..\obj\stm32f4xx_tim.o
START GROUP
LOAD c:/program files (x86)/gnu tools arm embedded/4.7 2012q4/bin/../lib/gcc/arm-none-eabi/4.7.3/armv7e-m\libgcc.a
LOAD c:/program files (x86)/gnu tools arm embedded/4.7 2012q4/bin/../lib/gcc/arm-none-eabi/4.7.3/../../../../arm-none-eabi/lib/armv7e-m\libg.a
LOAD c:/program files (x86)/gnu tools arm embedded/4.7 2012q4/bin/../lib/gcc/arm-none-eabi/4.7.3/../../../../arm-none-eabi/lib/armv7e-m\libc.a
END GROUP
OUTPUT(TibuBoard_Demo.elf elf32-littlearm)

.debug_info     0x00000000     0x7102
 .debug_info    0x00000000      0x279 ..\obj\stm32f4xx_syscfg.o
 .debug_info    0x00000279      0xf41 ..\obj\TibuBoard.o
 .debug_info    0x000011ba      0x2e7 ..\obj\ArduinoStyle.o
 .debug_info    0x000014a1      0x103 ..\obj\startup_stm32f4xx.o
 .debug_info    0x000015a4       0xab ..\obj\main.o
 .debug_info    0x0000164f      0xd49 ..\obj\stm32f4xx_rcc.o
 .debug_info    0x00002398      0x221 ..\obj\stm32f4xx_it.o
 .debug_info    0x000025b9      0xd14 ..\obj\stm32f4xx_adc.o
 .debug_info    0x000032cd      0xa7e ..\obj\BasicFunctions.o
 .debug_info    0x00003d4b      0x640 ..\obj\stm32f4xx_gpio.o
 .debug_info    0x0000438b      0x5f5 ..\obj\system_stm32f4xx.o
 .debug_info    0x00004980      0x373 ..\obj\stm32f4xx_exti.o
 .debug_info    0x00004cf3      0x592 ..\obj\misc.o
 .debug_info    0x00005285     0x1e7d ..\obj\stm32f4xx_tim.o

.debug_abbrev   0x00000000     0x133d
 .debug_abbrev  0x00000000      0x133 ..\obj\stm32f4xx_syscfg.o
 .debug_abbrev  0x00000133      0x245 ..\obj\TibuBoard.o
 .debug_abbrev  0x00000378      0x118 ..\obj\ArduinoStyle.o
 .debug_abbrev  0x00000490       0xb2 ..\obj\startup_stm32f4xx.o
 .debug_abbrev  0x00000542       0x69 ..\obj\main.o
 .debug_abbrev  0x000005ab      0x1e5 ..\obj\stm32f4xx_rcc.o
 .debug_abbrev  0x00000790       0xef ..\obj\stm32f4xx_it.o
 .debug_abbrev  0x0000087f      0x198 ..\obj\stm32f4xx_adc.o
 .debug_abbrev  0x00000a17      0x1f0 ..\obj\BasicFunctions.o
 .debug_abbrev  0x00000c07      0x1a5 ..\obj\stm32f4xx_gpio.o
 .debug_abbrev  0x00000dac      0x138 ..\obj\system_stm32f4xx.o
 .debug_abbrev  0x00000ee4      0x1a7 ..\obj\stm32f4xx_exti.o
 .debug_abbrev  0x0000108b      0x129 ..\obj\misc.o
 .debug_abbrev  0x000011b4      0x189 ..\obj\stm32f4xx_tim.o

.debug_loc      0x00000000     0x3620
 .debug_loc     0x00000000      0x144 ..\obj\stm32f4xx_syscfg.o
 .debug_loc     0x00000144      0x3ac ..\obj\TibuBoard.o
 .debug_loc     0x000004f0       0x9c ..\obj\ArduinoStyle.o
 .debug_loc     0x0000058c       0x64 ..\obj\startup_stm32f4xx.o
 .debug_loc     0x000005f0       0x2c ..\obj\main.o
 .debug_loc     0x0000061c      0x97c ..\obj\stm32f4xx_rcc.o
 .debug_loc     0x00000f98      0x210 ..\obj\stm32f4xx_it.o
 .debug_loc     0x000011a8      0x838 ..\obj\stm32f4xx_adc.o
 .debug_loc     0x000019e0      0x1a8 ..\obj\BasicFunctions.o
 .debug_loc     0x00001b88      0x310 ..\obj\stm32f4xx_gpio.o
 .debug_loc     0x00001e98       0x9c ..\obj\system_stm32f4xx.o
 .debug_loc     0x00001f34      0x1b4 ..\obj\stm32f4xx_exti.o
 .debug_loc     0x000020e8      0x118 ..\obj\misc.o
 .debug_loc     0x00002200     0x1420 ..\obj\stm32f4xx_tim.o

.debug_aranges  0x00000000      0x938
 .debug_aranges
                0x00000000       0x48 ..\obj\stm32f4xx_syscfg.o
 .debug_aranges
                0x00000048       0xa0 ..\obj\TibuBoard.o
 .debug_aranges
                0x000000e8       0x30 ..\obj\ArduinoStyle.o
 .debug_aranges
                0x00000118       0x28 ..\obj\startup_stm32f4xx.o
 .debug_aranges
                0x00000140       0x20 ..\obj\main.o
 .debug_aranges
                0x00000160      0x178 ..\obj\stm32f4xx_rcc.o
 .debug_aranges
                0x000002d8       0x78 ..\obj\stm32f4xx_it.o
 .debug_aranges
                0x00000350      0x148 ..\obj\stm32f4xx_adc.o
 .debug_aranges
                0x00000498       0x58 ..\obj\BasicFunctions.o
 .debug_aranges
                0x000004f0       0x88 ..\obj\stm32f4xx_gpio.o
 .debug_aranges
                0x00000578       0x30 ..\obj\system_stm32f4xx.o
 .debug_aranges
                0x000005a8       0x58 ..\obj\stm32f4xx_exti.o
 .debug_aranges
                0x00000600       0x40 ..\obj\misc.o
 .debug_aranges
                0x00000640      0x2f8 ..\obj\stm32f4xx_tim.o

.debug_ranges   0x00000000      0x858
 .debug_ranges  0x00000000       0x38 ..\obj\stm32f4xx_syscfg.o
 .debug_ranges  0x00000038       0x90 ..\obj\TibuBoard.o
 .debug_ranges  0x000000c8       0x20 ..\obj\ArduinoStyle.o
 .debug_ranges  0x000000e8       0x18 ..\obj\startup_stm32f4xx.o
 .debug_ranges  0x00000100       0x10 ..\obj\main.o
 .debug_ranges  0x00000110      0x168 ..\obj\stm32f4xx_rcc.o
 .debug_ranges  0x00000278       0x68 ..\obj\stm32f4xx_it.o
 .debug_ranges  0x000002e0      0x138 ..\obj\stm32f4xx_adc.o
 .debug_ranges  0x00000418       0x48 ..\obj\BasicFunctions.o
 .debug_ranges  0x00000460       0x78 ..\obj\stm32f4xx_gpio.o
 .debug_ranges  0x000004d8       0x20 ..\obj\system_stm32f4xx.o
 .debug_ranges  0x000004f8       0x48 ..\obj\stm32f4xx_exti.o
 .debug_ranges  0x00000540       0x30 ..\obj\misc.o
 .debug_ranges  0x00000570      0x2e8 ..\obj\stm32f4xx_tim.o

.debug_line     0x00000000     0x2dec
 .debug_line    0x00000000      0x1ee ..\obj\stm32f4xx_syscfg.o
 .debug_line    0x000001ee      0x41c ..\obj\TibuBoard.o
 .debug_line    0x0000060a      0x1eb ..\obj\ArduinoStyle.o
 .debug_line    0x000007f5       0xa2 ..\obj\startup_stm32f4xx.o
 .debug_line    0x00000897      0x133 ..\obj\main.o
 .debug_line    0x000009ca      0x572 ..\obj\stm32f4xx_rcc.o
 .debug_line    0x00000f3c      0x289 ..\obj\stm32f4xx_it.o
 .debug_line    0x000011c5      0x52b ..\obj\stm32f4xx_adc.o
 .debug_line    0x000016f0      0x340 ..\obj\BasicFunctions.o
 .debug_line    0x00001a30      0x316 ..\obj\stm32f4xx_gpio.o
 .debug_line    0x00001d46      0x1be ..\obj\system_stm32f4xx.o
 .debug_line    0x00001f04      0x27c ..\obj\stm32f4xx_exti.o
 .debug_line    0x00002180      0x21c ..\obj\misc.o
 .debug_line    0x0000239c      0xa50 ..\obj\stm32f4xx_tim.o

.debug_str      0x00000000     0x2ebe
 .debug_str     0x00000000      0x256 ..\obj\stm32f4xx_syscfg.o
                                0x2a3 (size before relaxing)
 .debug_str     0x00000256      0xbe8 ..\obj\TibuBoard.o
                                0xd4f (size before relaxing)
 .debug_str     0x00000e3e       0x6d ..\obj\ArduinoStyle.o
                                0x251 (size before relaxing)
 .debug_str     0x00000eab       0xb1 ..\obj\startup_stm32f4xx.o
                                0x115 (size before relaxing)
 .debug_str     0x00000f5c       0x35 ..\obj\main.o
                                0x120 (size before relaxing)
 .debug_str     0x00000f91      0x651 ..\obj\stm32f4xx_rcc.o
                                0x7f4 (size before relaxing)
 .debug_str     0x000015e2      0x106 ..\obj\stm32f4xx_it.o
                                0x245 (size before relaxing)
 .debug_str     0x000016e8      0x63b ..\obj\stm32f4xx_adc.o
                                0x7a8 (size before relaxing)
 .debug_str     0x00001d23      0x33b ..\obj\BasicFunctions.o
                                0x7b7 (size before relaxing)
 .debug_str     0x0000205e      0x19e ..\obj\stm32f4xx_gpio.o
                                0x447 (size before relaxing)
 .debug_str     0x000021fc       0xb5 ..\obj\system_stm32f4xx.o
                                0x34e (size before relaxing)
 .debug_str     0x000022b1      0x101 ..\obj\stm32f4xx_exti.o
                                0x312 (size before relaxing)
 .debug_str     0x000023b2      0x10d ..\obj\misc.o
                                0x37d (size before relaxing)
 .debug_str     0x000024bf      0x9ff ..\obj\stm32f4xx_tim.o
                                0xd74 (size before relaxing)

.comment        0x00000000       0x70
 .comment       0x00000000       0x70 ..\obj\stm32f4xx_syscfg.o
                                 0x71 (size before relaxing)
 .comment       0x00000000       0x71 ..\obj\TibuBoard.o
 .comment       0x00000000       0x71 ..\obj\ArduinoStyle.o
 .comment       0x00000000       0x71 ..\obj\startup_stm32f4xx.o
 .comment       0x00000000       0x71 ..\obj\main.o
 .comment       0x00000000       0x71 ..\obj\stm32f4xx_rcc.o
 .comment       0x00000000       0x71 ..\obj\stm32f4xx_it.o
 .comment       0x00000000       0x71 ..\obj\stm32f4xx_adc.o
 .comment       0x00000000       0x71 ..\obj\BasicFunctions.o
 .comment       0x00000000       0x71 ..\obj\stm32f4xx_gpio.o
 .comment       0x00000000       0x71 ..\obj\system_stm32f4xx.o
 .comment       0x00000000       0x71 ..\obj\stm32f4xx_exti.o
 .comment       0x00000000       0x71 ..\obj\misc.o
 .comment       0x00000000       0x71 ..\obj\stm32f4xx_tim.o

.ARM.attributes
                0x00000000       0x33
 .ARM.attributes
                0x00000000       0x33 ..\obj\stm32f4xx_syscfg.o
 .ARM.attributes
                0x00000033       0x33 ..\obj\TibuBoard.o
 .ARM.attributes
                0x00000066       0x33 ..\obj\ArduinoStyle.o
 .ARM.attributes
                0x00000099       0x33 ..\obj\startup_stm32f4xx.o
 .ARM.attributes
                0x000000cc       0x33 ..\obj\main.o
 .ARM.attributes
                0x000000ff       0x33 ..\obj\stm32f4xx_rcc.o
 .ARM.attributes
                0x00000132       0x33 ..\obj\stm32f4xx_it.o
 .ARM.attributes
                0x00000165       0x33 ..\obj\stm32f4xx_adc.o
 .ARM.attributes
                0x00000198       0x33 ..\obj\BasicFunctions.o
 .ARM.attributes
                0x000001cb       0x33 ..\obj\stm32f4xx_gpio.o
 .ARM.attributes
                0x000001fe       0x33 ..\obj\system_stm32f4xx.o
 .ARM.attributes
                0x00000231       0x33 ..\obj\stm32f4xx_exti.o
 .ARM.attributes
                0x00000264       0x33 ..\obj\misc.o
 .ARM.attributes
                0x00000297       0x33 ..\obj\stm32f4xx_tim.o

.debug_frame    0x00000000     0x1cc4
 .debug_frame   0x00000000       0xbc ..\obj\stm32f4xx_syscfg.o
 .debug_frame   0x000000bc      0x220 ..\obj\TibuBoard.o
 .debug_frame   0x000002dc       0x6c ..\obj\ArduinoStyle.o
 .debug_frame   0x00000348       0x48 ..\obj\startup_stm32f4xx.o
 .debug_frame   0x00000390       0x2c ..\obj\main.o
 .debug_frame   0x000003bc      0x4d8 ..\obj\stm32f4xx_rcc.o
 .debug_frame   0x00000894      0x138 ..\obj\stm32f4xx_it.o
 .debug_frame   0x000009cc      0x434 ..\obj\stm32f4xx_adc.o
 .debug_frame   0x00000e00      0x100 ..\obj\BasicFunctions.o
 .debug_frame   0x00000f00      0x19c ..\obj\stm32f4xx_gpio.o
 .debug_frame   0x0000109c       0x64 ..\obj\system_stm32f4xx.o
 .debug_frame   0x00001100       0xec ..\obj\stm32f4xx_exti.o
 .debug_frame   0x000011ec       0x9c ..\obj\misc.o
 .debug_frame   0x00001288      0xa3c ..\obj\stm32f4xx_tim.o
