Archive member included because of file (symbol)

..\..\..\..\..\..\..\..\..\Program Files (x86)\GNU Tools ARM Embedded\4.7 2012q4\arm-none-eabi\lib\armv7-m\libm.a(lib_a-s_fpclassify.o)
                              ..\obj\Print.o (__fpclassifyd)
c:/program files (x86)/gnu tools arm embedded/4.7 2012q4/bin/../lib/gcc/arm-none-eabi/4.7.3/armv7e-m\libgcc.a(_arm_addsubdf3.o)
                              ..\obj\Print.o (__aeabi_dsub)
c:/program files (x86)/gnu tools arm embedded/4.7 2012q4/bin/../lib/gcc/arm-none-eabi/4.7.3/armv7e-m\libgcc.a(_arm_muldivdf3.o)
                              ..\obj\Stream.o (__aeabi_dmul)
c:/program files (x86)/gnu tools arm embedded/4.7 2012q4/bin/../lib/gcc/arm-none-eabi/4.7.3/armv7e-m\libgcc.a(_arm_cmpdf2.o)
                              ..\obj\Print.o (__aeabi_dcmplt)
c:/program files (x86)/gnu tools arm embedded/4.7 2012q4/bin/../lib/gcc/arm-none-eabi/4.7.3/armv7e-m\libgcc.a(_arm_fixdfsi.o)
                              ..\obj\Print.o (__aeabi_d2iz)
c:/program files (x86)/gnu tools arm embedded/4.7 2012q4/bin/../lib/gcc/arm-none-eabi/4.7.3/armv7e-m\libgcc.a(_arm_fixunsdfsi.o)
                              ..\obj\Print.o (__aeabi_d2uiz)
c:/program files (x86)/gnu tools arm embedded/4.7 2012q4/bin/../lib/gcc/arm-none-eabi/4.7.3/armv7e-m\libgcc.a(_arm_truncdfsf2.o)
                              ..\obj\Stream.o (__aeabi_d2f)
c:/program files (x86)/gnu tools arm embedded/4.7 2012q4/bin/../lib/gcc/arm-none-eabi/4.7.3/armv7e-m\libgcc.a(_arm_addsubsf3.o)
                              ..\obj\Stream.o (__aeabi_i2f)
c:/program files (x86)/gnu tools arm embedded/4.7 2012q4/bin/../lib/gcc/arm-none-eabi/4.7.3/armv7e-m\libgcc.a(_arm_muldivsf3.o)
                              ..\obj\Stream.o (__aeabi_fmul)
c:/program files (x86)/gnu tools arm embedded/4.7 2012q4/bin/../lib/gcc/arm-none-eabi/4.7.3/armv7e-m\libgcc.a(unwind-arm.o)
                              ..\obj\ArduinoStyle.o (__aeabi_unwind_cpp_pr0)
c:/program files (x86)/gnu tools arm embedded/4.7 2012q4/bin/../lib/gcc/arm-none-eabi/4.7.3/armv7e-m\libgcc.a(libunwind.o)
                              c:/program files (x86)/gnu tools arm embedded/4.7 2012q4/bin/../lib/gcc/arm-none-eabi/4.7.3/armv7e-m\libgcc.a(unwind-arm.o) (restore_core_regs)
c:/program files (x86)/gnu tools arm embedded/4.7 2012q4/bin/../lib/gcc/arm-none-eabi/4.7.3/armv7e-m\libgcc.a(pr-support.o)
                              c:/program files (x86)/gnu tools arm embedded/4.7 2012q4/bin/../lib/gcc/arm-none-eabi/4.7.3/armv7e-m\libgcc.a(unwind-arm.o) (__gnu_unwind_execute)
..\..\..\..\..\..\..\..\..\Program Files (x86)\GNU Tools ARM Embedded\4.7 2012q4\arm-none-eabi\lib\armv7-m\libc.a(lib_a-__atexit.o)
                              c:/program files (x86)/gnu tools arm embedded/4.7 2012q4/bin/../lib/gcc/arm-none-eabi/4.7.3/../../../../arm-none-eabi/lib/armv7e-m/crt0.o (__register_exitproc)
..\..\..\..\..\..\..\..\..\Program Files (x86)\GNU Tools ARM Embedded\4.7 2012q4\arm-none-eabi\lib\armv7-m\libc.a(lib_a-aeabi_atexit.o)
                              ..\obj\ArduinoStyle.o (__aeabi_atexit)
..\..\..\..\..\..\..\..\..\Program Files (x86)\GNU Tools ARM Embedded\4.7 2012q4\arm-none-eabi\lib\armv7-m\libc.a(lib_a-atol.o)
                              ..\obj\WString.o (atol)
..\..\..\..\..\..\..\..\..\Program Files (x86)\GNU Tools ARM Embedded\4.7 2012q4\arm-none-eabi\lib\armv7-m\libc.a(lib_a-cxa_atexit.o)
                              ..\..\..\..\..\..\..\..\..\Program Files (x86)\GNU Tools ARM Embedded\4.7 2012q4\arm-none-eabi\lib\armv7-m\libc.a(lib_a-aeabi_atexit.o) (__cxa_atexit)
..\..\..\..\..\..\..\..\..\Program Files (x86)\GNU Tools ARM Embedded\4.7 2012q4\arm-none-eabi\lib\armv7-m\libc.a(lib_a-exit.o)
                              c:/program files (x86)/gnu tools arm embedded/4.7 2012q4/bin/../lib/gcc/arm-none-eabi/4.7.3/../../../../arm-none-eabi/lib/armv7e-m/crt0.o (exit)
..\..\..\..\..\..\..\..\..\Program Files (x86)\GNU Tools ARM Embedded\4.7 2012q4\arm-none-eabi\lib\armv7-m\libc.a(lib_a-fini.o)
                              c:/program files (x86)/gnu tools arm embedded/4.7 2012q4/bin/../lib/gcc/arm-none-eabi/4.7.3/../../../../arm-none-eabi/lib/armv7e-m/crt0.o (__libc_fini_array)
..\..\..\..\..\..\..\..\..\Program Files (x86)\GNU Tools ARM Embedded\4.7 2012q4\arm-none-eabi\lib\armv7-m\libc.a(lib_a-impure.o)
                              ..\..\..\..\..\..\..\..\..\Program Files (x86)\GNU Tools ARM Embedded\4.7 2012q4\arm-none-eabi\lib\armv7-m\libc.a(lib_a-__atexit.o) (_global_impure_ptr)
..\..\..\..\..\..\..\..\..\Program Files (x86)\GNU Tools ARM Embedded\4.7 2012q4\arm-none-eabi\lib\armv7-m\libc.a(lib_a-init.o)
                              c:/program files (x86)/gnu tools arm embedded/4.7 2012q4/bin/../lib/gcc/arm-none-eabi/4.7.3/../../../../arm-none-eabi/lib/armv7e-m/crt0.o (__libc_init_array)
..\..\..\..\..\..\..\..\..\Program Files (x86)\GNU Tools ARM Embedded\4.7 2012q4\arm-none-eabi\lib\armv7-m\libc.a(lib_a-isspace.o)
[...]
Memory Configuration

Name             Origin             Length             Attributes
FLASH            0x08000000         0x00100000         xr
RAM              0x20000000         0x00020000         xrw
RAM1             0x10000000         0x00010000         xrw
*default*        0x00000000         0xffffffff

Linker script and memory map

LOAD c:/program files (x86)/gnu tools arm embedded/4.7 2012q4/bin/../lib/gcc/arm-none-eabi/4.7.3/armv7e-m/crti.o
LOAD c:/program files (x86)/gnu tools arm embedded/4.7 2012q4/bin/../lib/gcc/arm-none-eabi/4.7.3/armv7e-m/crtbegin.o
LOAD c:/program files (x86)/gnu tools arm embedded/4.7 2012q4/bin/../lib/gcc/arm-none-eabi/4.7.3/../../../../arm-none-eabi/lib/armv7e-m/crt0.o

.text           0x08000000    0x1b870
 *(.isr_vector)
 .isr_vector    0x08000000      0x188 ..\obj\startup_stm32f4xx.o
                0x08000000                g_pfnVectors
 *(.text*)
 .text          0x08000188       0x54 c:/program files (x86)/gnu tools arm embedded/4.7 2012q4/bin/../lib/gcc/arm-none-eabi/4.7.3/armv7e-m/crtbegin.o
 .text          0x080001dc       0x70 c:/program files (x86)/gnu tools arm embedded/4.7 2012q4/bin/../lib/gcc/arm-none-eabi/4.7.3/../../../../arm-none-eabi/lib/armv7e-m/crt0.o
                0x080001dc                _start
                0x080001dc                start
                0x080001dc                _mainCRTStartup
 .text.USB_OTG_EnableCommonInt
                0x0800024c       0x44 ..\obj\usb_core.o
 .text.USB_OTG_CoreReset
                0x08000290       0xa8 ..\obj\usb_core.o
 .text.USB_OTG_WritePacket
                0x08000338       0x84 ..\obj\usb_core.o
                0x08000338                USB_OTG_WritePacket
 .text.USB_OTG_ReadPacket
                0x080003bc       0x68 ..\obj\usb_core.o
                0x080003bc                USB_OTG_ReadPacket
 .text.USB_OTG_SelectCore
                0x08000424      0x1bc ..\obj\usb_core.o
                0x08000424                USB_OTG_SelectCore
 .text.USB_OTG_CoreInit
                0x080005e0      0x1f8 ..\obj\usb_core.o
                0x080005e0                USB_OTG_CoreInit
 .text.USB_OTG_EnableGlobalInt
                0x080007d8       0x3c ..\obj\usb_core.o
                0x080007d8                USB_OTG_EnableGlobalInt
 .text.USB_OTG_DisableGlobalInt
                0x08000814       0x40 ..\obj\usb_core.o
                0x08000814                USB_OTG_DisableGlobalInt
 .text.USB_OTG_FlushTxFifo
                0x08000854       0x80 ..\obj\usb_core.o
                0x08000854                USB_OTG_FlushTxFifo
 .text.USB_OTG_FlushRxFifo
                0x080008d4       0x6c ..\obj\usb_core.o
                0x080008d4                USB_OTG_FlushRxFifo
 .text.USB_OTG_SetCurrentMode
                0x08000940       0x64 ..\obj\usb_core.o
                0x08000940                USB_OTG_SetCurrentMode
 .text.USB_OTG_GetMode
                0x080009a4       0x20 ..\obj\usb_core.o
                0x080009a4                USB_OTG_GetMode
 .text.USB_OTG_IsDeviceMode
                0x080009c4       0x24 ..\obj\usb_core.o
                0x080009c4                USB_OTG_IsDeviceMode
 .text.USB_OTG_ReadCoreItr
                0x080009e8       0x30 ..\obj\usb_core.o
                0x080009e8                USB_OTG_ReadCoreItr
 .text.USB_OTG_InitDevSpeed
                0x08000a18       0x38 ..\obj\usb_core.o
                0x08000a18                USB_OTG_InitDevSpeed
 .text.USB_OTG_CoreInitDev
                0x08000a50      0x324 ..\obj\usb_core.o
                0x08000a50                USB_OTG_CoreInitDev
 .text.USB_OTG_EnableDevInt
                0x08000d74       0xa4 ..\obj\usb_core.o
                0x08000d74                USB_OTG_EnableDevInt
 .text.USB_OTG_GetDeviceSpeed
                0x08000e18       0x50 ..\obj\usb_core.o
                0x08000e18                USB_OTG_GetDeviceSpeed
 .text.USB_OTG_EP0Activate
                0x08000e68       0x80 ..\obj\usb_core.o
                0x08000e68                USB_OTG_EP0Activate
 .text.USB_OTG_EPActivate
                0x08000ee8      0x11c ..\obj\usb_core.o
                0x08000ee8                USB_OTG_EPActivate
 .text.USB_OTG_EPDeactivate
                0x08001004       0xcc ..\obj\usb_core.o
                0x08001004                USB_OTG_EPDeactivate
 .text.USB_OTG_EPStartXfer
                0x080010d0      0x2d0 ..\obj\usb_core.o
                0x080010d0                USB_OTG_EPStartXfer
 .text.USB_OTG_EP0StartXfer
                0x080013a0      0x200 ..\obj\usb_core.o
                0x080013a0                USB_OTG_EP0StartXfer
 .text.USB_OTG_EPSetStall
                0x080015a0       0x94 ..\obj\usb_core.o
                0x080015a0                USB_OTG_EPSetStall
 .text.USB_OTG_EPClearStall
                0x08001634       0x84 ..\obj\usb_core.o
                0x08001634                USB_OTG_EPClearStall
 .text.USB_OTG_ReadDevAllOutEp_itr
                0x080016b8       0x30 ..\obj\usb_core.o
                0x080016b8                USB_OTG_ReadDevAllOutEp_itr
 .text.USB_OTG_ReadDevOutEP_itr
                0x080016e8       0x3c ..\obj\usb_core.o
                0x080016e8                USB_OTG_ReadDevOutEP_itr
 .text.USB_OTG_ReadDevAllInEPItr
                0x08001724       0x34 ..\obj\usb_core.o
                0x08001724                USB_OTG_ReadDevAllInEPItr
 .text.USB_OTG_EP0_OutStart
                0x08001758       0x78 ..\obj\usb_core.o
                0x08001758                USB_OTG_EP0_OutStart
 .text.USB_OTG_UngateClock
                0x080017d0       0x54 ..\obj\usb_core.o
                0x080017d0                USB_OTG_UngateClock
 .text.NVIC_SetPriority
                0x08001824       0x5c ..\obj\TibuBoard.o
 .text.SysTick_Config
                0x08001880       0x64 ..\obj\TibuBoard.o
 .text._ZN9TibuboardC2Ev
                0x080018e4      0x110 ..\obj\TibuBoard.o
                0x080018e4                Tibuboard::Tibuboard()
                0x080018e4                Tibuboard::Tibuboard()
 .text._ZN9TibuboardD2Ev
                0x080019f4       0x18 ..\obj\TibuBoard.o
                0x080019f4                Tibuboard::~Tibuboard()
                0x080019f4                Tibuboard::~Tibuboard()
 .text._ZN9Tibuboard5LEDOnE11Led_TypeDef
                0x08001a0c       0x38 ..\obj\TibuBoard.o
                0x08001a0c                Tibuboard::LEDOn(Led_TypeDef)
 .text._ZN9Tibuboard6LEDOffE11Led_TypeDef
                0x08001a44       0x38 ..\obj\TibuBoard.o
                0x08001a44                Tibuboard::LEDOff(Led_TypeDef)
 .text._Z13SysTickConfigv
                0x08001a7c       0x44 ..\obj\TibuBoard.o
                0x08001a7c                SysTickConfig()
 .text._Z5delaym
                0x08001ac0       0x6c ..\obj\TibuBoard.o
                0x08001ac0                delay(unsigned long)
 .text._Z5setupv
                0x08001b2c      0x110 ..\obj\ArduinoStyle.o
                0x08001b2c                setup()
 .text._Z4loopv
                0x08001c3c       0x24 ..\obj\ArduinoStyle.o
                0x08001c3c                loop()
 .text._Z41__static_initialization_and_destruction_0ii
                0x08001c60       0x4c ..\obj\ArduinoStyle.o
 .text._GLOBAL__sub_I_Tibu
                0x08001cac       0x14 ..\obj\ArduinoStyle.o
 .text._Z41__static_initialization_and_destruction_0ii
                0x08001cc0       0x40 ..\obj\Dhcp.o
 .text._GLOBAL__sub_I__ZN9DhcpClass13beginWithDHCPEPhmm
                0x08001d00       0x14 ..\obj\Dhcp.o
 .text.USBD_USR_Init
                0x08001d14        0xc ..\obj\usbd_usr.o
                0x08001d14                USBD_USR_Init
 .text.USBD_USR_DeviceReset
                0x08001d20       0x14 ..\obj\usbd_usr.o
                0x08001d20                USBD_USR_DeviceReset
 .text.USBD_USR_DeviceConfigured
                0x08001d34        0xc ..\obj\usbd_usr.o
                0x08001d34                USBD_USR_DeviceConfigured
 .text.USBD_USR_DeviceSuspended
                0x08001d40        0xc ..\obj\usbd_usr.o
                0x08001d40                USBD_USR_DeviceSuspended
 .text.USBD_USR_DeviceResumed
                0x08001d4c        0xc ..\obj\usbd_usr.o
                0x08001d4c                USBD_USR_DeviceResumed
 .text.Init_Container
                0x08001d58       0x38 ..\obj\BufferFunctions.o
                0x08001d58                Init_Container
 .text.Free_Container
                0x08001d90       0x1c ..\obj\BufferFunctions.o
                0x08001d90                Free_Container
 .text.ContainerisFull
                0x08001dac       0x28 ..\obj\BufferFunctions.o
                0x08001dac                ContainerisFull
 .text.ContainerisEmpty
                0x08001dd4       0x24 ..\obj\BufferFunctions.o
                0x08001dd4                ContainerisEmpty
 .text.Read_Container
                0x08001df8       0x4c ..\obj\BufferFunctions.o
                0x08001df8                Read_Container
 .text.Write_Container
                0x08001e44       0x70 ..\obj\BufferFunctions.o
                0x08001e44                Write_Container
 .text.Write_DataContainer
                0x08001eb4       0x50 ..\obj\BufferFunctions.o
                0x08001eb4                Write_DataContainer
 .text.numDatainContainer
                0x08001f04       0x1c ..\obj\BufferFunctions.o
                0x08001f04                numDatainContainer
 .text._ZN9PrintableC2Ev
                0x08001f20       0x20 ..\obj\IPAddress.o
                0x08001f20                Printable::Printable()
                0x08001f20                Printable::Printable()
 .text._ZN9IPAddressC2Ev
                0x08001f40       0x3c ..\obj\IPAddress.o
                0x08001f40                IPAddress::IPAddress()
                0x08001f40                IPAddress::IPAddress()
 .text._ZN9IPAddressC2Ehhhh
                0x08001f7c       0x44 ..\obj\IPAddress.o
                0x08001f7c                IPAddress::IPAddress(unsigned char, unsigned char, unsigned char, unsigned char)
                0x08001f7c                IPAddress::IPAddress(unsigned char, unsigned char, unsigned char, unsigned char)
 .text._ZNK9IPAddress7printToER5Print
                0x08001fc0       0x84 ..\obj\IPAddress.o
                0x08001fc0                IPAddress::printTo(Print&) const
 .text._Z41__static_initialization_and_destruction_0ii
                0x08002044       0x40 ..\obj\IPAddress.o
 .text._GLOBAL__sub_I__ZN9IPAddressC2Ev
                0x08002084       0x14 ..\obj\IPAddress.o
 .text.Default_Reset_Handler
                0x08002098       0x6c ..\obj\startup_stm32f4xx.o
                0x08002098                Default_Reset_Handler
                0x08002098                Reset_Handler
 .text.Default_Handler
                0x08002104        0x8 ..\obj\startup_stm32f4xx.o
                0x08002104                RTC_Alarm_IRQHandler
                0x08002104                HASH_RNG_IRQHandler
                0x08002104                TIM8_CC_IRQHandler
                0x08002104                TIM1_CC_IRQHandler
                0x08002104                DMA2_Stream5_IRQHandler
                0x08002104                DMA1_Stream5_IRQHandler
                0x08002104                PVD_IRQHandler
                0x08002104                SDIO_IRQHandler
                0x08002104                TAMP_STAMP_IRQHandler
                0x08002104                CAN2_RX1_IRQHandler
                0x08002104                EXTI3_IRQHandler
                0x08002104                TIM8_TRG_COM_TIM14_IRQHandler
                0x08002104                TIM1_UP_TIM10_IRQHandler
                0x08002104                TIM8_UP_TIM13_IRQHandler
                0x08002104                I2C3_ER_IRQHandler
                0x08002104                I2C2_EV_IRQHandler
                0x08002104                DMA1_Stream2_IRQHandler
                0x08002104                CAN1_RX0_IRQHandler
                0x08002104                FPU_IRQHandler
                0x08002104                CAN2_SCE_IRQHandler
                0x08002104                DMA2_Stream2_IRQHandler
                0x08002104                SPI1_IRQHandler
                0x08002104                TIM6_DAC_IRQHandler
                0x08002104                TIM1_BRK_TIM9_IRQHandler
                0x08002104                DCMI_IRQHandler
                0x08002104                CAN2_RX0_IRQHandler
                0x08002104                DMA2_Stream3_IRQHandler
                0x08002104                USART6_IRQHandler
                0x08002104                USART3_IRQHandler
                0x08002104                CRYP_IRQHandler
                0x08002104                CAN1_RX1_IRQHandler
                0x08002104                UART5_IRQHandler
                0x08002104                DMA2_Stream0_IRQHandler
                0x08002104                TIM4_IRQHandler
                0x08002104                I2C1_EV_IRQHandler
                0x08002104                DMA1_Stream6_IRQHandler
                0x08002104                DMA1_Stream1_IRQHandler
                0x08002104                UART4_IRQHandler
                0x08002104                TIM3_IRQHandler
                0x08002104                RCC_IRQHandler
                0x08002104                TIM8_BRK_TIM12_IRQHandler
                0x08002104                EXTI15_10_IRQHandler
                0x08002104                ADC_IRQHandler
                0x08002104                DMA1_Stream7_IRQHandler
                0x08002104                TIM7_IRQHandler
                0x08002104                CAN2_TX_IRQHandler
                0x08002104                TIM5_IRQHandler
                0x08002104                DMA2_Stream7_IRQHandler
                0x08002104                I2C3_EV_IRQHandler
                0x08002104                EXTI9_5_IRQHandler
                0x08002104                RTC_WKUP_IRQHandler
                0x08002104                ETH_WKUP_IRQHandler
                0x08002104                SPI2_IRQHandler
                0x08002104                DMA1_Stream0_IRQHandler
                0x08002104                CAN1_TX_IRQHandler
                0x08002104                FSMC_IRQHandler
                0x08002104                ETH_IRQHandler
                0x08002104                WWDG_IRQHandler
                0x08002104                TIM2_IRQHandler
                0x08002104                OTG_FS_WKUP_IRQHandler
                0x08002104                TIM1_TRG_COM_TIM11_IRQHandler
                0x08002104                EXTI1_IRQHandler
                0x08002104                USART2_IRQHandler
                0x08002104                I2C2_ER_IRQHandler
                0x08002104                DMA2_Stream1_IRQHandler
                0x08002104                CAN1_SCE_IRQHandler
                0x08002104                FLASH_IRQHandler
                0x08002104                DMA2_Stream4_IRQHandler
                0x08002104                USART1_IRQHandler
                0x08002104                OTG_FS_IRQHandler
                0x08002104                SPI3_IRQHandler
                0x08002104                DMA1_Stream4_IRQHandler
                0x08002104                I2C1_ER_IRQHandler
                0x08002104                DMA2_Stream6_IRQHandler
                0x08002104                DMA1_Stream3_IRQHandler
 .text._ZN8SPIClassC2Ev
                0x0800210c       0x38 ..\obj\SPIAPI.o
                0x0800210c                SPIClass::SPIClass()
                0x0800210c                SPIClass::SPIClass()
 .text._ZN8SPIClassD2Ev
                0x08002144       0x18 ..\obj\SPIAPI.o
                0x08002144                SPIClass::~SPIClass()
                0x08002144                SPIClass::~SPIClass()
 .text._ZN8SPIClass5beginEh
                0x0800215c      0x16c ..\obj\SPIAPI.o
                0x0800215c                SPIClass::begin(unsigned char)
 .text._ZN8SPIClass8transferEt
                0x080022c8       0xe8 ..\obj\SPIAPI.o
                0x080022c8                SPIClass::transfer(unsigned short)
 .text._Z41__static_initialization_and_destruction_0ii
                0x080023b0       0x4c ..\obj\SPIAPI.o
 .text._GLOBAL__sub_I_intSPIFunc
                0x080023fc       0x14 ..\obj\SPIAPI.o
 .text.USBD_Init
                0x08002410       0x58 ..\obj\usbd_core.o
                0x08002410                USBD_Init
 .text.USBD_DeInit
                0x08002468       0x18 ..\obj\usbd_core.o
                0x08002468                USBD_DeInit
 .text.USBD_SetupStage
                0x08002480       0x70 ..\obj\usbd_core.o
 .text.USBD_DataOutStage
                0x080024f0       0xd4 ..\obj\usbd_core.o
 .text.USBD_DataInStage
                0x080025c4      0x114 ..\obj\usbd_core.o
 .text.USBD_Reset
                0x080026d8       0x54 ..\obj\usbd_core.o
 .text.USBD_Resume
                0x0800272c       0x2c ..\obj\usbd_core.o
 .text.USBD_Suspend
                0x08002758       0x2c ..\obj\usbd_core.o
 .text.USBD_SOF
                0x08002784       0x30 ..\obj\usbd_core.o
 .text.USBD_SetCfg
                0x080027b4       0x34 ..\obj\usbd_core.o
                0x080027b4                USBD_SetCfg
 .text.USBD_ClrCfg
                0x080027e8       0x2c ..\obj\usbd_core.o
                0x080027e8                USBD_ClrCfg
 .text.USBD_IsoINIncomplete
                0x08002814       0x24 ..\obj\usbd_core.o
 .text.USBD_IsoOUTIncomplete
                0x08002838       0x24 ..\obj\usbd_core.o
 .text.main     0x0800285c       0x34 ..\obj\main.o
                0x0800285c                main
 .text.RCC_AHB1PeriphClockCmd
                0x08002890       0x54 ..\obj\stm32f4xx_rcc.o
                0x08002890                RCC_AHB1PeriphClockCmd
 .text.RCC_APB1PeriphClockCmd
                0x080028e4       0x54 ..\obj\stm32f4xx_rcc.o
                0x080028e4                RCC_APB1PeriphClockCmd
 .text.RCC_APB2PeriphClockCmd
                0x08002938       0x54 ..\obj\stm32f4xx_rcc.o
                0x08002938                RCC_APB2PeriphClockCmd
 .text.RCC_APB1PeriphResetCmd
                0x0800298c       0x54 ..\obj\stm32f4xx_rcc.o
                0x0800298c                RCC_APB1PeriphResetCmd
 .text.RCC_APB2PeriphResetCmd
                0x080029e0       0x54 ..\obj\stm32f4xx_rcc.o
                0x080029e0                RCC_APB2PeriphResetCmd
 .text.NMI_Handler
                0x08002a34        0xc ..\obj\stm32f4xx_it.o
                0x08002a34                NMI_Handler
 .text.HardFault_Handler
                0x08002a40        0x8 ..\obj\stm32f4xx_it.o
                0x08002a40                HardFault_Handler
 .text.MemManage_Handler
                0x08002a48        0x8 ..\obj\stm32f4xx_it.o
                0x08002a48                MemManage_Handler
 .text.BusFault_Handler
                0x08002a50        0x8 ..\obj\stm32f4xx_it.o
                0x08002a50                BusFault_Handler
 .text.UsageFault_Handler
                0x08002a58        0x8 ..\obj\stm32f4xx_it.o
                0x08002a58                UsageFault_Handler
 .text.SVC_Handler
                0x08002a60        0xc ..\obj\stm32f4xx_it.o
                0x08002a60                SVC_Handler
 .text.DebugMon_Handler
                0x08002a6c        0xc ..\obj\stm32f4xx_it.o
                0x08002a6c                DebugMon_Handler
 .text.PendSV_Handler
                0x08002a78        0xc ..\obj\stm32f4xx_it.o
                0x08002a78                PendSV_Handler
 .text.SysTick_Handler
                0x08002a84       0x24 ..\obj\stm32f4xx_it.o
                0x08002a84                SysTick_Handler
 .text.EXTI0_IRQHandler
                0x08002aa8        0xc ..\obj\stm32f4xx_it.o
                0x08002aa8                EXTI0_IRQHandler
 .text.EXTI2_IRQHandler
                0x08002ab4       0x70 ..\obj\stm32f4xx_it.o
                0x08002ab4                EXTI2_IRQHandler
 .text.EXTI4_IRQHandler
                0x08002b24       0x4c ..\obj\stm32f4xx_it.o
                0x08002b24                EXTI4_IRQHandler
 .text.OTG_HS_WKUP_IRQHandler
                0x08002b70       0x44 ..\obj\stm32f4xx_it.o
                0x08002b70                OTG_HS_WKUP_IRQHandler
 .text.OTG_HS_IRQHandler
                0x08002bb4       0x14 ..\obj\stm32f4xx_it.o
                0x08002bb4                OTG_HS_IRQHandler
 .text.OTG_HS_EP1_IN_IRQHandler
                0x08002bc8       0x14 ..\obj\stm32f4xx_it.o
                0x08002bc8                OTG_HS_EP1_IN_IRQHandler
 .text.OTG_HS_EP1_OUT_IRQHandler
                0x08002bdc       0x14 ..\obj\stm32f4xx_it.o
                0x08002bdc                OTG_HS_EP1_OUT_IRQHandler
 .text._ZN13EthernetClassC2Ev
                0x08002bf0       0x1c ..\obj\Ethernet.o
                0x08002bf0                EthernetClass::EthernetClass()
                0x08002bf0                EthernetClass::EthernetClass()
 .text._Z41__static_initialization_and_destruction_0ii
                0x08002c0c       0x4c ..\obj\Ethernet.o
 .text._GLOBAL__sub_I__ZN13EthernetClass6_stateE
                0x08002c58       0x14 ..\obj\Ethernet.o
 .text._ZN5PrintC2Ev
                0x08002c6c       0x28 ..\obj\EthernetServer.o
                0x08002c6c                Print::Print()
                0x08002c6c                Print::Print()
 .text._Z41__static_initialization_and_destruction_0ii
                0x08002c94       0x40 ..\obj\EthernetServer.o
 .text._GLOBAL__sub_I__ZN14EthernetServerC2Et
                0x08002cd4       0x14 ..\obj\EthernetServer.o
 .text.ADC_Init
                0x08002ce8       0xb8 ..\obj\stm32f4xx_adc.o
                0x08002ce8                ADC_Init
 .text.ADC_CommonInit
                0x08002da0       0x5c ..\obj\stm32f4xx_adc.o
                0x08002da0                ADC_CommonInit
 .text.ADC_Cmd  0x08002dfc       0x38 ..\obj\stm32f4xx_adc.o
                0x08002dfc                ADC_Cmd
 .text.ADC_RegularChannelConfig
                0x08002e34      0x1bc ..\obj\stm32f4xx_adc.o
                0x08002e34                ADC_RegularChannelConfig
 .text.pinMode  0x08002ff0      0x118 ..\obj\BasicFunctions.o
                0x08002ff0                pinMode
 .text.digitalWrite
                0x08003108      0x14c ..\obj\BasicFunctions.o
                0x08003108                digitalWrite
 .text.InitADC  0x08003254       0xe4 ..\obj\BasicFunctions.o
                0x08003254                InitADC
 .text.Init_PWMPins
                0x08003338      0x19c ..\obj\BasicFunctions.o
                0x08003338                Init_PWMPins
 .text._Z41__static_initialization_and_destruction_0ii
                0x080034d4       0x40 ..\obj\Dns.o
 .text._GLOBAL__sub_I__ZN9DNSClient5beginERK9IPAddress
                0x08003514       0x14 ..\obj\Dns.o
 .text.USBD_USR_DeviceDescriptor
                0x08003528       0x28 ..\obj\usbd_desc.o
                0x08003528                USBD_USR_DeviceDescriptor
 .text.USBD_USR_LangIDStrDescriptor
                0x08003550       0x28 ..\obj\usbd_desc.o
                0x08003550                USBD_USR_LangIDStrDescriptor
 .text.USBD_USR_ProductStrDescriptor
                0x08003578       0x54 ..\obj\usbd_desc.o
                0x08003578                USBD_USR_ProductStrDescriptor
 .text.USBD_USR_ManufacturerStrDescriptor
                0x080035cc       0x34 ..\obj\usbd_desc.o
                0x080035cc                USBD_USR_ManufacturerStrDescriptor
 .text.USBD_USR_SerialStrDescriptor
                0x08003600       0x54 ..\obj\usbd_desc.o
                0x08003600                USBD_USR_SerialStrDescriptor
 .text.USBD_USR_ConfigStrDescriptor
                0x08003654       0x54 ..\obj\usbd_desc.o
                0x08003654                USBD_USR_ConfigStrDescriptor
 .text.USBD_USR_InterfaceStrDescriptor
                0x080036a8       0x54 ..\obj\usbd_desc.o
                0x080036a8                USBD_USR_InterfaceStrDescriptor
 .text._ZN5Print5writeEPKc
                0x080036fc       0x3c ..\obj\Print.o
                0x080036fc                Print::write(char const*)
 .text._ZN5Print5writeEPKhj
                0x08003738       0x58 ..\obj\Print.o
                0x08003738                Print::write(unsigned char const*, unsigned int)
 .text._ZN5Print5printEPKc
                0x08003790       0x20 ..\obj\Print.o
                0x08003790                Print::print(char const*)
 .text._ZN5Print5printEc
                0x080037b0       0x28 ..\obj\Print.o
                0x080037b0                Print::print(char)
 .text._ZN5Print5printEhi
                0x080037d8       0x28 ..\obj\Print.o
                0x080037d8                Print::print(unsigned char, int)
 .text._ZN5Print5printEii
                0x08003800       0x24 ..\obj\Print.o
                0x08003800                Print::print(int, int)
 .text._ZN5Print5printEli
                0x08003824       0x90 ..\obj\Print.o
                0x08003824                Print::print(long, int)
 .text._ZN5Print5printEmi
                0x080038b4       0x40 ..\obj\Print.o
                0x080038b4                Print::print(unsigned long, int)
 .text._ZN5Print7printlnEv
                0x080038f4       0x34 ..\obj\Print.o
                0x080038f4                Print::println()
 .text._ZN5Print7printlnEPKc
                0x08003928       0x30 ..\obj\Print.o
                0x08003928                Print::println(char const*)
 .text._ZN5Print7printlnEii
                0x08003958       0x34 ..\obj\Print.o
                0x08003958                Print::println(int, int)
 .text._ZN5Print11printNumberEmh
                0x0800398c       0xa4 ..\obj\Print.o
                0x0800398c                Print::printNumber(unsigned long, unsigned char)
 .text.GPIO_Init
                0x08003a30      0x144 ..\obj\stm32f4xx_gpio.o
                0x08003a30                GPIO_Init
 .text.GPIO_SetBits
                0x08003b74       0x1c ..\obj\stm32f4xx_gpio.o
                0x08003b74                GPIO_SetBits
 .text.GPIO_ResetBits
                0x08003b90       0x1c ..\obj\stm32f4xx_gpio.o
                0x08003b90                GPIO_ResetBits
 .text.GPIO_PinAFConfig
                0x08003bac       0xa8 ..\obj\stm32f4xx_gpio.o
                0x08003bac                GPIO_PinAFConfig
 .text.VCP_Init
                0x08003c54       0x10 ..\obj\usbd_cdc_vcp.o
 .text.VCP_DeInit
                0x08003c64       0x10 ..\obj\usbd_cdc_vcp.o
 .text.VCP_Ctrl
                0x08003c74      0x1c4 ..\obj\usbd_cdc_vcp.o
 .text.VCP_DataTx
                0x08003e38       0x84 ..\obj\usbd_cdc_vcp.o
 .text.VCP_DataRx
                0x08003ebc       0x2c ..\obj\usbd_cdc_vcp.o
 .text.vcp_sendBytes
                0x08003ee8       0x1c ..\obj\usbd_cdc_vcp.o
                0x08003ee8                vcp_sendBytes
 .text.SystemInit
                0x08003f04       0x94 ..\obj\system_stm32f4xx.o
                0x08003f04                SystemInit
 .text.SetSysClock
                0x08003f98      0x188 ..\obj\system_stm32f4xx.o
 .text._sbrk    0x08004120       0x5c ..\obj\syscalls.o
                0x08004120                _sbrk
 .text._close   0x0800417c       0x18 ..\obj\syscalls.o
                0x0800417c                _close
 .text._fstat   0x08004194       0x24 ..\obj\syscalls.o
                0x08004194                _fstat
 .text._isatty  0x080041b8       0x18 ..\obj\syscalls.o
                0x080041b8                _isatty
 .text._lseek   0x080041d0       0x1c ..\obj\syscalls.o
                0x080041d0                _lseek
 .text._read    0x080041ec       0x1c ..\obj\syscalls.o
                0x080041ec                _read
 .text._write   0x08004208       0x1c ..\obj\syscalls.o
                0x08004208                _write
 .text.abort    0x08004224        0x8 ..\obj\syscalls.o
                0x08004224                abort
 .text._ZN6StreamC2Ev
                0x0800422c       0x30 ..\obj\EthernetUdp.o
                0x0800422c                Stream::Stream()
                0x0800422c                Stream::Stream()
 .text._Z41__static_initialization_and_destruction_0ii
                0x0800425c       0x40 ..\obj\EthernetUdp.o
 .text._GLOBAL__sub_I__ZN11EthernetUDPC2Ev
                0x0800429c       0x14 ..\obj\EthernetUdp.o
 .text.USB_OTG_BSP_Init
                0x080042b0      0x208 ..\obj\usb_bsp.o
                0x080042b0                USB_OTG_BSP_Init
 .text.USB_OTG_BSP_EnableInterrupt
                0x080044b8       0x90 ..\obj\usb_bsp.o
                0x080044b8                USB_OTG_BSP_EnableInterrupt
 .text.USB_OTG_BSP_uDelay
                0x08004548       0x58 ..\obj\usb_bsp.o
                0x08004548                USB_OTG_BSP_uDelay
 .text.USB_OTG_BSP_mDelay
                0x080045a0       0x20 ..\obj\usb_bsp.o
                0x080045a0                USB_OTG_BSP_mDelay
 .text._Z41__static_initialization_and_destruction_0ii
                0x080045c0       0x40 ..\obj\EthernetClient.o
 .text._GLOBAL__sub_I__ZN14EthernetClient8_srcportE
                0x08004600       0x14 ..\obj\EthernetClient.o
 .text.USBD_StdDevReq
                0x08004614       0xa4 ..\obj\usbd_req.o
                0x08004614                USBD_StdDevReq
 .text.USBD_StdItfReq
                0x080046b8       0x6c ..\obj\usbd_req.o
                0x080046b8                USBD_StdItfReq
 .text.USBD_StdEPReq
                0x08004724      0x1e4 ..\obj\usbd_req.o
                0x08004724                USBD_StdEPReq
 .text.USBD_GetDescriptor
                0x08004908      0x278 ..\obj\usbd_req.o
 .text.USBD_SetAddress
                0x08004b80       0x80 ..\obj\usbd_req.o
 .text.USBD_SetConfig
                0x08004c00      0x134 ..\obj\usbd_req.o
 .text.USBD_GetConfig
                0x08004d34       0x68 ..\obj\usbd_req.o
 .text.USBD_GetStatus
                0x08004d9c       0x68 ..\obj\usbd_req.o
 .text.USBD_SetFeature
                0x08004e04       0xe0 ..\obj\usbd_req.o
 .text.USBD_ClrFeature
                0x08004ee4       0x58 ..\obj\usbd_req.o
 .text.USBD_ParseSetupRequest
                0x08004f3c       0x94 ..\obj\usbd_req.o
                0x08004f3c                USBD_ParseSetupRequest
 .text.USBD_CtlError
                0x08004fd0       0x50 ..\obj\usbd_req.o
                0x08004fd0                USBD_CtlError
 .text.USBD_GetString
                0x08005020       0x9c ..\obj\usbd_req.o
                0x08005020                USBD_GetString
 .text.USBD_GetLen
                0x080050bc       0x38 ..\obj\usbd_req.o
 .text.USBD_OTG_EP1OUT_ISR_Handler
                0x080050f4       0xcc ..\obj\usb_dcd_int.o
                0x080050f4                USBD_OTG_EP1OUT_ISR_Handler
 .text.USBD_OTG_EP1IN_ISR_Handler
                0x080051c0      0x18c ..\obj\usb_dcd_int.o
                0x080051c0                USBD_OTG_EP1IN_ISR_Handler
 .text.USBD_OTG_ISR_Handler
                0x0800534c      0x164 ..\obj\usb_dcd_int.o
                0x0800534c                USBD_OTG_ISR_Handler
 .text.DCD_HandleResume_ISR
                0x080054b0       0x8c ..\obj\usb_dcd_int.o
 .text.DCD_HandleUSBSuspend_ISR
                0x0800553c       0xb0 ..\obj\usb_dcd_int.o
 .text.DCD_HandleInEP_ISR
                0x080055ec      0x22c ..\obj\usb_dcd_int.o
 .text.DCD_HandleOutEP_ISR
                0x08005818      0x1b0 ..\obj\usb_dcd_int.o
 .text.DCD_HandleSof_ISR
                0x080059c8       0x3c ..\obj\usb_dcd_int.o
 .text.DCD_HandleRxStatusQueueLevel_ISR
                0x08005a04      0x114 ..\obj\usb_dcd_int.o
 .text.DCD_WriteEmptyTxFifo
                0x08005b18      0x100 ..\obj\usb_dcd_int.o
 .text.DCD_HandleUsbReset_ISR
                0x08005c18      0x180 ..\obj\usb_dcd_int.o
 .text.DCD_HandleEnumDone_ISR
                0x08005d98       0x88 ..\obj\usb_dcd_int.o
 .text.DCD_IsoINIncomplete_ISR
                0x08005e20       0x3c ..\obj\usb_dcd_int.o
 .text.DCD_IsoOUTIncomplete_ISR
                0x08005e5c       0x3c ..\obj\usb_dcd_int.o
 .text.DCD_ReadDevInEP
                0x08005e98       0x58 ..\obj\usb_dcd_int.o
 .text.usbd_cdc_Init
                0x08005ef0       0xc8 ..\obj\usbd_cdc_core.o
 .text.usbd_cdc_DeInit
                0x08005fb8       0x44 ..\obj\usbd_cdc_core.o
 .text.usbd_cdc_Setup
                0x08005ffc      0x158 ..\obj\usbd_cdc_core.o
 .text.usbd_cdc_EP0_RxReady
                0x08006154       0x60 ..\obj\usbd_cdc_core.o
 .text.usbd_cdc_DataIn
                0x080061b4      0x124 ..\obj\usbd_cdc_core.o
 .text.usbd_cdc_DataOut
                0x080062d8       0x6c ..\obj\usbd_cdc_core.o
 .text.usbd_cdc_SOF
                0x08006344       0x50 ..\obj\usbd_cdc_core.o
 .text.Handle_USBAsynchXfer
                0x08006394      0x1a4 ..\obj\usbd_cdc_core.o
 .text.USBD_cdc_GetCfgDesc
                0x08006538       0x28 ..\obj\usbd_cdc_core.o
 .text.USBD_cdc_GetOtherCfgDesc
                0x08006560       0x28 ..\obj\usbd_cdc_core.o
 .text.SPI_I2S_DeInit
                0x08006588       0x88 ..\obj\stm32f4xx_spi.o
                0x08006588                SPI_I2S_DeInit
 .text.SPI_Init
                0x08006610       0x88 ..\obj\stm32f4xx_spi.o
                0x08006610                SPI_Init
 .text.SPI_Cmd  0x08006698       0x40 ..\obj\stm32f4xx_spi.o
                0x08006698                SPI_Cmd
 .text.SPI_I2S_ReceiveData
                0x080066d8       0x1c ..\obj\stm32f4xx_spi.o
                0x080066d8                SPI_I2S_ReceiveData
 .text.SPI_I2S_SendData
                0x080066f4       0x1c ..\obj\stm32f4xx_spi.o
                0x080066f4                SPI_I2S_SendData
 .text.SPI_I2S_GetFlagStatus
                0x08006710       0x40 ..\obj\stm32f4xx_spi.o
                0x08006710                SPI_I2S_GetFlagStatus
 .text.EXTI_GetITStatus
                0x08006750       0x58 ..\obj\stm32f4xx_exti.o
                0x08006750                EXTI_GetITStatus
 .text.EXTI_ClearITPendingBit
                0x080067a8       0x20 ..\obj\stm32f4xx_exti.o
                0x080067a8                EXTI_ClearITPendingBit
 .text.NVIC_PriorityGroupConfig
                0x080067c8       0x28 ..\obj\misc.o
                0x080067c8                NVIC_PriorityGroupConfig
 .text.NVIC_Init
                0x080067f0       0xe4 ..\obj\misc.o
                0x080067f0                NVIC_Init
 .text.DCD_Init
                0x080068d4      0x12c ..\obj\usb_dcd.o
                0x080068d4                DCD_Init
 .text.DCD_EP_Open
                0x08006a00       0xac ..\obj\usb_dcd.o
                0x08006a00                DCD_EP_Open
 .text.DCD_EP_Close
                0x08006aac       0x80 ..\obj\usb_dcd.o
                0x08006aac                DCD_EP_Close
 .text.DCD_EP_PrepareRx
                0x08006b2c       0x8c ..\obj\usb_dcd.o
                0x08006b2c                DCD_EP_PrepareRx
 .text.DCD_EP_Tx
                0x08006bb8       0x84 ..\obj\usb_dcd.o
                0x08006bb8                DCD_EP_Tx
 .text.DCD_EP_Stall
                0x08006c3c       0x84 ..\obj\usb_dcd.o
                0x08006c3c                DCD_EP_Stall
 .text.DCD_EP_ClrStall
                0x08006cc0       0x84 ..\obj\usb_dcd.o
                0x08006cc0                DCD_EP_ClrStall
 .text.DCD_EP_SetAddress
                0x08006d44       0x3c ..\obj\usb_dcd.o
                0x08006d44                DCD_EP_SetAddress
 .text._Z11serialEventv
                0x08006d80        0xc ..\obj\USBSerial.o
                0x08006d80                serialEvent()
 .text.serialEventRun
                0x08006d8c       0x28 ..\obj\USBSerial.o
                0x08006d8c                serialEventRun
 .text._ZN14HardwareSerialC2Ev
                0x08006db4       0x38 ..\obj\USBSerial.o
                0x08006db4                HardwareSerial::HardwareSerial()
                0x08006db4                HardwareSerial::HardwareSerial()
 .text._ZN14HardwareSerialD2Ev
                0x08006dec       0x2c ..\obj\USBSerial.o
                0x08006dec                HardwareSerial::~HardwareSerial()
                0x08006dec                HardwareSerial::~HardwareSerial()
 .text._ZN14HardwareSerial5beginEm
                0x08006e18       0x3c ..\obj\USBSerial.o
                0x08006e18                HardwareSerial::begin(unsigned long)
 .text._ZN14HardwareSerial9availableEv
                0x08006e54       0x20 ..\obj\USBSerial.o
                0x08006e54                HardwareSerial::available()
 .text._ZN14HardwareSerial4peekEv
                0x08006e74       0x18 ..\obj\USBSerial.o
                0x08006e74                HardwareSerial::peek()
 .text._ZN14HardwareSerial4readEv
                0x08006e8c       0x44 ..\obj\USBSerial.o
                0x08006e8c                HardwareSerial::read()
 .text._ZN14HardwareSerial5flushEv
                0x08006ed0       0x3c ..\obj\USBSerial.o
                0x08006ed0                HardwareSerial::flush()
 .text._ZN14HardwareSerial5writeEh
                0x08006f0c       0x28 ..\obj\USBSerial.o
                0x08006f0c                HardwareSerial::write(unsigned char)
 .text._Z41__static_initialization_and_destruction_0ii
                0x08006f34       0x4c ..\obj\USBSerial.o
 .text._GLOBAL__sub_I_USB_DataReceived
                0x08006f80       0x14 ..\obj\USBSerial.o
 .text.USBD_CtlSendData
                0x08006f94       0x48 ..\obj\usbd_ioreq.o
                0x08006f94                USBD_CtlSendData
 .text.USBD_CtlContinueSendData
                0x08006fdc       0x30 ..\obj\usbd_ioreq.o
                0x08006fdc                USBD_CtlContinueSendData
 .text.USBD_CtlPrepareRx
                0x0800700c       0x48 ..\obj\usbd_ioreq.o
                0x0800700c                USBD_CtlPrepareRx
 .text.USBD_CtlContinueRx
                0x08007054       0x30 ..\obj\usbd_ioreq.o
                0x08007054                USBD_CtlContinueRx
 .text.USBD_CtlSendStatus
                0x08007084       0x3c ..\obj\usbd_ioreq.o
                0x08007084                USBD_CtlSendStatus
 .text.USBD_CtlReceiveStatus
                0x080070c0       0x3c ..\obj\usbd_ioreq.o
                0x080070c0                USBD_CtlReceiveStatus
 .text.TIM_TimeBaseInit
                0x080070fc       0xf4 ..\obj\stm32f4xx_tim.o
                0x080070fc                TIM_TimeBaseInit
 .text.TIM_ARRPreloadConfig
                0x080071f0       0x40 ..\obj\stm32f4xx_tim.o
                0x080071f0                TIM_ARRPreloadConfig
 .text.TIM_Cmd  0x08007230       0x40 ..\obj\stm32f4xx_tim.o
                0x08007230                TIM_Cmd
 .text.TIM_OC1Init
                0x08007270       0xfc ..\obj\stm32f4xx_tim.o
                0x08007270                TIM_OC1Init
 .text.TIM_OC2Init
                0x0800736c      0x128 ..\obj\stm32f4xx_tim.o
                0x0800736c                TIM_OC2Init
 .text.TIM_OC3Init
                0x08007494      0x120 ..\obj\stm32f4xx_tim.o
                0x08007494                TIM_OC3Init
 .text.TIM_OC4Init
                0x080075b4       0xe0 ..\obj\stm32f4xx_tim.o
                0x080075b4                TIM_OC4Init
 .text.TIM_OC1PreloadConfig
                0x08007694       0x38 ..\obj\stm32f4xx_tim.o
                0x08007694                TIM_OC1PreloadConfig
 .text.TIM_OC2PreloadConfig
                0x080076cc       0x40 ..\obj\stm32f4xx_tim.o
                0x080076cc                TIM_OC2PreloadConfig
 .text.TIM_OC3PreloadConfig
                0x0800770c       0x38 ..\obj\stm32f4xx_tim.o
                0x0800770c                TIM_OC3PreloadConfig
 .text.TIM_OC4PreloadConfig
                0x08007744       0x40 ..\obj\stm32f4xx_tim.o
                0x08007744                TIM_OC4PreloadConfig
 .text.__fpclassifyd
                0x08007784       0x68 ..\..\..\..\..\..\..\..\..\Program Files (x86)\GNU Tools ARM Embedded\4.7 2012q4\arm-none-eabi\lib\armv7-m\libm.a(lib_a-s_fpclassify.o)
                0x08007784                __fpclassifyd
 .text          0x080077ec      0x370 c:/program files (x86)/gnu tools arm embedded/4.7 2012q4/bin/../lib/gcc/arm-none-eabi/4.7.3/armv7e-m\libgcc.a(_arm_addsubdf3.o)
                0x080077ec                __aeabi_drsub
                0x080077f4                __aeabi_dsub
                0x080077f4                __subdf3
                0x080077f8                __aeabi_dadd
                0x080077f8                __adddf3
                0x08007a70                __floatunsidf
                0x08007a70                __aeabi_ui2d
                0x08007a90                __floatsidf
                0x08007a90                __aeabi_i2d
                0x08007ab4                __aeabi_f2d
                0x08007ab4                __extendsfdf2
                0x08007af0                __floatundidf
                0x08007af0                __aeabi_ul2d
                0x08007b00                __floatdidf
                0x08007b00                __aeabi_l2d
 .text          0x08007b5c      0x424 c:/program files (x86)/gnu tools arm embedded/4.7 2012q4/bin/../lib/gcc/arm-none-eabi/4.7.3/armv7e-m\libgcc.a(_arm_muldivdf3.o)
                0x08007b5c                __aeabi_dmul
                0x08007b5c                __muldf3
                0x08007db0                __divdf3
                0x08007db0                __aeabi_ddiv
 .text          0x08007f80      0x110 c:/program files (x86)/gnu tools arm embedded/4.7 2012q4/bin/../lib/gcc/arm-none-eabi/4.7.3/armv7e-m\libgcc.a(_arm_cmpdf2.o)
                0x08007f80                __gtdf2
                0x08007f80                __gedf2
                0x08007f88                __ltdf2
                0x08007f88                __ledf2
                0x08007f90                __nedf2
                0x08007f90                __eqdf2
                0x08007f90                __cmpdf2
                0x0800800c                __aeabi_cdrcmple
                0x0800801c                __aeabi_cdcmpeq
                0x0800801c                __aeabi_cdcmple
                0x0800802c                __aeabi_dcmpeq
                0x08008040                __aeabi_dcmplt
                0x08008054                __aeabi_dcmple
                0x08008068                __aeabi_dcmpge
                0x0800807c                __aeabi_dcmpgt
 .text          0x08008090       0x50 c:/program files (x86)/gnu tools arm embedded/4.7 2012q4/bin/../lib/gcc/arm-none-eabi/4.7.3/armv7e-m\libgcc.a(_arm_fixdfsi.o)
                0x08008090                __aeabi_d2iz
                0x08008090                __fixdfsi
 .text          0x080080e0      0xba4 c:/program files (x86)/gnu tools arm embedded/4.7 2012q4/bin/../lib/gcc/arm-none-eabi/4.7.3/armv7e-m\libgcc.a(unwind-arm.o)
                0x080083a4                _Unwind_GetCFA
                0x080083a8                __gnu_Unwind_RaiseException
                0x08008408                __gnu_Unwind_ForcedUnwind
                0x08008420                __gnu_Unwind_Resume
                0x08008464                __gnu_Unwind_Resume_or_Rethrow
                0x0800847c                _Unwind_Complete
                0x08008480                _Unwind_DeleteException
                0x08008490                _Unwind_VRS_Get
                0x080084cc                _Unwind_VRS_Set
                0x08008868                __aeabi_unwind_cpp_pr2
                0x08008870                __aeabi_unwind_cpp_pr1
                0x08008878                __aeabi_unwind_cpp_pr0
                0x08008880                __gnu_Unwind_Backtrace
                0x080088ec                _Unwind_VRS_Pop
 .text          0x08008c84      0x1ac c:/program files (x86)/gnu tools arm embedded/4.7 2012q4/bin/../lib/gcc/arm-none-eabi/4.7.3/armv7e-m\libgcc.a(libunwind.o)
                0x08008c84                __restore_core_regs
                0x08008c84                restore_core_regs
                0x08008c9c                __gnu_Unwind_Restore_VFP
                0x08008ca4                __gnu_Unwind_Save_VFP
                0x08008cac                __gnu_Unwind_Restore_VFP_D
                0x08008cb4                __gnu_Unwind_Save_VFP_D
                0x08008cbc                __gnu_Unwind_Restore_VFP_D_16_to_31
                0x08008cc4                __gnu_Unwind_Save_VFP_D_16_to_31
                0x08008ccc                __gnu_Unwind_Restore_WMMXD
                0x08008d10                __gnu_Unwind_Save_WMMXD
                0x08008d54                __gnu_Unwind_Restore_WMMXC
                0x08008d68                __gnu_Unwind_Save_WMMXC
                0x08008d7c                ___Unwind_RaiseException
                0x08008d7c                _Unwind_RaiseException
                0x08008da0                _Unwind_Resume
                0x08008da0                ___Unwind_Resume
                0x08008dc4                _Unwind_Resume_or_Rethrow
                0x08008dc4                ___Unwind_Resume_or_Rethrow
                0x08008de8                _Unwind_ForcedUnwind
                0x08008de8                ___Unwind_ForcedUnwind
                0x08008e0c                ___Unwind_Backtrace
                0x08008e0c                _Unwind_Backtrace
 .text          0x08008e30      0x3a0 c:/program files (x86)/gnu tools arm embedded/4.7 2012q4/bin/../lib/gcc/arm-none-eabi/4.7.3/armv7e-m\libgcc.a(pr-support.o)
                0x08008e7c                __gnu_unwind_execute
                0x08009178                __gnu_unwind_frame
                0x080091a0                _Unwind_GetRegionStart
                0x080091ac                _Unwind_GetLanguageSpecificData
                0x080091c0                _Unwind_GetDataRelBase
                0x080091c8                _Unwind_GetTextRelBase
 .text.__register_exitproc
                0x080091d0       0xac ..\..\..\..\..\..\..\..\..\Program Files (x86)\GNU Tools ARM Embedded\4.7 2012q4\arm-none-eabi\lib\armv7-m\libc.a(lib_a-__atexit.o)
                0x080091d0                __register_exitproc
 .text.__aeabi_atexit
                0x0800927c        0xc ..\..\..\..\..\..\..\..\..\Program Files (x86)\GNU Tools ARM Embedded\4.7 2012q4\arm-none-eabi\lib\armv7-m\libc.a(lib_a-aeabi_atexit.o)
                0x0800927c                __aeabi_atexit
 .text.__cxa_atexit
                0x08009288       0x14 ..\..\..\..\..\..\..\..\..\Program Files (x86)\GNU Tools ARM Embedded\4.7 2012q4\arm-none-eabi\lib\armv7-m\libc.a(lib_a-cxa_atexit.o)
                0x08009288                __cxa_atexit
 .text.exit     0x0800929c       0x20 ..\..\..\..\..\..\..\..\..\Program Files (x86)\GNU Tools ARM Embedded\4.7 2012q4\arm-none-eabi\lib\armv7-m\libc.a(lib_a-exit.o)
                0x0800929c                exit
 .text.__libc_fini_array
                0x080092bc       0x50 ..\..\..\..\..\..\..\..\..\Program Files (x86)\GNU Tools ARM Embedded\4.7 2012q4\arm-none-eabi\lib\armv7-m\libc.a(lib_a-fini.o)
                0x080092bc                __libc_fini_array
 .text.__libc_init_array
                0x0800930c       0x94 ..\..\..\..\..\..\..\..\..\Program Files (x86)\GNU Tools ARM Embedded\4.7 2012q4\arm-none-eabi\lib\armv7-m\libc.a(lib_a-init.o)
                0x0800930c                __libc_init_array
 .text.malloc   0x080093a0       0x10 ..\..\..\..\..\..\..\..\..\Program Files (x86)\GNU Tools ARM Embedded\4.7 2012q4\arm-none-eabi\lib\armv7-m\libc.a(lib_a-malloc.o)
                0x080093a0                malloc
 .text.free     0x080093b0       0x10 ..\..\..\..\..\..\..\..\..\Program Files (x86)\GNU Tools ARM Embedded\4.7 2012q4\arm-none-eabi\lib\armv7-m\libc.a(lib_a-malloc.o)
                0x080093b0                free
 .text._malloc_r
                0x080093c0      0x530 ..\..\..\..\..\..\..\..\..\Program Files (x86)\GNU Tools ARM Embedded\4.7 2012q4\arm-none-eabi\lib\armv7-m\libc.a(lib_a-mallocr.o)
                0x080093c0                _malloc_r
 .text.memcmp   0x080098f0       0xb8 ..\..\..\..\..\..\..\..\..\Program Files (x86)\GNU Tools ARM Embedded\4.7 2012q4\arm-none-eabi\lib\armv7-m\libc.a(lib_a-memcmp.o)
                0x080098f0                memcmp
 .text.memcpy   0x080099a8      0x15c ..\..\..\..\..\..\..\..\..\Program Files (x86)\GNU Tools ARM Embedded\4.7 2012q4\arm-none-eabi\lib\armv7-m\libc.a(lib_a-memcpy.o)
                0x080099a8                memcpy
 .text.memmove  0x08009b04      0x1b0 ..\..\..\..\..\..\..\..\..\Program Files (x86)\GNU Tools ARM Embedded\4.7 2012q4\arm-none-eabi\lib\armv7-m\libc.a(lib_a-memmove.o)
                0x08009b04                memmove
 .text.memset   0x08009cb4      0x12c ..\..\..\..\..\..\..\..\..\Program Files (x86)\GNU Tools ARM Embedded\4.7 2012q4\arm-none-eabi\lib\armv7-m\libc.a(lib_a-memset.o)
                0x08009cb4                memset
 .text.__malloc_lock
                0x08009de0        0x4 ..\..\..\..\..\..\..\..\..\Program Files (x86)\GNU Tools ARM Embedded\4.7 2012q4\arm-none-eabi\lib\armv7-m\libc.a(lib_a-mlock.o)
                0x08009de0                __malloc_lock
 .text.__malloc_unlock
                0x08009de4        0x4 ..\..\..\..\..\..\..\..\..\Program Files (x86)\GNU Tools ARM Embedded\4.7 2012q4\arm-none-eabi\lib\armv7-m\libc.a(lib_a-mlock.o)
                0x08009de4                __malloc_unlock
 .text.realloc  0x08009de8       0x18 ..\..\..\..\..\..\..\..\..\Program Files (x86)\GNU Tools ARM Embedded\4.7 2012q4\arm-none-eabi\lib\armv7-m\libc.a(lib_a-realloc.o)
                0x08009de8                realloc
 .text._realloc_r
                0x08009e00      0x3ec ..\..\..\..\..\..\..\..\..\Program Files (x86)\GNU Tools ARM Embedded\4.7 2012q4\arm-none-eabi\lib\armv7-m\libc.a(lib_a-reallocr.o)
                0x08009e00                _realloc_r
 .text._sbrk_r  0x0800a1ec       0x24 ..\..\..\..\..\..\..\..\..\Program Files (x86)\GNU Tools ARM Embedded\4.7 2012q4\arm-none-eabi\lib\armv7-m\libc.a(lib_a-sbrkr.o)
                0x0800a1ec                _sbrk_r
 .text.sprintf  0x0800a210       0x50 ..\..\..\..\..\..\..\..\..\Program Files (x86)\GNU Tools ARM Embedded\4.7 2012q4\arm-none-eabi\lib\armv7-m\libc.a(lib_a-sprintf.o)
                0x0800a210                sprintf
 .text.strcmp   0x0800a260       0x80 ..\..\..\..\..\..\..\..\..\Program Files (x86)\GNU Tools ARM Embedded\4.7 2012q4\arm-none-eabi\lib\armv7-m\libc.a(lib_a-strcmp.o)
                0x0800a260                strcmp
 .text.strcmp_unaligned
                0x0800a2e0      0x15c ..\..\..\..\..\..\..\..\..\Program Files (x86)\GNU Tools ARM Embedded\4.7 2012q4\arm-none-eabi\lib\armv7-m\libc.a(lib_a-strcmp.o)
 .text.strlen   0x0800a43c       0x60 ..\..\..\..\..\..\..\..\..\Program Files (x86)\GNU Tools ARM Embedded\4.7 2012q4\arm-none-eabi\lib\armv7-m\libc.a(lib_a-strlen.o)
                0x0800a43c                strlen
 .text.strncmp  0x0800a49c      0x120 ..\..\..\..\..\..\..\..\..\Program Files (x86)\GNU Tools ARM Embedded\4.7 2012q4\arm-none-eabi\lib\armv7-m\libc.a(lib_a-strncmp.o)
                0x0800a49c                strncmp
 .text._svfprintf_r
                0x0800a5bc     0x1adc ..\..\..\..\..\..\..\..\..\Program Files (x86)\GNU Tools ARM Embedded\4.7 2012q4\arm-none-eabi\lib\armv7-m\libc.a(lib_a-svfprintf.o)
                0x0800a5bc                _svfprintf_r
 .text.startup.register_fini
                0x0800c098       0x14 ..\..\..\..\..\..\..\..\..\Program Files (x86)\GNU Tools ARM Embedded\4.7 2012q4\arm-none-eabi\lib\armv7-m\libc.a(lib_a-__call_atexit.o)
 .text.__call_exitprocs
                0x0800c0ac      0x278 ..\..\..\..\..\..\..\..\..\Program Files (x86)\GNU Tools ARM Embedded\4.7 2012q4\arm-none-eabi\lib\armv7-m\libc.a(lib_a-__call_atexit.o)
                0x0800c0ac                __call_exitprocs
 .text.atexit   0x0800c324        0xc ..\..\..\..\..\..\..\..\..\Program Files (x86)\GNU Tools ARM Embedded\4.7 2012q4\arm-none-eabi\lib\armv7-m\libc.a(lib_a-atexit.o)
                0x0800c324                atexit
 .text.quorem   0x0800c330      0x2ec ..\..\..\..\..\..\..\..\..\Program Files (x86)\GNU Tools ARM Embedded\4.7 2012q4\arm-none-eabi\lib\armv7-m\libc.a(lib_a-dtoa.o)
 *fill*         0x0800c61c        0x4 00
 .text._dtoa_r  0x0800c620     0x11f8 ..\..\..\..\..\..\..\..\..\Program Files (x86)\GNU Tools ARM Embedded\4.7 2012q4\arm-none-eabi\lib\armv7-m\libc.a(lib_a-dtoa.o)
                0x0800c620                _dtoa_r
 .text._malloc_trim_r
                0x0800d818       0x98 ..\..\..\..\..\..\..\..\..\Program Files (x86)\GNU Tools ARM Embedded\4.7 2012q4\arm-none-eabi\lib\armv7-m\libc.a(lib_a-freer.o)
                0x0800d818                _malloc_trim_r
 .text._free_r  0x0800d8b0      0x194 ..\..\..\..\..\..\..\..\..\Program Files (x86)\GNU Tools ARM Embedded\4.7 2012q4\arm-none-eabi\lib\armv7-m\libc.a(lib_a-freer.o)
                0x0800d8b0                _free_r
 .text._localeconv_r
                0x0800da44        0xc ..\..\..\..\..\..\..\..\..\Program Files (x86)\GNU Tools ARM Embedded\4.7 2012q4\arm-none-eabi\lib\armv7-m\libc.a(lib_a-locale.o)
                0x0800da44                _localeconv_r
 .text.memchr   0x0800da50      0x140 ..\..\..\..\..\..\..\..\..\Program Files (x86)\GNU Tools ARM Embedded\4.7 2012q4\arm-none-eabi\lib\armv7-m\libc.a(lib_a-memchr.o)
                0x0800da50                memchr
 .text._Balloc  0x0800db90       0x4c ..\..\..\..\..\..\..\..\..\Program Files (x86)\GNU Tools ARM Embedded\4.7 2012q4\arm-none-eabi\lib\armv7-m\libc.a(lib_a-mprec.o)
                0x0800db90                _Balloc
 .text._Bfree   0x0800dbdc       0x14 ..\..\..\..\..\..\..\..\..\Program Files (x86)\GNU Tools ARM Embedded\4.7 2012q4\arm-none-eabi\lib\armv7-m\libc.a(lib_a-mprec.o)
                0x0800dbdc                _Bfree
 .text.__multadd
                0x0800dbf0       0xfc ..\..\..\..\..\..\..\..\..\Program Files (x86)\GNU Tools ARM Embedded\4.7 2012q4\arm-none-eabi\lib\armv7-m\libc.a(lib_a-mprec.o)
                0x0800dbf0                __multadd
 .text.__hi0bits
                0x0800dcec       0x3c ..\..\..\..\..\..\..\..\..\Program Files (x86)\GNU Tools ARM Embedded\4.7 2012q4\arm-none-eabi\lib\armv7-m\libc.a(lib_a-mprec.o)
                0x0800dcec                __hi0bits
 .text.__lo0bits
                0x0800dd28       0x5c ..\..\..\..\..\..\..\..\..\Program Files (x86)\GNU Tools ARM Embedded\4.7 2012q4\arm-none-eabi\lib\armv7-m\libc.a(lib_a-mprec.o)
                0x0800dd28                __lo0bits
 .text.__i2b    0x0800dd84       0x14 ..\..\..\..\..\..\..\..\..\Program Files (x86)\GNU Tools ARM Embedded\4.7 2012q4\arm-none-eabi\lib\armv7-m\libc.a(lib_a-mprec.o)
                0x0800dd84                __i2b
 .text.__multiply
                0x0800dd98      0x2d0 ..\..\..\..\..\..\..\..\..\Program Files (x86)\GNU Tools ARM Embedded\4.7 2012q4\arm-none-eabi\lib\armv7-m\libc.a(lib_a-mprec.o)
                0x0800dd98                __multiply
 .text.__pow5mult
                0x0800e068       0x94 ..\..\..\..\..\..\..\..\..\Program Files (x86)\GNU Tools ARM Embedded\4.7 2012q4\arm-none-eabi\lib\armv7-m\libc.a(lib_a-mprec.o)
                0x0800e068                __pow5mult
 .text.__lshift
                0x0800e0fc      0x16c ..\..\..\..\..\..\..\..\..\Program Files (x86)\GNU Tools ARM Embedded\4.7 2012q4\arm-none-eabi\lib\armv7-m\libc.a(lib_a-mprec.o)
                0x0800e0fc                __lshift
 .text.__mcmp   0x0800e268       0x5c ..\..\..\..\..\..\..\..\..\Program Files (x86)\GNU Tools ARM Embedded\4.7 2012q4\arm-none-eabi\lib\armv7-m\libc.a(lib_a-mprec.o)
                0x0800e268                __mcmp
 .text.__mdiff  0x0800e2c4      0x218 ..\..\..\..\..\..\..\..\..\Program Files (x86)\GNU Tools ARM Embedded\4.7 2012q4\arm-none-eabi\lib\armv7-m\libc.a(lib_a-mprec.o)
                0x0800e2c4                __mdiff
 .text.__d2b    0x0800e4dc       0xc0 ..\..\..\..\..\..\..\..\..\Program Files (x86)\GNU Tools ARM Embedded\4.7 2012q4\arm-none-eabi\lib\armv7-m\libc.a(lib_a-mprec.o)
                0x0800e4dc                __d2b
 .text.__ssprint_r
                0x0800e59c      0x100 ..\..\..\..\..\..\..\..\..\Program Files (x86)\GNU Tools ARM Embedded\4.7 2012q4\arm-none-eabi\lib\armv7-m\libc.a(lib_a-svfiprintf.o)
                0x0800e59c                __ssprint_r
 .text._calloc_r
                0x0800e69c       0x60 ..\..\..\..\..\..\..\..\..\Program Files (x86)\GNU Tools ARM Embedded\4.7 2012q4\arm-none-eabi\lib\armv7-m\libc.a(lib_a-callocr.o)
                0x0800e69c                _calloc_r
 .text._ZNK10__cxxabiv120__si_class_type_info12__do_dyncastEiNS_17__class_type_info10__sub_kindEPKS1_PKvS4_S6_RNS1_16__dyncast_resultE
                0x0800e6fc       0x90 ..\..\..\..\..\..\..\..\..\Program Files (x86)\GNU Tools ARM Embedded\4.7 2012q4\arm-none-eabi\lib\armv7-m\libstdc++.a(si_class_type_info.o)
                0x0800e6fc                __cxxabiv1::__si_class_type_info::__do_dyncast(int, __cxxabiv1::__class_type_info::__sub_kind, __cxxabiv1::__class_type_info const*, void const*, __cxxabiv1::__class_type_info const*, void const*, __cxxabiv1::__class_type_info::__dyncast_result&) const
 .text._ZN10__cxxabiv120__si_class_type_infoD2Ev
                0x0800e78c       0x14 ..\..\..\..\..\..\..\..\..\Program Files (x86)\GNU Tools ARM Embedded\4.7 2012q4\arm-none-eabi\lib\armv7-m\libstdc++.a(si_class_type_info.o)
                0x0800e78c                __cxxabiv1::__si_class_type_info::~__si_class_type_info()
                0x0800e78c                __cxxabiv1::__si_class_type_info::~__si_class_type_info()
 .text._ZN10__cxxabiv120__si_class_type_infoD0Ev
                0x0800e7a0       0x14 ..\..\..\..\..\..\..\..\..\Program Files (x86)\GNU Tools ARM Embedded\4.7 2012q4\arm-none-eabi\lib\armv7-m\libstdc++.a(si_class_type_info.o)
                0x0800e7a0                __cxxabiv1::__si_class_type_info::~__si_class_type_info()
 .text._ZNK10__cxxabiv120__si_class_type_info11__do_upcastEPKNS_17__class_type_infoEPKvRNS1_15__upcast_resultE
                0x0800e7b4       0x24 ..\..\..\..\..\..\..\..\..\Program Files (x86)\GNU Tools ARM Embedded\4.7 2012q4\arm-none-eabi\lib\armv7-m\libstdc++.a(si_class_type_info.o)
                0x0800e7b4                __cxxabiv1::__si_class_type_info::__do_upcast(__cxxabiv1::__class_type_info const*, void const*, __cxxabiv1::__class_type_info::__upcast_result&) const
 .text._ZNK10__cxxabiv120__si_class_type_info20__do_find_public_srcEiPKvPKNS_17__class_type_infoES2_
                0x0800e7d8       0x34 ..\..\..\..\..\..\..\..\..\Program Files (x86)\GNU Tools ARM Embedded\4.7 2012q4\arm-none-eabi\lib\armv7-m\libstdc++.a(si_class_type_info.o)
                0x0800e7d8                __cxxabiv1::__si_class_type_info::__do_find_public_src(int, void const*, __cxxabiv1::__class_type_info const*, void const*) const
 .text.__cxa_end_cleanup
                0x0800e80c        0xc ..\..\..\..\..\..\..\..\..\Program Files (x86)\GNU Tools ARM Embedded\4.7 2012q4\arm-none-eabi\lib\armv7-m\libstdc++.a(eh_arm.o)
                0x0800e80c                __cxa_end_cleanup
 .text.__cxa_type_match
                0x0800e818       0xb0 ..\..\..\..\..\..\..\..\..\Program Files (x86)\GNU Tools ARM Embedded\4.7 2012q4\arm-none-eabi\lib\armv7-m\libstdc++.a(eh_arm.o)
                0x0800e818                __cxa_type_match
 .text.__cxa_begin_cleanup
                0x0800e8c8       0x64 ..\..\..\..\..\..\..\..\..\Program Files (x86)\GNU Tools ARM Embedded\4.7 2012q4\arm-none-eabi\lib\armv7-m\libstdc++.a(eh_arm.o)
                0x0800e8c8                __cxa_begin_cleanup
 .text.__gnu_end_cleanup
                0x0800e92c       0x74 ..\..\..\..\..\..\..\..\..\Program Files (x86)\GNU Tools ARM Embedded\4.7 2012q4\arm-none-eabi\lib\armv7-m\libstdc++.a(eh_arm.o)
                0x0800e92c                __gnu_end_cleanup
 .text.__cxa_pure_virtual
                0x0800e9a0       0x18 ..\..\..\..\..\..\..\..\..\Program Files (x86)\GNU Tools ARM Embedded\4.7 2012q4\arm-none-eabi\lib\armv7-m\libstdc++.a(pure.o)
                0x0800e9a0                __cxa_pure_virtual
 .text.__cxa_get_globals_fast
                0x0800e9b8        0xc ..\..\..\..\..\..\..\..\..\Program Files (x86)\GNU Tools ARM Embedded\4.7 2012q4\arm-none-eabi\lib\armv7-m\libstdc++.a(eh_globals.o)
                0x0800e9b8                __cxa_get_globals_fast
 .text.__cxa_get_globals
                0x0800e9c4        0xc ..\..\..\..\..\..\..\..\..\Program Files (x86)\GNU Tools ARM Embedded\4.7 2012q4\arm-none-eabi\lib\armv7-m\libstdc++.a(eh_globals.o)
                0x0800e9c4                __cxa_get_globals
 .text._ZNSt9exceptionD2Ev
                0x0800e9d0        0xc ..\..\..\..\..\..\..\..\..\Program Files (x86)\GNU Tools ARM Embedded\4.7 2012q4\arm-none-eabi\lib\armv7-m\libstdc++.a(eh_exception.o)
                0x0800e9d0                std::exception::~exception()
                0x0800e9d0                std::exception::~exception()
 .text._ZNSt13bad_exceptionD2Ev
                0x0800e9dc        0xc ..\..\..\..\..\..\..\..\..\Program Files (x86)\GNU Tools ARM Embedded\4.7 2012q4\arm-none-eabi\lib\armv7-m\libstdc++.a(eh_exception.o)
                0x0800e9dc                std::bad_exception::~bad_exception()
                0x0800e9dc                std::bad_exception::~bad_exception()
 .text._ZNKSt9exception4whatEv
                0x0800e9e8        0xc ..\..\..\..\..\..\..\..\..\Program Files (x86)\GNU Tools ARM Embedded\4.7 2012q4\arm-none-eabi\lib\armv7-m\libstdc++.a(eh_exception.o)
                0x0800e9e8                std::exception::what() const
 .text._ZNKSt13bad_exception4whatEv
                0x0800e9f4        0xc ..\..\..\..\..\..\..\..\..\Program Files (x86)\GNU Tools ARM Embedded\4.7 2012q4\arm-none-eabi\lib\armv7-m\libstdc++.a(eh_exception.o)
                0x0800e9f4                std::bad_exception::what() const
 .text._ZNSt9exceptionD0Ev
                0x0800ea00       0x14 ..\..\..\..\..\..\..\..\..\Program Files (x86)\GNU Tools ARM Embedded\4.7 2012q4\arm-none-eabi\lib\armv7-m\libstdc++.a(eh_exception.o)
                0x0800ea00                std::exception::~exception()
 .text._ZNSt13bad_exceptionD0Ev
                0x0800ea14       0x14 ..\..\..\..\..\..\..\..\..\Program Files (x86)\GNU Tools ARM Embedded\4.7 2012q4\arm-none-eabi\lib\armv7-m\libstdc++.a(eh_exception.o)
                0x0800ea14                std::bad_exception::~bad_exception()
 .text._ZdlPv   0x0800ea28        0x8 ..\..\..\..\..\..\..\..\..\Program Files (x86)\GNU Tools ARM Embedded\4.7 2012q4\arm-none-eabi\lib\armv7-m\libstdc++.a(del_op.o)
                0x0800ea28                operator delete(void*)
 .text._ZNK10__cxxabiv117__class_type_info11__do_upcastEPKS0_PPv
                0x0800ea30       0x38 ..\..\..\..\..\..\..\..\..\Program Files (x86)\GNU Tools ARM Embedded\4.7 2012q4\arm-none-eabi\lib\armv7-m\libstdc++.a(class_type_info.o)
                0x0800ea30                __cxxabiv1::__class_type_info::__do_upcast(__cxxabiv1::__class_type_info const*, void**) const
 .text._ZNK10__cxxabiv117__class_type_info20__do_find_public_srcEiPKvPKS0_S2_
                0x0800ea68        0xc ..\..\..\..\..\..\..\..\..\Program Files (x86)\GNU Tools ARM Embedded\4.7 2012q4\arm-none-eabi\lib\armv7-m\libstdc++.a(class_type_info.o)
                0x0800ea68                __cxxabiv1::__class_type_info::__do_find_public_src(int, void const*, __cxxabiv1::__class_type_info const*, void const*) const
 .text._ZNK10__cxxabiv117__class_type_info11__do_upcastEPKS0_PKvRNS0_15__upcast_resultE
                0x0800ea74       0x1c ..\..\..\..\..\..\..\..\..\Program Files (x86)\GNU Tools ARM Embedded\4.7 2012q4\arm-none-eabi\lib\armv7-m\libstdc++.a(class_type_info.o)
                0x0800ea74                __cxxabiv1::__class_type_info::__do_upcast(__cxxabiv1::__class_type_info const*, void const*, __cxxabiv1::__class_type_info::__upcast_result&) const
 .text._ZN10__cxxabiv117__class_type_infoD2Ev
                0x0800ea90       0x14 ..\..\..\..\..\..\..\..\..\Program Files (x86)\GNU Tools ARM Embedded\4.7 2012q4\arm-none-eabi\lib\armv7-m\libstdc++.a(class_type_info.o)
                0x0800ea90                __cxxabiv1::__class_type_info::~__class_type_info()
                0x0800ea90                __cxxabiv1::__class_type_info::~__class_type_info()
 .text._ZN10__cxxabiv117__class_type_infoD0Ev
                0x0800eaa4       0x14 ..\..\..\..\..\..\..\..\..\Program Files (x86)\GNU Tools ARM Embedded\4.7 2012q4\arm-none-eabi\lib\armv7-m\libstdc++.a(class_type_info.o)
                0x0800eaa4                __cxxabiv1::__class_type_info::~__class_type_info()
 .text._ZNK10__cxxabiv117__class_type_info12__do_dyncastEiNS0_10__sub_kindEPKS0_PKvS3_S5_RNS0_16__dyncast_resultE
                0x0800eab8       0x40 ..\..\..\..\..\..\..\..\..\Program Files (x86)\GNU Tools ARM Embedded\4.7 2012q4\arm-none-eabi\lib\armv7-m\libstdc++.a(class_type_info.o)
                0x0800eab8                __cxxabiv1::__class_type_info::__do_dyncast(int, __cxxabiv1::__class_type_info::__sub_kind, __cxxabiv1::__class_type_info const*, void const*, __cxxabiv1::__class_type_info const*, void const*, __cxxabiv1::__class_type_info::__dyncast_result&) const
 .text._ZNK10__cxxabiv117__class_type_info10__do_catchEPKSt9type_infoPPvj
                0x0800eaf8       0x28 ..\..\..\..\..\..\..\..\..\Program Files (x86)\GNU Tools ARM Embedded\4.7 2012q4\arm-none-eabi\lib\armv7-m\libstdc++.a(class_type_info.o)
                0x0800eaf8                __cxxabiv1::__class_type_info::__do_catch(std::type_info const*, void**, unsigned int) const
 .text._ZL23__gxx_exception_cleanup19_Unwind_Reason_CodeP21_Unwind_Control_Block
                0x0800eb20       0x44 ..\..\..\..\..\..\..\..\..\Program Files (x86)\GNU Tools ARM Embedded\4.7 2012q4\arm-none-eabi\lib\armv7-m\libstdc++.a(eh_throw.o)
 .text.__cxa_throw
                0x0800eb64       0x7c ..\..\..\..\..\..\..\..\..\Program Files (x86)\GNU Tools ARM Embedded\4.7 2012q4\arm-none-eabi\lib\armv7-m\libstdc++.a(eh_throw.o)
                0x0800eb64                __cxa_throw
 .text.__cxa_rethrow
                0x0800ebe0       0x70 ..\..\..\..\..\..\..\..\..\Program Files (x86)\GNU Tools ARM Embedded\4.7 2012q4\arm-none-eabi\lib\armv7-m\libstdc++.a(eh_throw.o)
                0x0800ebe0                __cxa_rethrow
 .text._ZL12read_sleb128PKhPl
                0x0800ec50       0x3c ..\..\..\..\..\..\..\..\..\Program Files (x86)\GNU Tools ARM Embedded\4.7 2012q4\arm-none-eabi\lib\armv7-m\libstdc++.a(eh_personality.o)
 .text._ZL28read_encoded_value_with_basehjPKhPj
                0x0800ec8c       0xb0 ..\..\..\..\..\..\..\..\..\Program Files (x86)\GNU Tools ARM Embedded\4.7 2012q4\arm-none-eabi\lib\armv7-m\libstdc++.a(eh_personality.o)
 .text._ZL21base_of_encoded_valuehP15_Unwind_Context
                0x0800ed3c       0x4c ..\..\..\..\..\..\..\..\..\Program Files (x86)\GNU Tools ARM Embedded\4.7 2012q4\arm-none-eabi\lib\armv7-m\libstdc++.a(eh_personality.o)
 .text._ZL17parse_lsda_headerP15_Unwind_ContextPKhP16lsda_header_info
                0x0800ed88       0x94 ..\..\..\..\..\..\..\..\..\Program Files (x86)\GNU Tools ARM Embedded\4.7 2012q4\arm-none-eabi\lib\armv7-m\libstdc++.a(eh_personality.o)
 .text.__gxx_personality_v0
                0x0800ee1c      0x3f8 ..\..\..\..\..\..\..\..\..\Program Files (x86)\GNU Tools ARM Embedded\4.7 2012q4\arm-none-eabi\lib\armv7-m\libstdc++.a(eh_personality.o)
                0x0800ee1c                __gxx_personality_v0
 .text.__cxa_allocate_exception
                0x0800f214       0x70 ..\..\..\..\..\..\..\..\..\Program Files (x86)\GNU Tools ARM Embedded\4.7 2012q4\arm-none-eabi\lib\armv7-m\libstdc++.a(eh_alloc.o)
                0x0800f214                __cxa_allocate_exception
 .text.__cxa_free_exception
                0x0800f284       0x34 ..\..\..\..\..\..\..\..\..\Program Files (x86)\GNU Tools ARM Embedded\4.7 2012q4\arm-none-eabi\lib\armv7-m\libstdc++.a(eh_alloc.o)
                0x0800f284                __cxa_free_exception
 .text._ZN10__cxxabiv111__terminateEPFvvE
                0x0800f2b8       0x28 ..\..\..\..\..\..\..\..\..\Program Files (x86)\GNU Tools ARM Embedded\4.7 2012q4\arm-none-eabi\lib\armv7-m\libstdc++.a(eh_terminate.o)
                0x0800f2b8                __cxxabiv1::__terminate(void (*)())
 .text._ZSt9terminatev
                0x0800f2e0       0x10 ..\..\..\..\..\..\..\..\..\Program Files (x86)\GNU Tools ARM Embedded\4.7 2012q4\arm-none-eabi\lib\armv7-m\libstdc++.a(eh_terminate.o)
                0x0800f2e0                std::terminate()
 .text._ZN10__cxxabiv112__unexpectedEPFvvE
                0x0800f2f0        0x8 ..\..\..\..\..\..\..\..\..\Program Files (x86)\GNU Tools ARM Embedded\4.7 2012q4\arm-none-eabi\lib\armv7-m\libstdc++.a(eh_terminate.o)
                0x0800f2f0                __cxxabiv1::__unexpected(void (*)())
 .text._ZSt10unexpectedv
                0x0800f2f8       0x10 ..\..\..\..\..\..\..\..\..\Program Files (x86)\GNU Tools ARM Embedded\4.7 2012q4\arm-none-eabi\lib\armv7-m\libstdc++.a(eh_terminate.o)
                0x0800f2f8                std::unexpected()
 .text._ZNSt9type_infoD2Ev
                0x0800f308        0xc ..\..\..\..\..\..\..\..\..\Program Files (x86)\GNU Tools ARM Embedded\4.7 2012q4\arm-none-eabi\lib\armv7-m\libstdc++.a(tinfo.o)
                0x0800f308                std::type_info::~type_info()
                0x0800f308                std::type_info::~type_info()
 .text._ZNKSt9type_info14__is_pointer_pEv
                0x0800f314        0x4 ..\..\..\..\..\..\..\..\..\Program Files (x86)\GNU Tools ARM Embedded\4.7 2012q4\arm-none-eabi\lib\armv7-m\libstdc++.a(tinfo.o)
                0x0800f314                std::type_info::__is_pointer_p() const
 .text._ZNKSt9type_info15__is_function_pEv
                0x0800f318        0x4 ..\..\..\..\..\..\..\..\..\Program Files (x86)\GNU Tools ARM Embedded\4.7 2012q4\arm-none-eabi\lib\armv7-m\libstdc++.a(tinfo.o)
                0x0800f318                std::type_info::__is_function_p() const
 .text._ZNKSt9type_info11__do_upcastEPKN10__cxxabiv117__class_type_infoEPPv
                0x0800f31c        0x4 ..\..\..\..\..\..\..\..\..\Program Files (x86)\GNU Tools ARM Embedded\4.7 2012q4\arm-none-eabi\lib\armv7-m\libstdc++.a(tinfo.o)
                0x0800f31c                std::type_info::__do_upcast(__cxxabiv1::__class_type_info const*, void**) const
 .text._ZNSt9type_infoD0Ev
                0x0800f320       0x14 ..\..\..\..\..\..\..\..\..\Program Files (x86)\GNU Tools ARM Embedded\4.7 2012q4\arm-none-eabi\lib\armv7-m\libstdc++.a(tinfo.o)
                0x0800f320                std::type_info::~type_info()
 .text._ZNKSt9type_infoeqERKS_
                0x0800f334       0x28 ..\..\..\..\..\..\..\..\..\Program Files (x86)\GNU Tools ARM Embedded\4.7 2012q4\arm-none-eabi\lib\armv7-m\libstdc++.a(tinfo.o)
                0x0800f334                std::type_info::operator==(std::type_info const&) const
 .text._ZNKSt9type_info10__do_catchEPKS_PPvj
                0x0800f35c        0x4 ..\..\..\..\..\..\..\..\..\Program Files (x86)\GNU Tools ARM Embedded\4.7 2012q4\arm-none-eabi\lib\armv7-m\libstdc++.a(tinfo.o)
                0x0800f35c                std::type_info::__do_catch(std::type_info const*, void**, unsigned int) const
 .text._ZN10__cxxabiv1L24__is_gxx_exception_classEPc
                0x0800f360       0x3c ..\..\..\..\..\..\..\..\..\Program Files (x86)\GNU Tools ARM Embedded\4.7 2012q4\arm-none-eabi\lib\armv7-m\libstdc++.a(eh_call.o)
 .text.__cxa_call_terminate
                0x0800f39c       0x20 ..\..\..\..\..\..\..\..\..\Program Files (x86)\GNU Tools ARM Embedded\4.7 2012q4\arm-none-eabi\lib\armv7-m\libstdc++.a(eh_call.o)
                0x0800f39c                __cxa_call_terminate
 .text.__cxa_call_unexpected
                0x0800f3bc       0xe4 ..\..\..\..\..\..\..\..\..\Program Files (x86)\GNU Tools ARM Embedded\4.7 2012q4\arm-none-eabi\lib\armv7-m\libstdc++.a(eh_call.o)
                0x0800f3bc                __cxa_call_unexpected
 .text.__cxa_begin_catch
                0x0800f4a0       0x8c ..\..\..\..\..\..\..\..\..\Program Files (x86)\GNU Tools ARM Embedded\4.7 2012q4\arm-none-eabi\lib\armv7-m\libstdc++.a(eh_catch.o)
                0x0800f4a0                __cxa_begin_catch
 .text.__cxa_end_catch
                0x0800f52c       0x8c ..\..\..\..\..\..\..\..\..\Program Files (x86)\GNU Tools ARM Embedded\4.7 2012q4\arm-none-eabi\lib\armv7-m\libstdc++.a(eh_catch.o)
                0x0800f52c                __cxa_end_catch
 .text._ZN9__gnu_cxx27__verbose_terminate_handlerEv
                0x0800f5b8      0x110 ..\..\..\..\..\..\..\..\..\Program Files (x86)\GNU Tools ARM Embedded\4.7 2012q4\arm-none-eabi\lib\armv7-m\libstdc++.a(vterminate.o)
                0x0800f5b8                __gnu_cxx::__verbose_terminate_handler()
 .text.__cxa_current_exception_type
                0x0800f6c8       0x1c ..\..\..\..\..\..\..\..\..\Program Files (x86)\GNU Tools ARM Embedded\4.7 2012q4\arm-none-eabi\lib\armv7-m\libstdc++.a(eh_type.o)
                0x0800f6c8                __cxa_current_exception_type
 .text          0x0800f6e4     0x9bac ..\..\..\..\..\..\..\..\..\Program Files (x86)\GNU Tools ARM Embedded\4.7 2012q4\arm-none-eabi\lib\armv7-m\libstdc++.a(cp-demangle.o)
                0x080191ac                __cxa_demangle
                0x08019274                __gcclibcxx_demangle_callback
 .text._exit    0x08019290        0x4 ..\..\..\..\..\..\..\..\..\Program Files (x86)\GNU Tools ARM Embedded\4.7 2012q4\arm-none-eabi\lib\armv7-m\libnosys.a(_exit.o)
                0x08019290                _exit
 .text          0x08019294       0x2c c:/program files (x86)/gnu tools arm embedded/4.7 2012q4/bin/../lib/gcc/arm-none-eabi/4.7.3/armv7e-m\libgcc.a(_aeabi_uldivmod.o)
                0x08019294                __aeabi_uldivmod
 .text          0x080192c0       0x58 c:/program files (x86)/gnu tools arm embedded/4.7 2012q4/bin/../lib/gcc/arm-none-eabi/4.7.3/armv7e-m\libgcc.a(bpabi.o)
                0x080192c0                __gnu_ldivmod_helper
                0x080192ec                __gnu_uldivmod_helper
 .text          0x08019318        0x4 c:/program files (x86)/gnu tools arm embedded/4.7 2012q4/bin/../lib/gcc/arm-none-eabi/4.7.3/armv7e-m\libgcc.a(_dvmd_tls.o)
                0x08019318                __aeabi_idiv0
                0x08019318                __aeabi_ldiv0
 .text          0x0801931c      0x2bc c:/program files (x86)/gnu tools arm embedded/4.7 2012q4/bin/../lib/gcc/arm-none-eabi/4.7.3/armv7e-m\libgcc.a(_divdi3.o)
                0x0801931c                __divdi3
 .text          0x080195d8      0x288 c:/program files (x86)/gnu tools arm embedded/4.7 2012q4/bin/../lib/gcc/arm-none-eabi/4.7.3/armv7e-m\libgcc.a(_udivdi3.o)
                0x080195d8                __udivdi3
 .text.fputc    0x08019860       0x28 ..\..\..\..\..\..\..\..\..\Program Files (x86)\GNU Tools ARM Embedded\4.7 2012q4\arm-none-eabi\lib\armv7-m\libg.a(lib_a-fputc.o)
                0x08019860                fputc
 .text._fputs_r
                0x08019888       0x50 ..\..\..\..\..\..\..\..\..\Program Files (x86)\GNU Tools ARM Embedded\4.7 2012q4\arm-none-eabi\lib\armv7-m\libg.a(lib_a-fputs.o)
                0x08019888                _fputs_r
 .text.fputs    0x080198d8       0x18 ..\..\..\..\..\..\..\..\..\Program Files (x86)\GNU Tools ARM Embedded\4.7 2012q4\arm-none-eabi\lib\armv7-m\libg.a(lib_a-fputs.o)
                0x080198d8                fputs
 .text.__sfvwrite_r
                0x080198f0      0x314 ..\..\..\..\..\..\..\..\..\Program Files (x86)\GNU Tools ARM Embedded\4.7 2012q4\arm-none-eabi\lib\armv7-m\libg.a(lib_a-fvwrite.o)
                0x080198f0                __sfvwrite_r
 .text._fwrite_r
                0x08019c04       0x60 ..\..\..\..\..\..\..\..\..\Program Files (x86)\GNU Tools ARM Embedded\4.7 2012q4\arm-none-eabi\lib\armv7-m\libg.a(lib_a-fwrite.o)
                0x08019c04                _fwrite_r
 .text.fwrite   0x08019c64       0x28 ..\..\..\..\..\..\..\..\..\Program Files (x86)\GNU Tools ARM Embedded\4.7 2012q4\arm-none-eabi\lib\armv7-m\libg.a(lib_a-fwrite.o)
                0x08019c64                fwrite
 .text._putc_r  0x08019c8c       0x60 ..\..\..\..\..\..\..\..\..\Program Files (x86)\GNU Tools ARM Embedded\4.7 2012q4\arm-none-eabi\lib\armv7-m\libg.a(lib_a-putc.o)
                0x08019c8c                _putc_r
 .text.write    0x08019cec       0x1c ..\..\..\..\..\..\..\..\..\Program Files (x86)\GNU Tools ARM Embedded\4.7 2012q4\arm-none-eabi\lib\armv7-m\libg.a(lib_a-syswrite.o)
                0x08019cec                write
 .text.__swbuf_r
                0x08019d08       0xbc ..\..\..\..\..\..\..\..\..\Program Files (x86)\GNU Tools ARM Embedded\4.7 2012q4\arm-none-eabi\lib\armv7-m\libg.a(lib_a-wbuf.o)
                0x08019d08                __swbuf_r
 .text._write_r
                0x08019dc4       0x28 ..\..\..\..\..\..\..\..\..\Program Files (x86)\GNU Tools ARM Embedded\4.7 2012q4\arm-none-eabi\lib\armv7-m\libg.a(lib_a-writer.o)
                0x08019dc4                _write_r
 .text.__swsetup_r
                0x08019dec       0xc4 ..\..\..\..\..\..\..\..\..\Program Files (x86)\GNU Tools ARM Embedded\4.7 2012q4\arm-none-eabi\lib\armv7-m\libg.a(lib_a-wsetup.o)
                0x08019dec                __swsetup_r
 .text._fflush_r
                0x08019eb0      0x164 ..\..\..\..\..\..\..\..\..\Program Files (x86)\GNU Tools ARM Embedded\4.7 2012q4\arm-none-eabi\lib\armv7-m\libg.a(lib_a-fflush.o)
                0x08019eb0                _fflush_r
 .text._cleanup_r
                0x0801a014        0xc ..\..\..\..\..\..\..\..\..\Program Files (x86)\GNU Tools ARM Embedded\4.7 2012q4\arm-none-eabi\lib\armv7-m\libg.a(lib_a-findfp.o)
                0x0801a014                _cleanup_r
 .text.std.isra.0
                0x0801a020       0x50 ..\..\..\..\..\..\..\..\..\Program Files (x86)\GNU Tools ARM Embedded\4.7 2012q4\arm-none-eabi\lib\armv7-m\libg.a(lib_a-findfp.o)
 .text.__sinit  0x0801a070       0x4c ..\..\..\..\..\..\..\..\..\Program Files (x86)\GNU Tools ARM Embedded\4.7 2012q4\arm-none-eabi\lib\armv7-m\libg.a(lib_a-findfp.o)
                0x0801a070                __sinit
 .text.__sfp_lock_acquire
                0x0801a0bc        0x4 ..\..\..\..\..\..\..\..\..\Program Files (x86)\GNU Tools ARM Embedded\4.7 2012q4\arm-none-eabi\lib\armv7-m\libg.a(lib_a-findfp.o)
                0x0801a0bc                __sfp_lock_acquire
 .text.__sfp_lock_release
                0x0801a0c0        0x4 ..\..\..\..\..\..\..\..\..\Program Files (x86)\GNU Tools ARM Embedded\4.7 2012q4\arm-none-eabi\lib\armv7-m\libg.a(lib_a-findfp.o)
                0x0801a0c0                __sfp_lock_release
 .text._fwalk   0x0801a0c4       0xb8 ..\..\..\..\..\..\..\..\..\Program Files (x86)\GNU Tools ARM Embedded\4.7 2012q4\arm-none-eabi\lib\armv7-m\libg.a(lib_a-fwalk.o)
                0x0801a0c4                _fwalk
 .text.__smakebuf_r
                0x0801a17c       0xe8 ..\..\..\..\..\..\..\..\..\Program Files (x86)\GNU Tools ARM Embedded\4.7 2012q4\arm-none-eabi\lib\armv7-m\libg.a(lib_a-makebuf.o)
                0x0801a17c                __smakebuf_r
 .text.__sread  0x0801a264       0x24 ..\..\..\..\..\..\..\..\..\Program Files (x86)\GNU Tools ARM Embedded\4.7 2012q4\arm-none-eabi\lib\armv7-m\libg.a(lib_a-stdio.o)
                0x0801a264                __sread
 .text.__swrite
                0x0801a288       0x44 ..\..\..\..\..\..\..\..\..\Program Files (x86)\GNU Tools ARM Embedded\4.7 2012q4\arm-none-eabi\lib\armv7-m\libg.a(lib_a-stdio.o)
                0x0801a288                __swrite
 .text.__sseek  0x0801a2cc       0x24 ..\..\..\..\..\..\..\..\..\Program Files (x86)\GNU Tools ARM Embedded\4.7 2012q4\arm-none-eabi\lib\armv7-m\libg.a(lib_a-stdio.o)
                0x0801a2cc                __sseek
 .text.__sclose
                0x0801a2f0        0x8 ..\..\..\..\..\..\..\..\..\Program Files (x86)\GNU Tools ARM Embedded\4.7 2012q4\arm-none-eabi\lib\armv7-m\libg.a(lib_a-stdio.o)
                0x0801a2f0                __sclose
 .text._close_r
                0x0801a2f8       0x24 ..\..\..\..\..\..\..\..\..\Program Files (x86)\GNU Tools ARM Embedded\4.7 2012q4\arm-none-eabi\lib\armv7-m\libg.a(lib_a-closer.o)
                0x0801a2f8                _close_r
 .text._fclose_r
                0x0801a31c       0x94 ..\..\..\..\..\..\..\..\..\Program Files (x86)\GNU Tools ARM Embedded\4.7 2012q4\arm-none-eabi\lib\armv7-m\libg.a(lib_a-fclose.o)
                0x0801a31c                _fclose_r
 .text.fclose   0x0801a3b0       0x10 ..\..\..\..\..\..\..\..\..\Program Files (x86)\GNU Tools ARM Embedded\4.7 2012q4\arm-none-eabi\lib\armv7-m\libg.a(lib_a-fclose.o)
                0x0801a3b0                fclose
 .text._fstat_r
                0x0801a3c0       0x28 ..\..\..\..\..\..\..\..\..\Program Files (x86)\GNU Tools ARM Embedded\4.7 2012q4\arm-none-eabi\lib\armv7-m\libg.a(lib_a-fstatr.o)
                0x0801a3c0                _fstat_r
 .text._isatty_r
                0x0801a3e8       0x24 ..\..\..\..\..\..\..\..\..\Program Files (x86)\GNU Tools ARM Embedded\4.7 2012q4\arm-none-eabi\lib\armv7-m\libg.a(lib_a-isattyr.o)
                0x0801a3e8                _isatty_r
 .text._lseek_r
                0x0801a40c       0x28 ..\..\..\..\..\..\..\..\..\Program Files (x86)\GNU Tools ARM Embedded\4.7 2012q4\arm-none-eabi\lib\armv7-m\libg.a(lib_a-lseekr.o)
                0x0801a40c                _lseek_r
 .text._read_r  0x0801a434       0x28 ..\..\..\..\..\..\..\..\..\Program Files (x86)\GNU Tools ARM Embedded\4.7 2012q4\arm-none-eabi\lib\armv7-m\libg.a(lib_a-readr.o)
                0x0801a434                _read_r
 *(.init)
 .init          0x0801a45c        0x4 c:/program files (x86)/gnu tools arm embedded/4.7 2012q4/bin/../lib/gcc/arm-none-eabi/4.7.3/armv7e-m/crti.o
                0x0801a45c                _init
 .init          0x0801a460        0x8 c:/program files (x86)/gnu tools arm embedded/4.7 2012q4/bin/../lib/gcc/arm-none-eabi/4.7.3/armv7e-m/crtn.o
 *(.fini)
 .fini          0x0801a468        0x4 c:/program files (x86)/gnu tools arm embedded/4.7 2012q4/bin/../lib/gcc/arm-none-eabi/4.7.3/armv7e-m/crti.o
                0x0801a468                _fini
 .fini          0x0801a46c        0x8 c:/program files (x86)/gnu tools arm embedded/4.7 2012q4/bin/../lib/gcc/arm-none-eabi/4.7.3/armv7e-m/crtn.o
 *crtbegin.o(.ctors)
 *crtbegin?.o(.ctors)
 *(EXCLUDE_FILE(*crtend.o *crtend?.o) .ctors)
 *(SORT(.ctors.*))
 *(.ctors)
 *crtbegin.o(.dtors)
 *crtbegin?.o(.dtors)
 *(EXCLUDE_FILE(*crtend.o *crtend?.o) .dtors)
 *(SORT(.dtors.*))
 *(.dtors)
 *(.rodata*)
 .rodata        0x0801a474       0x40 ..\obj\TibuBoard.o
 .rodata        0x0801a4b4       0x14 ..\obj\ArduinoStyle.o
 .rodata._ZTV9Printable
                0x0801a4c8       0x10 ..\obj\Dhcp.o
                0x0801a4c8                vtable for Printable
 .rodata._ZTS9Printable
                0x0801a4d8        0xc ..\obj\Dhcp.o
                0x0801a4d8                typeinfo name for Printable
 .rodata._ZTI9Printable
                0x0801a4e4        0x8 ..\obj\Dhcp.o
                0x0801a4e4                typeinfo for Printable
 *fill*         0x0801a4ec        0x4 00
 .rodata        0x0801a4f0       0x28 ..\obj\IPAddress.o
                0x0801a4f0                vtable for IPAddress
                0x0801a4fc                typeinfo for IPAddress
                0x0801a508                typeinfo name for IPAddress
 .rodata._ZTV6Stream
                0x0801a518       0x20 ..\obj\EthernetServer.o
                0x0801a518                vtable for Stream
 .rodata._ZTS6Stream
                0x0801a538        0x8 ..\obj\EthernetServer.o
                0x0801a538                typeinfo name for Stream
 .rodata._ZTI6Stream
                0x0801a540        0xc ..\obj\EthernetServer.o
                0x0801a540                typeinfo for Stream
 .rodata        0x0801a54c       0xc8 ..\obj\BasicFunctions.o
                0x0801a54c                GPIOPIN_PIN
                0x0801a574                GPIOPIN_CLK
                0x0801a5c4                GPIO_SOURCE
 .rodata        0x0801a614       0x98 ..\obj\usbd_desc.o
 *fill*         0x0801a6ac        0x4 00
 .rodata        0x0801a6b0       0x30 ..\obj\Print.o
                0x0801a6c0                vtable for Print
                0x0801a6d0                typeinfo for Print
                0x0801a6d8                typeinfo name for Print
 .rodata        0x0801a6e0       0x40 ..\obj\USBSerial.o
                0x0801a6e0                vtable for HardwareSerial
                0x0801a700                typeinfo for HardwareSerial
                0x0801a70c                typeinfo name for HardwareSerial
 .rodata.str1.4
                0x0801a720        0x2 ..\..\..\..\..\..\..\..\..\Program Files (x86)\GNU Tools ARM Embedded\4.7 2012q4\arm-none-eabi\lib\armv7-m\libc.a(lib_a-impure.o)
                                  0x4 (size before relaxing)
 *fill*         0x0801a722        0x2 00
 .rodata._global_impure_ptr
                0x0801a724        0x4 ..\..\..\..\..\..\..\..\..\Program Files (x86)\GNU Tools ARM Embedded\4.7 2012q4\arm-none-eabi\lib\armv7-m\libc.a(lib_a-impure.o)
                0x0801a724                _global_impure_ptr
 .rodata.str1.4
                0x0801a728       0x42 ..\..\..\..\..\..\..\..\..\Program Files (x86)\GNU Tools ARM Embedded\4.7 2012q4\arm-none-eabi\lib\armv7-m\libc.a(lib_a-svfprintf.o)
                                 0x44 (size before relaxing)
 *fill*         0x0801a76a        0x2 00
 .rodata.zeroes.6721
                0x0801a76c       0x10 ..\..\..\..\..\..\..\..\..\Program Files (x86)\GNU Tools ARM Embedded\4.7 2012q4\arm-none-eabi\lib\armv7-m\libc.a(lib_a-svfprintf.o)
 .rodata.blanks.6720
                0x0801a77c       0x10 ..\..\..\..\..\..\..\..\..\Program Files (x86)\GNU Tools ARM Embedded\4.7 2012q4\arm-none-eabi\lib\armv7-m\libc.a(lib_a-svfprintf.o)
 .rodata.str1.4
                0x0801a78c       0x10 ..\..\..\..\..\..\..\..\..\Program Files (x86)\GNU Tools ARM Embedded\4.7 2012q4\arm-none-eabi\lib\armv7-m\libc.a(lib_a-dtoa.o)
                                 0x14 (size before relaxing)
 .rodata.str1.4
                0x0801a79c        0xa ..\..\..\..\..\..\..\..\..\Program Files (x86)\GNU Tools ARM Embedded\4.7 2012q4\arm-none-eabi\lib\armv7-m\libc.a(lib_a-locale.o)
                                 0x14 (size before relaxing)
 *fill*         0x0801a7a6        0x2 00
 .rodata.p05.5242
                0x0801a7a8        0xc ..\..\..\..\..\..\..\..\..\Program Files (x86)\GNU Tools ARM Embedded\4.7 2012q4\arm-none-eabi\lib\armv7-m\libc.a(lib_a-mprec.o)
 *fill*         0x0801a7b4        0x4 00
 .rodata.__mprec_tens
                0x0801a7b8       0xc8 ..\..\..\..\..\..\..\..\..\Program Files (x86)\GNU Tools ARM Embedded\4.7 2012q4\arm-none-eabi\lib\armv7-m\libc.a(lib_a-mprec.o)
                0x0801a7b8                __mprec_tens
 .rodata.__mprec_bigtens
                0x0801a880       0x28 ..\..\..\..\..\..\..\..\..\Program Files (x86)\GNU Tools ARM Embedded\4.7 2012q4\arm-none-eabi\lib\armv7-m\libc.a(lib_a-mprec.o)
                0x0801a880                __mprec_bigtens
 .rodata._ZTVN10__cxxabiv120__si_class_type_infoE
                0x0801a8a8       0x30 ..\..\..\..\..\..\..\..\..\Program Files (x86)\GNU Tools ARM Embedded\4.7 2012q4\arm-none-eabi\lib\armv7-m\libstdc++.a(si_class_type_info.o)
                0x0801a8a8                vtable for __cxxabiv1::__si_class_type_info
 .rodata._ZTIN10__cxxabiv120__si_class_type_infoE
                0x0801a8d8        0xc ..\..\..\..\..\..\..\..\..\Program Files (x86)\GNU Tools ARM Embedded\4.7 2012q4\arm-none-eabi\lib\armv7-m\libstdc++.a(si_class_type_info.o)
                0x0801a8d8                typeinfo for __cxxabiv1::__si_class_type_info
 .rodata._ZTSN10__cxxabiv120__si_class_type_infoE
                0x0801a8e4       0x28 ..\..\..\..\..\..\..\..\..\Program Files (x86)\GNU Tools ARM Embedded\4.7 2012q4\arm-none-eabi\lib\armv7-m\libstdc++.a(si_class_type_info.o)
                0x0801a8e4                typeinfo name for __cxxabiv1::__si_class_type_info
 .rodata.str1.4
                0x0801a90c       0x3b ..\..\..\..\..\..\..\..\..\Program Files (x86)\GNU Tools ARM Embedded\4.7 2012q4\arm-none-eabi\lib\armv7-m\libstdc++.a(pure.o)
                                 0x3c (size before relaxing)
 *fill*         0x0801a947        0x1 00
 .rodata._ZTVSt9exception
                0x0801a948       0x18 ..\..\..\..\..\..\..\..\..\Program Files (x86)\GNU Tools ARM Embedded\4.7 2012q4\arm-none-eabi\lib\armv7-m\libstdc++.a(eh_exception.o)
                0x0801a948                vtable for std::exception
 .rodata._ZTIN10__cxxabiv115__forced_unwindE
                0x0801a960        0x8 ..\..\..\..\..\..\..\..\..\Program Files (x86)\GNU Tools ARM Embedded\4.7 2012q4\arm-none-eabi\lib\armv7-m\libstdc++.a(eh_exception.o)
                0x0801a960                typeinfo for __cxxabiv1::__forced_unwind
 .rodata._ZTISt9exception
                0x0801a968        0x8 ..\..\..\..\..\..\..\..\..\Program Files (x86)\GNU Tools ARM Embedded\4.7 2012q4\arm-none-eabi\lib\armv7-m\libstdc++.a(eh_exception.o)
                0x0801a968                typeinfo for std::exception
 .rodata._ZTSSt13bad_exception
                0x0801a970       0x14 ..\..\..\..\..\..\..\..\..\Program Files (x86)\GNU Tools ARM Embedded\4.7 2012q4\arm-none-eabi\lib\armv7-m\libstdc++.a(eh_exception.o)
                0x0801a970                typeinfo name for std::bad_exception
 .rodata.str1.4
                0x0801a984       0x23 ..\..\..\..\..\..\..\..\..\Program Files (x86)\GNU Tools ARM Embedded\4.7 2012q4\arm-none-eabi\lib\armv7-m\libstdc++.a(eh_exception.o)
                                 0x24 (size before relaxing)
 *fill*         0x0801a9a7        0x1 00
 .rodata._ZTSN10__cxxabiv119__foreign_exceptionE
                0x0801a9a8       0x24 ..\..\..\..\..\..\..\..\..\Program Files (x86)\GNU Tools ARM Embedded\4.7 2012q4\arm-none-eabi\lib\armv7-m\libstdc++.a(eh_exception.o)
                0x0801a9a8                typeinfo name for __cxxabiv1::__foreign_exception
 .rodata._ZTIN10__cxxabiv119__foreign_exceptionE
                0x0801a9cc        0x8 ..\..\..\..\..\..\..\..\..\Program Files (x86)\GNU Tools ARM Embedded\4.7 2012q4\arm-none-eabi\lib\armv7-m\libstdc++.a(eh_exception.o)
                0x0801a9cc                typeinfo for __cxxabiv1::__foreign_exception
 *fill*         0x0801a9d4        0x4 00
 .rodata._ZTVSt13bad_exception
                0x0801a9d8       0x18 ..\..\..\..\..\..\..\..\..\Program Files (x86)\GNU Tools ARM Embedded\4.7 2012q4\arm-none-eabi\lib\armv7-m\libstdc++.a(eh_exception.o)
                0x0801a9d8                vtable for std::bad_exception
 .rodata._ZTSSt9exception
                0x0801a9f0       0x10 ..\..\..\..\..\..\..\..\..\Program Files (x86)\GNU Tools ARM Embedded\4.7 2012q4\arm-none-eabi\lib\armv7-m\libstdc++.a(eh_exception.o)
                0x0801a9f0                typeinfo name for std::exception
 .rodata._ZTSN10__cxxabiv115__forced_unwindE
                0x0801aa00       0x20 ..\..\..\..\..\..\..\..\..\Program Files (x86)\GNU Tools ARM Embedded\4.7 2012q4\arm-none-eabi\lib\armv7-m\libstdc++.a(eh_exception.o)
                0x0801aa00                typeinfo name for __cxxabiv1::__forced_unwind
 .rodata._ZTISt13bad_exception
                0x0801aa20        0xc ..\..\..\..\..\..\..\..\..\Program Files (x86)\GNU Tools ARM Embedded\4.7 2012q4\arm-none-eabi\lib\armv7-m\libstdc++.a(eh_exception.o)
                0x0801aa20                typeinfo for std::bad_exception
 *fill*         0x0801aa2c        0x4 00
 .rodata._ZTVN10__cxxabiv117__class_type_infoE
                0x0801aa30       0x30 ..\..\..\..\..\..\..\..\..\Program Files (x86)\GNU Tools ARM Embedded\4.7 2012q4\arm-none-eabi\lib\armv7-m\libstdc++.a(class_type_info.o)
                0x0801aa30                vtable for __cxxabiv1::__class_type_info
 .rodata._ZTIN10__cxxabiv117__class_type_infoE
                0x0801aa60        0xc ..\..\..\..\..\..\..\..\..\Program Files (x86)\GNU Tools ARM Embedded\4.7 2012q4\arm-none-eabi\lib\armv7-m\libstdc++.a(class_type_info.o)
                0x0801aa60                typeinfo for __cxxabiv1::__class_type_info
 .rodata._ZTSN10__cxxabiv117__class_type_infoE
                0x0801aa6c       0x24 ..\..\..\..\..\..\..\..\..\Program Files (x86)\GNU Tools ARM Embedded\4.7 2012q4\arm-none-eabi\lib\armv7-m\libstdc++.a(class_type_info.o)
                0x0801aa6c                typeinfo name for __cxxabiv1::__class_type_info
 .rodata._ZTISt9type_info
                0x0801aa90        0x8 ..\..\..\..\..\..\..\..\..\Program Files (x86)\GNU Tools ARM Embedded\4.7 2012q4\arm-none-eabi\lib\armv7-m\libstdc++.a(tinfo.o)
                0x0801aa90                typeinfo for std::type_info
 .rodata._ZTSSt9type_info
                0x0801aa98       0x10 ..\..\..\..\..\..\..\..\..\Program Files (x86)\GNU Tools ARM Embedded\4.7 2012q4\arm-none-eabi\lib\armv7-m\libstdc++.a(tinfo.o)
                0x0801aa98                typeinfo name for std::type_info
 .rodata._ZTVSt9type_info
                0x0801aaa8       0x20 ..\..\..\..\..\..\..\..\..\Program Files (x86)\GNU Tools ARM Embedded\4.7 2012q4\arm-none-eabi\lib\armv7-m\libstdc++.a(tinfo.o)
                0x0801aaa8                vtable for std::type_info
 .rodata.str1.4
                0x0801aac8       0x94 ..\..\..\..\..\..\..\..\..\Program Files (x86)\GNU Tools ARM Embedded\4.7 2012q4\arm-none-eabi\lib\armv7-m\libstdc++.a(vterminate.o)
 .rodata        0x0801ab5c      0x6f8 ..\..\..\..\..\..\..\..\..\Program Files (x86)\GNU Tools ARM Embedded\4.7 2012q4\arm-none-eabi\lib\armv7-m\libstdc++.a(cp-demangle.o)
 .rodata.str1.4
                0x0801b254      0x618 ..\..\..\..\..\..\..\..\..\Program Files (x86)\GNU Tools ARM Embedded\4.7 2012q4\arm-none-eabi\lib\armv7-m\libstdc++.a(cp-demangle.o)
                                0x644 (size before relaxing)
 *(.eh_frame*)
 .eh_frame      0x0801b86c        0x0 c:/program files (x86)/gnu tools arm embedded/4.7 2012q4/bin/../lib/gcc/arm-none-eabi/4.7.3/armv7e-m/crtbegin.o
 .eh_frame      0x0801b86c        0x4 c:/program files (x86)/gnu tools arm embedded/4.7 2012q4/bin/../lib/gcc/arm-none-eabi/4.7.3/armv7e-m/crtend.o

.glue_7         0x0801b870        0x0
 .glue_7        0x00000000        0x0 linker stubs

.glue_7t        0x0801b870        0x0
 .glue_7t       0x00000000        0x0 linker stubs

.vfp11_veneer   0x0801b870        0x0
 .vfp11_veneer  0x00000000        0x0 linker stubs

.v4_bx          0x0801b870        0x0