Archive member included because of file (symbol)

..\..\..\..\..\..\..\..\..\Program Files (x86)\GNU Tools ARM Embedded\4.7 2012q4\arm-none-eabi\lib\armv7-m\libm.a(lib_a-s_fpclassify.o)
                              ..\obj\Print.o (symbol from plugin) (__fpclassifyd)
..\..\..\..\..\..\..\..\..\Program Files (x86)\GNU Tools ARM Embedded\4.7 2012q4\arm-none-eabi\lib\armv7-m\libc.a(lib_a-aeabi_atexit.o)
                              ..\obj\SPIAPI.o (symbol from plugin) (__aeabi_atexit)
..\..\..\..\..\..\..\..\..\Program Files (x86)\GNU Tools ARM Embedded\4.7 2012q4\arm-none-eabi\lib\armv7-m\libc.a(lib_a-atol.o)
                              ..\obj\WString.o (symbol from plugin) (atol)
..\..\..\..\..\..\..\..\..\Program Files (x86)\GNU Tools ARM Embedded\4.7 2012q4\arm-none-eabi\lib\armv7-m\libc.a(lib_a-cxa_atexit.o)
                              ..\..\..\..\..\..\..\..\..\Program Files (x86)\GNU Tools ARM Embedded\4.7 2012q4\arm-none-eabi\lib\armv7-m\libc.a(lib_a-aeabi_atexit.o) (__cxa_atexit)
..\..\..\..\..\..\..\..\..\Program Files (x86)\GNU Tools ARM Embedded\4.7 2012q4\arm-none-eabi\lib\armv7-m\libc.a(lib_a-exit.o)
                              c:/program files (x86)/gnu tools arm embedded/4.8 2014q2/bin/../lib/gcc/arm-none-eabi/4.8.4/../../../../arm-none-eabi/lib/armv7e-m/crt0.o (exit)
..\..\..\..\..\..\..\..\..\Program Files (x86)\GNU Tools ARM Embedded\4.7 2012q4\arm-none-eabi\lib\armv7-m\libc.a(lib_a-impure.o)
                              ..\..\..\..\..\..\..\..\..\Program Files (x86)\GNU Tools ARM Embedded\4.7 2012q4\arm-none-eabi\lib\armv7-m\libc.a(lib_a-exit.o) (_global_impure_ptr)
..\..\..\..\..\..\..\..\..\Program Files (x86)\GNU Tools ARM Embedded\4.7 2012q4\arm-none-eabi\lib\armv7-m\libc.a(lib_a-init.o)
                              c:/program files (x86)/gnu tools arm embedded/4.8 2014q2/bin/../lib/gcc/arm-none-eabi/4.8.4/../../../../arm-none-eabi/lib/armv7e-m/crt0.o (__libc_init_array)
..\..\..\..\..\..\..\..\..\Program Files (x86)\GNU Tools ARM Embedded\4.7 2012q4\arm-none-eabi\lib\armv7-m\libc.a(lib_a-isspace.o)
                              ..\obj\WString.o (symbol from plugin) (isspace)
..\..\..\..\..\..\..\..\..\Program Files (x86)\GNU Tools ARM Embedded\4.7 2012q4\arm-none-eabi\lib\armv7-m\libc.a(lib_a-malloc.o)
                              ..\obj\BufferFunctions.o (symbol from plugin) (malloc)
..\..\..\..\..\..\..\..\..\Program Files (x86)\GNU Tools ARM Embedded\4.7 2012q4\arm-none-eabi\lib\armv7-m\libc.a(lib_a-mallocr.o)
                              ..\..\..\..\..\..\..\..\..\Program Files (x86)\GNU Tools ARM Embedded\4.7 2012q4\arm-none-eabi\lib\armv7-m\libc.a(lib_a-malloc.o) (_malloc_r)
..\..\..\..\..\..\..\..\..\Program Files (x86)\GNU Tools ARM Embedded\4.7 2012q4\arm-none-eabi\lib\armv7-m\libc.a(lib_a-memcmp.o)
                              ..\obj\IPAddress.o (symbol from plugin) (memcmp)
..\..\..\..\..\..\..\..\..\Program Files (x86)\GNU Tools ARM Embedded\4.7 2012q4\arm-none-eabi\lib\armv7-m\libc.a(lib_a-memcpy.o)
                              ..\obj\IPAddress.o (symbol from plugin) (memcpy)
..\..\..\..\..\..\..\..\..\Program Files (x86)\GNU Tools ARM Embedded\4.7 2012q4\arm-none-eabi\lib\armv7-m\libc.a(lib_a-memmove.o)
                              ..\obj\WString.o (symbol from plugin) (memmove)
..\..\..\..\..\..\..\..\..\Program Files (x86)\GNU Tools ARM Embedded\4.7 2012q4\arm-none-eabi\lib\armv7-m\libc.a(lib_a-memset.o)
                              c:/program files (x86)/gnu tools arm embedded/4.8 2014q2/bin/../lib/gcc/arm-none-eabi/4.8.4/../../../../arm-none-eabi/lib/armv7e-m/crt0.o (memset)
..\..\..\..\..\..\..\..\..\Program Files (x86)\GNU Tools ARM Embedded\4.7 2012q4\arm-none-eabi\lib\armv7-m\libc.a(lib_a-mlock.o)
                              ..\..\..\..\..\..\..\..\..\Program Files (x86)\GNU Tools ARM Embedded\4.7 2012q4\arm-none-eabi\lib\armv7-m\libc.a(lib_a-mallocr.o) (__malloc_lock)
..\..\..\..\..\..\..\..\..\Program Files (x86)\GNU Tools ARM Embedded\4.7 2012q4\arm-none-eabi\lib\armv7-m\libc.a(lib_a-realloc.o)
                              ..\obj\WString.o (symbol from plugin) (realloc)
..\..\..\..\..\..\..\..\..\Program Files (x86)\GNU Tools ARM Embedded\4.7 2012q4\arm-none-eabi\lib\armv7-m\libc.a(lib_a-reallocr.o)
                              ..\..\..\..\..\..\..\..\..\Program Files (x86)\GNU Tools ARM Embedded\4.7 2012q4\arm-none-eabi\lib\armv7-m\libc.a(lib_a-realloc.o) (_realloc_r)
..\..\..\..\..\..\..\..\..\Program Files (x86)\GNU Tools ARM Embedded\4.7 2012q4\arm-none-eabi\lib\armv7-m\libc.a(lib_a-sbrkr.o)
                              ..\..\..\..\..\..\..\..\..\Program Files (x86)\GNU Tools ARM Embedded\4.7 2012q4\arm-none-eabi\lib\armv7-m\libc.a(lib_a-mallocr.o) (_sbrk_r)
..\..\..\..\..\..\..\..\..\Program Files (x86)\GNU Tools ARM Embedded\4.7 2012q4\arm-none-eabi\lib\armv7-m\libc.a(lib_a-sprintf.o)
                              ..\obj\WString.o (symbol from plugin) (sprintf)
[...]
Memory Configuration

Name             Origin             Length             Attributes
FLASH            0x08000000         0x00100000         xr
RAM              0x20000000         0x00020000         xrw
RAM1             0x10000000         0x00010000         xrw
*default*        0x00000000         0xffffffff

Linker script and memory map

LOAD c:/program files (x86)/gnu tools arm embedded/4.8 2014q2/bin/../lib/gcc/arm-none-eabi/4.8.4/armv7e-m/crti.o
LOAD c:/program files (x86)/gnu tools arm embedded/4.8 2014q2/bin/../lib/gcc/arm-none-eabi/4.8.4/armv7e-m/crtbegin.o
LOAD c:/program files (x86)/gnu tools arm embedded/4.8 2014q2/bin/../lib/gcc/arm-none-eabi/4.8.4/../../../../arm-none-eabi/lib/armv7e-m/crt0.o

.text           0x08000000    0x2226c
 *(.isr_vector)
 .isr_vector    0x08000000      0x188 C:\Users\JAVIS\AppData\Local\Temp\ccoHxJSc.ltrans0.ltrans.o
                0x08000000                g_pfnVectors
 *(.text*)
 .text          0x08000188       0x54 c:/program files (x86)/gnu tools arm embedded/4.8 2014q2/bin/../lib/gcc/arm-none-eabi/4.8.4/armv7e-m/crtbegin.o
 .text          0x080001dc       0x74 c:/program files (x86)/gnu tools arm embedded/4.8 2014q2/bin/../lib/gcc/arm-none-eabi/4.8.4/../../../../arm-none-eabi/lib/armv7e-m/crt0.o
                0x080001dc                _start
                0x080001dc                _mainCRTStartup
 .text          0x08000250     0x1ca0 C:\Users\JAVIS\AppData\Local\Temp\ccoHxJSc.ltrans0.ltrans.o
                0x08000250                USBD_CtlContinueSendData
                0x08000278                USBD_CtlPrepareRx
                0x080002b8                USBD_CtlContinueRx
                0x080002e0                USBD_CtlSendStatus
                0x08000310                USBD_CtlReceiveStatus
                0x0800052c                TIM_TimeBaseInit
                0x08000780                TIM_ARRPreloadConfig
                0x08000830                TIM_Cmd
                0x08000870                TIM_OC1Init
                0x08000964                TIM_OC2Init
                0x08000a74                TIM_OC3Init
                0x08000b80                TIM_OC4Init
                0x08000e94                TIM_OC1PreloadConfig
                0x08000ecc                TIM_OC2PreloadConfig
                0x08000f08                TIM_OC3PreloadConfig
                0x08000f40                TIM_OC4PreloadConfig
 .text          0x08001ef0      0xfb8 C:\Users\JAVIS\AppData\Local\Temp\ccoHxJSc.ltrans1.ltrans.o
                0x08002480                String::operator[](unsigned int) const
                0x08002bc8                itoa(int, char*, int)
                0x08002c70                ltoa(long, char*, int)
                0x08002d18                utoa(unsigned int, char*, int)
                0x08002dc0                ultoa(unsigned long, char*, int)
                0x08002e68                USBD_CtlSendData
 .text          0x08002ea8     0x1968 C:\Users\JAVIS\AppData\Local\Temp\ccoHxJSc.ltrans2.ltrans.o
                0x08002ea8                USBD_cdc_GetCfgDesc.8789
                0x08002ecc                USBD_cdc_GetOtherCfgDesc.8795
                0x08002ef0                SPI_I2S_DeInit
                0x08002f64                SPI_Init
                0x0800321c                SPI_Cmd
                0x08003474                SPI_I2S_ReceiveData
                0x08003490                SPI_I2S_SendData
                0x08003608                SPI_I2S_GetFlagStatus
                0x08003660                SPI_I2S_GetITStatus
                0x08003740                EXTI_Init
                0x080038bc                EXTI_GetITStatus
                0x08003904                EXTI_ClearITPendingBit
                0x08003920                NVIC_PriorityGroupConfig
                0x08003944                NVIC_Init
                0x08003aa4                DCD_Init
                0x08003ba4                DCD_EP_Open
                0x08003c40                DCD_EP_Close
                0x08003cb0                DCD_EP_PrepareRx
                0x08003d30                DCD_EP_Tx
                0x08003da8                DCD_EP_Stall
                0x08003e1c                DCD_EP_ClrStall
                0x08003ec4                DCD_EP_SetAddress
                0x08004068                serialEventRun
                0x080040e8                HardwareSerial::begin(unsigned long)
                0x08004148                HardwareSerial::available()
                0x08004164                HardwareSerial::peek()
                0x0800417c                HardwareSerial::read()
                0x080041b4                HardwareSerial::flush()
                0x080041e4                HardwareSerial::write(unsigned char)
                0x08004268                String::String(char const*)
                0x08004420                String::~String()
                0x08004468                String::invalidate()
                0x080044f4                String::changeBuffer(unsigned int)
                0x080045c0                String::operator=(char const*)
                0x0800461c                String::concat(char const*, unsigned int)
                0x080046b4                String::concat(char)
                0x080046e0                String::concat(unsigned char)
                0x08004720                String::concat(int)
                0x0800475c                String::concat(unsigned int)
                0x08004798                String::concat(long)
                0x080047d4                String::concat(unsigned long)
 .text          0x08004810     0x141c C:\Users\JAVIS\AppData\Local\Temp\ccoHxJSc.ltrans3.ltrans.o
                0x08004810                USBD_GetStatus.8153
                0x0800485c                USBD_SetFeature.7930
                0x08004928                USBD_ClrFeature.8157
                0x08004974                USBD_ParseSetupRequest
                0x08004a00                USBD_CtlError
                0x08004a48                USBD_GetString
                0x08004af4                USBD_OTG_EP1OUT_ISR_Handler
                0x08004bb0                USBD_OTG_EP1IN_ISR_Handler
                0x08004d1c                USBD_OTG_ISR_Handler
                0x08005790                usbd_cdc_Init.8799
                0x0800582c                usbd_cdc_DeInit.8807
                0x08005864                usbd_cdc_Setup.8811
                0x08005988                usbd_cdc_EP0_RxReady.8783
                0x080059e4                usbd_cdc_DataIn.8822
                0x08005aa8                usbd_cdc_DataOut.8803
                0x08005afc                usbd_cdc_SOF.8833
 .text          0x08005c2c     0x1368 C:\Users\JAVIS\AppData\Local\Temp\ccoHxJSc.ltrans4.ltrans.o
                0x08005c2c                VCP_DataRx.7362
                0x08005c54                vcp_sendBytes
                0x08005c6c                SystemInit
                0x08005ea8                _sbrk
                0x08005ee8                link
                0x08005f04                _close
                0x08005f1c                _fstat
                0x08005f3c                _isatty
                0x08005f54                _lseek
                0x08005f70                _read
                0x08005f8c                _write
                0x08005fa8                abort
                0x080066bc                USB_OTG_BSP_Init
                0x08006804                USB_OTG_BSP_EnableInterrupt
                0x08006878                USB_OTG_BSP_uDelay
                0x080068bc                USB_OTG_BSP_mDelay
                0x080068dc                USBD_StdDevReq
                0x08006978                USBD_StdItfReq
                0x080069dc                USBD_StdEPReq
 *fill*         0x08006f94        0x4 
 .text          0x08006f98     0x1670 C:\Users\JAVIS\AppData\Local\Temp\ccoHxJSc.ltrans5.ltrans.o
                0x08006fb4                Init_PWMPins
                0x0800765c                USBD_USR_DeviceDescriptor
                0x08007680                USBD_USR_LangIDStrDescriptor
                0x080076a4                USBD_USR_ProductStrDescriptor
                0x080076e4                USBD_USR_ManufacturerStrDescriptor
                0x0800770c                USBD_USR_SerialStrDescriptor
                0x0800774c                USBD_USR_ConfigStrDescriptor
                0x08007788                USBD_USR_InterfaceStrDescriptor
                0x08007814                Print::write(unsigned char const*, unsigned int)
                0x08007900                Print::print(char const*)
                0x0800791c                Print::print(char)
                0x08007940                Print::print(unsigned char, int)
                0x08007b40                Print::println(char const*)
                0x08007bdc                Print::println(int, int)
                0x080080c0                GPIO_Init
                0x08008254                GPIO_ReadInputDataBit
                0x080082f4                GPIO_SetBits
                0x08008310                GPIO_ResetBits
                0x08008378                GPIO_ToggleBits
                0x0800839c                GPIO_PinAFConfig
                0x08008428                VCP_Init.7342
                0x08008438                VCP_DeInit.7347
                0x08008448                VCP_Ctrl.7349
                0x080085a8                VCP_DataTx.7358
 .text          0x08008608     0x1a2c C:\Users\JAVIS\AppData\Local\Temp\ccoHxJSc.ltrans6.ltrans.o
                0x08008608                USBD_IsoINIncomplete.5848
                0x08008628                USBD_IsoOUTIncomplete.5851
                0x08008648                main
                0x08008c30                RCC_AHB1PeriphClockCmd
                0x08008ce4                RCC_APB1PeriphClockCmd
                0x08008d20                RCC_APB2PeriphClockCmd
                0x08008d5c                RCC_AHB1PeriphResetCmd
                0x08008e10                RCC_APB1PeriphResetCmd
                0x08008e4c                RCC_APB2PeriphResetCmd
                0x080090e4                NMI_Handler
                0x080090f0                HardFault_Handler
                0x080090f8                MemManage_Handler
                0x08009100                BusFault_Handler
                0x08009108                UsageFault_Handler
                0x08009110                SVC_Handler
                0x0800911c                DebugMon_Handler
                0x08009128                PendSV_Handler
                0x08009134                SysTick_Handler
                0x0800919c                EXTI0_IRQHandler
                0x080091a8                EXTI2_IRQHandler
                0x08009200                EXTI4_IRQHandler
                0x08009240                OTG_HS_WKUP_IRQHandler
                0x08009274                OTG_HS_IRQHandler
                0x08009284                OTG_HS_EP1_IN_IRQHandler
                0x08009294                OTG_HS_EP1_OUT_IRQHandler
                0x080096e8                ADC_SoftwareStartConv
                0x08009824                ADC_GetConversionValue
                0x08009d0c                pinMode
                0x08009dec                digitalWrite
 .text          0x0800a034     0x1504 C:\Users\JAVIS\AppData\Local\Temp\ccoHxJSc.ltrans7.ltrans.o
                0x0800a258                SysTickConfig()
                0x0800a2ec                millis()
                0x0800a304                setup()
                0x0800a338                loop()
                0x0800a388                USBD_USR_Init
                0x0800a394                USBD_USR_DeviceReset
                0x0800a3a8                USBD_USR_DeviceConfigured
                0x0800a3b4                USBD_USR_DeviceSuspended
                0x0800a3c0                USBD_USR_DeviceResumed
                0x0800a740                Init_Container
                0x0800a770                Free_Container
                0x0800a7b0                ContainerisEmpty
                0x0800a7d4                Read_Container
                0x0800a918                Write_DataContainer
                0x0800a9a8                numDatainContainer
                0x0800ab3c                IPAddress::printTo(Print&) const
                0x0800abec                Reset_Handler
                0x0800ac44                I2C3_ER_IRQHandler
                0x0800ac44                TIM8_UP_TIM13_IRQHandler
                0x0800ac44                CAN2_RX1_IRQHandler
                0x0800ac44                I2C1_ER_IRQHandler
                0x0800ac44                I2C2_EV_IRQHandler
                0x0800ac44                DMA1_Stream2_IRQHandler
                0x0800ac44                CAN1_RX0_IRQHandler
                0x0800ac44                FPU_IRQHandler
                0x0800ac44                TAMP_STAMP_IRQHandler
                0x0800ac44                DMA1_Stream4_IRQHandler
                0x0800ac44                CAN2_SCE_IRQHandler
                0x0800ac44                EXTI3_IRQHandler
                0x0800ac44                DMA2_Stream2_IRQHandler
                0x0800ac44                SPI1_IRQHandler
                0x0800ac44                PVD_IRQHandler
                0x0800ac44                TIM1_UP_TIM10_IRQHandler
                0x0800ac44                TIM6_DAC_IRQHandler
                0x0800ac44                TIM1_BRK_TIM9_IRQHandler
                0x0800ac44                SPI3_IRQHandler
                0x0800ac44                DCMI_IRQHandler
                0x0800ac44                CAN2_RX0_IRQHandler
                0x0800ac44                DMA2_Stream3_IRQHandler
                0x0800ac44                DMA1_Stream5_IRQHandler
                0x0800ac44                USART6_IRQHandler
                0x0800ac44                USART3_IRQHandler
                0x0800ac44                CRYP_IRQHandler
                0x0800ac44                SDIO_IRQHandler
                0x0800ac44                CAN1_RX1_IRQHandler
                0x0800ac44                UART5_IRQHandler
                0x0800ac44                DMA2_Stream5_IRQHandler
                0x0800ac44                DMA2_Stream0_IRQHandler
                0x0800ac44                TIM4_IRQHandler
                0x0800ac44                I2C1_EV_IRQHandler
                0x0800ac44                DMA1_Stream6_IRQHandler
                0x0800ac44                DMA1_Stream3_IRQHandler
                0x0800ac44                TIM1_CC_IRQHandler
                0x0800ac44                DMA1_Stream1_IRQHandler
                0x0800ac44                UART4_IRQHandler
                0x0800ac44                TIM3_IRQHandler
                0x0800ac44                RCC_IRQHandler
                0x0800ac44                TIM8_BRK_TIM12_IRQHandler
                0x0800ac44                TIM8_CC_IRQHandler
                0x0800ac44                HASH_RNG_IRQHandler
                0x0800ac44                EXTI15_10_IRQHandler
                0x0800ac44                ADC_IRQHandler
                0x0800ac44                OTG_FS_IRQHandler
                0x0800ac44                DMA1_Stream7_IRQHandler
                0x0800ac44                TIM7_IRQHandler
                0x0800ac44                CAN2_TX_IRQHandler
                0x0800ac44                TIM5_IRQHandler
                0x0800ac44                DMA2_Stream7_IRQHandler
                0x0800ac44                I2C3_EV_IRQHandler
                0x0800ac44                EXTI9_5_IRQHandler
                0x0800ac44                RTC_WKUP_IRQHandler
                0x0800ac44                ETH_WKUP_IRQHandler
                0x0800ac44                USART1_IRQHandler
                0x0800ac44                DMA2_Stream4_IRQHandler
                0x0800ac44                SPI2_IRQHandler
                0x0800ac44                DMA1_Stream0_IRQHandler
                0x0800ac44                DMA2_Stream6_IRQHandler
                0x0800ac44                CAN1_TX_IRQHandler
                0x0800ac44                TIM8_TRG_COM_TIM14_IRQHandler
                0x0800ac44                RTC_Alarm_IRQHandler
                0x0800ac44                FSMC_IRQHandler
                0x0800ac44                ETH_IRQHandler
                0x0800ac44                WWDG_IRQHandler
                0x0800ac44                FLASH_IRQHandler
                0x0800ac44                CAN1_SCE_IRQHandler
                0x0800ac44                TIM2_IRQHandler
                0x0800ac44                OTG_FS_WKUP_IRQHandler
                0x0800ac44                TIM1_TRG_COM_TIM11_IRQHandler
                0x0800ac44                EXTI1_IRQHandler
                0x0800ac44                USART2_IRQHandler
                0x0800ac44                I2C2_ER_IRQHandler
                0x0800ac44                DMA2_Stream1_IRQHandler
                0x0800b174                USBD_Init
                0x0800b1c8                USBD_DeInit
                0x0800b1e0                USBD_SetupStage.5854
                0x0800b24c                USBD_DataOutStage.5857
                0x0800b31c                USBD_DataInStage.5861
                0x0800b420                USBD_Reset.5865
                0x0800b464                USBD_Resume.5654
                0x0800b488                USBD_Suspend.5842
                0x0800b4ac                USBD_SOF.5845
                0x0800b4d8                USBD_SetCfg
                0x0800b508                USBD_ClrCfg
 .text          0x0800b538     0x1978 C:\Users\JAVIS\AppData\Local\Temp\ccoHxJSc.ltrans8.ltrans.o
                0x0800b574                SYSCFG_EXTILineConfig
                0x0800b72c                USB_OTG_WritePacket
                0x0800b79c                USB_OTG_ReadPacket
                0x0800b7f4                USB_OTG_SelectCore
                0x0800b970                USB_OTG_CoreInit
                0x0800bb4c                USB_OTG_EnableGlobalInt
                0x0800bb84                USB_OTG_DisableGlobalInt
                0x0800bbbc                USB_OTG_FlushTxFifo
                0x0800bc2c                USB_OTG_FlushRxFifo
                0x0800bc88                USB_OTG_SetCurrentMode
                0x0800bd08                USB_OTG_IsDeviceMode
                0x0800bd50                USB_OTG_ReadCoreItr
                0x0800bdd4                USB_OTG_CoreInitDev
                0x0800c13c                USB_OTG_GetDeviceSpeed
                0x0800c184                USB_OTG_EP0Activate
                0x0800c1f8                USB_OTG_EPActivate
                0x0800c2f8                USB_OTG_EPDeactivate
                0x0800c3a8                USB_OTG_EPStartXfer
                0x0800c628                USB_OTG_EP0StartXfer
                0x0800c7fc                USB_OTG_EPSetStall
                0x0800c884                USB_OTG_EPClearStall
                0x0800c8fc                USB_OTG_ReadDevAllOutEp_itr
                0x0800c928                USB_OTG_ReadDevOutEP_itr
                0x0800c960                USB_OTG_ReadDevAllInEPItr
                0x0800c98c                USB_OTG_EP0_OutStart
                0x0800ca88                USB_OTG_UngateClock
                0x0800cb5c                USB_OTG_GetEPStatus
                0x0800cc08                USB_OTG_SetEPStatus
                0x0800cd34                NVIC_SetPriority.4666
                0x0800cd88                SysTick_Config.4766
 .text          0x0800ceb0       0x40 c:/program files (x86)/gnu tools arm embedded/4.8 2014q2/bin/../lib/gcc/arm-none-eabi/4.8.4/armv7e-m\libgcc.a(_arm_fixunsdfsi.o)
                0x0800ceb0                __aeabi_d2uiz
                0x0800ceb0                __fixunsdfsi
 .text          0x0800cef0       0xa0 c:/program files (x86)/gnu tools arm embedded/4.8 2014q2/bin/../lib/gcc/arm-none-eabi/4.8.4/armv7e-m\libgcc.a(_arm_truncdfsf2.o)
                0x0800cef0                __truncdfsf2
                0x0800cef0                __aeabi_d2f
 .text          0x0800cf90      0x21c c:/program files (x86)/gnu tools arm embedded/4.8 2014q2/bin/../lib/gcc/arm-none-eabi/4.8.4/armv7e-m\libgcc.a(_arm_addsubsf3.o)
                0x0800cf90                __aeabi_frsub
                0x0800cf98                __subsf3
                0x0800cf98                __aeabi_fsub
                0x0800cf9c                __aeabi_fadd
                0x0800cf9c                __addsf3
                0x0800d0fc                __aeabi_ui2f
                0x0800d0fc                __floatunsisf
                0x0800d104                __aeabi_i2f
                0x0800d104                __floatsisf
                0x0800d120                __aeabi_ul2f
                0x0800d120                __floatundisf
                0x0800d130                __aeabi_l2f
                0x0800d130                __floatdisf
 .text          0x0800d1ac      0x2a0 c:/program files (x86)/gnu tools arm embedded/4.8 2014q2/bin/../lib/gcc/arm-none-eabi/4.8.4/armv7e-m\libgcc.a(_arm_muldivsf3.o)
                0x0800d1ac                __mulsf3
                0x0800d1ac                __aeabi_fmul
                0x0800d314                __aeabi_fdiv
                0x0800d314                __divsf3
 .text          0x0800d44c      0x2e4 c:/program files (x86)/gnu tools arm embedded/4.8 2014q2/bin/../lib/gcc/arm-none-eabi/4.8.4/armv7e-m\libgcc.a(unwind-c.o)
                0x0800d650                __gcc_personality_v0
 .text.__fpclassifyd
                0x0800d730       0x68 ..\..\..\..\..\..\..\..\..\Program Files (x86)\GNU Tools ARM Embedded\4.7 2012q4\arm-none-eabi\lib\armv7-m\libm.a(lib_a-s_fpclassify.o)
                0x0800d730                __fpclassifyd
 .text.__aeabi_atexit
                0x0800d798        0xc ..\..\..\..\..\..\..\..\..\Program Files (x86)\GNU Tools ARM Embedded\4.7 2012q4\arm-none-eabi\lib\armv7-m\libc.a(lib_a-aeabi_atexit.o)
                0x0800d798                __aeabi_atexit
 .text.atol     0x0800d7a4        0x8 ..\..\..\..\..\..\..\..\..\Program Files (x86)\GNU Tools ARM Embedded\4.7 2012q4\arm-none-eabi\lib\armv7-m\libc.a(lib_a-atol.o)
                0x0800d7a4                atol
 .text.__cxa_atexit
                0x0800d7ac       0x14 ..\..\..\..\..\..\..\..\..\Program Files (x86)\GNU Tools ARM Embedded\4.7 2012q4\arm-none-eabi\lib\armv7-m\libc.a(lib_a-cxa_atexit.o)
                0x0800d7ac                __cxa_atexit
 .text.exit     0x0800d7c0       0x20 ..\..\..\..\..\..\..\..\..\Program Files (x86)\GNU Tools ARM Embedded\4.7 2012q4\arm-none-eabi\lib\armv7-m\libc.a(lib_a-exit.o)
                0x0800d7c0                exit
 .text.__libc_init_array
                0x0800d7e0       0x94 ..\..\..\..\..\..\..\..\..\Program Files (x86)\GNU Tools ARM Embedded\4.7 2012q4\arm-none-eabi\lib\armv7-m\libc.a(lib_a-init.o)
                0x0800d7e0                __libc_init_array
 .text.isspace  0x0800d874       0x14 ..\..\..\..\..\..\..\..\..\Program Files (x86)\GNU Tools ARM Embedded\4.7 2012q4\arm-none-eabi\lib\armv7-m\libc.a(lib_a-isspace.o)
                0x0800d874                isspace
 .text.malloc   0x0800d888       0x10 ..\..\..\..\..\..\..\..\..\Program Files (x86)\GNU Tools ARM Embedded\4.7 2012q4\arm-none-eabi\lib\armv7-m\libc.a(lib_a-malloc.o)
                0x0800d888                malloc
 .text.free     0x0800d898       0x10 ..\..\..\..\..\..\..\..\..\Program Files (x86)\GNU Tools ARM Embedded\4.7 2012q4\arm-none-eabi\lib\armv7-m\libc.a(lib_a-malloc.o)
                0x0800d898                free
 .text._malloc_r
                0x0800d8a8      0x530 ..\..\..\..\..\..\..\..\..\Program Files (x86)\GNU Tools ARM Embedded\4.7 2012q4\arm-none-eabi\lib\armv7-m\libc.a(lib_a-mallocr.o)
                0x0800d8a8                _malloc_r
 .text.memcmp   0x0800ddd8       0xb8 ..\..\..\..\..\..\..\..\..\Program Files (x86)\GNU Tools ARM Embedded\4.7 2012q4\arm-none-eabi\lib\armv7-m\libc.a(lib_a-memcmp.o)
                0x0800ddd8                memcmp
 .text.memcpy   0x0800de90      0x15c ..\..\..\..\..\..\..\..\..\Program Files (x86)\GNU Tools ARM Embedded\4.7 2012q4\arm-none-eabi\lib\armv7-m\libc.a(lib_a-memcpy.o)
                0x0800de90                memcpy
 .text.memmove  0x0800dfec      0x1b0 ..\..\..\..\..\..\..\..\..\Program Files (x86)\GNU Tools ARM Embedded\4.7 2012q4\arm-none-eabi\lib\armv7-m\libc.a(lib_a-memmove.o)
                0x0800dfec                memmove
 .text.memset   0x0800e19c      0x12c ..\..\..\..\..\..\..\..\..\Program Files (x86)\GNU Tools ARM Embedded\4.7 2012q4\arm-none-eabi\lib\armv7-m\libc.a(lib_a-memset.o)
                0x0800e19c                memset
 .text.__malloc_lock
                0x0800e2c8        0x4 ..\..\..\..\..\..\..\..\..\Program Files (x86)\GNU Tools ARM Embedded\4.7 2012q4\arm-none-eabi\lib\armv7-m\libc.a(lib_a-mlock.o)
                0x0800e2c8                __malloc_lock
 .text.__malloc_unlock
                0x0800e2cc        0x4 ..\..\..\..\..\..\..\..\..\Program Files (x86)\GNU Tools ARM Embedded\4.7 2012q4\arm-none-eabi\lib\armv7-m\libc.a(lib_a-mlock.o)
                0x0800e2cc                __malloc_unlock
 .text.realloc  0x0800e2d0       0x18 ..\..\..\..\..\..\..\..\..\Program Files (x86)\GNU Tools ARM Embedded\4.7 2012q4\arm-none-eabi\lib\armv7-m\libc.a(lib_a-realloc.o)
                0x0800e2d0                realloc
 .text._realloc_r
                0x0800e2e8      0x3ec ..\..\..\..\..\..\..\..\..\Program Files (x86)\GNU Tools ARM Embedded\4.7 2012q4\arm-none-eabi\lib\armv7-m\libc.a(lib_a-reallocr.o)
                0x0800e2e8                _realloc_r
 .text._sbrk_r  0x0800e6d4       0x24 ..\..\..\..\..\..\..\..\..\Program Files (x86)\GNU Tools ARM Embedded\4.7 2012q4\arm-none-eabi\lib\armv7-m\libc.a(lib_a-sbrkr.o)
                0x0800e6d4                _sbrk_r
 .text.sprintf  0x0800e6f8       0x50 ..\..\..\..\..\..\..\..\..\Program Files (x86)\GNU Tools ARM Embedded\4.7 2012q4\arm-none-eabi\lib\armv7-m\libc.a(lib_a-sprintf.o)
                0x0800e6f8                sprintf
 .text.strchr   0x0800e748       0xfc ..\..\..\..\..\..\..\..\..\Program Files (x86)\GNU Tools ARM Embedded\4.7 2012q4\arm-none-eabi\lib\armv7-m\libc.a(lib_a-strchr.o)
                0x0800e748                strchr
 .text.strcmp   0x0800e844       0x80 ..\..\..\..\..\..\..\..\..\Program Files (x86)\GNU Tools ARM Embedded\4.7 2012q4\arm-none-eabi\lib\armv7-m\libc.a(lib_a-strcmp.o)
                0x0800e844                strcmp
 .text.strcmp_unaligned
                0x0800e8c4      0x15c ..\..\..\..\..\..\..\..\..\Program Files (x86)\GNU Tools ARM Embedded\4.7 2012q4\arm-none-eabi\lib\armv7-m\libc.a(lib_a-strcmp.o)
 .text.strcpy   0x0800ea20       0xbc ..\..\..\..\..\..\..\..\..\Program Files (x86)\GNU Tools ARM Embedded\4.7 2012q4\arm-none-eabi\lib\armv7-m\libc.a(lib_a-strcpy.o)
                0x0800ea20                strcpy
 .text.strlen   0x0800eadc       0x60 ..\..\..\..\..\..\..\..\..\Program Files (x86)\GNU Tools ARM Embedded\4.7 2012q4\arm-none-eabi\lib\armv7-m\libc.a(lib_a-strlen.o)
                0x0800eadc                strlen
 .text.strncmp  0x0800eb3c      0x120 ..\..\..\..\..\..\..\..\..\Program Files (x86)\GNU Tools ARM Embedded\4.7 2012q4\arm-none-eabi\lib\armv7-m\libc.a(lib_a-strncmp.o)
                0x0800eb3c                strncmp
 .text.strncpy  0x0800ec5c      0x10c ..\..\..\..\..\..\..\..\..\Program Files (x86)\GNU Tools ARM Embedded\4.7 2012q4\arm-none-eabi\lib\armv7-m\libc.a(lib_a-strncpy.o)
                0x0800ec5c                strncpy
 .text.strrchr  0x0800ed68       0x28 ..\..\..\..\..\..\..\..\..\Program Files (x86)\GNU Tools ARM Embedded\4.7 2012q4\arm-none-eabi\lib\armv7-m\libc.a(lib_a-strrchr.o)
                0x0800ed68                strrchr
 .text.critical_factorization
                0x0800ed90       0xbc ..\..\..\..\..\..\..\..\..\Program Files (x86)\GNU Tools ARM Embedded\4.7 2012q4\arm-none-eabi\lib\armv7-m\libc.a(lib_a-strstr.o)
 .text.two_way_long_needle
                0x0800ee4c      0x300 ..\..\..\..\..\..\..\..\..\Program Files (x86)\GNU Tools ARM Embedded\4.7 2012q4\arm-none-eabi\lib\armv7-m\libc.a(lib_a-strstr.o)
 .text.strstr   0x0800f14c      0x2ec ..\..\..\..\..\..\..\..\..\Program Files (x86)\GNU Tools ARM Embedded\4.7 2012q4\arm-none-eabi\lib\armv7-m\libc.a(lib_a-strstr.o)
                0x0800f14c                strstr
 .text._strtol_r
                0x0800f438      0x130 ..\..\..\..\..\..\..\..\..\Program Files (x86)\GNU Tools ARM Embedded\4.7 2012q4\arm-none-eabi\lib\armv7-m\libc.a(lib_a-strtol.o)
                0x0800f438                _strtol_r
 .text.strtol   0x0800f568       0x1c ..\..\..\..\..\..\..\..\..\Program Files (x86)\GNU Tools ARM Embedded\4.7 2012q4\arm-none-eabi\lib\armv7-m\libc.a(lib_a-strtol.o)
                0x0800f568                strtol
 .text._svfprintf_r
                0x0800f584     0x1adc ..\..\..\..\..\..\..\..\..\Program Files (x86)\GNU Tools ARM Embedded\4.7 2012q4\arm-none-eabi\lib\armv7-m\libc.a(lib_a-svfprintf.o)
                0x0800f584                _svfprintf_r
 .text.tolower  0x08011060       0x18 ..\..\..\..\..\..\..\..\..\Program Files (x86)\GNU Tools ARM Embedded\4.7 2012q4\arm-none-eabi\lib\armv7-m\libc.a(lib_a-tolower.o)
                0x08011060                tolower
 .text.toupper  0x08011078       0x18 ..\..\..\..\..\..\..\..\..\Program Files (x86)\GNU Tools ARM Embedded\4.7 2012q4\arm-none-eabi\lib\armv7-m\libc.a(lib_a-toupper.o)
                0x08011078                toupper
 .text.__register_exitproc
                0x08011090       0xac ..\..\..\..\..\..\..\..\..\Program Files (x86)\GNU Tools ARM Embedded\4.7 2012q4\arm-none-eabi\lib\armv7-m\libc.a(lib_a-__atexit.o)
                0x08011090                __register_exitproc
 .text.startup.register_fini
                0x0801113c       0x14 ..\..\..\..\..\..\..\..\..\Program Files (x86)\GNU Tools ARM Embedded\4.7 2012q4\arm-none-eabi\lib\armv7-m\libc.a(lib_a-__call_atexit.o)
 .text.__call_exitprocs
                0x08011150      0x278 ..\..\..\..\..\..\..\..\..\Program Files (x86)\GNU Tools ARM Embedded\4.7 2012q4\arm-none-eabi\lib\armv7-m\libc.a(lib_a-__call_atexit.o)
                0x08011150                __call_exitprocs
 .text.atexit   0x080113c8        0xc ..\..\..\..\..\..\..\..\..\Program Files (x86)\GNU Tools ARM Embedded\4.7 2012q4\arm-none-eabi\lib\armv7-m\libc.a(lib_a-atexit.o)
                0x080113c8                atexit
 .text.quorem   0x080113d4      0x2ec ..\..\..\..\..\..\..\..\..\Program Files (x86)\GNU Tools ARM Embedded\4.7 2012q4\arm-none-eabi\lib\armv7-m\libc.a(lib_a-dtoa.o)
 .text._dtoa_r  0x080116c0     0x11f8 ..\..\..\..\..\..\..\..\..\Program Files (x86)\GNU Tools ARM Embedded\4.7 2012q4\arm-none-eabi\lib\armv7-m\libc.a(lib_a-dtoa.o)
                0x080116c0                _dtoa_r
 .text.__libc_fini_array
                0x080128b8       0x50 ..\..\..\..\..\..\..\..\..\Program Files (x86)\GNU Tools ARM Embedded\4.7 2012q4\arm-none-eabi\lib\armv7-m\libc.a(lib_a-fini.o)
                0x080128b8                __libc_fini_array
 .text._malloc_trim_r
                0x08012908       0x98 ..\..\..\..\..\..\..\..\..\Program Files (x86)\GNU Tools ARM Embedded\4.7 2012q4\arm-none-eabi\lib\armv7-m\libc.a(lib_a-freer.o)
                0x08012908                _malloc_trim_r
 .text._free_r  0x080129a0      0x194 ..\..\..\..\..\..\..\..\..\Program Files (x86)\GNU Tools ARM Embedded\4.7 2012q4\arm-none-eabi\lib\armv7-m\libc.a(lib_a-freer.o)
                0x080129a0                _free_r
 .text._localeconv_r
                0x08012b34        0xc ..\..\..\..\..\..\..\..\..\Program Files (x86)\GNU Tools ARM Embedded\4.7 2012q4\arm-none-eabi\lib\armv7-m\libc.a(lib_a-locale.o)
                0x08012b34                _localeconv_r
 .text.memchr   0x08012b40      0x140 ..\..\..\..\..\..\..\..\..\Program Files (x86)\GNU Tools ARM Embedded\4.7 2012q4\arm-none-eabi\lib\armv7-m\libc.a(lib_a-memchr.o)
                0x08012b40                memchr
 .text._Balloc  0x08012c80       0x4c ..\..\..\..\..\..\..\..\..\Program Files (x86)\GNU Tools ARM Embedded\4.7 2012q4\arm-none-eabi\lib\armv7-m\libc.a(lib_a-mprec.o)
                0x08012c80                _Balloc
 .text._Bfree   0x08012ccc       0x14 ..\..\..\..\..\..\..\..\..\Program Files (x86)\GNU Tools ARM Embedded\4.7 2012q4\arm-none-eabi\lib\armv7-m\libc.a(lib_a-mprec.o)
                0x08012ccc                _Bfree
 .text.__multadd
                0x08012ce0       0xfc ..\..\..\..\..\..\..\..\..\Program Files (x86)\GNU Tools ARM Embedded\4.7 2012q4\arm-none-eabi\lib\armv7-m\libc.a(lib_a-mprec.o)
                0x08012ce0                __multadd
 .text.__hi0bits
                0x08012ddc       0x3c ..\..\..\..\..\..\..\..\..\Program Files (x86)\GNU Tools ARM Embedded\4.7 2012q4\arm-none-eabi\lib\armv7-m\libc.a(lib_a-mprec.o)
                0x08012ddc                __hi0bits
 .text.__lo0bits
                0x08012e18       0x5c ..\..\..\..\..\..\..\..\..\Program Files (x86)\GNU Tools ARM Embedded\4.7 2012q4\arm-none-eabi\lib\armv7-m\libc.a(lib_a-mprec.o)
                0x08012e18                __lo0bits
 .text.__i2b    0x08012e74       0x14 ..\..\..\..\..\..\..\..\..\Program Files (x86)\GNU Tools ARM Embedded\4.7 2012q4\arm-none-eabi\lib\armv7-m\libc.a(lib_a-mprec.o)
                0x08012e74                __i2b
 .text.__multiply
                0x08012e88      0x2d0 ..\..\..\..\..\..\..\..\..\Program Files (x86)\GNU Tools ARM Embedded\4.7 2012q4\arm-none-eabi\lib\armv7-m\libc.a(lib_a-mprec.o)
                0x08012e88                __multiply
 .text.__pow5mult
                0x08013158       0x94 ..\..\..\..\..\..\..\..\..\Program Files (x86)\GNU Tools ARM Embedded\4.7 2012q4\arm-none-eabi\lib\armv7-m\libc.a(lib_a-mprec.o)
                0x08013158                __pow5mult
 .text.__lshift
                0x080131ec      0x16c ..\..\..\..\..\..\..\..\..\Program Files (x86)\GNU Tools ARM Embedded\4.7 2012q4\arm-none-eabi\lib\armv7-m\libc.a(lib_a-mprec.o)
                0x080131ec                __lshift
 .text.__mcmp   0x08013358       0x5c ..\..\..\..\..\..\..\..\..\Program Files (x86)\GNU Tools ARM Embedded\4.7 2012q4\arm-none-eabi\lib\armv7-m\libc.a(lib_a-mprec.o)
                0x08013358                __mcmp
 .text.__mdiff  0x080133b4      0x218 ..\..\..\..\..\..\..\..\..\Program Files (x86)\GNU Tools ARM Embedded\4.7 2012q4\arm-none-eabi\lib\armv7-m\libc.a(lib_a-mprec.o)
                0x080133b4                __mdiff
 .text.__d2b    0x080135cc       0xc0 ..\..\..\..\..\..\..\..\..\Program Files (x86)\GNU Tools ARM Embedded\4.7 2012q4\arm-none-eabi\lib\armv7-m\libc.a(lib_a-mprec.o)
                0x080135cc                __d2b
 .text.__ssprint_r
                0x0801368c      0x100 ..\..\..\..\..\..\..\..\..\Program Files (x86)\GNU Tools ARM Embedded\4.7 2012q4\arm-none-eabi\lib\armv7-m\libc.a(lib_a-svfiprintf.o)
                0x0801368c                __ssprint_r
 .text._calloc_r
                0x0801378c       0x60 ..\..\..\..\..\..\..\..\..\Program Files (x86)\GNU Tools ARM Embedded\4.7 2012q4\arm-none-eabi\lib\armv7-m\libc.a(lib_a-callocr.o)
                0x0801378c                _calloc_r
 .text._ZNK10__cxxabiv120__si_class_type_info12__do_dyncastEiNS_17__class_type_info10__sub_kindEPKS1_PKvS4_S6_RNS1_16__dyncast_resultE
                0x080137ec       0x90 ..\..\..\..\..\..\..\..\..\Program Files (x86)\GNU Tools ARM Embedded\4.7 2012q4\arm-none-eabi\lib\armv7-m\libstdc++.a(si_class_type_info.o)
                0x080137ec                __cxxabiv1::__si_class_type_info::__do_dyncast(int, __cxxabiv1::__class_type_info::__sub_kind, __cxxabiv1::__class_type_info const*, void const*, __cxxabiv1::__class_type_info const*, void const*, __cxxabiv1::__class_type_info::__dyncast_result&) const
 .text._ZN10__cxxabiv120__si_class_type_infoD2Ev
                0x0801387c       0x14 ..\..\..\..\..\..\..\..\..\Program Files (x86)\GNU Tools ARM Embedded\4.7 2012q4\arm-none-eabi\lib\armv7-m\libstdc++.a(si_class_type_info.o)
                0x0801387c                __cxxabiv1::__si_class_type_info::~__si_class_type_info()
                0x0801387c                __cxxabiv1::__si_class_type_info::~__si_class_type_info()
 .text._ZN10__cxxabiv120__si_class_type_infoD0Ev
                0x08013890       0x14 ..\..\..\..\..\..\..\..\..\Program Files (x86)\GNU Tools ARM Embedded\4.7 2012q4\arm-none-eabi\lib\armv7-m\libstdc++.a(si_class_type_info.o)
                0x08013890                __cxxabiv1::__si_class_type_info::~__si_class_type_info()
 .text._ZNK10__cxxabiv120__si_class_type_info11__do_upcastEPKNS_17__class_type_infoEPKvRNS1_15__upcast_resultE
                0x080138a4       0x24 ..\..\..\..\..\..\..\..\..\Program Files (x86)\GNU Tools ARM Embedded\4.7 2012q4\arm-none-eabi\lib\armv7-m\libstdc++.a(si_class_type_info.o)
                0x080138a4                __cxxabiv1::__si_class_type_info::__do_upcast(__cxxabiv1::__class_type_info const*, void const*, __cxxabiv1::__class_type_info::__upcast_result&) const
 .text._ZNK10__cxxabiv120__si_class_type_info20__do_find_public_srcEiPKvPKNS_17__class_type_infoES2_
                0x080138c8       0x34 ..\..\..\..\..\..\..\..\..\Program Files (x86)\GNU Tools ARM Embedded\4.7 2012q4\arm-none-eabi\lib\armv7-m\libstdc++.a(si_class_type_info.o)
                0x080138c8                __cxxabiv1::__si_class_type_info::__do_find_public_src(int, void const*, __cxxabiv1::__class_type_info const*, void const*) const
 .text.__cxa_pure_virtual
                0x080138fc       0x18 ..\..\..\..\..\..\..\..\..\Program Files (x86)\GNU Tools ARM Embedded\4.7 2012q4\arm-none-eabi\lib\armv7-m\libstdc++.a(pure.o)
                0x080138fc                __cxa_pure_virtual
 .text._ZdlPv   0x08013914        0x8 ..\..\..\..\..\..\..\..\..\Program Files (x86)\GNU Tools ARM Embedded\4.7 2012q4\arm-none-eabi\lib\armv7-m\libstdc++.a(del_op.o)
                0x08013914                operator delete(void*)
 .text._ZNK10__cxxabiv117__class_type_info11__do_upcastEPKS0_PPv
                0x0801391c       0x38 ..\..\..\..\..\..\..\..\..\Program Files (x86)\GNU Tools ARM Embedded\4.7 2012q4\arm-none-eabi\lib\armv7-m\libstdc++.a(class_type_info.o)
                0x0801391c                __cxxabiv1::__class_type_info::__do_upcast(__cxxabiv1::__class_type_info const*, void**) const
 .text._ZNK10__cxxabiv117__class_type_info20__do_find_public_srcEiPKvPKS0_S2_
                0x08013954        0xc ..\..\..\..\..\..\..\..\..\Program Files (x86)\GNU Tools ARM Embedded\4.7 2012q4\arm-none-eabi\lib\armv7-m\libstdc++.a(class_type_info.o)
                0x08013954                __cxxabiv1::__class_type_info::__do_find_public_src(int, void const*, __cxxabiv1::__class_type_info const*, void const*) const
 .text._ZNK10__cxxabiv117__class_type_info11__do_upcastEPKS0_PKvRNS0_15__upcast_resultE
                0x08013960       0x1c ..\..\..\..\..\..\..\..\..\Program Files (x86)\GNU Tools ARM Embedded\4.7 2012q4\arm-none-eabi\lib\armv7-m\libstdc++.a(class_type_info.o)
                0x08013960                __cxxabiv1::__class_type_info::__do_upcast(__cxxabiv1::__class_type_info const*, void const*, __cxxabiv1::__class_type_info::__upcast_result&) const
 .text._ZN10__cxxabiv117__class_type_infoD2Ev
                0x0801397c       0x14 ..\..\..\..\..\..\..\..\..\Program Files (x86)\GNU Tools ARM Embedded\4.7 2012q4\arm-none-eabi\lib\armv7-m\libstdc++.a(class_type_info.o)
                0x0801397c                __cxxabiv1::__class_type_info::~__class_type_info()
                0x0801397c                __cxxabiv1::__class_type_info::~__class_type_info()
 .text._ZN10__cxxabiv117__class_type_infoD0Ev
                0x08013990       0x14 ..\..\..\..\..\..\..\..\..\Program Files (x86)\GNU Tools ARM Embedded\4.7 2012q4\arm-none-eabi\lib\armv7-m\libstdc++.a(class_type_info.o)
                0x08013990                __cxxabiv1::__class_type_info::~__class_type_info()
 .text._ZNK10__cxxabiv117__class_type_info12__do_dyncastEiNS0_10__sub_kindEPKS0_PKvS3_S5_RNS0_16__dyncast_resultE
                0x080139a4       0x40 ..\..\..\..\..\..\..\..\..\Program Files (x86)\GNU Tools ARM Embedded\4.7 2012q4\arm-none-eabi\lib\armv7-m\libstdc++.a(class_type_info.o)
                0x080139a4                __cxxabiv1::__class_type_info::__do_dyncast(int, __cxxabiv1::__class_type_info::__sub_kind, __cxxabiv1::__class_type_info const*, void const*, __cxxabiv1::__class_type_info const*, void const*, __cxxabiv1::__class_type_info::__dyncast_result&) const
 .text._ZNK10__cxxabiv117__class_type_info10__do_catchEPKSt9type_infoPPvj
                0x080139e4       0x28 ..\..\..\..\..\..\..\..\..\Program Files (x86)\GNU Tools ARM Embedded\4.7 2012q4\arm-none-eabi\lib\armv7-m\libstdc++.a(class_type_info.o)
                0x080139e4                __cxxabiv1::__class_type_info::__do_catch(std::type_info const*, void**, unsigned int) const
 .text._ZL12read_sleb128PKhPl
                0x08013a0c       0x3c ..\..\..\..\..\..\..\..\..\Program Files (x86)\GNU Tools ARM Embedded\4.7 2012q4\arm-none-eabi\lib\armv7-m\libstdc++.a(eh_personality.o)
 .text._ZL28read_encoded_value_with_basehjPKhPj
                0x08013a48       0xb0 ..\..\..\..\..\..\..\..\..\Program Files (x86)\GNU Tools ARM Embedded\4.7 2012q4\arm-none-eabi\lib\armv7-m\libstdc++.a(eh_personality.o)
 .text._ZL21base_of_encoded_valuehP15_Unwind_Context
                0x08013af8       0x4c ..\..\..\..\..\..\..\..\..\Program Files (x86)\GNU Tools ARM Embedded\4.7 2012q4\arm-none-eabi\lib\armv7-m\libstdc++.a(eh_personality.o)
 .text._ZL17parse_lsda_headerP15_Unwind_ContextPKhP16lsda_header_info
                0x08013b44       0x94 ..\..\..\..\..\..\..\..\..\Program Files (x86)\GNU Tools ARM Embedded\4.7 2012q4\arm-none-eabi\lib\armv7-m\libstdc++.a(eh_personality.o)
 .text.__gxx_personality_v0
                0x08013bd8      0x3f8 ..\..\..\..\..\..\..\..\..\Program Files (x86)\GNU Tools ARM Embedded\4.7 2012q4\arm-none-eabi\lib\armv7-m\libstdc++.a(eh_personality.o)
                0x08013bd8                __gxx_personality_v0
 .text._ZN10__cxxabiv111__terminateEPFvvE
                0x08013fd0       0x28 ..\..\..\..\..\..\..\..\..\Program Files (x86)\GNU Tools ARM Embedded\4.7 2012q4\arm-none-eabi\lib\armv7-m\libstdc++.a(eh_terminate.o)
                0x08013fd0                __cxxabiv1::__terminate(void (*)())
 .text._ZSt9terminatev
                0x08013ff8       0x10 ..\..\..\..\..\..\..\..\..\Program Files (x86)\GNU Tools ARM Embedded\4.7 2012q4\arm-none-eabi\lib\armv7-m\libstdc++.a(eh_terminate.o)
                0x08013ff8                std::terminate()
 .text._ZN10__cxxabiv112__unexpectedEPFvvE
                0x08014008        0x8 ..\..\..\..\..\..\..\..\..\Program Files (x86)\GNU Tools ARM Embedded\4.7 2012q4\arm-none-eabi\lib\armv7-m\libstdc++.a(eh_terminate.o)
                0x08014008                __cxxabiv1::__unexpected(void (*)())
 .text._ZSt10unexpectedv
                0x08014010       0x10 ..\..\..\..\..\..\..\..\..\Program Files (x86)\GNU Tools ARM Embedded\4.7 2012q4\arm-none-eabi\lib\armv7-m\libstdc++.a(eh_terminate.o)
                0x08014010                std::unexpected()
 .text._ZNSt9type_infoD2Ev
                0x08014020        0xc ..\..\..\..\..\..\..\..\..\Program Files (x86)\GNU Tools ARM Embedded\4.7 2012q4\arm-none-eabi\lib\armv7-m\libstdc++.a(tinfo.o)
                0x08014020                std::type_info::~type_info()
                0x08014020                std::type_info::~type_info()
 .text._ZNKSt9type_info14__is_pointer_pEv
                0x0801402c        0x4 ..\..\..\..\..\..\..\..\..\Program Files (x86)\GNU Tools ARM Embedded\4.7 2012q4\arm-none-eabi\lib\armv7-m\libstdc++.a(tinfo.o)
                0x0801402c                std::type_info::__is_pointer_p() const
 .text._ZNKSt9type_info15__is_function_pEv
                0x08014030        0x4 ..\..\..\..\..\..\..\..\..\Program Files (x86)\GNU Tools ARM Embedded\4.7 2012q4\arm-none-eabi\lib\armv7-m\libstdc++.a(tinfo.o)
                0x08014030                std::type_info::__is_function_p() const
 .text._ZNKSt9type_info11__do_upcastEPKN10__cxxabiv117__class_type_infoEPPv
                0x08014034        0x4 ..\..\..\..\..\..\..\..\..\Program Files (x86)\GNU Tools ARM Embedded\4.7 2012q4\arm-none-eabi\lib\armv7-m\libstdc++.a(tinfo.o)
                0x08014034                std::type_info::__do_upcast(__cxxabiv1::__class_type_info const*, void**) const
 .text._ZNSt9type_infoD0Ev
                0x08014038       0x14 ..\..\..\..\..\..\..\..\..\Program Files (x86)\GNU Tools ARM Embedded\4.7 2012q4\arm-none-eabi\lib\armv7-m\libstdc++.a(tinfo.o)
                0x08014038                std::type_info::~type_info()
 .text._ZNKSt9type_infoeqERKS_
                0x0801404c       0x28 ..\..\..\..\..\..\..\..\..\Program Files (x86)\GNU Tools ARM Embedded\4.7 2012q4\arm-none-eabi\lib\armv7-m\libstdc++.a(tinfo.o)
                0x0801404c                std::type_info::operator==(std::type_info const&) const
 .text._ZNKSt9type_info10__do_catchEPKS_PPvj
                0x08014074        0x4 ..\..\..\..\..\..\..\..\..\Program Files (x86)\GNU Tools ARM Embedded\4.7 2012q4\arm-none-eabi\lib\armv7-m\libstdc++.a(tinfo.o)
                0x08014074                std::type_info::__do_catch(std::type_info const*, void**, unsigned int) const
 .text._ZN10__cxxabiv1L24__is_gxx_exception_classEPc
                0x08014078       0x3c ..\..\..\..\..\..\..\..\..\Program Files (x86)\GNU Tools ARM Embedded\4.7 2012q4\arm-none-eabi\lib\armv7-m\libstdc++.a(eh_call.o)
 .text.__cxa_call_terminate
                0x080140b4       0x20 ..\..\..\..\..\..\..\..\..\Program Files (x86)\GNU Tools ARM Embedded\4.7 2012q4\arm-none-eabi\lib\armv7-m\libstdc++.a(eh_call.o)
                0x080140b4                __cxa_call_terminate
 .text.__cxa_call_unexpected
                0x080140d4       0xe4 ..\..\..\..\..\..\..\..\..\Program Files (x86)\GNU Tools ARM Embedded\4.7 2012q4\arm-none-eabi\lib\armv7-m\libstdc++.a(eh_call.o)
                0x080140d4                __cxa_call_unexpected
 .text.__cxa_end_cleanup
                0x080141b8        0xc ..\..\..\..\..\..\..\..\..\Program Files (x86)\GNU Tools ARM Embedded\4.7 2012q4\arm-none-eabi\lib\armv7-m\libstdc++.a(eh_arm.o)
                0x080141b8                __cxa_end_cleanup
 .text.__cxa_type_match
                0x080141c4       0xb0 ..\..\..\..\..\..\..\..\..\Program Files (x86)\GNU Tools ARM Embedded\4.7 2012q4\arm-none-eabi\lib\armv7-m\libstdc++.a(eh_arm.o)
                0x080141c4                __cxa_type_match
 .text.__cxa_begin_cleanup
                0x08014274       0x64 ..\..\..\..\..\..\..\..\..\Program Files (x86)\GNU Tools ARM Embedded\4.7 2012q4\arm-none-eabi\lib\armv7-m\libstdc++.a(eh_arm.o)
                0x08014274                __cxa_begin_cleanup
 .text.__gnu_end_cleanup
                0x080142d8       0x74 ..\..\..\..\..\..\..\..\..\Program Files (x86)\GNU Tools ARM Embedded\4.7 2012q4\arm-none-eabi\lib\armv7-m\libstdc++.a(eh_arm.o)
                0x080142d8                __gnu_end_cleanup
 .text.__cxa_get_globals_fast
                0x0801434c        0xc ..\..\..\..\..\..\..\..\..\Program Files (x86)\GNU Tools ARM Embedded\4.7 2012q4\arm-none-eabi\lib\armv7-m\libstdc++.a(eh_globals.o)
                0x0801434c                __cxa_get_globals_fast
 .text.__cxa_get_globals
                0x08014358        0xc ..\..\..\..\..\..\..\..\..\Program Files (x86)\GNU Tools ARM Embedded\4.7 2012q4\arm-none-eabi\lib\armv7-m\libstdc++.a(eh_globals.o)
                0x08014358                __cxa_get_globals
 .text.__cxa_begin_catch
                0x08014364       0x8c ..\..\..\..\..\..\..\..\..\Program Files (x86)\GNU Tools ARM Embedded\4.7 2012q4\arm-none-eabi\lib\armv7-m\libstdc++.a(eh_catch.o)
                0x08014364                __cxa_begin_catch
 .text.__cxa_end_catch
                0x080143f0       0x8c ..\..\..\..\..\..\..\..\..\Program Files (x86)\GNU Tools ARM Embedded\4.7 2012q4\arm-none-eabi\lib\armv7-m\libstdc++.a(eh_catch.o)
                0x080143f0                __cxa_end_catch
 .text._ZNSt9exceptionD2Ev
                0x0801447c        0xc ..\..\..\..\..\..\..\..\..\Program Files (x86)\GNU Tools ARM Embedded\4.7 2012q4\arm-none-eabi\lib\armv7-m\libstdc++.a(eh_exception.o)
                0x0801447c                std::exception::~exception()
                0x0801447c                std::exception::~exception()
 .text._ZNSt13bad_exceptionD2Ev
                0x08014488        0xc ..\..\..\..\..\..\..\..\..\Program Files (x86)\GNU Tools ARM Embedded\4.7 2012q4\arm-none-eabi\lib\armv7-m\libstdc++.a(eh_exception.o)
                0x08014488                std::bad_exception::~bad_exception()
                0x08014488                std::bad_exception::~bad_exception()
 .text._ZNKSt9exception4whatEv
                0x08014494        0xc ..\..\..\..\..\..\..\..\..\Program Files (x86)\GNU Tools ARM Embedded\4.7 2012q4\arm-none-eabi\lib\armv7-m\libstdc++.a(eh_exception.o)
                0x08014494                std::exception::what() const
 .text._ZNKSt13bad_exception4whatEv
                0x080144a0        0xc ..\..\..\..\..\..\..\..\..\Program Files (x86)\GNU Tools ARM Embedded\4.7 2012q4\arm-none-eabi\lib\armv7-m\libstdc++.a(eh_exception.o)
                0x080144a0                std::bad_exception::what() const
 .text._ZNSt9exceptionD0Ev
                0x080144ac       0x14 ..\..\..\..\..\..\..\..\..\Program Files (x86)\GNU Tools ARM Embedded\4.7 2012q4\arm-none-eabi\lib\armv7-m\libstdc++.a(eh_exception.o)
                0x080144ac                std::exception::~exception()
 .text._ZNSt13bad_exceptionD0Ev
                0x080144c0       0x14 ..\..\..\..\..\..\..\..\..\Program Files (x86)\GNU Tools ARM Embedded\4.7 2012q4\arm-none-eabi\lib\armv7-m\libstdc++.a(eh_exception.o)
                0x080144c0                std::bad_exception::~bad_exception()
 .text._ZL23__gxx_exception_cleanup19_Unwind_Reason_CodeP21_Unwind_Control_Block
                0x080144d4       0x44 ..\..\..\..\..\..\..\..\..\Program Files (x86)\GNU Tools ARM Embedded\4.7 2012q4\arm-none-eabi\lib\armv7-m\libstdc++.a(eh_throw.o)
 .text.__cxa_throw
                0x08014518       0x7c ..\..\..\..\..\..\..\..\..\Program Files (x86)\GNU Tools ARM Embedded\4.7 2012q4\arm-none-eabi\lib\armv7-m\libstdc++.a(eh_throw.o)
                0x08014518                __cxa_throw
 .text.__cxa_rethrow
                0x08014594       0x70 ..\..\..\..\..\..\..\..\..\Program Files (x86)\GNU Tools ARM Embedded\4.7 2012q4\arm-none-eabi\lib\armv7-m\libstdc++.a(eh_throw.o)
                0x08014594                __cxa_rethrow
 .text.__cxa_allocate_exception
                0x08014604       0x70 ..\..\..\..\..\..\..\..\..\Program Files (x86)\GNU Tools ARM Embedded\4.7 2012q4\arm-none-eabi\lib\armv7-m\libstdc++.a(eh_alloc.o)
                0x08014604                __cxa_allocate_exception
 .text.__cxa_free_exception
                0x08014674       0x34 ..\..\..\..\..\..\..\..\..\Program Files (x86)\GNU Tools ARM Embedded\4.7 2012q4\arm-none-eabi\lib\armv7-m\libstdc++.a(eh_alloc.o)
                0x08014674                __cxa_free_exception
 .text._ZN9__gnu_cxx27__verbose_terminate_handlerEv
                0x080146a8      0x110 ..\..\..\..\..\..\..\..\..\Program Files (x86)\GNU Tools ARM Embedded\4.7 2012q4\arm-none-eabi\lib\armv7-m\libstdc++.a(vterminate.o)
                0x080146a8                __gnu_cxx::__verbose_terminate_handler()
 .text.__cxa_current_exception_type
                0x080147b8       0x1c ..\..\..\..\..\..\..\..\..\Program Files (x86)\GNU Tools ARM Embedded\4.7 2012q4\arm-none-eabi\lib\armv7-m\libstdc++.a(eh_type.o)
                0x080147b8                __cxa_current_exception_type
 .text          0x080147d4     0x9bac ..\..\..\..\..\..\..\..\..\Program Files (x86)\GNU Tools ARM Embedded\4.7 2012q4\arm-none-eabi\lib\armv7-m\libstdc++.a(cp-demangle.o)
                0x0801e29c                __cxa_demangle
                0x0801e364                __gcclibcxx_demangle_callback
 .text._exit    0x0801e380        0x4 ..\..\..\..\..\..\..\..\..\Program Files (x86)\GNU Tools ARM Embedded\4.7 2012q4\arm-none-eabi\lib\armv7-m\libnosys.a(_exit.o)
                0x0801e380                _exit
 .text          0x0801e384      0x370 c:/program files (x86)/gnu tools arm embedded/4.8 2014q2/bin/../lib/gcc/arm-none-eabi/4.8.4/armv7e-m\libgcc.a(_arm_addsubdf3.o)
                0x0801e384                __aeabi_drsub
                0x0801e38c                __aeabi_dsub
                0x0801e38c                __subdf3
                0x0801e390                __aeabi_dadd
                0x0801e390                __adddf3
                0x0801e608                __floatunsidf
                0x0801e608                __aeabi_ui2d
                0x0801e628                __floatsidf
                0x0801e628                __aeabi_i2d
                0x0801e64c                __aeabi_f2d
                0x0801e64c                __extendsfdf2
                0x0801e688                __floatundidf
                0x0801e688                __aeabi_ul2d
                0x0801e698                __floatdidf
                0x0801e698                __aeabi_l2d
 .text          0x0801e6f4      0x424 c:/program files (x86)/gnu tools arm embedded/4.8 2014q2/bin/../lib/gcc/arm-none-eabi/4.8.4/armv7e-m\libgcc.a(_arm_muldivdf3.o)
                0x0801e6f4                __aeabi_dmul
                0x0801e6f4                __muldf3
                0x0801e948                __divdf3
                0x0801e948                __aeabi_ddiv
 .text          0x0801eb18      0x110 c:/program files (x86)/gnu tools arm embedded/4.8 2014q2/bin/../lib/gcc/arm-none-eabi/4.8.4/armv7e-m\libgcc.a(_arm_cmpdf2.o)
                0x0801eb18                __gtdf2
                0x0801eb18                __gedf2
                0x0801eb20                __ltdf2
                0x0801eb20                __ledf2
                0x0801eb28                __nedf2
                0x0801eb28                __eqdf2
                0x0801eb28                __cmpdf2
                0x0801eba4                __aeabi_cdrcmple
                0x0801ebb4                __aeabi_cdcmpeq
                0x0801ebb4                __aeabi_cdcmple
                0x0801ebc4                __aeabi_dcmpeq
                0x0801ebd8                __aeabi_dcmplt
                0x0801ebec                __aeabi_dcmple
                0x0801ec00                __aeabi_dcmpge
                0x0801ec14                __aeabi_dcmpgt
 .text          0x0801ec28       0x50 c:/program files (x86)/gnu tools arm embedded/4.8 2014q2/bin/../lib/gcc/arm-none-eabi/4.8.4/armv7e-m\libgcc.a(_arm_fixdfsi.o)
                0x0801ec28                __aeabi_d2iz
                0x0801ec28                __fixdfsi
 .text          0x0801ec78       0x2c c:/program files (x86)/gnu tools arm embedded/4.8 2014q2/bin/../lib/gcc/arm-none-eabi/4.8.4/armv7e-m\libgcc.a(_aeabi_uldivmod.o)
                0x0801ec78                __aeabi_uldivmod
 .text          0x0801eca4       0x60 c:/program files (x86)/gnu tools arm embedded/4.8 2014q2/bin/../lib/gcc/arm-none-eabi/4.8.4/armv7e-m\libgcc.a(bpabi.o)
                0x0801eca4                __gnu_ldivmod_helper
                0x0801ecd4                __gnu_uldivmod_helper
 .text          0x0801ed04      0xa1c c:/program files (x86)/gnu tools arm embedded/4.8 2014q2/bin/../lib/gcc/arm-none-eabi/4.8.4/armv7e-m\libgcc.a(unwind-arm.o)
                0x0801efe8                _Unwind_GetCFA
                0x0801efec                __gnu_Unwind_RaiseException
                0x0801f04c                __gnu_Unwind_ForcedUnwind
                0x0801f060                __gnu_Unwind_Resume
                0x0801f0a4                __gnu_Unwind_Resume_or_Rethrow
                0x0801f0b4                _Unwind_Complete
                0x0801f0b8                _Unwind_DeleteException
                0x0801f0c8                _Unwind_VRS_Get
                0x0801f118                _Unwind_VRS_Set
                0x0801f168                __gnu_Unwind_Backtrace
                0x0801f4bc                __aeabi_unwind_cpp_pr0
                0x0801f4c4                __aeabi_unwind_cpp_pr1
                0x0801f4cc                __aeabi_unwind_cpp_pr2
                0x0801f4d4                _Unwind_VRS_Pop
 .text          0x0801f720      0x1ac c:/program files (x86)/gnu tools arm embedded/4.8 2014q2/bin/../lib/gcc/arm-none-eabi/4.8.4/armv7e-m\libgcc.a(libunwind.o)
                0x0801f720                __restore_core_regs
                0x0801f720                restore_core_regs
                0x0801f738                __gnu_Unwind_Restore_VFP
                0x0801f740                __gnu_Unwind_Save_VFP
                0x0801f748                __gnu_Unwind_Restore_VFP_D
                0x0801f750                __gnu_Unwind_Save_VFP_D
                0x0801f758                __gnu_Unwind_Restore_VFP_D_16_to_31
                0x0801f760                __gnu_Unwind_Save_VFP_D_16_to_31
                0x0801f768                __gnu_Unwind_Restore_WMMXD
                0x0801f7ac                __gnu_Unwind_Save_WMMXD
                0x0801f7f0                __gnu_Unwind_Restore_WMMXC
                0x0801f804                __gnu_Unwind_Save_WMMXC
                0x0801f818                ___Unwind_RaiseException
                0x0801f818                _Unwind_RaiseException
                0x0801f83c                _Unwind_Resume
                0x0801f83c                ___Unwind_Resume
                0x0801f860                _Unwind_Resume_or_Rethrow
                0x0801f860                ___Unwind_Resume_or_Rethrow
                0x0801f884                _Unwind_ForcedUnwind
                0x0801f884                ___Unwind_ForcedUnwind
                0x0801f8a8                ___Unwind_Backtrace
                0x0801f8a8                _Unwind_Backtrace
 .text          0x0801f8cc      0x33c c:/program files (x86)/gnu tools arm embedded/4.8 2014q2/bin/../lib/gcc/arm-none-eabi/4.8.4/armv7e-m\libgcc.a(pr-support.o)
                0x0801f920                __gnu_unwind_execute
                0x0801fbac                __gnu_unwind_frame
                0x0801fbd8                _Unwind_GetRegionStart
                0x0801fbe4                _Unwind_GetLanguageSpecificData
                0x0801fbf8                _Unwind_GetDataRelBase
                0x0801fc00                _Unwind_GetTextRelBase
 .text          0x0801fc08        0x4 c:/program files (x86)/gnu tools arm embedded/4.8 2014q2/bin/../lib/gcc/arm-none-eabi/4.8.4/armv7e-m\libgcc.a(_dvmd_tls.o)
                0x0801fc08                __aeabi_idiv0
                0x0801fc08                __aeabi_ldiv0
 .text          0x0801fc0c      0x298 c:/program files (x86)/gnu tools arm embedded/4.8 2014q2/bin/../lib/gcc/arm-none-eabi/4.8.4/armv7e-m\libgcc.a(_divdi3.o)
                0x0801fc0c                __divdi3
 .text          0x0801fea4      0x284 c:/program files (x86)/gnu tools arm embedded/4.8 2014q2/bin/../lib/gcc/arm-none-eabi/4.8.4/armv7e-m\libgcc.a(_udivdi3.o)
                0x0801fea4                __udivdi3
 .text.fputc    0x08020128       0x28 ..\..\..\..\..\..\..\..\..\Program Files (x86)\GNU Tools ARM Embedded\4.7 2012q4\arm-none-eabi\lib\armv7-m\libg.a(lib_a-fputc.o)
                0x08020128                fputc
 .text._fputs_r
                0x08020150       0x50 ..\..\..\..\..\..\..\..\..\Program Files (x86)\GNU Tools ARM Embedded\4.7 2012q4\arm-none-eabi\lib\armv7-m\libg.a(lib_a-fputs.o)
                0x08020150                _fputs_r
 .text.fputs    0x080201a0       0x18 ..\..\..\..\..\..\..\..\..\Program Files (x86)\GNU Tools ARM Embedded\4.7 2012q4\arm-none-eabi\lib\armv7-m\libg.a(lib_a-fputs.o)
                0x080201a0                fputs
 .text.__sfvwrite_r
                0x080201b8      0x314 ..\..\..\..\..\..\..\..\..\Program Files (x86)\GNU Tools ARM Embedded\4.7 2012q4\arm-none-eabi\lib\armv7-m\libg.a(lib_a-fvwrite.o)
                0x080201b8                __sfvwrite_r
 .text._fwrite_r
                0x080204cc       0x60 ..\..\..\..\..\..\..\..\..\Program Files (x86)\GNU Tools ARM Embedded\4.7 2012q4\arm-none-eabi\lib\armv7-m\libg.a(lib_a-fwrite.o)
                0x080204cc                _fwrite_r
 .text.fwrite   0x0802052c       0x28 ..\..\..\..\..\..\..\..\..\Program Files (x86)\GNU Tools ARM Embedded\4.7 2012q4\arm-none-eabi\lib\armv7-m\libg.a(lib_a-fwrite.o)
                0x0802052c                fwrite
 .text._putc_r  0x08020554       0x60 ..\..\..\..\..\..\..\..\..\Program Files (x86)\GNU Tools ARM Embedded\4.7 2012q4\arm-none-eabi\lib\armv7-m\libg.a(lib_a-putc.o)
                0x08020554                _putc_r
 .text.write    0x080205b4       0x1c ..\..\..\..\..\..\..\..\..\Program Files (x86)\GNU Tools ARM Embedded\4.7 2012q4\arm-none-eabi\lib\armv7-m\libg.a(lib_a-syswrite.o)
                0x080205b4                write
 .text.__swbuf_r
                0x080205d0       0xbc ..\..\..\..\..\..\..\..\..\Program Files (x86)\GNU Tools ARM Embedded\4.7 2012q4\arm-none-eabi\lib\armv7-m\libg.a(lib_a-wbuf.o)
                0x080205d0                __swbuf_r
 .text._write_r
                0x0802068c       0x28 ..\..\..\..\..\..\..\..\..\Program Files (x86)\GNU Tools ARM Embedded\4.7 2012q4\arm-none-eabi\lib\armv7-m\libg.a(lib_a-writer.o)
                0x0802068c                _write_r
 .text.__swsetup_r
                0x080206b4       0xc4 ..\..\..\..\..\..\..\..\..\Program Files (x86)\GNU Tools ARM Embedded\4.7 2012q4\arm-none-eabi\lib\armv7-m\libg.a(lib_a-wsetup.o)
                0x080206b4                __swsetup_r
 .text._fflush_r
                0x08020778      0x164 ..\..\..\..\..\..\..\..\..\Program Files (x86)\GNU Tools ARM Embedded\4.7 2012q4\arm-none-eabi\lib\armv7-m\libg.a(lib_a-fflush.o)
                0x08020778                _fflush_r
 .text._cleanup_r
                0x080208dc        0xc ..\..\..\..\..\..\..\..\..\Program Files (x86)\GNU Tools ARM Embedded\4.7 2012q4\arm-none-eabi\lib\armv7-m\libg.a(lib_a-findfp.o)
                0x080208dc                _cleanup_r
 .text.std.isra.0
                0x080208e8       0x50 ..\..\..\..\..\..\..\..\..\Program Files (x86)\GNU Tools ARM Embedded\4.7 2012q4\arm-none-eabi\lib\armv7-m\libg.a(lib_a-findfp.o)
 .text.__sinit  0x08020938       0x4c ..\..\..\..\..\..\..\..\..\Program Files (x86)\GNU Tools ARM Embedded\4.7 2012q4\arm-none-eabi\lib\armv7-m\libg.a(lib_a-findfp.o)
                0x08020938                __sinit
 .text.__sfp_lock_acquire
                0x08020984        0x4 ..\..\..\..\..\..\..\..\..\Program Files (x86)\GNU Tools ARM Embedded\4.7 2012q4\arm-none-eabi\lib\armv7-m\libg.a(lib_a-findfp.o)
                0x08020984                __sfp_lock_acquire
 .text.__sfp_lock_release
                0x08020988        0x4 ..\..\..\..\..\..\..\..\..\Program Files (x86)\GNU Tools ARM Embedded\4.7 2012q4\arm-none-eabi\lib\armv7-m\libg.a(lib_a-findfp.o)
                0x08020988                __sfp_lock_release
 .text._fwalk   0x0802098c       0xb8 ..\..\..\..\..\..\..\..\..\Program Files (x86)\GNU Tools ARM Embedded\4.7 2012q4\arm-none-eabi\lib\armv7-m\libg.a(lib_a-fwalk.o)
                0x0802098c                _fwalk
 .text.__smakebuf_r
                0x08020a44       0xe8 ..\..\..\..\..\..\..\..\..\Program Files (x86)\GNU Tools ARM Embedded\4.7 2012q4\arm-none-eabi\lib\armv7-m\libg.a(lib_a-makebuf.o)
                0x08020a44                __smakebuf_r
 .text.__sread  0x08020b2c       0x24 ..\..\..\..\..\..\..\..\..\Program Files (x86)\GNU Tools ARM Embedded\4.7 2012q4\arm-none-eabi\lib\armv7-m\libg.a(lib_a-stdio.o)
                0x08020b2c                __sread
 .text.__swrite
                0x08020b50       0x44 ..\..\..\..\..\..\..\..\..\Program Files (x86)\GNU Tools ARM Embedded\4.7 2012q4\arm-none-eabi\lib\armv7-m\libg.a(lib_a-stdio.o)
                0x08020b50                __swrite
 .text.__sseek  0x08020b94       0x24 ..\..\..\..\..\..\..\..\..\Program Files (x86)\GNU Tools ARM Embedded\4.7 2012q4\arm-none-eabi\lib\armv7-m\libg.a(lib_a-stdio.o)
                0x08020b94                __sseek
 .text.__sclose
                0x08020bb8        0x8 ..\..\..\..\..\..\..\..\..\Program Files (x86)\GNU Tools ARM Embedded\4.7 2012q4\arm-none-eabi\lib\armv7-m\libg.a(lib_a-stdio.o)
                0x08020bb8                __sclose
 .text._close_r
                0x08020bc0       0x24 ..\..\..\..\..\..\..\..\..\Program Files (x86)\GNU Tools ARM Embedded\4.7 2012q4\arm-none-eabi\lib\armv7-m\libg.a(lib_a-closer.o)
                0x08020bc0                _close_r
 .text._fclose_r
                0x08020be4       0x94 ..\..\..\..\..\..\..\..\..\Program Files (x86)\GNU Tools ARM Embedded\4.7 2012q4\arm-none-eabi\lib\armv7-m\libg.a(lib_a-fclose.o)
                0x08020be4                _fclose_r
 .text.fclose   0x08020c78       0x10 ..\..\..\..\..\..\..\..\..\Program Files (x86)\GNU Tools ARM Embedded\4.7 2012q4\arm-none-eabi\lib\armv7-m\libg.a(lib_a-fclose.o)
                0x08020c78                fclose
 .text._fstat_r
                0x08020c88       0x28 ..\..\..\..\..\..\..\..\..\Program Files (x86)\GNU Tools ARM Embedded\4.7 2012q4\arm-none-eabi\lib\armv7-m\libg.a(lib_a-fstatr.o)
                0x08020c88                _fstat_r
 .text._isatty_r
                0x08020cb0       0x24 ..\..\..\..\..\..\..\..\..\Program Files (x86)\GNU Tools ARM Embedded\4.7 2012q4\arm-none-eabi\lib\armv7-m\libg.a(lib_a-isattyr.o)
                0x08020cb0                _isatty_r
 .text._lseek_r
                0x08020cd4       0x28 ..\..\..\..\..\..\..\..\..\Program Files (x86)\GNU Tools ARM Embedded\4.7 2012q4\arm-none-eabi\lib\armv7-m\libg.a(lib_a-lseekr.o)
                0x08020cd4                _lseek_r
 .text._read_r  0x08020cfc       0x28 ..\..\..\..\..\..\..\..\..\Program Files (x86)\GNU Tools ARM Embedded\4.7 2012q4\arm-none-eabi\lib\armv7-m\libg.a(lib_a-readr.o)
                0x08020cfc                _read_r
 *(.init)
 .init          0x08020d24        0x4 c:/program files (x86)/gnu tools arm embedded/4.8 2014q2/bin/../lib/gcc/arm-none-eabi/4.8.4/armv7e-m/crti.o
                0x08020d24                _init
 .init          0x08020d28        0x8 c:/program files (x86)/gnu tools arm embedded/4.8 2014q2/bin/../lib/gcc/arm-none-eabi/4.8.4/armv7e-m/crtn.o
 *(.fini)
 .fini          0x08020d30        0x4 c:/program files (x86)/gnu tools arm embedded/4.8 2014q2/bin/../lib/gcc/arm-none-eabi/4.8.4/armv7e-m/crti.o
                0x08020d30                _fini
 .fini          0x08020d34        0x8 c:/program files (x86)/gnu tools arm embedded/4.8 2014q2/bin/../lib/gcc/arm-none-eabi/4.8.4/armv7e-m/crtn.o
 *crtbegin.o(.ctors)
 *crtbegin?.o(.ctors)
 *(EXCLUDE_FILE(*crtend.o *crtend?.o) .ctors)
 *(SORT(.ctors.*))
 *(.ctors)
 *crtbegin.o(.dtors)
 *crtbegin?.o(.dtors)
 *(EXCLUDE_FILE(*crtend.o *crtend?.o) .dtors)
 *(SORT(.dtors.*))
 *(.dtors)
 *(.rodata*)
 *fill*         0x08020d3c        0x4 
 .rodata        0x08020d40      0x1e8 C:\Users\JAVIS\AppData\Local\Temp\ccoHxJSc.ltrans0.ltrans.o
                0x08020d40                _ZL8GPIO_PIN.4935
                0x08020d48                _ZL8GPIO_CLK.4934
                0x08020d58                _ZL10BUTTON_PIN.4938
                0x08020d60                _ZL10BUTTON_CLK.4937
                0x08020d6c                _ZL16BUTTON_EXTI_LINE.4942
                0x08020d74                _ZL18BUTTON_PORT_SOURCE.4940
                0x08020d78                _ZL17BUTTON_PIN_SOURCE.4941
                0x08020d7c                _ZL11BUTTON_IRQn.4943
                0x08020d80                vtable for IPAddress
                0x08020d90                vtable for Printable [clone .local.15]
                0x08020d9c                typeinfo for IPAddress
                0x08020da8                typeinfo name for IPAddress
                0x08020db4                typeinfo name for Printable [clone .local.13]
                0x08020dc0                typeinfo for Printable [clone .local.14]
                0x08020dc8                GPIOPIN_PIN
                0x08020df0                GPIOPIN_CLK
                0x08020e40                GPIO_SOURCE
                0x08020e90                vtable for Print
                0x08020ea0                typeinfo for Print
                0x08020ea8                typeinfo name for Print
                0x08020eb0                vtable for HardwareSerial
                0x08020ed0                vtable for Stream [clone .local.12]
                0x08020ef0                typeinfo for HardwareSerial
                0x08020efc                typeinfo name for HardwareSerial
                0x08020f10                typeinfo name for Stream [clone .local.10]
                0x08020f18                typeinfo for Stream [clone .local.11]
 .rodata        0x08020f28       0x24 C:\Users\JAVIS\AppData\Local\Temp\ccoHxJSc.ltrans1.ltrans.o
 .rodata        0x08020f4c       0xac C:\Users\JAVIS\AppData\Local\Temp\ccoHxJSc.ltrans5.ltrans.o
 .rodata        0x08020ff8       0x24 C:\Users\JAVIS\AppData\Local\Temp\ccoHxJSc.ltrans7.ltrans.o
 .rodata.str1.4
                0x0802101c        0x2 ..\..\..\..\..\..\..\..\..\Program Files (x86)\GNU Tools ARM Embedded\4.7 2012q4\arm-none-eabi\lib\armv7-m\libc.a(lib_a-impure.o)
                                  0x4 (size before relaxing)
 *fill*         0x0802101e        0x2 
 .rodata._global_impure_ptr
                0x08021020        0x4 ..\..\..\..\..\..\..\..\..\Program Files (x86)\GNU Tools ARM Embedded\4.7 2012q4\arm-none-eabi\lib\armv7-m\libc.a(lib_a-impure.o)
                0x08021020                _global_impure_ptr
 .rodata.str1.4
                0x08021024       0x42 ..\..\..\..\..\..\..\..\..\Program Files (x86)\GNU Tools ARM Embedded\4.7 2012q4\arm-none-eabi\lib\armv7-m\libc.a(lib_a-svfprintf.o)
                                 0x44 (size before relaxing)
 *fill*         0x08021066        0x2 
 .rodata.zeroes.6721
                0x08021068       0x10 ..\..\..\..\..\..\..\..\..\Program Files (x86)\GNU Tools ARM Embedded\4.7 2012q4\arm-none-eabi\lib\armv7-m\libc.a(lib_a-svfprintf.o)
 .rodata.blanks.6720
                0x08021078       0x10 ..\..\..\..\..\..\..\..\..\Program Files (x86)\GNU Tools ARM Embedded\4.7 2012q4\arm-none-eabi\lib\armv7-m\libc.a(lib_a-svfprintf.o)
 .rodata._ctype_
                0x08021088      0x104 ..\..\..\..\..\..\..\..\..\Program Files (x86)\GNU Tools ARM Embedded\4.7 2012q4\arm-none-eabi\lib\armv7-m\libc.a(lib_a-ctype_.o)
                0x08021088                _ctype_
 .rodata.str1.4
                0x0802118c       0x10 ..\..\..\..\..\..\..\..\..\Program Files (x86)\GNU Tools ARM Embedded\4.7 2012q4\arm-none-eabi\lib\armv7-m\libc.a(lib_a-dtoa.o)
                                 0x14 (size before relaxing)
 .rodata.str1.4
                0x0802119c        0xa ..\..\..\..\..\..\..\..\..\Program Files (x86)\GNU Tools ARM Embedded\4.7 2012q4\arm-none-eabi\lib\armv7-m\libc.a(lib_a-locale.o)
                                 0x14 (size before relaxing)
 *fill*         0x080211a6        0x2 
 .rodata.p05.5242
                0x080211a8        0xc ..\..\..\..\..\..\..\..\..\Program Files (x86)\GNU Tools ARM Embedded\4.7 2012q4\arm-none-eabi\lib\armv7-m\libc.a(lib_a-mprec.o)
 *fill*         0x080211b4        0x4 
 .rodata.__mprec_tens
                0x080211b8       0xc8 ..\..\..\..\..\..\..\..\..\Program Files (x86)\GNU Tools ARM Embedded\4.7 2012q4\arm-none-eabi\lib\armv7-m\libc.a(lib_a-mprec.o)
                0x080211b8                __mprec_tens
 .rodata.__mprec_bigtens
                0x08021280       0x28 ..\..\..\..\..\..\..\..\..\Program Files (x86)\GNU Tools ARM Embedded\4.7 2012q4\arm-none-eabi\lib\armv7-m\libc.a(lib_a-mprec.o)
                0x08021280                __mprec_bigtens
 .rodata._ZTVN10__cxxabiv120__si_class_type_infoE
                0x080212a8       0x30 ..\..\..\..\..\..\..\..\..\Program Files (x86)\GNU Tools ARM Embedded\4.7 2012q4\arm-none-eabi\lib\armv7-m\libstdc++.a(si_class_type_info.o)
                0x080212a8                vtable for __cxxabiv1::__si_class_type_info
 .rodata._ZTIN10__cxxabiv120__si_class_type_infoE
                0x080212d8        0xc ..\..\..\..\..\..\..\..\..\Program Files (x86)\GNU Tools ARM Embedded\4.7 2012q4\arm-none-eabi\lib\armv7-m\libstdc++.a(si_class_type_info.o)
                0x080212d8                typeinfo for __cxxabiv1::__si_class_type_info
 .rodata._ZTSN10__cxxabiv120__si_class_type_infoE
                0x080212e4       0x28 ..\..\..\..\..\..\..\..\..\Program Files (x86)\GNU Tools ARM Embedded\4.7 2012q4\arm-none-eabi\lib\armv7-m\libstdc++.a(si_class_type_info.o)
                0x080212e4                typeinfo name for __cxxabiv1::__si_class_type_info
 .rodata.str1.4
                0x0802130c       0x3b ..\..\..\..\..\..\..\..\..\Program Files (x86)\GNU Tools ARM Embedded\4.7 2012q4\arm-none-eabi\lib\armv7-m\libstdc++.a(pure.o)
                                 0x3c (size before relaxing)
 *fill*         0x08021347        0x1 
 .rodata._ZTVN10__cxxabiv117__class_type_infoE
                0x08021348       0x30 ..\..\..\..\..\..\..\..\..\Program Files (x86)\GNU Tools ARM Embedded\4.7 2012q4\arm-none-eabi\lib\armv7-m\libstdc++.a(class_type_info.o)
                0x08021348                vtable for __cxxabiv1::__class_type_info
 .rodata._ZTIN10__cxxabiv117__class_type_infoE
                0x08021378        0xc ..\..\..\..\..\..\..\..\..\Program Files (x86)\GNU Tools ARM Embedded\4.7 2012q4\arm-none-eabi\lib\armv7-m\libstdc++.a(class_type_info.o)
                0x08021378                typeinfo for __cxxabiv1::__class_type_info
 .rodata._ZTSN10__cxxabiv117__class_type_infoE
                0x08021384       0x24 ..\..\..\..\..\..\..\..\..\Program Files (x86)\GNU Tools ARM Embedded\4.7 2012q4\arm-none-eabi\lib\armv7-m\libstdc++.a(class_type_info.o)
                0x08021384                typeinfo name for __cxxabiv1::__class_type_info
 .rodata._ZTISt9type_info
                0x080213a8        0x8 ..\..\..\..\..\..\..\..\..\Program Files (x86)\GNU Tools ARM Embedded\4.7 2012q4\arm-none-eabi\lib\armv7-m\libstdc++.a(tinfo.o)
                0x080213a8                typeinfo for std::type_info
 .rodata._ZTSSt9type_info
                0x080213b0       0x10 ..\..\..\..\..\..\..\..\..\Program Files (x86)\GNU Tools ARM Embedded\4.7 2012q4\arm-none-eabi\lib\armv7-m\libstdc++.a(tinfo.o)
                0x080213b0                typeinfo name for std::type_info
 .rodata._ZTVSt9type_info
                0x080213c0       0x20 ..\..\..\..\..\..\..\..\..\Program Files (x86)\GNU Tools ARM Embedded\4.7 2012q4\arm-none-eabi\lib\armv7-m\libstdc++.a(tinfo.o)
                0x080213c0                vtable for std::type_info
 .rodata._ZTVSt9exception
                0x080213e0       0x18 ..\..\..\..\..\..\..\..\..\Program Files (x86)\GNU Tools ARM Embedded\4.7 2012q4\arm-none-eabi\lib\armv7-m\libstdc++.a(eh_exception.o)
                0x080213e0                vtable for std::exception
 .rodata._ZTIN10__cxxabiv115__forced_unwindE
                0x080213f8        0x8 ..\..\..\..\..\..\..\..\..\Program Files (x86)\GNU Tools ARM Embedded\4.7 2012q4\arm-none-eabi\lib\armv7-m\libstdc++.a(eh_exception.o)
                0x080213f8                typeinfo for __cxxabiv1::__forced_unwind
 .rodata._ZTISt9exception
                0x08021400        0x8 ..\..\..\..\..\..\..\..\..\Program Files (x86)\GNU Tools ARM Embedded\4.7 2012q4\arm-none-eabi\lib\armv7-m\libstdc++.a(eh_exception.o)
                0x08021400                typeinfo for std::exception
 .rodata._ZTSSt13bad_exception
                0x08021408       0x14 ..\..\..\..\..\..\..\..\..\Program Files (x86)\GNU Tools ARM Embedded\4.7 2012q4\arm-none-eabi\lib\armv7-m\libstdc++.a(eh_exception.o)
                0x08021408                typeinfo name for std::bad_exception
 .rodata.str1.4
                0x0802141c       0x23 ..\..\..\..\..\..\..\..\..\Program Files (x86)\GNU Tools ARM Embedded\4.7 2012q4\arm-none-eabi\lib\armv7-m\libstdc++.a(eh_exception.o)
                                 0x24 (size before relaxing)
 *fill*         0x0802143f        0x1 
 .rodata._ZTSN10__cxxabiv119__foreign_exceptionE
                0x08021440       0x24 ..\..\..\..\..\..\..\..\..\Program Files (x86)\GNU Tools ARM Embedded\4.7 2012q4\arm-none-eabi\lib\armv7-m\libstdc++.a(eh_exception.o)
                0x08021440                typeinfo name for __cxxabiv1::__foreign_exception
 .rodata._ZTIN10__cxxabiv119__foreign_exceptionE
                0x08021464        0x8 ..\..\..\..\..\..\..\..\..\Program Files (x86)\GNU Tools ARM Embedded\4.7 2012q4\arm-none-eabi\lib\armv7-m\libstdc++.a(eh_exception.o)
                0x08021464                typeinfo for __cxxabiv1::__foreign_exception
 *fill*         0x0802146c        0x4 
 .rodata._ZTVSt13bad_exception
                0x08021470       0x18 ..\..\..\..\..\..\..\..\..\Program Files (x86)\GNU Tools ARM Embedded\4.7 2012q4\arm-none-eabi\lib\armv7-m\libstdc++.a(eh_exception.o)
                0x08021470                vtable for std::bad_exception
 .rodata._ZTSSt9exception
                0x08021488       0x10 ..\..\..\..\..\..\..\..\..\Program Files (x86)\GNU Tools ARM Embedded\4.7 2012q4\arm-none-eabi\lib\armv7-m\libstdc++.a(eh_exception.o)
                0x08021488                typeinfo name for std::exception
 .rodata._ZTSN10__cxxabiv115__forced_unwindE
                0x08021498       0x20 ..\..\..\..\..\..\..\..\..\Program Files (x86)\GNU Tools ARM Embedded\4.7 2012q4\arm-none-eabi\lib\armv7-m\libstdc++.a(eh_exception.o)
                0x08021498                typeinfo name for __cxxabiv1::__forced_unwind
 .rodata._ZTISt13bad_exception
                0x080214b8        0xc ..\..\..\..\..\..\..\..\..\Program Files (x86)\GNU Tools ARM Embedded\4.7 2012q4\arm-none-eabi\lib\armv7-m\libstdc++.a(eh_exception.o)
                0x080214b8                typeinfo for std::bad_exception
 .rodata.str1.4
                0x080214c4       0x94 ..\..\..\..\..\..\..\..\..\Program Files (x86)\GNU Tools ARM Embedded\4.7 2012q4\arm-none-eabi\lib\armv7-m\libstdc++.a(vterminate.o)
 .rodata        0x08021558      0x6f8 ..\..\..\..\..\..\..\..\..\Program Files (x86)\GNU Tools ARM Embedded\4.7 2012q4\arm-none-eabi\lib\armv7-m\libstdc++.a(cp-demangle.o)
 .rodata.str1.4
                0x08021c50      0x618 ..\..\..\..\..\..\..\..\..\Program Files (x86)\GNU Tools ARM Embedded\4.7 2012q4\arm-none-eabi\lib\armv7-m\libstdc++.a(cp-demangle.o)
                                0x644 (size before relaxing)
 *(.eh_frame*)
 .eh_frame      0x08022268        0x0 c:/program files (x86)/gnu tools arm embedded/4.8 2014q2/bin/../lib/gcc/arm-none-eabi/4.8.4/armv7e-m/crtbegin.o
 .eh_frame      0x08022268        0x4 c:/program files (x86)/gnu tools arm embedded/4.8 2014q2/bin/../lib/gcc/arm-none-eabi/4.8.4/armv7e-m/crtend.o

.glue_7         0x0802226c        0x0
 .glue_7        0x00000000        0x0 linker stubs

.glue_7t        0x0802226c        0x0
 .glue_7t       0x00000000        0x0 linker stubs

.vfp11_veneer   0x0802226c        0x0
 .vfp11_veneer  0x00000000        0x0 linker stubs

.v4_bx          0x0802226c        0x0
 .v4_bx         0x00000000        0x0 linker stubs

.iplt           0x0802226c        0x0
 .iplt          0x00000000        0x0 c:/program files (x86)/gnu tools arm embedded/4.8 2014q2/bin/../lib/gcc/arm-none-eabi/4.8.4/armv7e-m/crtbegin.o

.ARM.extab      0x0802226c      0xa44
 *(.ARM.extab* .gnu.linkonce.armextab.*)
 .ARM.extab     0x0802226c       0x90 C:\Users\JAVIS\AppData\Local\Temp\ccoHxJSc.ltrans0.ltrans.o
 .ARM.extab     0x080222fc       0x98 C:\Users\JAVIS\AppData\Local\Temp\ccoHxJSc.ltrans1.ltrans.o
 .ARM.extab     0x08022394      0x168 C:\Users\JAVIS\AppData\Local\Temp\ccoHxJSc.ltrans2.ltrans.o
 .ARM.extab     0x080224fc      0x144 C:\Users\JAVIS\AppData\Local\Temp\ccoHxJSc.ltrans3.ltrans.o
 .ARM.extab     0x08022640       0x84 C:\Users\JAVIS\AppData\Local\Temp\ccoHxJSc.ltrans4.ltrans.o
 .ARM.extab     0x080226c4      0x26c C:\Users\JAVIS\AppData\Local\Temp\ccoHxJSc.ltrans5.ltrans.o
 .ARM.extab     0x08022930       0x54 C:\Users\JAVIS\AppData\Local\Temp\ccoHxJSc.ltrans6.ltrans.o
 .ARM.extab     0x08022984      0x1a4 C:\Users\JAVIS\AppData\Local\Temp\ccoHxJSc.ltrans7.ltrans.o
 .ARM.extab     0x08022b28       0x6c C:\Users\JAVIS\AppData\Local\Temp\ccoHxJSc.ltrans8.ltrans.o
 .ARM.extab.text.__cxa_pure_virtual
                0x08022b94        0xc ..\..\..\..\..\..\..\..\..\Program Files (x86)\GNU Tools ARM Embedded\4.7 2012q4\arm-none-eabi\lib\armv7-m\libstdc++.a(pure.o)
 .ARM.extab.text._ZL21base_of_encoded_valuehP15_Unwind_Context
                0x08022ba0        0xc ..\..\..\..\..\..\..\..\..\Program Files (x86)\GNU Tools ARM Embedded\4.7 2012q4\arm-none-eabi\lib\armv7-m\libstdc++.a(eh_personality.o)
 .ARM.extab.text.__gxx_personality_v0
                0x08022bac       0x20 ..\..\..\..\..\..\..\..\..\Program Files (x86)\GNU Tools ARM Embedded\4.7 2012q4\arm-none-eabi\lib\armv7-m\libstdc++.a(eh_personality.o)
 .ARM.extab.text._ZN10__cxxabiv111__terminateEPFvvE
                0x08022bcc       0x2c ..\..\..\..\..\..\..\..\..\Program Files (x86)\GNU Tools ARM Embedded\4.7 2012q4\arm-none-eabi\lib\armv7-m\libstdc++.a(eh_terminate.o)
 .ARM.extab.text._ZN10__cxxabiv112__unexpectedEPFvvE
                0x08022bf8        0xc ..\..\..\..\..\..\..\..\..\Program Files (x86)\GNU Tools ARM Embedded\4.7 2012q4\arm-none-eabi\lib\armv7-m\libstdc++.a(eh_terminate.o)
 .ARM.extab.text._ZSt10unexpectedv
                0x08022c04        0xc ..\..\..\..\..\..\..\..\..\Program Files (x86)\GNU Tools ARM Embedded\4.7 2012q4\arm-none-eabi\lib\armv7-m\libstdc++.a(eh_terminate.o)
 .ARM.extab.text.__cxa_call_unexpected
                0x08022c10       0x2c ..\..\..\..\..\..\..\..\..\Program Files (x86)\GNU Tools ARM Embedded\4.7 2012q4\arm-none-eabi\lib\armv7-m\libstdc++.a(eh_call.o)
 .ARM.extab.text.__cxa_begin_catch
                0x08022c3c       0x1c ..\..\..\..\..\..\..\..\..\Program Files (x86)\GNU Tools ARM Embedded\4.7 2012q4\arm-none-eabi\lib\armv7-m\libstdc++.a(eh_catch.o)
 .ARM.extab.text._ZN9__gnu_cxx27__verbose_terminate_handlerEv
                0x08022c58       0x34 ..\..\..\..\..\..\..\..\..\Program Files (x86)\GNU Tools ARM Embedded\4.7 2012q4\arm-none-eabi\lib\armv7-m\libstdc++.a(vterminate.o)
 .ARM.extab     0x08022c8c        0xc c:/program files (x86)/gnu tools arm embedded/4.8 2014q2/bin/../lib/gcc/arm-none-eabi/4.8.4/armv7e-m\libgcc.a(unwind-arm.o)
 .ARM.extab     0x08022c98       0x18 c:/program files (x86)/gnu tools arm embedded/4.8 2014q2/bin/../lib/gcc/arm-none-eabi/4.8.4/armv7e-m\libgcc.a(pr-support.o)
                0x08022cb0                __exidx_start = .

.ARM.exidx      0x08022cb0      0x9c8
 *(.ARM.exidx* .gnu.linkonce.armexidx.*)
 .ARM.exidx     0x08022cb0        0x8 c:/program files (x86)/gnu tools arm embedded/4.8 2014q2/bin/../lib/gcc/arm-none-eabi/4.8.4/../../../../arm-none-eabi/lib/armv7e-m/crt0.o
 .ARM.exidx     0x08022cb8       0x88 C:\Users\JAVIS\AppData\Local\Temp\ccoHxJSc.ltrans0.ltrans.o
                                0x310 (size before relaxing)
 .ARM.exidx     0x08022d40       0x68 C:\Users\JAVIS\AppData\Local\Temp\ccoHxJSc.ltrans1.ltrans.o
                                0x168 (size before relaxing)
 .ARM.exidx     0x08022da8      0x140 C:\Users\JAVIS\AppData\Local\Temp\ccoHxJSc.ltrans2.ltrans.o
                                0x2f8 (size before relaxing)
 .ARM.exidx     0x08022ee8       0xf8 C:\Users\JAVIS\AppData\Local\Temp\ccoHxJSc.ltrans3.ltrans.o
 .ARM.exidx     0x08022fe0       0x70 C:\Users\JAVIS\AppData\Local\Temp\ccoHxJSc.ltrans4.ltrans.o
                                0x160 (size before relaxing)
 .ARM.exidx     0x08023050      0x1b8 C:\Users\JAVIS\AppData\Local\Temp\ccoHxJSc.ltrans5.ltrans.o
                                0x248 (size before relaxing)
 .ARM.exidx     0x08023208       0x78 C:\Users\JAVIS\AppData\Local\Temp\ccoHxJSc.ltrans6.ltrans.o
                                0x358 (size before relaxing)
 .ARM.exidx     0x08023280      0x168 C:\Users\JAVIS\AppData\Local\Temp\ccoHxJSc.ltrans7.ltrans.o
                                0x260 (size before relaxing)
 .ARM.exidx     0x080233e8       0x90 C:\Users\JAVIS\AppData\Local\Temp\ccoHxJSc.ltrans8.ltrans.o
                                0x170 (size before relaxing)
 .ARM.exidx     0x08023478       0x30 c:/program files (x86)/gnu tools arm embedded/4.8 2014q2/bin/../lib/gcc/arm-none-eabi/4.8.4/armv7e-m\libgcc.a(unwind-c.o)
                                 0x48 (size before relaxing)
 .ARM.exidx.text._ZNK10__cxxabiv120__si_class_type_info12__do_dyncastEiNS_17__class_type_info10__sub_kindEPKS1_PKvS4_S6_RNS1_16__dyncast_resultE
                0x080234a8        0x8 ..\..\..\..\..\..\..\..\..\Program Files (x86)\GNU Tools ARM Embedded\4.7 2012q4\arm-none-eabi\lib\armv7-m\libstdc++.a(si_class_type_info.o)
 .ARM.exidx.text._ZN10__cxxabiv120__si_class_type_infoD2Ev
                0x080234b0        0x8 ..\..\..\..\..\..\..\..\..\Program Files (x86)\GNU Tools ARM Embedded\4.7 2012q4\arm-none-eabi\lib\armv7-m\libstdc++.a(si_class_type_info.o)
 .ARM.exidx.text._ZN10__cxxabiv120__si_class_type_infoD0Ev
                0x080234b8        0x0 ..\..\..\..\..\..\..\..\..\Program Files (x86)\GNU Tools ARM Embedded\4.7 2012q4\arm-none-eabi\lib\armv7-m\libstdc++.a(si_class_type_info.o)
                                  0x8 (size before relaxing)
 .ARM.exidx.text._ZNK10__cxxabiv120__si_class_type_info11__do_upcastEPKNS_17__class_type_infoEPKvRNS1_15__upcast_resultE
                0x080234b8        0x8 ..\..\..\..\..\..\..\..\..\Program Files (x86)\GNU Tools ARM Embedded\4.7 2012q4\arm-none-eabi\lib\armv7-m\libstdc++.a(si_class_type_info.o)
 .ARM.exidx.text._ZNK10__cxxabiv120__si_class_type_info20__do_find_public_srcEiPKvPKNS_17__class_type_infoES2_
                0x080234c0        0x8 ..\..\..\..\..\..\..\..\..\Program Files (x86)\GNU Tools ARM Embedded\4.7 2012q4\arm-none-eabi\lib\armv7-m\libstdc++.a(si_class_type_info.o)
 .ARM.exidx.text.__cxa_pure_virtual
                0x080234c8        0x8 ..\..\..\..\..\..\..\..\..\Program Files (x86)\GNU Tools ARM Embedded\4.7 2012q4\arm-none-eabi\lib\armv7-m\libstdc++.a(pure.o)
 .ARM.exidx.text._ZdlPv
                0x080234d0        0x8 ..\..\..\..\..\..\..\..\..\Program Files (x86)\GNU Tools ARM Embedded\4.7 2012q4\arm-none-eabi\lib\armv7-m\libstdc++.a(del_op.o)
 .ARM.exidx.text._ZNK10__cxxabiv117__class_type_info11__do_upcastEPKS0_PPv
                0x080234d8        0x8 ..\..\..\..\..\..\..\..\..\Program Files (x86)\GNU Tools ARM Embedded\4.7 2012q4\arm-none-eabi\lib\armv7-m\libstdc++.a(class_type_info.o)
 .ARM.exidx.text._ZNK10__cxxabiv117__class_type_info20__do_find_public_srcEiPKvPKS0_S2_
                0x080234e0        0x8 ..\..\..\..\..\..\..\..\..\Program Files (x86)\GNU Tools ARM Embedded\4.7 2012q4\arm-none-eabi\lib\armv7-m\libstdc++.a(class_type_info.o)
 .ARM.exidx.text._ZNK10__cxxabiv117__class_type_info11__do_upcastEPKS0_PKvRNS0_15__upcast_resultE
                0x080234e8        0x8 ..\..\..\..\..\..\..\..\..\Program Files (x86)\GNU Tools ARM Embedded\4.7 2012q4\arm-none-eabi\lib\armv7-m\libstdc++.a(class_type_info.o)
 .ARM.exidx.text._ZN10__cxxabiv117__class_type_infoD2Ev
                0x080234f0        0x8 ..\..\..\..\..\..\..\..\..\Program Files (x86)\GNU Tools ARM Embedded\4.7 2012q4\arm-none-eabi\lib\armv7-m\libstdc++.a(class_type_info.o)
 .ARM.exidx.text._ZN10__cxxabiv117__class_type_infoD0Ev
                0x080234f8        0x0 ..\..\..\..\..\..\..\..\..\Program Files (x86)\GNU Tools ARM Embedded\4.7 2012q4\arm-none-eabi\lib\armv7-m\libstdc++.a(class_type_info.o)
                                  0x8 (size before relaxing)
 .ARM.exidx.text._ZNK10__cxxabiv117__class_type_info12__do_dyncastEiNS0_10__sub_kindEPKS0_PKvS3_S5_RNS0_16__dyncast_resultE
                0x080234f8        0x8 ..\..\..\..\..\..\..\..\..\Program Files (x86)\GNU Tools ARM Embedded\4.7 2012q4\arm-none-eabi\lib\armv7-m\libstdc++.a(class_type_info.o)
 .ARM.exidx.text._ZNK10__cxxabiv117__class_type_info10__do_catchEPKSt9type_infoPPvj
                0x08023500        0x8 ..\..\..\..\..\..\..\..\..\Program Files (x86)\GNU Tools ARM Embedded\4.7 2012q4\arm-none-eabi\lib\armv7-m\libstdc++.a(class_type_info.o)
 .ARM.exidx.text._ZL12read_sleb128PKhPl
                0x08023508        0x8 ..\..\..\..\..\..\..\..\..\Program Files (x86)\GNU Tools ARM Embedded\4.7 2012q4\arm-none-eabi\lib\armv7-m\libstdc++.a(eh_personality.o)
 .ARM.exidx.text._ZL28read_encoded_value_with_basehjPKhPj
                0x08023510        0x8 ..\..\..\..\..\..\..\..\..\Program Files (x86)\GNU Tools ARM Embedded\4.7 2012q4\arm-none-eabi\lib\armv7-m\libstdc++.a(eh_personality.o)
 .ARM.exidx.text._ZL21base_of_encoded_valuehP15_Unwind_Context
                0x08023518        0x8 ..\..\..\..\..\..\..\..\..\Program Files (x86)\GNU Tools ARM Embedded\4.7 2012q4\arm-none-eabi\lib\armv7-m\libstdc++.a(eh_personality.o)
 .ARM.exidx.text._ZL17parse_lsda_headerP15_Unwind_ContextPKhP16lsda_header_info
                0x08023520        0x8 ..\..\..\..\..\..\..\..\..\Program Files (x86)\GNU Tools ARM Embedded\4.7 2012q4\arm-none-eabi\lib\armv7-m\libstdc++.a(eh_personality.o)
 .ARM.exidx.text.__gxx_personality_v0
                0x08023528        0x8 ..\..\..\..\..\..\..\..\..\Program Files (x86)\GNU Tools ARM Embedded\4.7 2012q4\arm-none-eabi\lib\armv7-m\libstdc++.a(eh_personality.o)
 .ARM.exidx.text._ZN10__cxxabiv111__terminateEPFvvE
                0x08023530        0x8 ..\..\..\..\..\..\..\..\..\Program Files (x86)\GNU Tools ARM Embedded\4.7 2012q4\arm-none-eabi\lib\armv7-m\libstdc++.a(eh_terminate.o)
 .ARM.exidx.text._ZSt9terminatev
                0x08023538        0x8 ..\..\..\..\..\..\..\..\..\Program Files (x86)\GNU Tools ARM Embedded\4.7 2012q4\arm-none-eabi\lib\armv7-m\libstdc++.a(eh_terminate.o)
 .ARM.exidx.text._ZN10__cxxabiv112__unexpectedEPFvvE
                0x08023540        0x8 ..\..\..\..\..\..\..\..\..\Program Files (x86)\GNU Tools ARM Embedded\4.7 2012q4\arm-none-eabi\lib\armv7-m\libstdc++.a(eh_terminate.o)
 .ARM.exidx.text._ZSt10unexpectedv
                0x08023548        0x8 ..\..\..\..\..\..\..\..\..\Program Files (x86)\GNU Tools ARM Embedded\4.7 2012q4\arm-none-eabi\lib\armv7-m\libstdc++.a(eh_terminate.o)
 .ARM.exidx.text._ZNSt9type_infoD2Ev
                0x08023550        0x8 ..\..\..\..\..\..\..\..\..\Program Files (x86)\GNU Tools ARM Embedded\4.7 2012q4\arm-none-eabi\lib\armv7-m\libstdc++.a(tinfo.o)
 .ARM.exidx.text._ZNKSt9type_info14__is_pointer_pEv
                0x08023558        0x0 ..\..\..\..\..\..\..\..\..\Program Files (x86)\GNU Tools ARM Embedded\4.7 2012q4\arm-none-eabi\lib\armv7-m\libstdc++.a(tinfo.o)
                                  0x8 (size before relaxing)
 .ARM.exidx.text._ZNKSt9type_info15__is_function_pEv
                0x08023558        0x0 ..\..\..\..\..\..\..\..\..\Program Files (x86)\GNU Tools ARM Embedded\4.7 2012q4\arm-none-eabi\lib\armv7-m\libstdc++.a(tinfo.o)
                                  0x8 (size before relaxing)
 .ARM.exidx.text._ZNKSt9type_info11__do_upcastEPKN10__cxxabiv117__class_type_infoEPPv
                0x08023558        0x0 ..\..\..\..\..\..\..\..\..\Program Files (x86)\GNU Tools ARM Embedded\4.7 2012q4\arm-none-eabi\lib\armv7-m\libstdc++.a(tinfo.o)
                                  0x8 (size before relaxing)
 .ARM.exidx.text._ZNSt9type_infoD0Ev
                0x08023558        0x0 ..\..\..\..\..\..\..\..\..\Program Files (x86)\GNU Tools ARM Embedded\4.7 2012q4\arm-none-eabi\lib\armv7-m\libstdc++.a(tinfo.o)
                                  0x8 (size before relaxing)
 .ARM.exidx.text._ZNKSt9type_infoeqERKS_
                0x08023558        0x0 ..\..\..\..\..\..\..\..\..\Program Files (x86)\GNU Tools ARM Embedded\4.7 2012q4\arm-none-eabi\lib\armv7-m\libstdc++.a(tinfo.o)
                                  0x8 (size before relaxing)
 .ARM.exidx.text._ZNKSt9type_info10__do_catchEPKS_PPvj
                0x08023558        0x0 ..\..\..\..\..\..\..\..\..\Program Files (x86)\GNU Tools ARM Embedded\4.7 2012q4\arm-none-eabi\lib\armv7-m\libstdc++.a(tinfo.o)
                                  0x8 (size before relaxing)
 .ARM.exidx.text._ZN10__cxxabiv1L24__is_gxx_exception_classEPc
                0x08023558        0x0 ..\..\..\..\..\..\..\..\..\Program Files (x86)\GNU Tools ARM Embedded\4.7 2012q4\arm-none-eabi\lib\armv7-m\libstdc++.a(eh_call.o)
                                  0x8 (size before relaxing)
 .ARM.exidx.text.__cxa_call_terminate
                0x08023558        0x0 ..\..\..\..\..\..\..\..\..\Program Files (x86)\GNU Tools ARM Embedded\4.7 2012q4\arm-none-eabi\lib\armv7-m\libstdc++.a(eh_call.o)
                                  0x8 (size before relaxing)
 .ARM.exidx.text.__cxa_call_unexpected
                0x08023558       0x10 ..\..\..\..\..\..\..\..\..\Program Files (x86)\GNU Tools ARM Embedded\4.7 2012q4\arm-none-eabi\lib\armv7-m\libstdc++.a(eh_call.o)
                                  0x8 (size before relaxing)
 .ARM.exidx.text.__cxa_type_match
                0x08023568        0x8 ..\..\..\..\..\..\..\..\..\Program Files (x86)\GNU Tools ARM Embedded\4.7 2012q4\arm-none-eabi\lib\armv7-m\libstdc++.a(eh_arm.o)
 .ARM.exidx.text.__cxa_begin_cleanup
                0x08023570        0x8 ..\..\..\..\..\..\..\..\..\Program Files (x86)\GNU Tools ARM Embedded\4.7 2012q4\arm-none-eabi\lib\armv7-m\libstdc++.a(eh_arm.o)
 .ARM.exidx.text.__gnu_end_cleanup
                0x08023578        0x0 ..\..\..\..\..\..\..\..\..\Program Files (x86)\GNU Tools ARM Embedded\4.7 2012q4\arm-none-eabi\lib\armv7-m\libstdc++.a(eh_arm.o)
                                  0x8 (size before relaxing)
 .ARM.exidx.text.__cxa_get_globals_fast
                0x08023578        0x0 ..\..\..\..\..\..\..\..\..\Program Files (x86)\GNU Tools ARM Embedded\4.7 2012q4\arm-none-eabi\lib\armv7-m\libstdc++.a(eh_globals.o)
                                  0x8 (size before relaxing)
 .ARM.exidx.text.__cxa_get_globals
                0x08023578        0x0 ..\..\..\..\..\..\..\..\..\Program Files (x86)\GNU Tools ARM Embedded\4.7 2012q4\arm-none-eabi\lib\armv7-m\libstdc++.a(eh_globals.o)
                                  0x8 (size before relaxing)
 .ARM.exidx.text.__cxa_begin_catch