Archive member included because of file (symbol)

..\..\..\..\..\..\..\..\..\Program Files (x86)\GNU Tools ARM Embedded\4.8 2014q2\arm-none-eabi\lib\libm.a(lib_a-s_fpclassify.o)
                              ..\obj\Print.o (symbol from plugin) (__fpclassifyd)
..\..\..\..\..\..\..\..\..\Program Files (x86)\GNU Tools ARM Embedded\4.8 2014q2\arm-none-eabi\lib\libc.a(lib_a-aeabi_atexit.o)
                              ..\obj\ArduinoStyle.o (symbol from plugin) (__aeabi_atexit)
..\..\..\..\..\..\..\..\..\Program Files (x86)\GNU Tools ARM Embedded\4.8 2014q2\arm-none-eabi\lib\libc.a(lib_a-atol.o)
                              ..\obj\WString.o (symbol from plugin) (atol)
..\..\..\..\..\..\..\..\..\Program Files (x86)\GNU Tools ARM Embedded\4.8 2014q2\arm-none-eabi\lib\libc.a(lib_a-cxa_atexit.o)
                              ..\..\..\..\..\..\..\..\..\Program Files (x86)\GNU Tools ARM Embedded\4.8 2014q2\arm-none-eabi\lib\libc.a(lib_a-aeabi_atexit.o) (__cxa_atexit)
..\..\..\..\..\..\..\..\..\Program Files (x86)\GNU Tools ARM Embedded\4.8 2014q2\arm-none-eabi\lib\libc.a(lib_a-exit.o)
                              c:/program files (x86)/gnu tools arm embedded/4.8 2014q2/bin/../lib/gcc/arm-none-eabi/4.8.4/../../../../arm-none-eabi/lib/armv7e-m/crt0.o (exit)
..\..\..\..\..\..\..\..\..\Program Files (x86)\GNU Tools ARM Embedded\4.8 2014q2\arm-none-eabi\lib\libc.a(lib_a-impure.o)
                              ..\..\..\..\..\..\..\..\..\Program Files (x86)\GNU Tools ARM Embedded\4.8 2014q2\arm-none-eabi\lib\libc.a(lib_a-exit.o) (_global_impure_ptr)
..\..\..\..\..\..\..\..\..\Program Files (x86)\GNU Tools ARM Embedded\4.8 2014q2\arm-none-eabi\lib\libc.a(lib_a-init.o)
                              c:/program files (x86)/gnu tools arm embedded/4.8 2014q2/bin/../lib/gcc/arm-none-eabi/4.8.4/../../../../arm-none-eabi/lib/armv7e-m/crt0.o (__libc_init_array)
..\..\..\..\..\..\..\..\..\Program Files (x86)\GNU Tools ARM Embedded\4.8 2014q2\arm-none-eabi\lib\libc.a(lib_a-isspace.o)
                              ..\obj\WString.o (symbol from plugin) (isspace)
..\..\..\..\..\..\..\..\..\Program Files (x86)\GNU Tools ARM Embedded\4.8 2014q2\arm-none-eabi\lib\libc.a(lib_a-malloc.o)
                              ..\obj\BufferFunctions.o (symbol from plugin) (malloc)
..\..\..\..\..\..\..\..\..\Program Files (x86)\GNU Tools ARM Embedded\4.8 2014q2\arm-none-eabi\lib\libc.a(lib_a-mallocr.o)
                              ..\..\..\..\..\..\..\..\..\Program Files (x86)\GNU Tools ARM Embedded\4.8 2014q2\arm-none-eabi\lib\libc.a(lib_a-malloc.o) (_malloc_r)
..\..\..\..\..\..\..\..\..\Program Files (x86)\GNU Tools ARM Embedded\4.8 2014q2\arm-none-eabi\lib\libc.a(lib_a-memcmp.o)
                              ..\obj\IPAddress.o (symbol from plugin) (memcmp)
..\..\..\..\..\..\..\..\..\Program Files (x86)\GNU Tools ARM Embedded\4.8 2014q2\arm-none-eabi\lib\libc.a(lib_a-memcpy-stub.o)
                              ..\obj\IPAddress.o (symbol from plugin) (memcpy)
..\..\..\..\..\..\..\..\..\Program Files (x86)\GNU Tools ARM Embedded\4.8 2014q2\arm-none-eabi\lib\libc.a(lib_a-memmove.o)
                              ..\obj\WString.o (symbol from plugin) (memmove)
..\..\..\..\..\..\..\..\..\Program Files (x86)\GNU Tools ARM Embedded\4.8 2014q2\arm-none-eabi\lib\libc.a(lib_a-memset.o)
                              c:/program files (x86)/gnu tools arm embedded/4.8 2014q2/bin/../lib/gcc/arm-none-eabi/4.8.4/../../../../arm-none-eabi/lib/armv7e-m/crt0.o (memset)
..\..\..\..\..\..\..\..\..\Program Files (x86)\GNU Tools ARM Embedded\4.8 2014q2\arm-none-eabi\lib\libc.a(lib_a-mlock.o)
                              ..\..\..\..\..\..\..\..\..\Program Files (x86)\GNU Tools ARM Embedded\4.8 2014q2\arm-none-eabi\lib\libc.a(lib_a-mallocr.o) (__malloc_lock)
..\..\..\..\..\..\..\..\..\Program Files (x86)\GNU Tools ARM Embedded\4.8 2014q2\arm-none-eabi\lib\libc.a(lib_a-realloc.o)
                              ..\obj\WString.o (symbol from plugin) (realloc)
..\..\..\..\..\..\..\..\..\Program Files (x86)\GNU Tools ARM Embedded\4.8 2014q2\arm-none-eabi\lib\libc.a(lib_a-reallocr.o)
                              ..\..\..\..\..\..\..\..\..\Program Files (x86)\GNU Tools ARM Embedded\4.8 2014q2\arm-none-eabi\lib\libc.a(lib_a-realloc.o) (_realloc_r)
..\..\..\..\..\..\..\..\..\Program Files (x86)\GNU Tools ARM Embedded\4.8 2014q2\arm-none-eabi\lib\libc.a(lib_a-sbrkr.o)
                              ..\..\..\..\..\..\..\..\..\Program Files (x86)\GNU Tools ARM Embedded\4.8 2014q2\arm-none-eabi\lib\libc.a(lib_a-mallocr.o) (_sbrk_r)
..\..\..\..\..\..\..\..\..\Program Files (x86)\GNU Tools ARM Embedded\4.8 2014q2\arm-none-eabi\lib\libc.a(lib_a-sprintf.o)
                              ..\obj\WString.o (symbol from plugin) (sprintf)
..\..\..\..\..\..\..\..\..\Program Files (x86)\GNU Tools ARM Embedded\4.8 2014q2\arm-none-eabi\lib\libc.a(lib_a-strchr.o)
                              ..\obj\WString.o (symbol from plugin) (strchr)
[...]
Memory Configuration

Name             Origin             Length             Attributes
FLASH            0x08000000         0x00100000         xr
RAM              0x20000000         0x00020000         xrw
RAM1             0x10000000         0x00010000         xrw
*default*        0x00000000         0xffffffff

Linker script and memory map

LOAD c:/program files (x86)/gnu tools arm embedded/4.8 2014q2/bin/../lib/gcc/arm-none-eabi/4.8.4/armv7e-m/crti.o
LOAD c:/program files (x86)/gnu tools arm embedded/4.8 2014q2/bin/../lib/gcc/arm-none-eabi/4.8.4/armv7e-m/crtbegin.o
LOAD c:/program files (x86)/gnu tools arm embedded/4.8 2014q2/bin/../lib/gcc/arm-none-eabi/4.8.4/../../../../arm-none-eabi/lib/armv7e-m/crt0.o

.text           0x08000000    0x23044
 *(.isr_vector)
 .isr_vector    0x08000000      0x188 C:\Users\CALJAV~1\AppData\Local\Temp\ccphWPxc.ltrans0.ltrans.o
                0x08000000                g_pfnVectors
 *(.text*)
 .text          0x08000188       0x54 c:/program files (x86)/gnu tools arm embedded/4.8 2014q2/bin/../lib/gcc/arm-none-eabi/4.8.4/armv7e-m/crtbegin.o
 .text          0x080001dc       0x74 c:/program files (x86)/gnu tools arm embedded/4.8 2014q2/bin/../lib/gcc/arm-none-eabi/4.8.4/../../../../arm-none-eabi/lib/armv7e-m/crt0.o
                0x080001dc                _start
                0x080001dc                _mainCRTStartup
 .text          0x08000250     0x1cf4 C:\Users\CALJAV~1\AppData\Local\Temp\ccphWPxc.ltrans0.ltrans.o
                0x08000250                USBD_CtlReceiveStatus
                0x080002b0                InitInterruptManager
                0x080002e8                attachInterrupt
                0x08000580                TIM_TimeBaseInit
                0x080007d4                TIM_ARRPreloadConfig
                0x08000884                TIM_Cmd
                0x080008c4                TIM_OC1Init
                0x080009b8                TIM_OC2Init
                0x08000ac8                TIM_OC3Init
                0x08000bd4                TIM_OC4Init
                0x08000ee8                TIM_OC1PreloadConfig
                0x08000f20                TIM_OC2PreloadConfig
                0x08000f5c                TIM_OC3PreloadConfig
                0x08000f94                TIM_OC4PreloadConfig
 .text          0x08001f44     0x1078 C:\Users\CALJAV~1\AppData\Local\Temp\ccphWPxc.ltrans1.ltrans.o
                0x080024d4                String::operator[](unsigned int) const
                0x08002c1c                itoa(int, char*, int)
                0x08002cc4                ltoa(long, char*, int)
                0x08002d6c                utoa(unsigned int, char*, int)
                0x08002e14                ultoa(unsigned long, char*, int)
                0x08002ebc                USBD_CtlSendData
                0x08002efc                USBD_CtlContinueSendData
                0x08002f24                USBD_CtlPrepareRx
                0x08002f64                USBD_CtlContinueRx
                0x08002f8c                USBD_CtlSendStatus
 .text          0x08002fbc     0x1968 C:\Users\CALJAV~1\AppData\Local\Temp\ccphWPxc.ltrans2.ltrans.o
                0x08002fbc                USBD_cdc_GetCfgDesc.8788
                0x08002fe0                USBD_cdc_GetOtherCfgDesc.8794
                0x08003004                SPI_I2S_DeInit
                0x08003078                SPI_Init
                0x08003330                SPI_Cmd
                0x08003588                SPI_I2S_ReceiveData
                0x080035a4                SPI_I2S_SendData
                0x0800371c                SPI_I2S_GetFlagStatus
                0x08003774                SPI_I2S_GetITStatus
                0x08003854                EXTI_Init
                0x080039d0                EXTI_GetITStatus
                0x08003a18                EXTI_ClearITPendingBit
                0x08003a34                NVIC_PriorityGroupConfig
                0x08003a58                NVIC_Init
                0x08003bb8                DCD_Init
                0x08003cb8                DCD_EP_Open
                0x08003d54                DCD_EP_Close
                0x08003dc4                DCD_EP_PrepareRx
                0x08003e44                DCD_EP_Tx
                0x08003ebc                DCD_EP_Stall
                0x08003f30                DCD_EP_ClrStall
                0x08003fd8                DCD_EP_SetAddress
                0x0800417c                serialEventRun
                0x0800425c                HardwareSerial::available()
                0x08004278                HardwareSerial::peek()
                0x08004290                HardwareSerial::read()
                0x080042c8                HardwareSerial::flush()
                0x080042f8                HardwareSerial::write(unsigned char)
                0x0800437c                String::String(char const*)
                0x08004534                String::~String()
                0x0800457c                String::invalidate()
                0x08004608                String::changeBuffer(unsigned int)
                0x080046d4                String::operator=(char const*)
                0x08004730                String::concat(char const*, unsigned int)
                0x080047c8                String::concat(char)
                0x080047f4                String::concat(unsigned char)
                0x08004834                String::concat(int)
                0x08004870                String::concat(unsigned int)
                0x080048ac                String::concat(long)
                0x080048e8                String::concat(unsigned long)
 .text          0x08004924     0x141c C:\Users\CALJAV~1\AppData\Local\Temp\ccphWPxc.ltrans3.ltrans.o
                0x08004924                USBD_GetStatus.8152
                0x08004970                USBD_SetFeature.7929
                0x08004a3c                USBD_ClrFeature.8156
                0x08004a88                USBD_ParseSetupRequest
                0x08004b14                USBD_CtlError
                0x08004b5c                USBD_GetString
                0x08004c08                USBD_OTG_EP1OUT_ISR_Handler
                0x08004cc4                USBD_OTG_EP1IN_ISR_Handler
                0x08004e30                USBD_OTG_ISR_Handler
                0x080058a4                usbd_cdc_Init.8798
                0x08005940                usbd_cdc_DeInit.8806
                0x08005978                usbd_cdc_Setup.8810
                0x08005a9c                usbd_cdc_EP0_RxReady.8782
                0x08005af8                usbd_cdc_DataIn.8821
                0x08005bbc                usbd_cdc_DataOut.8802
                0x08005c10                usbd_cdc_SOF.8832
 .text          0x08005d40     0x1368 C:\Users\CALJAV~1\AppData\Local\Temp\ccphWPxc.ltrans4.ltrans.o
                0x08005d40                VCP_DataRx.7361
                0x08005d68                vcp_sendBytes
                0x08005d80                SystemInit
                0x08005fbc                _sbrk
                0x08005ffc                link
                0x08006018                _close
                0x08006030                _fstat
                0x08006050                _isatty
                0x08006068                _lseek
                0x08006084                _read
                0x080060a0                _write
                0x080060bc                abort
                0x080067d0                USB_OTG_BSP_Init
                0x08006918                USB_OTG_BSP_EnableInterrupt
                0x0800698c                USB_OTG_BSP_uDelay
                0x080069d0                USB_OTG_BSP_mDelay
                0x080069f0                USBD_StdDevReq
                0x08006a8c                USBD_StdItfReq
                0x08006af0                USBD_StdEPReq
 .text          0x080070a8     0x1670 C:\Users\CALJAV~1\AppData\Local\Temp\ccphWPxc.ltrans5.ltrans.o
                0x080070c4                Init_PWMPins
                0x0800776c                USBD_USR_DeviceDescriptor
                0x08007790                USBD_USR_LangIDStrDescriptor
                0x080077b4                USBD_USR_ProductStrDescriptor
                0x080077f4                USBD_USR_ManufacturerStrDescriptor
                0x0800781c                USBD_USR_SerialStrDescriptor
                0x0800785c                USBD_USR_ConfigStrDescriptor
                0x08007898                USBD_USR_InterfaceStrDescriptor
                0x08007924                Print::write(unsigned char const*, unsigned int)
                0x08007a2c                Print::print(char)
                0x08007a50                Print::print(unsigned char, int)
                0x080081d0                GPIO_Init
                0x08008364                GPIO_ReadInputDataBit
                0x08008404                GPIO_SetBits
                0x08008420                GPIO_ResetBits
                0x08008488                GPIO_ToggleBits
                0x080084ac                GPIO_PinAFConfig
                0x08008538                VCP_Init.7341
                0x08008548                VCP_DeInit.7346
                0x08008558                VCP_Ctrl.7348
                0x080086b8                VCP_DataTx.7357
 .text          0x08008718     0x1a44 C:\Users\CALJAV~1\AppData\Local\Temp\ccphWPxc.ltrans6.ltrans.o
                0x08008718                main
                0x08008d04                RCC_AHB1PeriphClockCmd
                0x08008db8                RCC_APB1PeriphClockCmd
                0x08008df4                RCC_APB2PeriphClockCmd
                0x08008e30                RCC_AHB1PeriphResetCmd
                0x08008ee4                RCC_APB1PeriphResetCmd
                0x08008f20                RCC_APB2PeriphResetCmd
                0x080091b8                NMI_Handler
                0x080091c4                HardFault_Handler
                0x080091cc                MemManage_Handler
                0x080091d4                BusFault_Handler
                0x080091dc                UsageFault_Handler
                0x080091e4                SVC_Handler
                0x080091f0                DebugMon_Handler
                0x080091fc                PendSV_Handler
                0x08009208                SysTick_Handler
                0x08009270                EXTI0_IRQHandler
                0x0800927c                EXTI2_IRQHandler
                0x08009328                EXTI4_IRQHandler
                0x08009368                OTG_HS_WKUP_IRQHandler
                0x0800939c                OTG_HS_IRQHandler
                0x080093ac                OTG_HS_EP1_IN_IRQHandler
                0x080093bc                OTG_HS_EP1_OUT_IRQHandler
                0x08009810                ADC_SoftwareStartConv
                0x0800994c                ADC_GetConversionValue
 .text          0x0800a15c     0x153c C:\Users\CALJAV~1\AppData\Local\Temp\ccphWPxc.ltrans7.ltrans.o
                0x0800a378                SysTickConfig()
                0x0800a40c                millis()
                0x0800a424                setup()
                0x0800a43c                loop()
                0x0800a4a8                USBD_USR_Init
                0x0800a4b4                USBD_USR_DeviceReset
                0x0800a4c8                USBD_USR_DeviceConfigured
                0x0800a4d4                USBD_USR_DeviceSuspended
                0x0800a4e0                USBD_USR_DeviceResumed
                0x0800a860                Init_Container
                0x0800a890                Free_Container
                0x0800a8d0                ContainerisEmpty
                0x0800a8f4                Read_Container
                0x0800aa38                Write_DataContainer
                0x0800aac8                numDatainContainer
                0x0800ac5c                IPAddress::printTo(Print&) const
                0x0800ad0c                Reset_Handler
                0x0800ad64                TIM1_UP_TIM10_IRQHandler
                0x0800ad64                I2C3_ER_IRQHandler
                0x0800ad64                TIM8_TRG_COM_TIM14_IRQHandler
                0x0800ad64                CAN2_RX1_IRQHandler
                0x0800ad64                TIM8_UP_TIM13_IRQHandler
                0x0800ad64                EXTI3_IRQHandler
                0x0800ad64                I2C2_EV_IRQHandler
                0x0800ad64                DMA1_Stream2_IRQHandler
                0x0800ad64                CAN1_RX0_IRQHandler
                0x0800ad64                FPU_IRQHandler
                0x0800ad64                I2C1_ER_IRQHandler
                0x0800ad64                SPI3_IRQHandler
                0x0800ad64                CAN2_SCE_IRQHandler
                0x0800ad64                DMA2_Stream6_IRQHandler
                0x0800ad64                DMA2_Stream2_IRQHandler
                0x0800ad64                SPI1_IRQHandler
                0x0800ad64                TAMP_STAMP_IRQHandler
                0x0800ad64                OTG_FS_IRQHandler
                0x0800ad64                TIM6_DAC_IRQHandler
                0x0800ad64                TIM1_BRK_TIM9_IRQHandler
                0x0800ad64                USART1_IRQHandler
                0x0800ad64                DCMI_IRQHandler
                0x0800ad64                SDIO_IRQHandler
                0x0800ad64                DMA2_Stream3_IRQHandler
                0x0800ad64                PVD_IRQHandler
                0x0800ad64                USART6_IRQHandler
                0x0800ad64                USART3_IRQHandler
                0x0800ad64                CRYP_IRQHandler
                0x0800ad64                DMA1_Stream4_IRQHandler
                0x0800ad64                CAN1_RX1_IRQHandler
                0x0800ad64                UART5_IRQHandler
                0x0800ad64                DMA1_Stream5_IRQHandler
                0x0800ad64                DMA2_Stream0_IRQHandler
                0x0800ad64                TIM4_IRQHandler
                0x0800ad64                I2C1_EV_IRQHandler
                0x0800ad64                DMA1_Stream6_IRQHandler
                0x0800ad64                DMA2_Stream5_IRQHandler
                0x0800ad64                DMA1_Stream1_IRQHandler
                0x0800ad64                UART4_IRQHandler
                0x0800ad64                TIM3_IRQHandler
                0x0800ad64                RCC_IRQHandler
                0x0800ad64                TIM8_BRK_TIM12_IRQHandler
                0x0800ad64                TIM1_CC_IRQHandler
                0x0800ad64                TIM8_CC_IRQHandler
                0x0800ad64                EXTI15_10_IRQHandler
                0x0800ad64                ADC_IRQHandler
                0x0800ad64                DMA1_Stream7_IRQHandler
                0x0800ad64                TIM7_IRQHandler
                0x0800ad64                CAN2_TX_IRQHandler
                0x0800ad64                TIM5_IRQHandler
                0x0800ad64                DMA2_Stream7_IRQHandler
                0x0800ad64                I2C3_EV_IRQHandler
                0x0800ad64                EXTI9_5_IRQHandler
                0x0800ad64                RTC_WKUP_IRQHandler
                0x0800ad64                ETH_WKUP_IRQHandler
                0x0800ad64                DMA2_Stream4_IRQHandler
                0x0800ad64                SPI2_IRQHandler
                0x0800ad64                DMA1_Stream0_IRQHandler
                0x0800ad64                HASH_RNG_IRQHandler
                0x0800ad64                CAN1_TX_IRQHandler
                0x0800ad64                FLASH_IRQHandler
                0x0800ad64                CAN2_RX0_IRQHandler
                0x0800ad64                RTC_Alarm_IRQHandler
                0x0800ad64                FSMC_IRQHandler
                0x0800ad64                ETH_IRQHandler
                0x0800ad64                CAN1_SCE_IRQHandler
                0x0800ad64                WWDG_IRQHandler
                0x0800ad64                DMA2_Stream1_IRQHandler
                0x0800ad64                TIM2_IRQHandler
                0x0800ad64                OTG_FS_WKUP_IRQHandler
                0x0800ad64                TIM1_TRG_COM_TIM11_IRQHandler
                0x0800ad64                EXTI1_IRQHandler
                0x0800ad64                USART2_IRQHandler
                0x0800ad64                I2C2_ER_IRQHandler
                0x0800ad64                DMA1_Stream3_IRQHandler
                0x0800b294                USBD_Init
                0x0800b2e8                USBD_DeInit
                0x0800b300                USBD_SetupStage.5841
                0x0800b36c                USBD_DataOutStage.5844
                0x0800b43c                USBD_DataInStage.5848
                0x0800b540                USBD_Reset.5852
                0x0800b584                USBD_Resume.5641
                0x0800b5a8                USBD_Suspend.5829
                0x0800b5cc                USBD_SOF.5832
                0x0800b5f8                USBD_SetCfg
                0x0800b628                USBD_ClrCfg
                0x0800b650                USBD_IsoINIncomplete.5835
                0x0800b670                USBD_IsoOUTIncomplete.5838
 .text          0x0800b698     0x1978 C:\Users\CALJAV~1\AppData\Local\Temp\ccphWPxc.ltrans8.ltrans.o
                0x0800b6d4                SYSCFG_EXTILineConfig
                0x0800b88c                USB_OTG_WritePacket
                0x0800b8fc                USB_OTG_ReadPacket
                0x0800b954                USB_OTG_SelectCore
                0x0800bad0                USB_OTG_CoreInit
                0x0800bcac                USB_OTG_EnableGlobalInt
                0x0800bce4                USB_OTG_DisableGlobalInt
                0x0800bd1c                USB_OTG_FlushTxFifo
                0x0800bd8c                USB_OTG_FlushRxFifo
                0x0800bde8                USB_OTG_SetCurrentMode
                0x0800be68                USB_OTG_IsDeviceMode
                0x0800beb0                USB_OTG_ReadCoreItr
                0x0800bf34                USB_OTG_CoreInitDev
                0x0800c29c                USB_OTG_GetDeviceSpeed
                0x0800c2e4                USB_OTG_EP0Activate
                0x0800c358                USB_OTG_EPActivate
                0x0800c458                USB_OTG_EPDeactivate
                0x0800c508                USB_OTG_EPStartXfer
                0x0800c788                USB_OTG_EP0StartXfer
                0x0800c95c                USB_OTG_EPSetStall
                0x0800c9e4                USB_OTG_EPClearStall
                0x0800ca5c                USB_OTG_ReadDevAllOutEp_itr
                0x0800ca88                USB_OTG_ReadDevOutEP_itr
                0x0800cac0                USB_OTG_ReadDevAllInEPItr
                0x0800caec                USB_OTG_EP0_OutStart
                0x0800cbe8                USB_OTG_UngateClock
                0x0800ccbc                USB_OTG_GetEPStatus
                0x0800cd68                USB_OTG_SetEPStatus
                0x0800ce94                NVIC_SetPriority.4666
                0x0800cee8                SysTick_Config.4766
                0x0800cf2c                Tibuboard::Tibuboard()
                0x0800cff8                Tibuboard::~Tibuboard()
 .text          0x0800d010       0x40 c:/program files (x86)/gnu tools arm embedded/4.8 2014q2/bin/../lib/gcc/arm-none-eabi/4.8.4/armv7e-m\libgcc.a(_arm_fixunsdfsi.o)
                0x0800d010                __aeabi_d2uiz
                0x0800d010                __fixunsdfsi
 .text          0x0800d050       0xa0 c:/program files (x86)/gnu tools arm embedded/4.8 2014q2/bin/../lib/gcc/arm-none-eabi/4.8.4/armv7e-m\libgcc.a(_arm_truncdfsf2.o)
                0x0800d050                __truncdfsf2
                0x0800d050                __aeabi_d2f
 .text          0x0800d0f0      0x21c c:/program files (x86)/gnu tools arm embedded/4.8 2014q2/bin/../lib/gcc/arm-none-eabi/4.8.4/armv7e-m\libgcc.a(_arm_addsubsf3.o)
                0x0800d0f0                __aeabi_frsub
                0x0800d0f8                __subsf3
                0x0800d0f8                __aeabi_fsub
                0x0800d0fc                __aeabi_fadd
                0x0800d0fc                __addsf3
                0x0800d25c                __aeabi_ui2f
                0x0800d25c                __floatunsisf
                0x0800d264                __aeabi_i2f
                0x0800d264                __floatsisf
                0x0800d280                __aeabi_ul2f
                0x0800d280                __floatundisf
                0x0800d290                __aeabi_l2f
                0x0800d290                __floatdisf
 .text          0x0800d30c      0x2a0 c:/program files (x86)/gnu tools arm embedded/4.8 2014q2/bin/../lib/gcc/arm-none-eabi/4.8.4/armv7e-m\libgcc.a(_arm_muldivsf3.o)
                0x0800d30c                __mulsf3
                0x0800d30c                __aeabi_fmul
                0x0800d474                __aeabi_fdiv
                0x0800d474                __divsf3
 .text          0x0800d5ac      0x2e4 c:/program files (x86)/gnu tools arm embedded/4.8 2014q2/bin/../lib/gcc/arm-none-eabi/4.8.4/armv7e-m\libgcc.a(unwind-c.o)
                0x0800d7b0                __gcc_personality_v0
 .text.__fpclassifyd
                0x0800d890       0x6c ..\..\..\..\..\..\..\..\..\Program Files (x86)\GNU Tools ARM Embedded\4.8 2014q2\arm-none-eabi\lib\libm.a(lib_a-s_fpclassify.o)
                0x0800d890                __fpclassifyd
 .text.__aeabi_atexit
                0x0800d8fc       0x1c ..\..\..\..\..\..\..\..\..\Program Files (x86)\GNU Tools ARM Embedded\4.8 2014q2\arm-none-eabi\lib\libc.a(lib_a-aeabi_atexit.o)
                0x0800d8fc                __aeabi_atexit
 .text.atol     0x0800d918       0x18 ..\..\..\..\..\..\..\..\..\Program Files (x86)\GNU Tools ARM Embedded\4.8 2014q2\arm-none-eabi\lib\libc.a(lib_a-atol.o)
                0x0800d918                atol
 .text.__cxa_atexit
                0x0800d930       0x24 ..\..\..\..\..\..\..\..\..\Program Files (x86)\GNU Tools ARM Embedded\4.8 2014q2\arm-none-eabi\lib\libc.a(lib_a-cxa_atexit.o)
                0x0800d930                __cxa_atexit
 .text.exit     0x0800d954       0x34 ..\..\..\..\..\..\..\..\..\Program Files (x86)\GNU Tools ARM Embedded\4.8 2014q2\arm-none-eabi\lib\libc.a(lib_a-exit.o)
                0x0800d954                exit
 .text.__libc_init_array
                0x0800d988       0x88 ..\..\..\..\..\..\..\..\..\Program Files (x86)\GNU Tools ARM Embedded\4.8 2014q2\arm-none-eabi\lib\libc.a(lib_a-init.o)
                0x0800d988                __libc_init_array
 .text.isspace  0x0800da10       0x1c ..\..\..\..\..\..\..\..\..\Program Files (x86)\GNU Tools ARM Embedded\4.8 2014q2\arm-none-eabi\lib\libc.a(lib_a-isspace.o)
                0x0800da10                isspace
 .text.malloc   0x0800da2c       0x20 ..\..\..\..\..\..\..\..\..\Program Files (x86)\GNU Tools ARM Embedded\4.8 2014q2\arm-none-eabi\lib\libc.a(lib_a-malloc.o)
                0x0800da2c                malloc
 .text.free     0x0800da4c       0x20 ..\..\..\..\..\..\..\..\..\Program Files (x86)\GNU Tools ARM Embedded\4.8 2014q2\arm-none-eabi\lib\libc.a(lib_a-malloc.o)
                0x0800da4c                free
 .text._malloc_r
                0x0800da6c      0x74c ..\..\..\..\..\..\..\..\..\Program Files (x86)\GNU Tools ARM Embedded\4.8 2014q2\arm-none-eabi\lib\libc.a(lib_a-mallocr.o)
                0x0800da6c                _malloc_r
 .text.memcmp   0x0800e1b8       0xb4 ..\..\..\..\..\..\..\..\..\Program Files (x86)\GNU Tools ARM Embedded\4.8 2014q2\arm-none-eabi\lib\libc.a(lib_a-memcmp.o)
                0x0800e1b8                memcmp
 .text.memcpy   0x0800e26c       0xf0 ..\..\..\..\..\..\..\..\..\Program Files (x86)\GNU Tools ARM Embedded\4.8 2014q2\arm-none-eabi\lib\libc.a(lib_a-memcpy-stub.o)
                0x0800e26c                memcpy
 .text.memmove  0x0800e35c      0x134 ..\..\..\..\..\..\..\..\..\Program Files (x86)\GNU Tools ARM Embedded\4.8 2014q2\arm-none-eabi\lib\libc.a(lib_a-memmove.o)
                0x0800e35c                memmove
 .text.memset   0x0800e490       0xf4 ..\..\..\..\..\..\..\..\..\Program Files (x86)\GNU Tools ARM Embedded\4.8 2014q2\arm-none-eabi\lib\libc.a(lib_a-memset.o)
                0x0800e490                memset
 .text.__malloc_lock
                0x0800e584        0x4 ..\..\..\..\..\..\..\..\..\Program Files (x86)\GNU Tools ARM Embedded\4.8 2014q2\arm-none-eabi\lib\libc.a(lib_a-mlock.o)
                0x0800e584                __malloc_lock
 .text.__malloc_unlock
                0x0800e588        0x4 ..\..\..\..\..\..\..\..\..\Program Files (x86)\GNU Tools ARM Embedded\4.8 2014q2\arm-none-eabi\lib\libc.a(lib_a-mlock.o)
                0x0800e588                __malloc_unlock
 .text.realloc  0x0800e58c       0x24 ..\..\..\..\..\..\..\..\..\Program Files (x86)\GNU Tools ARM Embedded\4.8 2014q2\arm-none-eabi\lib\libc.a(lib_a-realloc.o)
                0x0800e58c                realloc
 .text._realloc_r
                0x0800e5b0      0x56c ..\..\..\..\..\..\..\..\..\Program Files (x86)\GNU Tools ARM Embedded\4.8 2014q2\arm-none-eabi\lib\libc.a(lib_a-reallocr.o)
                0x0800e5b0                _realloc_r
 .text._sbrk_r  0x0800eb1c       0x44 ..\..\..\..\..\..\..\..\..\Program Files (x86)\GNU Tools ARM Embedded\4.8 2014q2\arm-none-eabi\lib\libc.a(lib_a-sbrkr.o)
                0x0800eb1c                _sbrk_r
 .text.sprintf  0x0800eb60       0x74 ..\..\..\..\..\..\..\..\..\Program Files (x86)\GNU Tools ARM Embedded\4.8 2014q2\arm-none-eabi\lib\libc.a(lib_a-sprintf.o)
                0x0800eb60                sprintf
 .text.strchr   0x0800ebd4      0x1c4 ..\..\..\..\..\..\..\..\..\Program Files (x86)\GNU Tools ARM Embedded\4.8 2014q2\arm-none-eabi\lib\libc.a(lib_a-strchr.o)
                0x0800ebd4                strchr
 .text          0x0800ed98      0x230 ..\..\..\..\..\..\..\..\..\Program Files (x86)\GNU Tools ARM Embedded\4.8 2014q2\arm-none-eabi\lib\libc.a(lib_a-strcmp.o)
                0x0800ed98                strcmp
 .text.strcpy   0x0800efc8       0xf0 ..\..\..\..\..\..\..\..\..\Program Files (x86)\GNU Tools ARM Embedded\4.8 2014q2\arm-none-eabi\lib\libc.a(lib_a-strcpy.o)
                0x0800efc8                strcpy
 .text.strlen   0x0800f0b8       0x60 ..\..\..\..\..\..\..\..\..\Program Files (x86)\GNU Tools ARM Embedded\4.8 2014q2\arm-none-eabi\lib\libc.a(lib_a-strlen.o)
                0x0800f0b8                strlen
 .text.strncmp  0x0800f118      0x160 ..\..\..\..\..\..\..\..\..\Program Files (x86)\GNU Tools ARM Embedded\4.8 2014q2\arm-none-eabi\lib\libc.a(lib_a-strncmp.o)
                0x0800f118                strncmp
 .text.strncpy  0x0800f278       0xd4 ..\..\..\..\..\..\..\..\..\Program Files (x86)\GNU Tools ARM Embedded\4.8 2014q2\arm-none-eabi\lib\libc.a(lib_a-strncpy.o)
                0x0800f278                strncpy
 .text.strrchr  0x0800f34c       0x54 ..\..\..\..\..\..\..\..\..\Program Files (x86)\GNU Tools ARM Embedded\4.8 2014q2\arm-none-eabi\lib\libc.a(lib_a-strrchr.o)
                0x0800f34c                strrchr
 .text.critical_factorization
                0x0800f3a0      0x114 ..\..\..\..\..\..\..\..\..\Program Files (x86)\GNU Tools ARM Embedded\4.8 2014q2\arm-none-eabi\lib\libc.a(lib_a-strstr.o)
 .text.two_way_long_needle
                0x0800f4b4      0x358 ..\..\..\..\..\..\..\..\..\Program Files (x86)\GNU Tools ARM Embedded\4.8 2014q2\arm-none-eabi\lib\libc.a(lib_a-strstr.o)
 .text.strstr   0x0800f80c      0x360 ..\..\..\..\..\..\..\..\..\Program Files (x86)\GNU Tools ARM Embedded\4.8 2014q2\arm-none-eabi\lib\libc.a(lib_a-strstr.o)
                0x0800f80c                strstr
 .text._strtol_r
                0x0800fb6c      0x1d0 ..\..\..\..\..\..\..\..\..\Program Files (x86)\GNU Tools ARM Embedded\4.8 2014q2\arm-none-eabi\lib\libc.a(lib_a-strtol.o)
                0x0800fb6c                _strtol_r
 .text.strtol   0x0800fd3c       0x28 ..\..\..\..\..\..\..\..\..\Program Files (x86)\GNU Tools ARM Embedded\4.8 2014q2\arm-none-eabi\lib\libc.a(lib_a-strtol.o)
                0x0800fd3c                strtol
 .text._svfprintf_r
                0x0800fd64     0x1f10 ..\..\..\..\..\..\..\..\..\Program Files (x86)\GNU Tools ARM Embedded\4.8 2014q2\arm-none-eabi\lib\libc.a(lib_a-svfprintf.o)
                0x0800fd64                _svfprintf_r
 .text.tolower  0x08011c74       0x24 ..\..\..\..\..\..\..\..\..\Program Files (x86)\GNU Tools ARM Embedded\4.8 2014q2\arm-none-eabi\lib\libc.a(lib_a-tolower.o)
                0x08011c74                tolower
 .text.toupper  0x08011c98       0x24 ..\..\..\..\..\..\..\..\..\Program Files (x86)\GNU Tools ARM Embedded\4.8 2014q2\arm-none-eabi\lib\libc.a(lib_a-toupper.o)
                0x08011c98                toupper
 .text.__register_exitproc
                0x08011cbc       0xf0 ..\..\..\..\..\..\..\..\..\Program Files (x86)\GNU Tools ARM Embedded\4.8 2014q2\arm-none-eabi\lib\libc.a(lib_a-__atexit.o)
                0x08011cbc                __register_exitproc
 .text.startup.register_fini
                0x08011dac       0x24 ..\..\..\..\..\..\..\..\..\Program Files (x86)\GNU Tools ARM Embedded\4.8 2014q2\arm-none-eabi\lib\libc.a(lib_a-__call_atexit.o)
 .text.__call_exitprocs
                0x08011dd0      0x170 ..\..\..\..\..\..\..\..\..\Program Files (x86)\GNU Tools ARM Embedded\4.8 2014q2\arm-none-eabi\lib\libc.a(lib_a-__call_atexit.o)
                0x08011dd0                __call_exitprocs
 .text.atexit   0x08011f40       0x20 ..\..\..\..\..\..\..\..\..\Program Files (x86)\GNU Tools ARM Embedded\4.8 2014q2\arm-none-eabi\lib\libc.a(lib_a-atexit.o)
                0x08011f40                atexit
 .text.quorem   0x08011f60      0x1e0 ..\..\..\..\..\..\..\..\..\Program Files (x86)\GNU Tools ARM Embedded\4.8 2014q2\arm-none-eabi\lib\libc.a(lib_a-dtoa.o)
 .text._dtoa_r  0x08012140     0x16f8 ..\..\..\..\..\..\..\..\..\Program Files (x86)\GNU Tools ARM Embedded\4.8 2014q2\arm-none-eabi\lib\libc.a(lib_a-dtoa.o)
                0x08012140                _dtoa_r
 .text.__libc_fini_array
                0x08013838       0x48 ..\..\..\..\..\..\..\..\..\Program Files (x86)\GNU Tools ARM Embedded\4.8 2014q2\arm-none-eabi\lib\libc.a(lib_a-fini.o)
                0x08013838                __libc_fini_array
 .text._malloc_trim_r
                0x08013880      0x100 ..\..\..\..\..\..\..\..\..\Program Files (x86)\GNU Tools ARM Embedded\4.8 2014q2\arm-none-eabi\lib\libc.a(lib_a-freer.o)
                0x08013880                _malloc_trim_r
 .text._free_r  0x08013980      0x26c ..\..\..\..\..\..\..\..\..\Program Files (x86)\GNU Tools ARM Embedded\4.8 2014q2\arm-none-eabi\lib\libc.a(lib_a-freer.o)
                0x08013980                _free_r
 .text._localeconv_r
                0x08013bec        0xc ..\..\..\..\..\..\..\..\..\Program Files (x86)\GNU Tools ARM Embedded\4.8 2014q2\arm-none-eabi\lib\libc.a(lib_a-locale.o)
                0x08013bec                _localeconv_r
 .text.memchr   0x08013bf8      0x114 ..\..\..\..\..\..\..\..\..\Program Files (x86)\GNU Tools ARM Embedded\4.8 2014q2\arm-none-eabi\lib\libc.a(lib_a-memchr-stub.o)
                0x08013bf8                memchr
 .text._Balloc  0x08013d0c       0x8c ..\..\..\..\..\..\..\..\..\Program Files (x86)\GNU Tools ARM Embedded\4.8 2014q2\arm-none-eabi\lib\libc.a(lib_a-mprec.o)
                0x08013d0c                _Balloc
 .text._Bfree   0x08013d98       0x1c ..\..\..\..\..\..\..\..\..\Program Files (x86)\GNU Tools ARM Embedded\4.8 2014q2\arm-none-eabi\lib\libc.a(lib_a-mprec.o)
                0x08013d98                _Bfree
 .text.__multadd
                0x08013db4       0xdc ..\..\..\..\..\..\..\..\..\Program Files (x86)\GNU Tools ARM Embedded\4.8 2014q2\arm-none-eabi\lib\libc.a(lib_a-mprec.o)
                0x08013db4                __multadd
 .text.__hi0bits
                0x08013e90       0x5c ..\..\..\..\..\..\..\..\..\Program Files (x86)\GNU Tools ARM Embedded\4.8 2014q2\arm-none-eabi\lib\libc.a(lib_a-mprec.o)
                0x08013e90                __hi0bits
 .text.__lo0bits
                0x08013eec       0x94 ..\..\..\..\..\..\..\..\..\Program Files (x86)\GNU Tools ARM Embedded\4.8 2014q2\arm-none-eabi\lib\libc.a(lib_a-mprec.o)
                0x08013eec                __lo0bits
 .text.__i2b    0x08013f80       0x24 ..\..\..\..\..\..\..\..\..\Program Files (x86)\GNU Tools ARM Embedded\4.8 2014q2\arm-none-eabi\lib\libc.a(lib_a-mprec.o)
                0x08013f80                __i2b
 .text.__multiply
                0x08013fa4      0x1e4 ..\..\..\..\..\..\..\..\..\Program Files (x86)\GNU Tools ARM Embedded\4.8 2014q2\arm-none-eabi\lib\libc.a(lib_a-mprec.o)
                0x08013fa4                __multiply
 .text.__pow5mult
                0x08014188      0x104 ..\..\..\..\..\..\..\..\..\Program Files (x86)\GNU Tools ARM Embedded\4.8 2014q2\arm-none-eabi\lib\libc.a(lib_a-mprec.o)
                0x08014188                __pow5mult
 .text.__lshift
                0x0801428c      0x10c ..\..\..\..\..\..\..\..\..\Program Files (x86)\GNU Tools ARM Embedded\4.8 2014q2\arm-none-eabi\lib\libc.a(lib_a-mprec.o)
                0x0801428c                __lshift
 .text.__mcmp   0x08014398       0x60 ..\..\..\..\..\..\..\..\..\Program Files (x86)\GNU Tools ARM Embedded\4.8 2014q2\arm-none-eabi\lib\libc.a(lib_a-mprec.o)
                0x08014398                __mcmp
 .text.__mdiff  0x080143f8      0x144 ..\..\..\..\..\..\..\..\..\Program Files (x86)\GNU Tools ARM Embedded\4.8 2014q2\arm-none-eabi\lib\libc.a(lib_a-mprec.o)
                0x080143f8                __mdiff
 .text.__d2b    0x0801453c      0x10c ..\..\..\..\..\..\..\..\..\Program Files (x86)\GNU Tools ARM Embedded\4.8 2014q2\arm-none-eabi\lib\libc.a(lib_a-mprec.o)
                0x0801453c                __d2b
 .text.__ssprint_r
                0x08014648      0x1ac ..\..\..\..\..\..\..\..\..\Program Files (x86)\GNU Tools ARM Embedded\4.8 2014q2\arm-none-eabi\lib\libc.a(lib_a-svfiprintf.o)
                0x08014648                __ssprint_r
 .text._calloc_r
                0x080147f4       0x9c ..\..\..\..\..\..\..\..\..\Program Files (x86)\GNU Tools ARM Embedded\4.8 2014q2\arm-none-eabi\lib\libc.a(lib_a-callocr.o)
                0x080147f4                _calloc_r
 .text.__cxa_pure_virtual
                0x08014890       0x1c ..\..\..\..\..\..\..\..\..\Program Files (x86)\GNU Tools ARM Embedded\4.8 2014q2\arm-none-eabi\lib\libstdc++.a(pure.o)
                0x08014890                __cxa_pure_virtual
 .text._ZL12read_sleb128PKhPl
                0x080148ac       0x44 ..\..\..\..\..\..\..\..\..\Program Files (x86)\GNU Tools ARM Embedded\4.8 2014q2\arm-none-eabi\lib\libstdc++.a(eh_personality.o)
 .text._ZL28read_encoded_value_with_basehjPKhPj
                0x080148f0      0x168 ..\..\..\..\..\..\..\..\..\Program Files (x86)\GNU Tools ARM Embedded\4.8 2014q2\arm-none-eabi\lib\libstdc++.a(eh_personality.o)
 .text._ZL21base_of_encoded_valuehP15_Unwind_Context
                0x08014a58       0x84 ..\..\..\..\..\..\..\..\..\Program Files (x86)\GNU Tools ARM Embedded\4.8 2014q2\arm-none-eabi\lib\libstdc++.a(eh_personality.o)
 .text._ZL17parse_lsda_headerP15_Unwind_ContextPKhP16lsda_header_info
                0x08014adc       0xe0 ..\..\..\..\..\..\..\..\..\Program Files (x86)\GNU Tools ARM Embedded\4.8 2014q2\arm-none-eabi\lib\libstdc++.a(eh_personality.o)
 .text.__gxx_personality_v0
                0x08014bbc      0x62c ..\..\..\..\..\..\..\..\..\Program Files (x86)\GNU Tools ARM Embedded\4.8 2014q2\arm-none-eabi\lib\libstdc++.a(eh_personality.o)
                0x08014bbc                __gxx_personality_v0
 .text.__cxa_end_cleanup
                0x080151e8       0x10 ..\..\..\..\..\..\..\..\..\Program Files (x86)\GNU Tools ARM Embedded\4.8 2014q2\arm-none-eabi\lib\libstdc++.a(eh_arm.o)
                0x080151e8                __cxa_end_cleanup
 .text.__cxa_type_match
                0x080151f8      0x148 ..\..\..\..\..\..\..\..\..\Program Files (x86)\GNU Tools ARM Embedded\4.8 2014q2\arm-none-eabi\lib\libstdc++.a(eh_arm.o)
                0x080151f8                __cxa_type_match
 .text.__cxa_begin_cleanup
                0x08015340       0xbc ..\..\..\..\..\..\..\..\..\Program Files (x86)\GNU Tools ARM Embedded\4.8 2014q2\arm-none-eabi\lib\libstdc++.a(eh_arm.o)
                0x08015340                __cxa_begin_cleanup
 .text.__gnu_end_cleanup
                0x080153fc       0xbc ..\..\..\..\..\..\..\..\..\Program Files (x86)\GNU Tools ARM Embedded\4.8 2014q2\arm-none-eabi\lib\libstdc++.a(eh_arm.o)
                0x080153fc                __gnu_end_cleanup
 .text.__cxa_get_globals_fast
                0x080154b8        0xc ..\..\..\..\..\..\..\..\..\Program Files (x86)\GNU Tools ARM Embedded\4.8 2014q2\arm-none-eabi\lib\libstdc++.a(eh_globals.o)
                0x080154b8                __cxa_get_globals_fast
 .text.__cxa_get_globals
                0x080154c4        0xc ..\..\..\..\..\..\..\..\..\Program Files (x86)\GNU Tools ARM Embedded\4.8 2014q2\arm-none-eabi\lib\libstdc++.a(eh_globals.o)
                0x080154c4                __cxa_get_globals
 .text._ZN10__cxxabiv1L24__is_gxx_exception_classEPc
                0x080154d0       0x70 ..\..\..\..\..\..\..\..\..\Program Files (x86)\GNU Tools ARM Embedded\4.8 2014q2\arm-none-eabi\lib\libstdc++.a(eh_call.o)
 .text.__cxa_call_terminate
                0x08015540       0x2c ..\..\..\..\..\..\..\..\..\Program Files (x86)\GNU Tools ARM Embedded\4.8 2014q2\arm-none-eabi\lib\libstdc++.a(eh_call.o)
                0x08015540                __cxa_call_terminate
 .text.__cxa_call_unexpected
                0x0801556c      0x138 ..\..\..\..\..\..\..\..\..\Program Files (x86)\GNU Tools ARM Embedded\4.8 2014q2\arm-none-eabi\lib\libstdc++.a(eh_call.o)
                0x0801556c                __cxa_call_unexpected
 .text._ZNK10__cxxabiv117__class_type_info11__do_upcastEPKS0_PPv
                0x080156a4       0x64 ..\..\..\..\..\..\..\..\..\Program Files (x86)\GNU Tools ARM Embedded\4.8 2014q2\arm-none-eabi\lib\libstdc++.a(class_type_info.o)
                0x080156a4                __cxxabiv1::__class_type_info::__do_upcast(__cxxabiv1::__class_type_info const*, void**) const
 .text._ZNK10__cxxabiv117__class_type_info20__do_find_public_srcEiPKvPKS0_S2_
                0x08015708       0x14 ..\..\..\..\..\..\..\..\..\Program Files (x86)\GNU Tools ARM Embedded\4.8 2014q2\arm-none-eabi\lib\libstdc++.a(class_type_info.o)
                0x08015708                __cxxabiv1::__class_type_info::__do_find_public_src(int, void const*, __cxxabiv1::__class_type_info const*, void const*) const
 .text._ZN10__cxxabiv117__class_type_infoD2Ev
                0x0801571c       0x24 ..\..\..\..\..\..\..\..\..\Program Files (x86)\GNU Tools ARM Embedded\4.8 2014q2\arm-none-eabi\lib\libstdc++.a(class_type_info.o)
                0x0801571c                __cxxabiv1::__class_type_info::~__class_type_info()
                0x0801571c                __cxxabiv1::__class_type_info::~__class_type_info()
 .text._ZN10__cxxabiv117__class_type_infoD0Ev
                0x08015740       0x2c ..\..\..\..\..\..\..\..\..\Program Files (x86)\GNU Tools ARM Embedded\4.8 2014q2\arm-none-eabi\lib\libstdc++.a(class_type_info.o)
                0x08015740                __cxxabiv1::__class_type_info::~__class_type_info()
 .text._ZNK10__cxxabiv117__class_type_info11__do_upcastEPKS0_PKvRNS0_15__upcast_resultE
                0x0801576c       0x30 ..\..\..\..\..\..\..\..\..\Program Files (x86)\GNU Tools ARM Embedded\4.8 2014q2\arm-none-eabi\lib\libstdc++.a(class_type_info.o)
                0x0801576c                __cxxabiv1::__class_type_info::__do_upcast(__cxxabiv1::__class_type_info const*, void const*, __cxxabiv1::__class_type_info::__upcast_result&) const
 .text._ZNK10__cxxabiv117__class_type_info10__do_catchEPKSt9type_infoPPvj
                0x0801579c       0x54 ..\..\..\..\..\..\..\..\..\Program Files (x86)\GNU Tools ARM Embedded\4.8 2014q2\arm-none-eabi\lib\libstdc++.a(class_type_info.o)
                0x0801579c                __cxxabiv1::__class_type_info::__do_catch(std::type_info const*, void**, unsigned int) const
 .text._ZNK10__cxxabiv117__class_type_info12__do_dyncastEiNS0_10__sub_kindEPKS0_PKvS3_S5_RNS0_16__dyncast_resultE
                0x080157f0       0x7c ..\..\..\..\..\..\..\..\..\Program Files (x86)\GNU Tools ARM Embedded\4.8 2014q2\arm-none-eabi\lib\libstdc++.a(class_type_info.o)
                0x080157f0                __cxxabiv1::__class_type_info::__do_dyncast(int, __cxxabiv1::__class_type_info::__sub_kind, __cxxabiv1::__class_type_info const*, void const*, __cxxabiv1::__class_type_info const*, void const*, __cxxabiv1::__class_type_info::__dyncast_result&) const
 .text._ZNSt9exceptionD2Ev
                0x0801586c       0x10 ..\..\..\..\..\..\..\..\..\Program Files (x86)\GNU Tools ARM Embedded\4.8 2014q2\arm-none-eabi\lib\libstdc++.a(eh_exception.o)
                0x0801586c                std::exception::~exception()
                0x0801586c                std::exception::~exception()
 .text._ZNSt13bad_exceptionD2Ev
                0x0801587c       0x10 ..\..\..\..\..\..\..\..\..\Program Files (x86)\GNU Tools ARM Embedded\4.8 2014q2\arm-none-eabi\lib\libstdc++.a(eh_exception.o)
                0x0801587c                std::bad_exception::~bad_exception()
                0x0801587c                std::bad_exception::~bad_exception()
 .text._ZNKSt9exception4whatEv
                0x0801588c        0xc ..\..\..\..\..\..\..\..\..\Program Files (x86)\GNU Tools ARM Embedded\4.8 2014q2\arm-none-eabi\lib\libstdc++.a(eh_exception.o)
                0x0801588c                std::exception::what() const
 .text._ZNKSt13bad_exception4whatEv
                0x08015898        0xc ..\..\..\..\..\..\..\..\..\Program Files (x86)\GNU Tools ARM Embedded\4.8 2014q2\arm-none-eabi\lib\libstdc++.a(eh_exception.o)
                0x08015898                std::bad_exception::what() const
 .text._ZNSt9exceptionD0Ev
                0x080158a4       0x24 ..\..\..\..\..\..\..\..\..\Program Files (x86)\GNU Tools ARM Embedded\4.8 2014q2\arm-none-eabi\lib\libstdc++.a(eh_exception.o)
                0x080158a4                std::exception::~exception()
 .text._ZNSt13bad_exceptionD0Ev
                0x080158c8       0x24 ..\..\..\..\..\..\..\..\..\Program Files (x86)\GNU Tools ARM Embedded\4.8 2014q2\arm-none-eabi\lib\libstdc++.a(eh_exception.o)
                0x080158c8                std::bad_exception::~bad_exception()
 .text._ZN10__cxxabiv120__si_class_type_infoD2Ev
                0x080158ec       0x24 ..\..\..\..\..\..\..\..\..\Program Files (x86)\GNU Tools ARM Embedded\4.8 2014q2\arm-none-eabi\lib\libstdc++.a(si_class_type_info.o)
                0x080158ec                __cxxabiv1::__si_class_type_info::~__si_class_type_info()
                0x080158ec                __cxxabiv1::__si_class_type_info::~__si_class_type_info()
 .text._ZN10__cxxabiv120__si_class_type_infoD0Ev
                0x08015910       0x2c ..\..\..\..\..\..\..\..\..\Program Files (x86)\GNU Tools ARM Embedded\4.8 2014q2\arm-none-eabi\lib\libstdc++.a(si_class_type_info.o)
                0x08015910                __cxxabiv1::__si_class_type_info::~__si_class_type_info()
 .text._ZNK10__cxxabiv120__si_class_type_info20__do_find_public_srcEiPKvPKNS_17__class_type_infoES2_
                0x0801593c       0x6c ..\..\..\..\..\..\..\..\..\Program Files (x86)\GNU Tools ARM Embedded\4.8 2014q2\arm-none-eabi\lib\libstdc++.a(si_class_type_info.o)
                0x0801593c                __cxxabiv1::__si_class_type_info::__do_find_public_src(int, void const*, __cxxabiv1::__class_type_info const*, void const*) const
 .text._ZNK10__cxxabiv120__si_class_type_info12__do_dyncastEiNS_17__class_type_info10__sub_kindEPKS1_PKvS4_S6_RNS1_16__dyncast_resultE
                0x080159a8       0xf0 ..\..\..\..\..\..\..\..\..\Program Files (x86)\GNU Tools ARM Embedded\4.8 2014q2\arm-none-eabi\lib\libstdc++.a(si_class_type_info.o)
                0x080159a8                __cxxabiv1::__si_class_type_info::__do_dyncast(int, __cxxabiv1::__class_type_info::__sub_kind, __cxxabiv1::__class_type_info const*, void const*, __cxxabiv1::__class_type_info const*, void const*, __cxxabiv1::__class_type_info::__dyncast_result&) const
 .text._ZNK10__cxxabiv120__si_class_type_info11__do_upcastEPKNS_17__class_type_infoEPKvRNS1_15__upcast_resultE
                0x08015a98       0x48 ..\..\..\..\..\..\..\..\..\Program Files (x86)\GNU Tools ARM Embedded\4.8 2014q2\arm-none-eabi\lib\libstdc++.a(si_class_type_info.o)
                0x08015a98                __cxxabiv1::__si_class_type_info::__do_upcast(__cxxabiv1::__class_type_info const*, void const*, __cxxabiv1::__class_type_info::__upcast_result&) const
 .text._ZN10__cxxabiv111__terminateEPFvvE
                0x08015ae0       0x34 ..\..\..\..\..\..\..\..\..\Program Files (x86)\GNU Tools ARM Embedded\4.8 2014q2\arm-none-eabi\lib\libstdc++.a(eh_terminate.o)
                0x08015ae0                __cxxabiv1::__terminate(void (*)())
 .text._ZSt9terminatev
                0x08015b14       0x14 ..\..\..\..\..\..\..\..\..\Program Files (x86)\GNU Tools ARM Embedded\4.8 2014q2\arm-none-eabi\lib\libstdc++.a(eh_terminate.o)
                0x08015b14                std::terminate()
 .text._ZN10__cxxabiv112__unexpectedEPFvvE
                0x08015b28       0x10 ..\..\..\..\..\..\..\..\..\Program Files (x86)\GNU Tools ARM Embedded\4.8 2014q2\arm-none-eabi\lib\libstdc++.a(eh_terminate.o)
                0x08015b28                __cxxabiv1::__unexpected(void (*)())
 .text._ZSt10unexpectedv
                0x08015b38       0x14 ..\..\..\..\..\..\..\..\..\Program Files (x86)\GNU Tools ARM Embedded\4.8 2014q2\arm-none-eabi\lib\libstdc++.a(eh_terminate.o)
                0x08015b38                std::unexpected()
 .text.__cxa_begin_catch
                0x08015b4c       0xe4 ..\..\..\..\..\..\..\..\..\Program Files (x86)\GNU Tools ARM Embedded\4.8 2014q2\arm-none-eabi\lib\libstdc++.a(eh_catch.o)
                0x08015b4c                __cxa_begin_catch
 .text.__cxa_end_catch
                0x08015c30       0xe4 ..\..\..\..\..\..\..\..\..\Program Files (x86)\GNU Tools ARM Embedded\4.8 2014q2\arm-none-eabi\lib\libstdc++.a(eh_catch.o)
                0x08015c30                __cxa_end_catch
 .text._ZdlPv   0x08015d14       0x14 ..\..\..\..\..\..\..\..\..\Program Files (x86)\GNU Tools ARM Embedded\4.8 2014q2\arm-none-eabi\lib\libstdc++.a(del_op.o)
                0x08015d14                operator delete(void*)
 .text.__cxa_allocate_exception
                0x08015d28       0x88 ..\..\..\..\..\..\..\..\..\Program Files (x86)\GNU Tools ARM Embedded\4.8 2014q2\arm-none-eabi\lib\libstdc++.a(eh_alloc.o)
                0x08015d28                __cxa_allocate_exception
 .text.__cxa_free_exception
                0x08015db0       0x58 ..\..\..\..\..\..\..\..\..\Program Files (x86)\GNU Tools ARM Embedded\4.8 2014q2\arm-none-eabi\lib\libstdc++.a(eh_alloc.o)
                0x08015db0                __cxa_free_exception
 .text._ZL23__gxx_exception_cleanup19_Unwind_Reason_CodeP21_Unwind_Control_Block
                0x08015e08       0x3c ..\..\..\..\..\..\..\..\..\Program Files (x86)\GNU Tools ARM Embedded\4.8 2014q2\arm-none-eabi\lib\libstdc++.a(eh_throw.o)
 .text.__cxa_throw
                0x08015e44       0xb0 ..\..\..\..\..\..\..\..\..\Program Files (x86)\GNU Tools ARM Embedded\4.8 2014q2\arm-none-eabi\lib\libstdc++.a(eh_throw.o)
                0x08015e44                __cxa_throw
 .text.__cxa_rethrow
                0x08015ef4       0xb0 ..\..\..\..\..\..\..\..\..\Program Files (x86)\GNU Tools ARM Embedded\4.8 2014q2\arm-none-eabi\lib\libstdc++.a(eh_throw.o)
                0x08015ef4                __cxa_rethrow
 .text._ZN9__gnu_cxx27__verbose_terminate_handlerEv
                0x08015fa4      0x1a0 ..\..\..\..\..\..\..\..\..\Program Files (x86)\GNU Tools ARM Embedded\4.8 2014q2\arm-none-eabi\lib\libstdc++.a(vterminate.o)
                0x08015fa4                __gnu_cxx::__verbose_terminate_handler()
 .text._ZNSt9type_infoD2Ev
                0x08016144       0x10 ..\..\..\..\..\..\..\..\..\Program Files (x86)\GNU Tools ARM Embedded\4.8 2014q2\arm-none-eabi\lib\libstdc++.a(tinfo.o)
                0x08016144                std::type_info::~type_info()
                0x08016144                std::type_info::~type_info()
 .text._ZNKSt9type_info14__is_pointer_pEv
                0x08016154        0x8 ..\..\..\..\..\..\..\..\..\Program Files (x86)\GNU Tools ARM Embedded\4.8 2014q2\arm-none-eabi\lib\libstdc++.a(tinfo.o)
                0x08016154                std::type_info::__is_pointer_p() const
 .text._ZNKSt9type_info15__is_function_pEv
                0x0801615c        0x8 ..\..\..\..\..\..\..\..\..\Program Files (x86)\GNU Tools ARM Embedded\4.8 2014q2\arm-none-eabi\lib\libstdc++.a(tinfo.o)
                0x0801615c                std::type_info::__is_function_p() const
 .text._ZNKSt9type_info11__do_upcastEPKN10__cxxabiv117__class_type_infoEPPv
                0x08016164        0x8 ..\..\..\..\..\..\..\..\..\Program Files (x86)\GNU Tools ARM Embedded\4.8 2014q2\arm-none-eabi\lib\libstdc++.a(tinfo.o)
                0x08016164                std::type_info::__do_upcast(__cxxabiv1::__class_type_info const*, void**) const
 .text._ZNSt9type_infoD0Ev
                0x0801616c       0x24 ..\..\..\..\..\..\..\..\..\Program Files (x86)\GNU Tools ARM Embedded\4.8 2014q2\arm-none-eabi\lib\libstdc++.a(tinfo.o)
                0x0801616c                std::type_info::~type_info()
 .text._ZNKSt9type_infoeqERKS_
                0x08016190       0x50 ..\..\..\..\..\..\..\..\..\Program Files (x86)\GNU Tools ARM Embedded\4.8 2014q2\arm-none-eabi\lib\libstdc++.a(tinfo.o)
                0x08016190                std::type_info::operator==(std::type_info const&) const
 .text._ZNKSt9type_info10__do_catchEPKS_PPvj
                0x080161e0        0x4 ..\..\..\..\..\..\..\..\..\Program Files (x86)\GNU Tools ARM Embedded\4.8 2014q2\arm-none-eabi\lib\libstdc++.a(tinfo.o)
                0x080161e0                std::type_info::__do_catch(std::type_info const*, void**, unsigned int) const
 .text.__cxa_current_exception_type
                0x080161e4       0x30 ..\..\..\..\..\..\..\..\..\Program Files (x86)\GNU Tools ARM Embedded\4.8 2014q2\arm-none-eabi\lib\libstdc++.a(eh_type.o)
                0x080161e4                __cxa_current_exception_type
 .text          0x08016214     0x8578 ..\..\..\..\..\..\..\..\..\Program Files (x86)\GNU Tools ARM Embedded\4.8 2014q2\arm-none-eabi\lib\libstdc++.a(cp-demangle.o)
                0x0801e608                __cxa_demangle
                0x0801e75c                __gcclibcxx_demangle_callback
 .text._exit    0x0801e78c        0x4 ..\..\..\..\..\..\..\..\..\Program Files (x86)\GNU Tools ARM Embedded\4.8 2014q2\arm-none-eabi\lib\libnosys.a(_exit.o)
                0x0801e78c                _exit
 .text          0x0801e790       0x24 c:/program files (x86)/gnu tools arm embedded/4.8 2014q2/bin/../lib/gcc/arm-none-eabi/4.8.4/armv7e-m\libgcc.a(_udivsi3.o)
                0x0801e790                __aeabi_uidiv
                0x0801e790                __udivsi3
                0x0801e7a4                __aeabi_uidivmod
 .text          0x0801e7b4        0x4 c:/program files (x86)/gnu tools arm embedded/4.8 2014q2/bin/../lib/gcc/arm-none-eabi/4.8.4/armv7e-m\libgcc.a(_dvmd_tls.o)
                0x0801e7b4                __aeabi_idiv0
                0x0801e7b4                __aeabi_ldiv0
 .text          0x0801e7b8      0x370 c:/program files (x86)/gnu tools arm embedded/4.8 2014q2/bin/../lib/gcc/arm-none-eabi/4.8.4/armv7e-m\libgcc.a(_arm_addsubdf3.o)
                0x0801e7b8                __aeabi_drsub
                0x0801e7c0                __aeabi_dsub
                0x0801e7c0                __subdf3
                0x0801e7c4                __aeabi_dadd
                0x0801e7c4                __adddf3
                0x0801ea3c                __floatunsidf
                0x0801ea3c                __aeabi_ui2d
                0x0801ea5c                __floatsidf
                0x0801ea5c                __aeabi_i2d
                0x0801ea80                __aeabi_f2d
                0x0801ea80                __extendsfdf2
                0x0801eabc                __floatundidf
                0x0801eabc                __aeabi_ul2d
                0x0801eacc                __floatdidf
                0x0801eacc                __aeabi_l2d
 .text          0x0801eb28      0x424 c:/program files (x86)/gnu tools arm embedded/4.8 2014q2/bin/../lib/gcc/arm-none-eabi/4.8.4/armv7e-m\libgcc.a(_arm_muldivdf3.o)
                0x0801eb28                __aeabi_dmul
                0x0801eb28                __muldf3
                0x0801ed7c                __divdf3
                0x0801ed7c                __aeabi_ddiv
 .text          0x0801ef4c      0x110 c:/program files (x86)/gnu tools arm embedded/4.8 2014q2/bin/../lib/gcc/arm-none-eabi/4.8.4/armv7e-m\libgcc.a(_arm_cmpdf2.o)
                0x0801ef4c                __gtdf2
                0x0801ef4c                __gedf2
                0x0801ef54                __ltdf2
                0x0801ef54                __ledf2
                0x0801ef5c                __nedf2
                0x0801ef5c                __eqdf2
                0x0801ef5c                __cmpdf2
                0x0801efd8                __aeabi_cdrcmple
                0x0801efe8                __aeabi_cdcmpeq
                0x0801efe8                __aeabi_cdcmple
                0x0801eff8                __aeabi_dcmpeq
                0x0801f00c                __aeabi_dcmplt
                0x0801f020                __aeabi_dcmple
                0x0801f034                __aeabi_dcmpge
                0x0801f048                __aeabi_dcmpgt
 .text          0x0801f05c       0x50 c:/program files (x86)/gnu tools arm embedded/4.8 2014q2/bin/../lib/gcc/arm-none-eabi/4.8.4/armv7e-m\libgcc.a(_arm_fixdfsi.o)
                0x0801f05c                __aeabi_d2iz
                0x0801f05c                __fixdfsi
 .text          0x0801f0ac       0x2c c:/program files (x86)/gnu tools arm embedded/4.8 2014q2/bin/../lib/gcc/arm-none-eabi/4.8.4/armv7e-m\libgcc.a(_aeabi_uldivmod.o)
                0x0801f0ac                __aeabi_uldivmod
 .text          0x0801f0d8       0x60 c:/program files (x86)/gnu tools arm embedded/4.8 2014q2/bin/../lib/gcc/arm-none-eabi/4.8.4/armv7e-m\libgcc.a(bpabi.o)
                0x0801f0d8                __gnu_ldivmod_helper
                0x0801f108                __gnu_uldivmod_helper
 .text          0x0801f138      0xa1c c:/program files (x86)/gnu tools arm embedded/4.8 2014q2/bin/../lib/gcc/arm-none-eabi/4.8.4/armv7e-m\libgcc.a(unwind-arm.o)
                0x0801f41c                _Unwind_GetCFA
                0x0801f420                __gnu_Unwind_RaiseException
                0x0801f480                __gnu_Unwind_ForcedUnwind
                0x0801f494                __gnu_Unwind_Resume
                0x0801f4d8                __gnu_Unwind_Resume_or_Rethrow
                0x0801f4e8                _Unwind_Complete
                0x0801f4ec                _Unwind_DeleteException
                0x0801f4fc                _Unwind_VRS_Get
                0x0801f54c                _Unwind_VRS_Set
                0x0801f59c                __gnu_Unwind_Backtrace
                0x0801f8f0                __aeabi_unwind_cpp_pr0
                0x0801f8f8                __aeabi_unwind_cpp_pr1
                0x0801f900                __aeabi_unwind_cpp_pr2
                0x0801f908                _Unwind_VRS_Pop
 .text          0x0801fb54      0x1ac c:/program files (x86)/gnu tools arm embedded/4.8 2014q2/bin/../lib/gcc/arm-none-eabi/4.8.4/armv7e-m\libgcc.a(libunwind.o)
                0x0801fb54                __restore_core_regs
                0x0801fb54                restore_core_regs
                0x0801fb6c                __gnu_Unwind_Restore_VFP
                0x0801fb74                __gnu_Unwind_Save_VFP
                0x0801fb7c                __gnu_Unwind_Restore_VFP_D
                0x0801fb84                __gnu_Unwind_Save_VFP_D
                0x0801fb8c                __gnu_Unwind_Restore_VFP_D_16_to_31
                0x0801fb94                __gnu_Unwind_Save_VFP_D_16_to_31
                0x0801fb9c                __gnu_Unwind_Restore_WMMXD
                0x0801fbe0                __gnu_Unwind_Save_WMMXD
                0x0801fc24                __gnu_Unwind_Restore_WMMXC
                0x0801fc38                __gnu_Unwind_Save_WMMXC
                0x0801fc4c                ___Unwind_RaiseException
                0x0801fc4c                _Unwind_RaiseException
                0x0801fc70                _Unwind_Resume
                0x0801fc70                ___Unwind_Resume
                0x0801fc94                _Unwind_Resume_or_Rethrow
                0x0801fc94                ___Unwind_Resume_or_Rethrow
                0x0801fcb8                _Unwind_ForcedUnwind
                0x0801fcb8                ___Unwind_ForcedUnwind
                0x0801fcdc                ___Unwind_Backtrace
                0x0801fcdc                _Unwind_Backtrace
 .text          0x0801fd00      0x33c c:/program files (x86)/gnu tools arm embedded/4.8 2014q2/bin/../lib/gcc/arm-none-eabi/4.8.4/armv7e-m\libgcc.a(pr-support.o)
                0x0801fd54                __gnu_unwind_execute
                0x0801ffe0                __gnu_unwind_frame
                0x0802000c                _Unwind_GetRegionStart
                0x08020018                _Unwind_GetLanguageSpecificData
                0x0802002c                _Unwind_GetDataRelBase
                0x08020034                _Unwind_GetTextRelBase
 .text          0x0802003c      0x298 c:/program files (x86)/gnu tools arm embedded/4.8 2014q2/bin/../lib/gcc/arm-none-eabi/4.8.4/armv7e-m\libgcc.a(_divdi3.o)
                0x0802003c                __divdi3
 .text          0x080202d4      0x284 c:/program files (x86)/gnu tools arm embedded/4.8 2014q2/bin/../lib/gcc/arm-none-eabi/4.8.4/armv7e-m\libgcc.a(_udivdi3.o)
                0x080202d4                __udivdi3
 .text.fputc    0x08020558       0x48 ..\..\..\..\..\..\..\..\..\Program Files (x86)\GNU Tools ARM Embedded\4.8 2014q2\arm-none-eabi\lib\libg.a(lib_a-fputc.o)
                0x08020558                fputc
 .text._fputs_r
                0x080205a0       0x8c ..\..\..\..\..\..\..\..\..\Program Files (x86)\GNU Tools ARM Embedded\4.8 2014q2\arm-none-eabi\lib\libg.a(lib_a-fputs.o)
                0x080205a0                _fputs_r
 .text.fputs    0x0802062c       0x18 ..\..\..\..\..\..\..\..\..\Program Files (x86)\GNU Tools ARM Embedded\4.8 2014q2\arm-none-eabi\lib\libg.a(lib_a-fputs.o)
                0x0802062c                fputs
 .text.__sfvwrite_r
                0x08020644      0x4e0 ..\..\..\..\..\..\..\..\..\Program Files (x86)\GNU Tools ARM Embedded\4.8 2014q2\arm-none-eabi\lib\libg.a(lib_a-fvwrite.o)
                0x08020644                __sfvwrite_r
 .text._fwrite_r
                0x08020b24       0x9c ..\..\..\..\..\..\..\..\..\Program Files (x86)\GNU Tools ARM Embedded\4.8 2014q2\arm-none-eabi\lib\libg.a(lib_a-fwrite.o)
                0x08020b24                _fwrite_r
 .text.fwrite   0x08020bc0       0x40 ..\..\..\..\..\..\..\..\..\Program Files (x86)\GNU Tools ARM Embedded\4.8 2014q2\arm-none-eabi\lib\libg.a(lib_a-fwrite.o)
                0x08020bc0                fwrite
 .text._putc_r  0x08020c00       0xa4 ..\..\..\..\..\..\..\..\..\Program Files (x86)\GNU Tools ARM Embedded\4.8 2014q2\arm-none-eabi\lib\libg.a(lib_a-putc.o)
                0x08020c00                _putc_r
 .text.write    0x08020ca4       0x2c ..\..\..\..\..\..\..\..\..\Program Files (x86)\GNU Tools ARM Embedded\4.8 2014q2\arm-none-eabi\lib\libg.a(lib_a-syswrite.o)
                0x08020ca4                write
 .text.__swbuf_r
                0x08020cd0      0x124 ..\..\..\..\..\..\..\..\..\Program Files (x86)\GNU Tools ARM Embedded\4.8 2014q2\arm-none-eabi\lib\libg.a(lib_a-wbuf.o)
                0x08020cd0                __swbuf_r
 .text._write_r
                0x08020df4       0x44 ..\..\..\..\..\..\..\..\..\Program Files (x86)\GNU Tools ARM Embedded\4.8 2014q2\arm-none-eabi\lib\libg.a(lib_a-writer.o)
                0x08020df4                _write_r
 .text.__swsetup_r
                0x08020e38      0x15c ..\..\..\..\..\..\..\..\..\Program Files (x86)\GNU Tools ARM Embedded\4.8 2014q2\arm-none-eabi\lib\libg.a(lib_a-wsetup.o)
                0x08020e38                __swsetup_r
 .text.__sflush_r
                0x08020f94      0x244 ..\..\..\..\..\..\..\..\..\Program Files (x86)\GNU Tools ARM Embedded\4.8 2014q2\arm-none-eabi\lib\libg.a(lib_a-fflush.o)
                0x08020f94                __sflush_r
 .text._fflush_r
                0x080211d8       0x54 ..\..\..\..\..\..\..\..\..\Program Files (x86)\GNU Tools ARM Embedded\4.8 2014q2\arm-none-eabi\lib\libg.a(lib_a-fflush.o)
                0x080211d8                _fflush_r
 .text._cleanup_r
                0x0802122c       0x18 ..\..\..\..\..\..\..\..\..\Program Files (x86)\GNU Tools ARM Embedded\4.8 2014q2\arm-none-eabi\lib\libg.a(lib_a-findfp.o)
                0x0802122c                _cleanup_r
 .text.__sinit  0x08021244      0x168 ..\..\..\..\..\..\..\..\..\Program Files (x86)\GNU Tools ARM Embedded\4.8 2014q2\arm-none-eabi\lib\libg.a(lib_a-findfp.o)
                0x08021244                __sinit
 .text.__sfp_lock_acquire
                0x080213ac        0x4 ..\..\..\..\..\..\..\..\..\Program Files (x86)\GNU Tools ARM Embedded\4.8 2014q2\arm-none-eabi\lib\libg.a(lib_a-findfp.o)
                0x080213ac                __sfp_lock_acquire
 .text.__sfp_lock_release
                0x080213b0        0x4 ..\..\..\..\..\..\..\..\..\Program Files (x86)\GNU Tools ARM Embedded\4.8 2014q2\arm-none-eabi\lib\libg.a(lib_a-findfp.o)
                0x080213b0                __sfp_lock_release
 .text._fwalk   0x080213b4       0x84 ..\..\..\..\..\..\..\..\..\Program Files (x86)\GNU Tools ARM Embedded\4.8 2014q2\arm-none-eabi\lib\libg.a(lib_a-fwalk.o)
                0x080213b4                _fwalk
 .text.__smakebuf_r
                0x08021438      0x174 ..\..\..\..\..\..\..\..\..\Program Files (x86)\GNU Tools ARM Embedded\4.8 2014q2\arm-none-eabi\lib\libg.a(lib_a-makebuf.o)
                0x08021438                __smakebuf_r
 .text.__sread  0x080215ac       0x34 ..\..\..\..\..\..\..\..\..\Program Files (x86)\GNU Tools ARM Embedded\4.8 2014q2\arm-none-eabi\lib\libg.a(lib_a-stdio.o)
                0x080215ac                __sread
 .text.__swrite
                0x080215e0       0x58 ..\..\..\..\..\..\..\..\..\Program Files (x86)\GNU Tools ARM Embedded\4.8 2014q2\arm-none-eabi\lib\libg.a(lib_a-stdio.o)
                0x080215e0                __swrite
 .text.__sseek  0x08021638       0x30 ..\..\..\..\..\..\..\..\..\Program Files (x86)\GNU Tools ARM Embedded\4.8 2014q2\arm-none-eabi\lib\libg.a(lib_a-stdio.o)
                0x08021638                __sseek
 .text.__sclose
                0x08021668       0x14 ..\..\..\..\..\..\..\..\..\Program Files (x86)\GNU Tools ARM Embedded\4.8 2014q2\arm-none-eabi\lib\libg.a(lib_a-stdio.o)
                0x08021668                __sclose
 .text._close_r
                0x0802167c       0x3c ..\..\..\..\..\..\..\..\..\Program Files (x86)\GNU Tools ARM Embedded\4.8 2014q2\arm-none-eabi\lib\libg.a(lib_a-closer.o)
                0x0802167c                _close_r
 .text._fclose_r
                0x080216b8       0xf0 ..\..\..\..\..\..\..\..\..\Program Files (x86)\GNU Tools ARM Embedded\4.8 2014q2\arm-none-eabi\lib\libg.a(lib_a-fclose.o)
                0x080216b8                _fclose_r
 .text.fclose   0x080217a8       0x14 ..\..\..\..\..\..\..\..\..\Program Files (x86)\GNU Tools ARM Embedded\4.8 2014q2\arm-none-eabi\lib\libg.a(lib_a-fclose.o)
                0x080217a8                fclose
 .text._fstat_r
                0x080217bc       0x40 ..\..\..\..\..\..\..\..\..\Program Files (x86)\GNU Tools ARM Embedded\4.8 2014q2\arm-none-eabi\lib\libg.a(lib_a-fstatr.o)
                0x080217bc                _fstat_r
 .text._isatty_r
                0x080217fc       0x3c ..\..\..\..\..\..\..\..\..\Program Files (x86)\GNU Tools ARM Embedded\4.8 2014q2\arm-none-eabi\lib\libg.a(lib_a-isattyr.o)
                0x080217fc                _isatty_r
 .text._lseek_r
                0x08021838       0x44 ..\..\..\..\..\..\..\..\..\Program Files (x86)\GNU Tools ARM Embedded\4.8 2014q2\arm-none-eabi\lib\libg.a(lib_a-lseekr.o)
                0x08021838                _lseek_r
 .text._read_r  0x0802187c       0x44 ..\..\..\..\..\..\..\..\..\Program Files (x86)\GNU Tools ARM Embedded\4.8 2014q2\arm-none-eabi\lib\libg.a(lib_a-readr.o)
                0x0802187c                _read_r
 .text          0x080218c0       0x2c c:/program files (x86)/gnu tools arm embedded/4.8 2014q2/bin/../lib/gcc/arm-none-eabi/4.8.4/armv7e-m\libgcc.a(_divsi3.o)
                0x080218c0                __divsi3
                0x080218c0                __aeabi_idiv
                0x080218dc                __aeabi_idivmod
 *(.init)
 .init          0x080218ec        0x4 c:/program files (x86)/gnu tools arm embedded/4.8 2014q2/bin/../lib/gcc/arm-none-eabi/4.8.4/armv7e-m/crti.o
                0x080218ec                _init
 .init          0x080218f0        0x8 c:/program files (x86)/gnu tools arm embedded/4.8 2014q2/bin/../lib/gcc/arm-none-eabi/4.8.4/armv7e-m/crtn.o
 *(.fini)
 .fini          0x080218f8        0x4 c:/program files (x86)/gnu tools arm embedded/4.8 2014q2/bin/../lib/gcc/arm-none-eabi/4.8.4/armv7e-m/crti.o
                0x080218f8                _fini
 .fini          0x080218fc        0x8 c:/program files (x86)/gnu tools arm embedded/4.8 2014q2/bin/../lib/gcc/arm-none-eabi/4.8.4/armv7e-m/crtn.o
 *fill*         0x08021904        0x4 
 .fini.__stub   0x08021908       0x18 linker stubs
 *crtbegin.o(.ctors)
 *crtbegin?.o(.ctors)
 *(EXCLUDE_FILE(*crtend.o *crtend?.o) .ctors)
 *(SORT(.ctors.*))
 *(.ctors)
 *crtbegin.o(.dtors)
 *crtbegin?.o(.dtors)
 *(EXCLUDE_FILE(*crtend.o *crtend?.o) .dtors)
 *(SORT(.dtors.*))
 *(.dtors)
 *(.rodata*)
 *fill*         0x08021920        0x0 
 .rodata        0x08021920      0x1e8 C:\Users\CALJAV~1\AppData\Local\Temp\ccphWPxc.ltrans0.ltrans.o
                0x08021920                _ZL8GPIO_PIN.4938
                0x08021928                _ZL8GPIO_CLK.4937
                0x08021938                _ZL10BUTTON_PIN.4941
                0x08021940                _ZL10BUTTON_CLK.4940
                0x0802194c                _ZL16BUTTON_EXTI_LINE.4945
                0x08021954                _ZL18BUTTON_PORT_SOURCE.4943
                0x08021958                _ZL17BUTTON_PIN_SOURCE.4944
                0x0802195c                _ZL11BUTTON_IRQn.4946
                0x08021960                vtable for IPAddress
                0x08021970                vtable for Printable [clone .local.15]
                0x0802197c                typeinfo for IPAddress
                0x08021988                typeinfo name for IPAddress
                0x08021994                typeinfo name for Printable [clone .local.13]
                0x080219a0                typeinfo for Printable [clone .local.14]
                0x080219a8                GPIOPIN_PIN
                0x080219d0                GPIOPIN_CLK
                0x08021a20                GPIO_SOURCE
                0x08021a70                vtable for Print
                0x08021a80                typeinfo for Print
                0x08021a88                typeinfo name for Print
                0x08021a90                vtable for HardwareSerial
                0x08021ab0                vtable for Stream [clone .local.12]
                0x08021ad0                typeinfo for HardwareSerial
                0x08021adc                typeinfo name for HardwareSerial
                0x08021af0                typeinfo name for Stream [clone .local.10]
                0x08021af8                typeinfo for Stream [clone .local.11]
 .rodata        0x08021b08       0x24 C:\Users\CALJAV~1\AppData\Local\Temp\ccphWPxc.ltrans1.ltrans.o
 .rodata        0x08021b2c       0xac C:\Users\CALJAV~1\AppData\Local\Temp\ccphWPxc.ltrans5.ltrans.o
 .rodata.str1.4
                0x08021bd8        0x2 ..\..\..\..\..\..\..\..\..\Program Files (x86)\GNU Tools ARM Embedded\4.8 2014q2\arm-none-eabi\lib\libc.a(lib_a-impure.o)
                                  0x4 (size before relaxing)
 *fill*         0x08021bda        0x2 
 .rodata._global_impure_ptr
                0x08021bdc        0x4 ..\..\..\..\..\..\..\..\..\Program Files (x86)\GNU Tools ARM Embedded\4.8 2014q2\arm-none-eabi\lib\libc.a(lib_a-impure.o)
                0x08021bdc                _global_impure_ptr
 .rodata.zeroes.6763
                0x08021be0       0x10 ..\..\..\..\..\..\..\..\..\Program Files (x86)\GNU Tools ARM Embedded\4.8 2014q2\arm-none-eabi\lib\libc.a(lib_a-svfprintf.o)
 .rodata.str1.4
                0x08021bf0       0x42 ..\..\..\..\..\..\..\..\..\Program Files (x86)\GNU Tools ARM Embedded\4.8 2014q2\arm-none-eabi\lib\libc.a(lib_a-svfprintf.o)
                                 0x44 (size before relaxing)
 *fill*         0x08021c32        0x2 
 .rodata.blanks.6762
                0x08021c34       0x10 ..\..\..\..\..\..\..\..\..\Program Files (x86)\GNU Tools ARM Embedded\4.8 2014q2\arm-none-eabi\lib\libc.a(lib_a-svfprintf.o)
 .rodata._ctype_
                0x08021c44      0x104 ..\..\..\..\..\..\..\..\..\Program Files (x86)\GNU Tools ARM Embedded\4.8 2014q2\arm-none-eabi\lib\libc.a(lib_a-ctype_.o)
                0x08021c44                _ctype_
 .rodata.str1.4
                0x08021d48       0x10 ..\..\..\..\..\..\..\..\..\Program Files (x86)\GNU Tools ARM Embedded\4.8 2014q2\arm-none-eabi\lib\libc.a(lib_a-dtoa.o)
                                 0x14 (size before relaxing)
 .rodata.str1.4
                0x08021d58        0xa ..\..\..\..\..\..\..\..\..\Program Files (x86)\GNU Tools ARM Embedded\4.8 2014q2\arm-none-eabi\lib\libc.a(lib_a-locale.o)
                                 0x14 (size before relaxing)
 *fill*         0x08021d62        0x6 
 .rodata.__mprec_tens
                0x08021d68       0xc8 ..\..\..\..\..\..\..\..\..\Program Files (x86)\GNU Tools ARM Embedded\4.8 2014q2\arm-none-eabi\lib\libc.a(lib_a-mprec.o)
                0x08021d68                __mprec_tens
 .rodata.__mprec_bigtens
                0x08021e30       0x28 ..\..\..\..\..\..\..\..\..\Program Files (x86)\GNU Tools ARM Embedded\4.8 2014q2\arm-none-eabi\lib\libc.a(lib_a-mprec.o)
                0x08021e30                __mprec_bigtens
 .rodata.p05.5269
                0x08021e58        0xc ..\..\..\..\..\..\..\..\..\Program Files (x86)\GNU Tools ARM Embedded\4.8 2014q2\arm-none-eabi\lib\libc.a(lib_a-mprec.o)
 .rodata.str1.4
                0x08021e64       0x3b ..\..\..\..\..\..\..\..\..\Program Files (x86)\GNU Tools ARM Embedded\4.8 2014q2\arm-none-eabi\lib\libstdc++.a(pure.o)
                                 0x3c (size before relaxing)
 *fill*         0x08021e9f        0x1 
 .rodata._ZTVN10__cxxabiv117__class_type_infoE
                0x08021ea0       0x30 ..\..\..\..\..\..\..\..\..\Program Files (x86)\GNU Tools ARM Embedded\4.8 2014q2\arm-none-eabi\lib\libstdc++.a(class_type_info.o)
                0x08021ea0                vtable for __cxxabiv1::__class_type_info
 .rodata._ZTIN10__cxxabiv117__class_type_infoE
                0x08021ed0        0xc ..\..\..\..\..\..\..\..\..\Program Files (x86)\GNU Tools ARM Embedded\4.8 2014q2\arm-none-eabi\lib\libstdc++.a(class_type_info.o)
                0x08021ed0                typeinfo for __cxxabiv1::__class_type_info
 .rodata._ZTSN10__cxxabiv117__class_type_infoE
                0x08021edc       0x24 ..\..\..\..\..\..\..\..\..\Program Files (x86)\GNU Tools ARM Embedded\4.8 2014q2\arm-none-eabi\lib\libstdc++.a(class_type_info.o)
                0x08021edc                typeinfo name for __cxxabiv1::__class_type_info
 .rodata._ZTVSt9exception
                0x08021f00       0x18 ..\..\..\..\..\..\..\..\..\Program Files (x86)\GNU Tools ARM Embedded\4.8 2014q2\arm-none-eabi\lib\libstdc++.a(eh_exception.o)
                0x08021f00                vtable for std::exception
 .rodata._ZTIN10__cxxabiv115__forced_unwindE
                0x08021f18        0x8 ..\..\..\..\..\..\..\..\..\Program Files (x86)\GNU Tools ARM Embedded\4.8 2014q2\arm-none-eabi\lib\libstdc++.a(eh_exception.o)
                0x08021f18                typeinfo for __cxxabiv1::__forced_unwind
 .rodata._ZTISt9exception
                0x08021f20        0x8 ..\..\..\..\..\..\..\..\..\Program Files (x86)\GNU Tools ARM Embedded\4.8 2014q2\arm-none-eabi\lib\libstdc++.a(eh_exception.o)
                0x08021f20                typeinfo for std::exception
 .rodata._ZTSSt13bad_exception
                0x08021f28       0x14 ..\..\..\..\..\..\..\..\..\Program Files (x86)\GNU Tools ARM Embedded\4.8 2014q2\arm-none-eabi\lib\libstdc++.a(eh_exception.o)
                0x08021f28                typeinfo name for std::bad_exception
 .rodata.str1.4
                0x08021f3c       0x23 ..\..\..\..\..\..\..\..\..\Program Files (x86)\GNU Tools ARM Embedded\4.8 2014q2\arm-none-eabi\lib\libstdc++.a(eh_exception.o)
                                 0x24 (size before relaxing)
 *fill*         0x08021f5f        0x1 
 .rodata._ZTSN10__cxxabiv119__foreign_exceptionE
                0x08021f60       0x24 ..\..\..\..\..\..\..\..\..\Program Files (x86)\GNU Tools ARM Embedded\4.8 2014q2\arm-none-eabi\lib\libstdc++.a(eh_exception.o)
                0x08021f60                typeinfo name for __cxxabiv1::__foreign_exception
 .rodata._ZTIN10__cxxabiv119__foreign_exceptionE
                0x08021f84        0x8 ..\..\..\..\..\..\..\..\..\Program Files (x86)\GNU Tools ARM Embedded\4.8 2014q2\arm-none-eabi\lib\libstdc++.a(eh_exception.o)
                0x08021f84                typeinfo for __cxxabiv1::__foreign_exception
 *fill*         0x08021f8c        0x4 
 .rodata._ZTVSt13bad_exception
                0x08021f90       0x18 ..\..\..\..\..\..\..\..\..\Program Files (x86)\GNU Tools ARM Embedded\4.8 2014q2\arm-none-eabi\lib\libstdc++.a(eh_exception.o)
                0x08021f90                vtable for std::bad_exception
 .rodata._ZTSSt9exception
                0x08021fa8       0x10 ..\..\..\..\..\..\..\..\..\Program Files (x86)\GNU Tools ARM Embedded\4.8 2014q2\arm-none-eabi\lib\libstdc++.a(eh_exception.o)
                0x08021fa8                typeinfo name for std::exception
 .rodata._ZTSN10__cxxabiv115__forced_unwindE
                0x08021fb8       0x20 ..\..\..\..\..\..\..\..\..\Program Files (x86)\GNU Tools ARM Embedded\4.8 2014q2\arm-none-eabi\lib\libstdc++.a(eh_exception.o)
                0x08021fb8                typeinfo name for __cxxabiv1::__forced_unwind
 .rodata._ZTISt13bad_exception
                0x08021fd8        0xc ..\..\..\..\..\..\..\..\..\Program Files (x86)\GNU Tools ARM Embedded\4.8 2014q2\arm-none-eabi\lib\libstdc++.a(eh_exception.o)
                0x08021fd8                typeinfo for std::bad_exception
 *fill*         0x08021fe4        0x4 
 .rodata._ZTVN10__cxxabiv120__si_class_type_infoE
                0x08021fe8       0x30 ..\..\..\..\..\..\..\..\..\Program Files (x86)\GNU Tools ARM Embedded\4.8 2014q2\arm-none-eabi\lib\libstdc++.a(si_class_type_info.o)
                0x08021fe8                vtable for __cxxabiv1::__si_class_type_info
 .rodata._ZTIN10__cxxabiv120__si_class_type_infoE
                0x08022018        0xc ..\..\..\..\..\..\..\..\..\Program Files (x86)\GNU Tools ARM Embedded\4.8 2014q2\arm-none-eabi\lib\libstdc++.a(si_class_type_info.o)
                0x08022018                typeinfo for __cxxabiv1::__si_class_type_info
 .rodata._ZTSN10__cxxabiv120__si_class_type_infoE
                0x08022024       0x28 ..\..\..\..\..\..\..\..\..\Program Files (x86)\GNU Tools ARM Embedded\4.8 2014q2\arm-none-eabi\lib\libstdc++.a(si_class_type_info.o)
                0x08022024                typeinfo name for __cxxabiv1::__si_class_type_info
 .rodata.str1.4
                0x0802204c       0x94 ..\..\..\..\..\..\..\..\..\Program Files (x86)\GNU Tools ARM Embedded\4.8 2014q2\arm-none-eabi\lib\libstdc++.a(vterminate.o)
 .rodata._ZTISt9type_info
                0x080220e0        0x8 ..\..\..\..\..\..\..\..\..\Program Files (x86)\GNU Tools ARM Embedded\4.8 2014q2\arm-none-eabi\lib\libstdc++.a(tinfo.o)
                0x080220e0                typeinfo for std::type_info
 .rodata._ZTSSt9type_info
                0x080220e8       0x10 ..\..\..\..\..\..\..\..\..\Program Files (x86)\GNU Tools ARM Embedded\4.8 2014q2\arm-none-eabi\lib\libstdc++.a(tinfo.o)
                0x080220e8                typeinfo name for std::type_info
 .rodata._ZTVSt9type_info
                0x080220f8       0x20 ..\..\..\..\..\..\..\..\..\Program Files (x86)\GNU Tools ARM Embedded\4.8 2014q2\arm-none-eabi\lib\libstdc++.a(tinfo.o)
                0x080220f8                vtable for std::type_info
 .rodata        0x08022118      0x738 ..\..\..\..\..\..\..\..\..\Program Files (x86)\GNU Tools ARM Embedded\4.8 2014q2\arm-none-eabi\lib\libstdc++.a(cp-demangle.o)
 .rodata.str1.4
                0x08022850      0x7f0 ..\..\..\..\..\..\..\..\..\Program Files (x86)\GNU Tools ARM Embedded\4.8 2014q2\arm-none-eabi\lib\libstdc++.a(cp-demangle.o)
                                0x840 (size before relaxing)
 *(.eh_frame*)
 .eh_frame      0x08023040        0x0 c:/program files (x86)/gnu tools arm embedded/4.8 2014q2/bin/../lib/gcc/arm-none-eabi/4.8.4/armv7e-m/crtbegin.o
 .eh_frame      0x08023040        0x4 c:/program files (x86)/gnu tools arm embedded/4.8 2014q2/bin/../lib/gcc/arm-none-eabi/4.8.4/armv7e-m/crtend.o

.glue_7         0x08023044        0x0
 .glue_7        0x00000000        0x0 linker stubs

.glue_7t        0x08023044        0x0
 .glue_7t       0x00000000        0x0 linker stubs

.vfp11_veneer   0x08023044        0x0
 .vfp11_veneer  0x00000000        0x0 linker stubs

.v4_bx          0x08023044        0x0
 .v4_bx         0x00000000        0x0 linker stubs

.iplt           0x08023044        0x0
 .iplt          0x00000000        0x0 c:/program files (x86)/gnu tools arm embedded/4.8 2014q2/bin/../lib/gcc/arm-none-eabi/4.8.4/armv7e-m/crtbegin.o

.ARM.extab      0x08023044      0xa5c
 *(.ARM.extab* .gnu.linkonce.armextab.*)
 .ARM.extab     0x08023044       0x60 C:\Users\CALJAV~1\AppData\Local\Temp\ccphWPxc.ltrans0.ltrans.o
 .ARM.extab     0x080230a4       0xc8 C:\Users\CALJAV~1\AppData\Local\Temp\ccphWPxc.ltrans1.ltrans.o
 .ARM.extab     0x0802316c      0x168 C:\Users\CALJAV~1\AppData\Local\Temp\ccphWPxc.ltrans2.ltrans.o
 .ARM.extab     0x080232d4      0x144 C:\Users\CALJAV~1\AppData\Local\Temp\ccphWPxc.ltrans3.ltrans.o
 .ARM.extab     0x08023418       0x84 C:\Users\CALJAV~1\AppData\Local\Temp\ccphWPxc.ltrans4.ltrans.o
 .ARM.extab     0x0802349c      0x26c C:\Users\CALJAV~1\AppData\Local\Temp\ccphWPxc.ltrans5.ltrans.o
 .ARM.extab     0x08023708       0x48 C:\Users\CALJAV~1\AppData\Local\Temp\ccphWPxc.ltrans6.ltrans.o
 .ARM.extab     0x08023750      0x1bc C:\Users\CALJAV~1\AppData\Local\Temp\ccphWPxc.ltrans7.ltrans.o
 .ARM.extab     0x0802390c       0x6c C:\Users\CALJAV~1\AppData\Local\Temp\ccphWPxc.ltrans8.ltrans.o
 .ARM.extab.text.__cxa_pure_virtual
                0x08023978        0xc ..\..\..\..\..\..\..\..\..\Program Files (x86)\GNU Tools ARM Embedded\4.8 2014q2\arm-none-eabi\lib\libstdc++.a(pure.o)
 .ARM.extab.text._ZL21base_of_encoded_valuehP15_Unwind_Context
                0x08023984        0xc ..\..\..\..\..\..\..\..\..\Program Files (x86)\GNU Tools ARM Embedded\4.8 2014q2\arm-none-eabi\lib\libstdc++.a(eh_personality.o)
 .ARM.extab.text.__gxx_personality_v0
                0x08023990       0x20 ..\..\..\..\..\..\..\..\..\Program Files (x86)\GNU Tools ARM Embedded\4.8 2014q2\arm-none-eabi\lib\libstdc++.a(eh_personality.o)
 .ARM.extab.text.__cxa_call_unexpected
                0x080239b0       0x28 ..\..\..\..\..\..\..\..\..\Program Files (x86)\GNU Tools ARM Embedded\4.8 2014q2\arm-none-eabi\lib\libstdc++.a(eh_call.o)
 .ARM.extab.text._ZN10__cxxabiv111__terminateEPFvvE
                0x080239d8       0x2c ..\..\..\..\..\..\..\..\..\Program Files (x86)\GNU Tools ARM Embedded\4.8 2014q2\arm-none-eabi\lib\libstdc++.a(eh_terminate.o)
 .ARM.extab.text._ZN10__cxxabiv112__unexpectedEPFvvE
                0x08023a04        0xc ..\..\..\..\..\..\..\..\..\Program Files (x86)\GNU Tools ARM Embedded\4.8 2014q2\arm-none-eabi\lib\libstdc++.a(eh_terminate.o)
 .ARM.extab.text._ZSt10unexpectedv
                0x08023a10        0xc ..\..\..\..\..\..\..\..\..\Program Files (x86)\GNU Tools ARM Embedded\4.8 2014q2\arm-none-eabi\lib\libstdc++.a(eh_terminate.o)
 .ARM.extab.text.__cxa_begin_catch
                0x08023a1c       0x20 ..\..\..\..\..\..\..\..\..\Program Files (x86)\GNU Tools ARM Embedded\4.8 2014q2\arm-none-eabi\lib\libstdc++.a(eh_catch.o)
 .ARM.extab.text.__cxa_end_catch
                0x08023a3c        0xc ..\..\..\..\..\..\..\..\..\Program Files (x86)\GNU Tools ARM Embedded\4.8 2014q2\arm-none-eabi\lib\libstdc++.a(eh_catch.o)
 .ARM.extab.text._ZN9__gnu_cxx27__verbose_terminate_handlerEv
                0x08023a48       0x34 ..\..\..\..\..\..\..\..\..\Program Files (x86)\GNU Tools ARM Embedded\4.8 2014q2\arm-none-eabi\lib\libstdc++.a(vterminate.o)
 .ARM.extab     0x08023a7c        0xc c:/program files (x86)/gnu tools arm embedded/4.8 2014q2/bin/../lib/gcc/arm-none-eabi/4.8.4/armv7e-m\libgcc.a(unwind-arm.o)
 .ARM.extab     0x08023a88       0x18 c:/program files (x86)/gnu tools arm embedded/4.8 2014q2/bin/../lib/gcc/arm-none-eabi/4.8.4/armv7e-m\libgcc.a(pr-support.o)
                0x08023aa0                __exidx_start = .

.ARM.exidx      0x08023aa0      0x9d8
 *(.ARM.exidx* .gnu.linkonce.armexidx.*)
 .ARM.exidx     0x08023aa0        0x8 c:/program files (x86)/gnu tools arm embedded/4.8 2014q2/bin/../lib/gcc/arm-none-eabi/4.8.4/../../../../arm-none-eabi/lib/armv7e-m/crt0.o
 .ARM.exidx     0x08023aa8       0x68 C:\Users\CALJAV~1\AppData\Local\Temp\ccphWPxc.ltrans0.ltrans.o
                                0x308 (size before relaxing)
 .ARM.exidx     0x08023b10       0x88 C:\Users\CALJAV~1\AppData\Local\Temp\ccphWPxc.ltrans1.ltrans.o
                                0x188 (size before relaxing)
 .ARM.exidx     0x08023b98      0x140 C:\Users\CALJAV~1\AppData\Local\Temp\ccphWPxc.ltrans2.ltrans.o
                                0x2f8 (size before relaxing)
 .ARM.exidx     0x08023cd8       0xf8 C:\Users\CALJAV~1\AppData\Local\Temp\ccphWPxc.ltrans3.ltrans.o
 .ARM.exidx     0x08023dd0       0x70 C:\Users\CALJAV~1\AppData\Local\Temp\ccphWPxc.ltrans4.ltrans.o
                                0x160 (size before relaxing)
 .ARM.exidx     0x08023e40      0x1b8 C:\Users\CALJAV~1\AppData\Local\Temp\ccphWPxc.ltrans5.ltrans.o
                                0x248 (size before relaxing)
 .ARM.exidx     0x08023ff8       0x70 C:\Users\CALJAV~1\AppData\Local\Temp\ccphWPxc.ltrans6.ltrans.o
                                0x348 (size before relaxing)
 .ARM.exidx     0x08024068      0x188 C:\Users\CALJAV~1\AppData\Local\Temp\ccphWPxc.ltrans7.ltrans.o
                                0x288 (size before relaxing)
 .ARM.exidx     0x080241f0       0x90 C:\Users\CALJAV~1\AppData\Local\Temp\ccphWPxc.ltrans8.ltrans.o
                                0x170 (size before relaxing)
 .ARM.exidx     0x08024280       0x30 c:/program files (x86)/gnu tools arm embedded/4.8 2014q2/bin/../lib/gcc/arm-none-eabi/4.8.4/armv7e-m\libgcc.a(unwind-c.o)
                                 0x48 (size before relaxing)
 .ARM.exidx.text.__cxa_pure_virtual
                0x080242b0        0x8 ..\..\..\..\..\..\..\..\..\Program Files (x86)\GNU Tools ARM Embedded\4.8 2014q2\arm-none-eabi\lib\libstdc++.a(pure.o)
 .ARM.exidx.text._ZL12read_sleb128PKhPl
                0x080242b8        0x8 ..\..\..\..\..\..\..\..\..\Program Files (x86)\GNU Tools ARM Embedded\4.8 2014q2\arm-none-eabi\lib\libstdc++.a(eh_personality.o)
 .ARM.exidx.text._ZL28read_encoded_value_with_basehjPKhPj
                0x080242c0        0x8 ..\..\..\..\..\..\..\..\..\Program Files (x86)\GNU Tools ARM Embedded\4.8 2014q2\arm-none-eabi\lib\libstdc++.a(eh_personality.o)
 .ARM.exidx.text._ZL21base_of_encoded_valuehP15_Unwind_Context
                0x080242c8        0x8 ..\..\..\..\..\..\..\..\..\Program Files (x86)\GNU Tools ARM Embedded\4.8 2014q2\arm-none-eabi\lib\libstdc++.a(eh_personality.o)
 .ARM.exidx.text._ZL17parse_lsda_headerP15_Unwind_ContextPKhP16lsda_header_info
                0x080242d0        0x8 ..\..\..\..\..\..\..\..\..\Program Files (x86)\GNU Tools ARM Embedded\4.8 2014q2\arm-none-eabi\lib\libstdc++.a(eh_personality.o)
 .ARM.exidx.text.__gxx_personality_v0
                0x080242d8       0x10 ..\..\..\..\..\..\..\..\..\Program Files (x86)\GNU Tools ARM Embedded\4.8 2014q2\arm-none-eabi\lib\libstdc++.a(eh_personality.o)
                                  0x8 (size before relaxing)
 .ARM.exidx.text.__cxa_type_match
                0x080242e8        0x8 ..\..\..\..\..\..\..\..\..\Program Files (x86)\GNU Tools ARM Embedded\4.8 2014q2\arm-none-eabi\lib\libstdc++.a(eh_arm.o)
 .ARM.exidx.text.__cxa_begin_cleanup
                0x080242f0        0x8 ..\..\..\..\..\..\..\..\..\Program Files (x86)\GNU Tools ARM Embedded\4.8 2014q2\arm-none-eabi\lib\libstdc++.a(eh_arm.o)
 .ARM.exidx.text.__gnu_end_cleanup
                0x080242f8        0x0 ..\..\..\..\..\..\..\..\..\Program Files (x86)\GNU Tools ARM Embedded\4.8 2014q2\arm-none-eabi\lib\libstdc++.a(eh_arm.o)
                                  0x8 (size before relaxing)
 .ARM.exidx.text.__cxa_get_globals_fast
                0x080242f8        0x0 ..\..\..\..\..\..\..\..\..\Program Files (x86)\GNU Tools ARM Embedded\4.8 2014q2\arm-none-eabi\lib\libstdc++.a(eh_globals.o)
                                  0x8 (size before relaxing)
 .ARM.exidx.text.__cxa_get_globals
                0x080242f8        0x0 ..\..\..\..\..\..\..\..\..\Program Files (x86)\GNU Tools ARM Embedded\4.8 2014q2\arm-none-eabi\lib\libstdc++.a(eh_globals.o)
                                  0x8 (size before relaxing)
 .ARM.exidx.text._ZN10__cxxabiv1L24__is_gxx_exception_classEPc
                0x080242f8        0x0 ..\..\..\..\..\..\..\..\..\Program Files (x86)\GNU Tools ARM Embedded\4.8 2014q2\arm-none-eabi\lib\libstdc++.a(eh_call.o)
                                  0x8 (size before relaxing)
 .ARM.exidx.text.__cxa_call_terminate
                0x080242f8        0x0 ..\..\..\..\..\..\..\..\..\Program Files (x86)\GNU Tools ARM Embedded\4.8 2014q2\arm-none-eabi\lib\libstdc++.a(eh_call.o)
                                  0x8 (size before relaxing)
 .ARM.exidx.text.__cxa_call_unexpected
                0x080242f8        0x8 ..\..\..\..\..\..\..\..\..\Program Files (x86)\GNU Tools ARM Embedded\4.8 2014q2\arm-none-eabi\lib\libstdc++.a(eh_call.o)
 .ARM.exidx.text._ZNK10__cxxabiv117__class_type_info11__do_upcastEPKS0_PPv
                0x08024300        0x8 ..\..\..\..\..\..\..\..\..\Program Files (x86)\GNU Tools ARM Embedded\4.8 2014q2\arm-none-eabi\lib\libstdc++.a(class_type_info.o)
 .ARM.exidx.text._ZNK10__cxxabiv117__class_type_info20__do_find_public_srcEiPKvPKS0_S2_
                0x08024308        0x8 ..\..\..\..\..\..\..\..\..\Program Files (x86)\GNU Tools ARM Embedded\4.8 2014q2\arm-none-eabi\lib\libstdc++.a(class_type_info.o)
 .ARM.exidx.text._ZN10__cxxabiv117__class_type_infoD2Ev
                0x08024310        0x8 ..\..\..\..\..\..\..\..\..\Program Files (x86)\GNU Tools ARM Embedded\4.8 2014q2\arm-none-eabi\lib\libstdc++.a(class_type_info.o)
 .ARM.exidx.text._ZN10__cxxabiv117__class_type_infoD0Ev
                0x08024318        0x0 ..\..\..\..\..\..\..\..\..\Program Files (x86)\GNU Tools ARM Embedded\4.8 2014q2\arm-none-eabi\lib\libstdc++.a(class_type_info.o)
                                  0x8 (size before relaxing)
 .ARM.exidx.text._ZNK10__cxxabiv117__class_type_info11__do_upcastEPKS0_PKvRNS0_15__upcast_resultE
                0x08024318        0x8 ..\..\..\..\..\..\..\..\..\Program Files (x86)\GNU Tools ARM Embedded\4.8 2014q2\arm-none-eabi\lib\libstdc++.a(class_type_info.o)
 .ARM.exidx.text._ZNK10__cxxabiv117__class_type_info10__do_catchEPKSt9type_infoPPvj
                0x08024320        0x8 ..\..\..\..\..\..\..\..\..\Program Files (x86)\GNU Tools ARM Embedded\4.8 2014q2\arm-none-eabi\lib\libstdc++.a(class_type_info.o)
 .ARM.exidx.text._ZNK10__cxxabiv117__class_type_info12__do_dyncastEiNS0_10__sub_kindEPKS0_PKvS3_S5_RNS0_16__dyncast_resultE
                0x08024328        0x8 ..\..\..\..\..\..\..\..\..\Program Files (x86)\GNU Tools ARM Embedded\4.8 2014q2\arm-none-eabi\lib\libstdc++.a(class_type_info.o)
 .ARM.exidx.text._ZNSt9exceptionD2Ev
                0x08024330        0x8 ..\..\..\..\..\..\..\..\..\Program Files (x86)\GNU Tools ARM Embedded\4.8 2014q2\arm-none-eabi\lib\libstdc++.a(eh_exception.o)
 .ARM.exidx.text._ZNSt13bad_exceptionD2Ev
                0x08024338        0x0 ..\..\..\..\..\..\..\..\..\Program Files (x86)\GNU Tools ARM Embedded\4.8 2014q2\arm-none-eabi\lib\libstdc++.a(eh_exception.o)
                                  0x8 (size before relaxing)
 .ARM.exidx.text._ZNKSt9exception4whatEv
                0x08024338        0x0 ..\..\..\..\..\..\..\..\..\Program Files (x86)\GNU Tools ARM Embedded\4.8 2014q2\arm-none-eabi\lib\libstdc++.a(eh_exception.o)
                                  0x8 (size before relaxing)
 .ARM.exidx.text._ZNKSt13bad_exception4whatEv
                0x08024338        0x0 ..\..\..\..\..\..\..\..\..\Program Files (x86)\GNU Tools ARM Embedded\4.8 2014q2\arm-none-eabi\lib\libstdc++.a(eh_exception.o)
                                  0x8 (size before relaxing)
 .ARM.exidx.text._ZNSt9exceptionD0Ev
                0x08024338        0x0 ..\..\..\..\..\..\..\..\..\Program Files (x86)\GNU Tools ARM Embedded\4.8 2014q2\arm-none-eabi\lib\libstdc++.a(eh_exception.o)
                                  0x8 (size before relaxing)
 .ARM.exidx.text._ZNSt13bad_exceptionD0Ev
                0x08024338        0x0 ..\..\..\..\..\..\..\..\..\Program Files (x86)\GNU Tools ARM Embedded\4.8 2014q2\arm-none-eabi\lib\libstdc++.a(eh_exception.o)
                                  0x8 (size before relaxing)
 .ARM.exidx.text._ZN10__cxxabiv120__si_class_type_infoD2Ev
                0x08024338        0x8 ..\..\..\..\..\..\..\..\..\Program Files (x86)\GNU Tools ARM Embedded\4.8 2014q2\arm-none-eabi\lib\libstdc++.a(si_class_type_info.o)
 .ARM.exidx.text._ZN10__cxxabiv120__si_class_type_infoD0Ev
                0x08024340        0x0 ..\..\..\..\..\..\..\..\..\Program Files (x86)\GNU Tools ARM Embedded\4.8 2014q2\arm-none-eabi\lib\libstdc++.a(si_class_type_info.o)
                                  0x8 (size before relaxing)
 .ARM.exidx.text._ZNK10__cxxabiv120__si_class_type_info20__do_find_public_srcEiPKvPKNS_17__class_type_infoES2_
                0x08024340        0x8 ..\..\..\..\..\..\..\..\..\Program Files (x86)\GNU Tools ARM Embedded\4.8 2014q2\arm-none-eabi\lib\libstdc++.a(si_class_type_info.o)
 .ARM.exidx.text._ZNK10__cxxabiv120__si_class_type_info12__do_dyncastEiNS_17__class_type_info10__sub_kindEPKS1_PKvS4_S6_RNS1_16__dyncast_resultE
                0x08024348        0x8 ..\..\..\..\..\..\..\..\..\Program Files (x86)\GNU Tools ARM Embedded\4.8 2014q2\arm-none-eabi\lib\libstdc++.a(si_class_type_info.o)
 .ARM.exidx.text._ZNK10__cxxabiv120__si_class_type_info11__do_upcastEPKNS_17__class_type_infoEPKvRNS1_15__upcast_resultE
                0x08024350        0x8 ..\..\..\..\..\..\..\..\..\Program Files (x86)\GNU Tools ARM Embedded\4.8 2014q2\arm-none-eabi\lib\libstdc++.a(si_class_type_info.o)
 .ARM.exidx.text._ZN10__cxxabiv111__terminateEPFvvE
                0x08024358        0x8 ..\..\..\..\..\..\..\..\..\Program Files (x86)\GNU Tools ARM Embedded\4.8 2014q2\arm-none-eabi\lib\libstdc++.a(eh_terminate.o)
 .ARM.exidx.text._ZSt9terminatev
                0x08024360        0x8 ..\..\..\..\..\..\..\..\..\Program Files (x86)\GNU Tools ARM Embedded\4.8 2014q2\arm-none-eabi\lib\libstdc++.a(eh_terminate.o)
 .ARM.exidx.text._ZN10__cxxabiv112__unexpectedEPFvvE
                0x08024368        0x8 ..\..\..\..\..\..\..\..\..\Program Files (x86)\GNU Tools ARM Embedded\4.8 2014q2\arm-none-eabi\lib\libstdc++.a(eh_terminate.o)
 .ARM.exidx.text._ZSt10unexpectedv
                0x08024370        0x8 ..\..\..\..\..\..\..\..\..\Program Files (x86)\GNU Tools ARM Embedded\4.8 2014q2\arm-none-eabi\lib\libstdc++.a(eh_terminate.o)
 .ARM.exidx.text.__cxa_begin_catch
                0x08024378        0x8 ..\..\..\..\..\..\..\..\..\Program Files (x86)\GNU Tools ARM Embedded\4.8 2014q2\arm-none-eabi\lib\libstdc++.a(eh_catch.o)
 .ARM.exidx.text.__cxa_end_catch
                0x08024380        0x8 ..\..\..\..\..\..\..\..\..\Program Files (x86)\GNU Tools ARM Embedded\4.8 2014q2\arm-none-eabi\lib\libstdc++.a(eh_catch.o)
 .ARM.exidx.text._ZdlPv
                0x08024388        0x8 ..\..\..\..\..\..\..\..\..\Program Files (x86)\GNU Tools ARM Embedded\4.8 2014q2\arm-none-eabi\lib\libstdc++.a(del_op.o)
 .ARM.exidx.text.__cxa_allocate_exception
                0x08024390        0x0 ..\..\..\..\..\..\..\..\..\Program Files (x86)\GNU Tools ARM Embedded\4.8 2014q2\arm-none-eabi\lib\libstdc++.a(eh_alloc.o)
                                  0x8 (size before relaxing)
 .ARM.exidx.text.__cxa_free_exception
                0x08024390        0x0 ..\..\..\..\..\..\..\..\..\Program Files (x86)\GNU Tools ARM Embedded\4.8 2014q2\arm-none-eabi\lib\libstdc++.a(eh_alloc.o)
                                  0x8 (size before relaxing)
 .ARM.exidx.text._ZL23__gxx_exception_cleanup19_Unwind_Reason_CodeP21_Unwind_Control_Block
                0x08024390        0x8 ..\..\..\..\..\..\..\..\..\Program Files (x86)\GNU Tools ARM Embedded\4.8 2014q2\arm-none-eabi\lib\libstdc++.a(eh_throw.o)
 .ARM.exidx.text.__cxa_throw
                0x08024398        0x8 ..\..\..\..\..\..\..\..\..\Program Files (x86)\GNU Tools ARM Embedded\4.8 2014q2\arm-none-eabi\lib\libstdc++.a(eh_throw.o)
 .ARM.exidx.text.__cxa_rethrow
                0x080243a0        0x8 ..\..\..\..\..\..\..\..\..\Program Files (x86)\GNU Tools ARM Embedded\4.8 2014q2\arm-none-eabi\lib\libstdc++.a(eh_throw.o)
 .ARM.exidx.text._ZN9__gnu_cxx27__verbose_terminate_handlerEv